<html>
<body>
<pre>
<h1>礦ision Build Log</h1>
<h2>Tool Versions:</h2>
IDE-Version: μVision V5.23.0.0
Copyright (C) 2017 ARM Ltd and ARM Germany GmbH. All rights reserved.
License Information: w w, w, LIC=AK130-BFMN2-34XST-RXUF9-X8RHU-1IF43
 
Tool Versions:
Toolchain:       MDK-ARM Professional  Version: 5.23
Toolchain Path:  C:\Keil_v5\ARM\ARMCC\Bin
C Compiler:      Armcc.exe V5.06 update 4 (build 422)
Assembler:       Armasm.exe V5.06 update 4 (build 422)
Linker/Locator:  ArmLink.exe V5.06 update 4 (build 422)
Library Manager: ArmAr.exe V5.06 update 4 (build 422)
Hex Converter:   FromElf.exe V5.06 update 4 (build 422)
CPU DLL:         
Dialog DLL:      
Target DLL:      Segger\JL2CM3.dll V2.99.23.0
Dialog DLL:      TCM.DLL V1.27.0.0
 
<h2>Project:</h2>
H:\git\nrf5-sdk-15.3.0\examples\ble_peripheral\ble_app_mpu6050_g&a\pca10056\s140\arm5_no_packs\ble_app_uart_pca10056_s140.uvprojx
Project File Date:  10/28/2019

<h2>Output:</h2>
*** Using Compiler 'V5.06 update 4 (build 422)', folder: 'C:\Keil_v5\ARM\ARMCC\Bin'
Build target 'nrf52840_xxaa'
compiling IIC_DMWZ.c...
..\..\..\IIC_DMWZ.c(221): warning:  #177-D: variable "rc"  was declared but never referenced
      unsigned char rc = 1;  
..\..\..\IIC_DMWZ.c: 1 warning, 0 errors
compiling boards.c...
compiling main.c...
..\..\..\main.c(233): warning:  #223-D: function "MPU6050_lowpowermode" declared implicitly
  				 		MPU6050_lowpowermode();//MPU6050_SetSleepModeStatus(1);//进入休眠
..\..\..\main.c(240): warning:  #223-D: function "MPU6050_InterruptStatus_Read" declared implicitly
  		 MPU6050_InterruptStatus_Read(&data);
..\..\..\main.c(251): warning:  #223-D: function "MPU6050_Initialize" declared implicitly
  				{MPU6050_Initialize();}//进入工作模式
..\..\..\main.c(273): warning:  #223-D: function "MPU6050_GetRawAccelGyro" declared implicitly
  	MPU6050_GetRawAccelGyro(&uartbuf[bma250_i*usedata]);
..\..\..\main.c(268): warning:  #177-D: variable "i"  was declared but never referenced
  	static unsigned char i=0;
..\..\..\main.c(269): warning:  #177-D: variable "j"  was declared but never referenced
  	static unsigned short j=0;
..\..\..\main.c(383): warning:  #177-D: variable "err_code"  was declared but never referenced
          uint32_t err_code;
..\..\..\main.c(886): warning:  #940-D: missing return statement at end of non-void function "Button_handle" 
  }
..\..\..\main.c(900): warning:  #167-D: argument of type "nrfx_gpiote_evt_handler_t (*)(nrfx_gpiote_pin_t, nrf_gpiote_polarity_t)" is incompatible with parameter of type "nrfx_gpiote_evt_handler_t"
      err_code=
rf_drv_gpiote_in_init(
UTTON_0,&button_config,Button_handle);
..\..\..\main.c(966): warning:  #223-D: function "MPU6050_Initialize" declared implicitly
      MPU6050_Initialize();
..\..\..\main.c(937): warning:  #177-D: variable "erase_bonds"  was declared but never referenced
      bool erase_bonds;
..\..\..\main.c(753): warning:  #177-D: function "uart_init"  was declared but never referenced
  static void uart_init(void)
..\..\..\main.c(814): warning:  #177-D: function "buttons_leds_init"  was declared but never referenced
  static void buttons_leds_init(bool * p_erase_bonds)
..\..\..\main.c(830): warning:  #177-D: function "log_init"  was declared but never referenced
  static void log_init(void)
..\..\..\main.c: 14 warnings, 0 errors
compiling bsp.c...
compiling bsp_btn_ble.c...
compiling nrfx_gpiote.c...
compiling nrfx_uart.c...
compiling nrfx_uarte.c...
compiling app_button.c...
linking...
Program Size: Code=15044 RO-data=1012 RW-data=176 ZI-data=11472  
FromELF: creating hex file...
".\_build\nrf52840_xxaa.axf" - 0 Error(s), 15 Warning(s).

<h2>Software Packages used:</h2>

Package Vendor: ARM
                http://www.keil.com/pack/ARM.CMSIS.4.5.0.pack
                ARM::CMSIS:CORE:4.3.0
                CMSIS (Cortex Microcontroller Software Interface Standard)
   * Component: CORE Version: 4.3.0

Package Vendor: NordicSemiconductor
                http://developer.nordicsemi.com/nRF5_SDK/pieces/nRF_DeviceFamilyPack/NordicSemiconductor.nRF_DeviceFamilyPack.8.24.1.pack
                NordicSemiconductor::Device:Startup:8.24.1
                Nordic Semiconductor nRF ARM devices Device Family Pack.
   * Component: Startup Version: 8.24.1

<h2>Collection of Component include folders:</h2>
  .\RTE\_nrf52840_xxaa
  C:\Keil_v5\ARM\PACK\ARM\CMSIS\4.5.0\CMSIS\Include
  C:\Keil_v5\ARM\PACK\NordicSemiconductor\nRF_DeviceFamilyPack\8.24.1\Device\Include

<h2>Collection of Component Files used:</h2>

   * Component: ARM::CMSIS:CORE:4.3.0

   * Component: NordicSemiconductor::Device:Startup:8.24.1
      Source file:   Device\Source\arm\arm_startup_nrf52840.s
      Source file:   Device\Source\system_nrf52840.c
      Include file:  Device\Include\system_nrf52840.h
Build Time Elapsed:  00:05:45
</pre>
</body>
</html>
