<html>
<body>
<pre>
<h1>礦ision Build Log</h1>
<h2>Tool Versions:</h2>
IDE-Version: μVision V5.23.0.0
Copyright (C) 2017 ARM Ltd and ARM Germany GmbH. All rights reserved.
License Information: w w, w, LIC=AK130-BFMN2-34XST-RXUF9-X8RHU-1IF43
 
Tool Versions:
Toolchain:       MDK-ARM Professional  Version: 5.23
Toolchain Path:  C:\Keil_v5\ARM\ARMCC\Bin
C Compiler:      Armcc.exe V5.06 update 4 (build 422)
Assembler:       Armasm.exe V5.06 update 4 (build 422)
Linker/Locator:  ArmLink.exe V5.06 update 4 (build 422)
Library Manager: ArmAr.exe V5.06 update 4 (build 422)
Hex Converter:   FromElf.exe V5.06 update 4 (build 422)
CPU DLL:         
Dialog DLL:      
Target DLL:      Segger\JL2CM3.dll V2.99.23.0
Dialog DLL:      TCM.DLL V1.27.0.0
 
<h2>Project:</h2>
H:\git\nrf5-sdk-15.3.0\examples\ble_peripheral\ble_app_b_ghg\pca10056\s140\arm5_no_packs\ble_app_uart_pca10056_s140.uvprojx
Project File Date:  08/23/2019

<h2>Output:</h2>
*** Using Compiler 'V5.06 update 4 (build 422)', folder: 'C:\Keil_v5\ARM\ARMCC\Bin'
Build target 'nrf52840_xxaa'
compiling bma.c...
..\..\..\bma.c(818): warning:  #177-D: variable "accel_data"  was declared but never referenced
  	unsigned char accel_data[6] = {0x00};
..\..\..\bma.c(904): warning:  #940-D: missing return statement at end of non-void function "BMA255_FIFODAQ" 
  }
..\..\..\bma.c(913): warning:  #223-D: function "SCL_" declared implicitly
    SCL_();
..\..\..\bma.c(910): warning:  #177-D: variable "buf"  was declared but never referenced
  	unsigned char buf[4];
..\..\..\bma.c(953): warning:  #223-D: function "SCL_" declared implicitly
    SCL_();
..\..\..\bma.c: 5 warnings, 0 errors
compiling IIC_DMWZ.c...
..\..\..\IIC_DMWZ.c(221): warning:  #177-D: variable "rc"  was declared but never referenced
      unsigned char rc = 1;  
..\..\..\IIC_DMWZ.c: 1 warning, 0 errors
compiling main.c...
..\..\..\main.c(363): warning:  #177-D: variable "err_code"  was declared but never referenced
          uint32_t err_code;
..\..\..\main.c(872): warning:  #940-D: missing return statement at end of non-void function "Button_handle" 
  }
..\..\..\main.c(886): warning:  #167-D: argument of type "nrfx_gpiote_evt_handler_t (*)(nrfx_gpiote_pin_t, nrf_gpiote_polarity_t)" is incompatible with parameter of type "nrfx_gpiote_evt_handler_t"
      err_code=
rf_drv_gpiote_in_init(
UTTON_0,&button_config,Button_handle);
..\..\..\main.c(950): warning:  #188-D: enumerated type mixed with another type
      nrf_gpio_cfg_input(
UTTON_0, 
PIO_PIN_CNF_PULL_Pullup); //管脚配置为上拉输入
..\..\..\main.c(922): warning:  #177-D: variable "erase_bonds"  was declared but never referenced
      bool erase_bonds;
..\..\..\main.c(734): warning:  #177-D: function "uart_init"  was declared but never referenced
  static void uart_init(void)
..\..\..\main.c(795): warning:  #177-D: function "buttons_leds_init"  was declared but never referenced
  static void buttons_leds_init(bool * p_erase_bonds)
..\..\..\main.c(811): warning:  #177-D: function "log_init"  was declared but never referenced
  static void log_init(void)
..\..\..\main.c: 8 warnings, 0 errors
compiling boards.c...
compiling bsp.c...
compiling bsp_btn_ble.c...
compiling ble_advdata.c...
compiling ble_advertising.c...
compiling ble_conn_params.c...
compiling ble_conn_state.c...
compiling ble_link_ctx_manager.c...
compiling nrf_ble_gatt.c...
compiling nrf_ble_qwr.c...
compiling ble_nus.c...
compiling nrf_drv_clock.c...
compiling nrf_drv_uart.c...
compiling nrfx_atomic.c...
compiling nrfx_clock.c...
compiling nrfx_gpiote.c...
compiling nrfx_prs.c...
compiling nrfx_uart.c...
compiling nrfx_wdt.c...
compiling nrfx_uarte.c...
compiling app_button.c...
compiling app_error_handler_keil.c...
compiling app_error_weak.c...
compiling app_fifo.c...
compiling app_scheduler.c...
compiling app_timer.c...
compiling app_uart_fifo.c...
compiling hardfault_implementation.c...
compiling nrf_atfifo.c...
compiling nrf_atflags.c...
compiling nrf_atomic.c...
compiling nrf_balloc.c...
compiling nrf_fprintf.c...
compiling nrf_fprintf_format.c...
compiling nrf_memobj.c...
compiling nrf_ringbuf.c...
compiling nrf_pwr_mgmt.c...
compiling nrf_section_iter.c...
compiling nrf_strerror.c...
compiling retarget.c...
compiling nrf_log_backend_rtt.c...
compiling nrf_log_backend_serial.c...
compiling nrf_log_default_backends.c...
compiling nrf_log_frontend.c...
compiling SEGGER_RTT_Syscalls_KEIL.c...
compiling nrf_log_str_formatter.c...
compiling SEGGER_RTT.c...
compiling SEGGER_RTT_printf.c...
compiling nrf_sdh.c...
..\..\..\..\..\..\components\softdevice\common\nrf_sdh.c(78): warning:  #1215-D: #warning directive: Please select NRF_CLOCK_LF_ACCURACY_500_PPM when using NRF_CLOCK_LF_SRC_RC
      #warning Please select NRF_CLOCK_LF_ACCURACY_500_PPM when using NRF_CLOCK_LF_SRC_RC
..\..\..\..\..\..\components\softdevice\common\nrf_sdh.c: 1 warning, 0 errors
compiling nrf_sdh_ble.c...
compiling nrf_sdh_soc.c...
linking...
Program Size: Code=13460 RO-data=996 RW-data=168 ZI-data=11472  
FromELF: creating hex file...
".\_build\nrf52840_xxaa.axf" - 0 Error(s), 15 Warning(s).

<h2>Software Packages used:</h2>

Package Vendor: ARM
                http://www.keil.com/pack/ARM.CMSIS.4.5.0.pack
                ARM::CMSIS:CORE:4.3.0
                CMSIS (Cortex Microcontroller Software Interface Standard)
   * Component: CORE Version: 4.3.0

Package Vendor: NordicSemiconductor
                http://developer.nordicsemi.com/nRF5_SDK/pieces/nRF_DeviceFamilyPack/NordicSemiconductor.nRF_DeviceFamilyPack.8.24.1.pack
                NordicSemiconductor::Device:Startup:8.24.1
                Nordic Semiconductor nRF ARM devices Device Family Pack.
   * Component: Startup Version: 8.24.1

<h2>Collection of Component include folders:</h2>
  .\RTE\_nrf52840_xxaa
  C:\Keil_v5\ARM\PACK\ARM\CMSIS\4.5.0\CMSIS\Include
  C:\Keil_v5\ARM\PACK\NordicSemiconductor\nRF_DeviceFamilyPack\8.24.1\Device\Include

<h2>Collection of Component Files used:</h2>

   * Component: ARM::CMSIS:CORE:4.3.0

   * Component: NordicSemiconductor::Device:Startup:8.24.1
      Source file:   Device\Source\arm\arm_startup_nrf52840.s
      Source file:   Device\Source\system_nrf52840.c
      Include file:  Device\Include\system_nrf52840.h
Build Time Elapsed:  00:03:09
</pre>
</body>
</html>
