<html>
<body>
<pre>
<h1>µVision Build Log</h1>
<h2>Tool Versions:</h2>
IDE-Version: ¦ÌVision V5.23.0.0
Copyright (C) 2017 ARM Ltd and ARM Germany GmbH. All rights reserved.
License Information: w w, w, LIC=AK130-BFMN2-34XST-RXUF9-X8RHU-1IF43
 
Tool Versions:
Toolchain:       MDK-ARM Professional  Version: 5.23
Toolchain Path:  C:\Keil_v5\ARM\ARMCC\Bin
C Compiler:      Armcc.exe V5.06 update 4 (build 422)
Assembler:       Armasm.exe V5.06 update 4 (build 422)
Linker/Locator:  ArmLink.exe V5.06 update 4 (build 422)
Library Manager: ArmAr.exe V5.06 update 4 (build 422)
Hex Converter:   FromElf.exe V5.06 update 4 (build 422)
CPU DLL:         
Dialog DLL:      
Target DLL:      Segger\JL2CM3.dll V2.99.23.0
Dialog DLL:      TCM.DLL V1.27.0.0
 
<h2>Project:</h2>
H:\git\nrf5-sdk-15.3.0\examples\peripheral\spi\pca10056\blank\arm5_no_packs\spi_pca10056.uvprojx
Project File Date:  11/15/2019

<h2>Output:</h2>
*** Using Compiler 'V5.06 update 4 (build 422)', folder: 'C:\Keil_v5\ARM\ARMCC\Bin'
Build target 'nrf52840_xxaa'
compiling main.c...
..\..\..\main.c(40714): warning:  #177-D: variable "j"  was declared but never referenced
  	u16 i,j;  	
..\..\..\main.c(41024): warning:  #177-D: variable "enshow"  was declared but never referenced
  	u8 enshow=0;
..\..\..\main.c(41075): warning:  #47-D: incompatible redefinition of macro "RED"  (declared at line 114)
  #define RED  	0xf800
..\..\..\main.c(41076): warning:  #47-D: incompatible redefinition of macro "GREEN"  (declared at line 116)
  #define GREEN	0x07e0
..\..\..\main.c(41077): warning:  #47-D: incompatible redefinition of macro "BLUE"  (declared at line 110)
  #define BLUE 	0x001f
..\..\..\main.c(41078): warning:  #47-D: incompatible redefinition of macro "WHITE"  (declared at line 108)
  #define WHITE	0xffff
..\..\..\main.c(62): warning:  #550-D: variable "m_tx_buf"  was set but never used
  static uint8_t       m_tx_buf[] = TEST_STRING;           /**< TX buffer. */
..\..\..\main.c(63): warning:  #177-D: variable "m_rx_buf"  was declared but never referenced
  static uint8_t       m_rx_buf[sizeof(TEST_STRING) + 1];    /**< RX buffer. */
..\..\..\main.c(64): warning:  #177-D: variable "m_length"  was declared but never referenced
  static const uint8_t m_length = sizeof(m_tx_buf);        /**< Transfer length. */
..\..\..\main.c: 9 warnings, 0 errors
linking...
Program Size: Code=12208 RO-data=345744 RW-data=172 ZI-data=125388  
FromELF: creating hex file...
".\_build\nrf52840_xxaa.axf" - 0 Error(s), 9 Warning(s).

<h2>Software Packages used:</h2>

Package Vendor: ARM
                http://www.keil.com/pack/ARM.CMSIS.4.5.0.pack
                ARM::CMSIS:CORE:4.3.0
                CMSIS (Cortex Microcontroller Software Interface Standard)
   * Component: CORE Version: 4.3.0

Package Vendor: NordicSemiconductor
                http://developer.nordicsemi.com/nRF5_SDK/pieces/nRF_DeviceFamilyPack/NordicSemiconductor.nRF_DeviceFamilyPack.8.24.1.pack
                NordicSemiconductor::Device:Startup:8.24.1
                Nordic Semiconductor nRF ARM devices Device Family Pack.
   * Component: Startup Version: 8.24.1

<h2>Collection of Component include folders:</h2>
  .\RTE\_nrf52840_xxaa
  C:\Keil_v5\ARM\PACK\ARM\CMSIS\4.5.0\CMSIS\Include
  C:\Keil_v5\ARM\PACK\NordicSemiconductor\nRF_DeviceFamilyPack\8.24.1\Device\Include

<h2>Collection of Component Files used:</h2>

   * Component: ARM::CMSIS:CORE:4.3.0

   * Component: NordicSemiconductor::Device:Startup:8.24.1
      Source file:   Device\Source\arm\arm_startup_nrf52840.s
      Source file:   Device\Source\system_nrf52840.c
      Include file:  Device\Include\system_nrf52840.h
Build Time Elapsed:  00:00:12
</pre>
</body>
</html>
