Component: ARM Compiler 5.06 update 4 (build 422) Tool: armlink [4d35d2]

==============================================================================

Section Cross References

    amtc.o(i.nrf_ble_amtc_init) refers to ble_db_discovery.o(i.ble_db_discovery_evt_register) for ble_db_discovery_evt_register
    amtc.o(i.nrf_ble_amtc_init) refers to amtc.o(.constdata) for .constdata
    amtc.o(i.nrf_ble_amtc_notif_enable) refers to amtc.o(i.tx_buffer_process) for tx_buffer_process
    amtc.o(i.nrf_ble_amtc_notif_enable) refers to amtc.o(.data) for .data
    amtc.o(i.nrf_ble_amtc_notif_enable) refers to amtc.o(.bss) for .bss
    amtc.o(i.nrf_ble_amtc_on_ble_evt) refers to amtc.o(i.tx_buffer_process) for tx_buffer_process
    amtc.o(i.nrf_ble_amtc_rcb_read) refers to amtc.o(i.tx_buffer_process) for tx_buffer_process
    amtc.o(i.nrf_ble_amtc_rcb_read) refers to amtc.o(.data) for .data
    amtc.o(i.nrf_ble_amtc_rcb_read) refers to amtc.o(.bss) for .bss
    amtc.o(i.tx_buffer_process) refers to amtc.o(.data) for .data
    amtc.o(i.tx_buffer_process) refers to amtc.o(.bss) for .bss
    amtc.o(log_const_data) refers to amtc.o(.conststrlit) for .conststrlit
    amts.o(i.char_notification_send) refers to amts.o(i.uint32_encode) for uint32_encode
    amts.o(i.char_notification_send) refers to nrf_log_frontend.o(i.nrf_log_frontend_std_1) for nrf_log_frontend_std_1
    amts.o(i.char_notification_send) refers to amts.o(.constdata) for .constdata
    amts.o(i.char_notification_send) refers to amts.o(log_dynamic_data) for log_dynamic_data
    amts.o(i.char_notification_send) refers to amts.o(log_const_data) for log_const_data
    amts.o(i.nrf_ble_amts_init) refers to app_error.o(i.app_error_handler_bare) for app_error_handler_bare
    amts.o(i.nrf_ble_amts_init) refers to memseta.o(.text) for __aeabi_memclr4
    amts.o(i.nrf_ble_amts_init) refers to ble_srv_common.o(i.characteristic_add) for characteristic_add
    amts.o(i.nrf_ble_amts_init) refers to amts.o(.constdata) for .constdata
    amts.o(i.nrf_ble_amts_notif_spam) refers to amts.o(i.char_notification_send) for char_notification_send
    amts.o(i.nrf_ble_amts_on_ble_evt) refers to amts.o(i.char_notification_send) for char_notification_send
    amts.o(i.nrf_ble_amts_on_ble_evt) refers to ble_srv_common.o(i.ble_srv_is_notification_enabled) for ble_srv_is_notification_enabled
    amts.o(i.nrf_ble_amts_rbc_set) refers to amts.o(i.uint32_encode) for uint32_encode
    amts.o(i.nrf_ble_amts_rbc_set) refers to nrf_log_frontend.o(i.nrf_log_frontend_std_1) for nrf_log_frontend_std_1
    amts.o(i.nrf_ble_amts_rbc_set) refers to amts.o(log_dynamic_data) for log_dynamic_data
    amts.o(i.nrf_ble_amts_rbc_set) refers to amts.o(log_const_data) for log_const_data
    amts.o(log_const_data) refers to amts.o(.conststrlit) for .conststrlit
    counter.o(i.counter_init) refers to nrfx_rtc.o(i.nrfx_rtc_init) for nrfx_rtc_init
    counter.o(i.counter_init) refers to app_error.o(i.app_error_handler_bare) for app_error_handler_bare
    counter.o(i.counter_init) refers to nrfx_rtc.o(i.nrfx_rtc_tick_disable) for nrfx_rtc_tick_disable
    counter.o(i.counter_init) refers to counter.o(.constdata) for .constdata
    counter.o(i.counter_init) refers to counter.o(i.rtc_handler) for rtc_handler
    counter.o(i.counter_start) refers to nrfx_rtc.o(i.nrfx_rtc_enable) for nrfx_rtc_enable
    counter.o(i.counter_start) refers to counter.o(.constdata) for .constdata
    counter.o(i.counter_stop) refers to nrfx_rtc.o(i.nrfx_rtc_disable) for nrfx_rtc_disable
    counter.o(i.counter_stop) refers to counter.o(.constdata) for .constdata
    counter.o(i.rtc_handler) refers to app_error.o(i.app_error_handler_bare) for app_error_handler_bare
    example_cmds.o(i.att_mtu_cmd) refers to nrf_cli.o(i.nrf_cli_help_print) for nrf_cli_help_print
    example_cmds.o(i.att_mtu_cmd) refers to nrf_cli.o(i.nrf_cli_fprintf) for nrf_cli_fprintf
    example_cmds.o(i.att_mtu_cmd) refers to strtol.o(.text) for strtol
    example_cmds.o(i.att_mtu_cmd) refers to main.o(i.gatt_mtu_set) for gatt_mtu_set
    example_cmds.o(i.cele_set) refers to nrf_cli.o(i.nrf_cli_fprintf) for nrf_cli_fprintf
    example_cmds.o(i.cele_set) refers to main.o(i.conn_evt_len_ext_set) for conn_evt_len_ext_set
    example_cmds.o(i.cmd_cele_off_set) refers to example_cmds.o(i.cele_set) for cele_set
    example_cmds.o(i.cmd_cele_on_set) refers to example_cmds.o(i.cele_set) for cele_set
    example_cmds.o(i.cmd_conn_interval_400_set) refers to example_cmds.o(i.conn_interval_set) for conn_interval_set
    example_cmds.o(i.cmd_conn_interval_50_set) refers to example_cmds.o(i.conn_interval_set) for conn_interval_set
    example_cmds.o(i.cmd_conn_interval_7_5_set) refers to example_cmds.o(i.conn_interval_set) for conn_interval_set
    example_cmds.o(i.cmd_phy_1m_set) refers to example_cmds.o(i.phy_set) for phy_set
    example_cmds.o(i.cmd_phy_2m_set) refers to example_cmds.o(i.phy_set) for phy_set
[...]
    Removing nrf_ble_gatt.o(.rrx_text), (6 bytes).
    Removing nrf_ble_gatt.o(i.nrf_ble_gatt_eff_mtu_get), (18 bytes).
    Removing nrf_ble_qwr.o(.rev16_text), (4 bytes).
    Removing nrf_ble_qwr.o(.revsh_text), (4 bytes).
    Removing nrf_ble_qwr.o(.rrx_text), (6 bytes).
    Removing nrf_ble_scan.o(.rev16_text), (4 bytes).
    Removing nrf_ble_scan.o(.revsh_text), (4 bytes).
    Removing nrf_ble_scan.o(.rrx_text), (6 bytes).
    Removing nrf_ble_scan.o(i.nrf_ble_scan_all_filter_remove), (18 bytes).
    Removing nrf_ble_scan.o(i.nrf_ble_scan_copy_addr_to_sd_gap_addr), (70 bytes).
    Removing nrf_ble_scan.o(i.nrf_ble_scan_filter_get), (26 bytes).
    Removing nrf_ble_scan.o(i.nrf_ble_scan_params_set), (40 bytes).
    Removing nrf_ble_scan.o(.data), (1 bytes).
    Removing nrf_ble_scan.o(.data), (6 bytes).
    Removing nrf_drv_clock.o(.rev16_text), (4 bytes).
    Removing nrf_drv_clock.o(.revsh_text), (4 bytes).
    Removing nrf_drv_clock.o(.rrx_text), (6 bytes).
    Removing nrf_drv_clock.o(i.item_enqueue), (22 bytes).
    Removing nrf_drv_clock.o(i.nrf_drv_clock_calibration_abort), (4 bytes).
    Removing nrf_drv_clock.o(i.nrf_drv_clock_calibration_start), (4 bytes).
    Removing nrf_drv_clock.o(i.nrf_drv_clock_hfclk_is_running), (44 bytes).
    Removing nrf_drv_clock.o(i.nrf_drv_clock_hfclk_release), (56 bytes).
    Removing nrf_drv_clock.o(i.nrf_drv_clock_hfclk_request), (92 bytes).
    Removing nrf_drv_clock.o(i.nrf_drv_clock_init_check), (12 bytes).
    Removing nrf_drv_clock.o(i.nrf_drv_clock_is_calibrating), (4 bytes).
    Removing nrf_drv_clock.o(i.nrf_drv_clock_lfclk_is_running), (28 bytes).
    Removing nrf_drv_clock.o(i.nrf_drv_clock_lfclk_request), (84 bytes).
    Removing nrf_drv_clock.o(i.nrf_drv_clock_uninit), (24 bytes).
    Removing nrf_drv_clock.o(.constdata), (19 bytes).
    Removing nrf_drv_clock.o(.constdata), (32 bytes).
    Removing nrf_drv_clock.o(.constdata), (32 bytes).
    Removing nrf_drv_clock.o(.constdata), (29 bytes).
    Removing nrf_drv_uart.o(.rev16_text), (4 bytes).
    Removing nrf_drv_uart.o(.revsh_text), (4 bytes).
    Removing nrf_drv_uart.o(.rrx_text), (6 bytes).
    Removing nrfx_atomic.o(.rev16_text), (4 bytes).
    Removing nrfx_atomic.o(.revsh_text), (4 bytes).
    Removing nrfx_atomic.o(.rrx_text), (6 bytes).
    Removing nrfx_atomic.o(.emb_text), (226 bytes).
    Removing nrfx_atomic.o(i.nrfx_atomic_flag_clear), (6 bytes).
    Removing nrfx_atomic.o(i.nrfx_atomic_flag_clear_fetch), (6 bytes).
    Removing nrfx_atomic.o(i.nrfx_atomic_flag_set), (6 bytes).
    Removing nrfx_atomic.o(i.nrfx_atomic_flag_set_fetch), (6 bytes).
    Removing nrfx_atomic.o(i.nrfx_atomic_u32_add), (12 bytes).
    Removing nrfx_atomic.o(i.nrfx_atomic_u32_and), (12 bytes).
    Removing nrfx_atomic.o(i.nrfx_atomic_u32_cmp_exch), (4 bytes).
    Removing nrfx_atomic.o(i.nrfx_atomic_u32_fetch_add), (10 bytes).
    Removing nrfx_atomic.o(i.nrfx_atomic_u32_fetch_and), (10 bytes).
    Removing nrfx_atomic.o(i.nrfx_atomic_u32_fetch_or), (10 bytes).
    Removing nrfx_atomic.o(i.nrfx_atomic_u32_fetch_store), (10 bytes).
    Removing nrfx_atomic.o(i.nrfx_atomic_u32_fetch_sub), (10 bytes).
    Removing nrfx_atomic.o(i.nrfx_atomic_u32_fetch_sub_hs), (10 bytes).
    Removing nrfx_atomic.o(i.nrfx_atomic_u32_fetch_xor), (10 bytes).
    Removing nrfx_atomic.o(i.nrfx_atomic_u32_or), (12 bytes).
    Removing nrfx_atomic.o(i.nrfx_atomic_u32_store), (12 bytes).
    Removing nrfx_atomic.o(i.nrfx_atomic_u32_sub), (12 bytes).
    Removing nrfx_atomic.o(i.nrfx_atomic_u32_sub_hs), (12 bytes).
    Removing nrfx_atomic.o(i.nrfx_atomic_u32_xor), (12 bytes).
    Removing nrfx_clock.o(.rev16_text), (4 bytes).
    Removing nrfx_clock.o(.revsh_text), (4 bytes).
    Removing nrfx_clock.o(.rrx_text), (6 bytes).
    Removing nrfx_clock.o(i.nrfx_clock_calibration_start), (4 bytes).
    Removing nrfx_clock.o(i.nrfx_clock_calibration_timer_start), (2 bytes).
    Removing nrfx_clock.o(i.nrfx_clock_calibration_timer_stop), (2 bytes).
    Removing nrfx_clock.o(i.nrfx_clock_disable), (22 bytes).
    Removing nrfx_clock.o(i.nrfx_clock_hfclk_start), (22 bytes).
    Removing nrfx_clock.o(i.nrfx_clock_hfclk_stop), (44 bytes).
    Removing nrfx_clock.o(i.nrfx_clock_is_calibrating), (4 bytes).
    Removing nrfx_clock.o(i.nrfx_clock_lfclk_start), (32 bytes).
    Removing nrfx_clock.o(i.nrfx_clock_uninit), (24 bytes).
    Removing nrfx_clock.o(.constdata), (16 bytes).
    Removing nrfx_clock.o(.constdata), (29 bytes).
    Removing nrfx_gpiote.o(.rev16_text), (4 bytes).
    Removing nrfx_gpiote.o(.revsh_text), (4 bytes).
    Removing nrfx_gpiote.o(.rrx_text), (6 bytes).
    Removing nrfx_gpiote.o(i.nrf_gpio_cfg_default), (18 bytes).
    Removing nrfx_gpiote.o(i.nrf_gpio_pin_clear), (20 bytes).
    Removing nrfx_gpiote.o(i.nrf_gpio_pin_set), (20 bytes).
    Removing nrfx_gpiote.o(i.nrfx_gpiote_clr_task_addr_get), (24 bytes).
    Removing nrfx_gpiote.o(i.nrfx_gpiote_clr_task_trigger), (28 bytes).
    Removing nrfx_gpiote.o(i.nrfx_gpiote_in_event_addr_get), (40 bytes).
    Removing nrfx_gpiote.o(i.nrfx_gpiote_in_uninit), (88 bytes).
    Removing nrfx_gpiote.o(i.nrfx_gpiote_out_clear), (4 bytes).
    Removing nrfx_gpiote.o(i.nrfx_gpiote_out_init), (188 bytes).
    Removing nrfx_gpiote.o(i.nrfx_gpiote_out_set), (4 bytes).
    Removing nrfx_gpiote.o(i.nrfx_gpiote_out_task_addr_get), (20 bytes).
    Removing nrfx_gpiote.o(i.nrfx_gpiote_out_task_disable), (36 bytes).
    Removing nrfx_gpiote.o(i.nrfx_gpiote_out_task_enable), (36 bytes).
    Removing nrfx_gpiote.o(i.nrfx_gpiote_out_task_force), (40 bytes).
    Removing nrfx_gpiote.o(i.nrfx_gpiote_out_task_trigger), (24 bytes).
    Removing nrfx_gpiote.o(i.nrfx_gpiote_out_toggle), (36 bytes).
    Removing nrfx_gpiote.o(i.nrfx_gpiote_out_uninit), (88 bytes).
    Removing nrfx_gpiote.o(i.nrfx_gpiote_set_task_addr_get), (24 bytes).
    Removing nrfx_gpiote.o(i.nrfx_gpiote_set_task_trigger), (28 bytes).
    Removing nrfx_gpiote.o(i.nrfx_gpiote_uninit), (56 bytes).
    Removing nrfx_gpiote.o(i.pin_configured_check), (20 bytes).
    Removing nrfx_gpiote.o(i.pin_configured_clear), (28 bytes).
    Removing nrfx_gpiote.o(.constdata), (17 bytes).
    Removing nrfx_gpiote.o(.constdata), (21 bytes).
    Removing nrfx_gpiote.o(.constdata), (20 bytes).
    Removing nrfx_prs.o(.rev16_text), (4 bytes).
    Removing nrfx_prs.o(.revsh_text), (4 bytes).
    Removing nrfx_prs.o(.rrx_text), (6 bytes).
    Removing nrfx_prs.o(.constdata), (17 bytes).
    Removing nrfx_rtc.o(.rev16_text), (4 bytes).
    Removing nrfx_rtc.o(.revsh_text), (4 bytes).
    Removing nrfx_rtc.o(.rrx_text), (6 bytes).
    Removing nrfx_rtc.o(i.nrfx_rtc_cc_disable), (56 bytes).
    Removing nrfx_rtc.o(i.nrfx_rtc_cc_set), (132 bytes).
    Removing nrfx_rtc.o(i.nrfx_rtc_max_ticks_get), (32 bytes).
    Removing nrfx_rtc.o(i.nrfx_rtc_overflow_disable), (16 bytes).
    Removing nrfx_rtc.o(i.nrfx_rtc_overflow_enable), (36 bytes).
    Removing nrfx_rtc.o(i.nrfx_rtc_tick_enable), (36 bytes).
    Removing nrfx_rtc.o(i.nrfx_rtc_uninit), (68 bytes).
    Removing nrfx_rtc.o(.constdata), (14 bytes).
    Removing nrfx_rtc.o(.constdata), (20 bytes).
    Removing nrfx_rtc.o(.constdata), (16 bytes).
    Removing nrfx_uart.o(.rev16_text), (4 bytes).
    Removing nrfx_uart.o(.revsh_text), (4 bytes).
    Removing nrfx_uart.o(.rrx_text), (6 bytes).
    Removing nrfx_uart.o(i.nrfx_uart_errorsrc_get), (26 bytes).
    Removing nrfx_uart.o(i.nrfx_uart_rx_disable), (36 bytes).
    Removing nrfx_uart.o(i.nrfx_uart_rx_enable), (60 bytes).
    Removing nrfx_uart.o(i.nrfx_uart_rx_ready), (14 bytes).
    Removing nrfx_uart.o(i.nrfx_uart_tx_abort), (48 bytes).
    Removing nrfx_uart.o(.constdata), (15 bytes).
    Removing nrfx_uart.o(.constdata), (13 bytes).
    Removing nrfx_uart.o(.constdata), (13 bytes).
    Removing nrfx_uarte.o(.rev16_text), (4 bytes).
    Removing nrfx_uarte.o(.revsh_text), (4 bytes).
    Removing nrfx_uarte.o(.rrx_text), (6 bytes).
    Removing nrfx_uarte.o(i.nrfx_uarte_errorsrc_get), (26 bytes).
    Removing nrfx_uarte.o(i.nrfx_uarte_rx_ready), (14 bytes).
    Removing nrfx_uarte.o(i.nrfx_uarte_tx_abort), (56 bytes).
    Removing nrfx_uarte.o(.constdata), (16 bytes).
    Removing nrfx_uarte.o(.constdata), (14 bytes).
    Removing nrfx_uarte.o(.constdata), (14 bytes).
    Removing app_button.o(.rev16_text), (4 bytes).
    Removing app_button.o(.revsh_text), (4 bytes).
    Removing app_button.o(.rrx_text), (6 bytes).
    Removing app_button.o(i.app_button_is_pushed), (36 bytes).
    Removing app_error.o(.rev16_text), (4 bytes).
    Removing app_error.o(.revsh_text), (4 bytes).
    Removing app_error.o(.rrx_text), (6 bytes).
    Removing app_error.o(i.app_error_save_and_stop), (100 bytes).
    Removing app_error.o(.bss), (32 bytes).
    Removing app_error_handler_keil.o(.rev16_text), (4 bytes).
    Removing app_error_handler_keil.o(.revsh_text), (4 bytes).
    Removing app_error_handler_keil.o(.rrx_text), (6 bytes).
    Removing app_error_handler_keil.o(.emb_text), (26 bytes).
    Removing app_error_weak.o(.rev16_text), (4 bytes).
    Removing app_error_weak.o(.revsh_text), (4 bytes).
    Removing app_error_weak.o(.rrx_text), (6 bytes).
    Removing app_scheduler.o(.rev16_text), (4 bytes).
    Removing app_scheduler.o(.revsh_text), (4 bytes).
    Removing app_scheduler.o(.rrx_text), (6 bytes).
    Removing app_scheduler.o(i.app_sched_event_put), (160 bytes).
    Removing app_scheduler.o(i.app_sched_execute), (64 bytes).
    Removing app_scheduler.o(i.app_sched_init), (44 bytes).
    Removing app_scheduler.o(i.app_sched_queue_space_get), (36 bytes).
    Removing app_scheduler.o(.data), (16 bytes).
    Removing app_timer.o(.rev16_text), (4 bytes).
    Removing app_timer.o(.revsh_text), (4 bytes).
    Removing app_timer.o(.rrx_text), (6 bytes).
    Removing app_timer.o(i.app_timer_cnt_diff_compute), (8 bytes).
    Removing app_timer.o(i.app_timer_pause), (12 bytes).
    Removing app_timer.o(i.app_timer_resume), (12 bytes).
    Removing app_timer.o(i.app_timer_stop_all), (24 bytes).
    Removing app_util_platform.o(.rev16_text), (4 bytes).
    Removing app_util_platform.o(.revsh_text), (4 bytes).
    Removing app_util_platform.o(.rrx_text), (6 bytes).
    Removing app_util_platform.o(i.app_util_disable_irq), (16 bytes).
    Removing app_util_platform.o(i.app_util_enable_irq), (20 bytes).
    Removing app_util_platform.o(i.current_int_priority_get), (48 bytes).
    Removing app_util_platform.o(i.privilege_level_get), (26 bytes).
    Removing app_util_platform.o(.data), (4 bytes).
    Removing fnmatch.o(i.fnmatch), (6 bytes).
    Removing fnmatch.o(i.fnmatchx), (364 bytes).
    Removing fnmatch.o(i.foldcase), (34 bytes).
    Removing fnmatch.o(i.rangematch), (178 bytes).
    Removing hardfault_implementation.o(.rev16_text), (4 bytes).
    Removing hardfault_implementation.o(.revsh_text), (4 bytes).
    Removing hardfault_implementation.o(.rrx_text), (6 bytes).
    Removing nrf_assert.o(.rev16_text), (4 bytes).
    Removing nrf_assert.o(.revsh_text), (4 bytes).
    Removing nrf_assert.o(.rrx_text), (6 bytes).
    Removing nrf_assert.o(i.assert_nrf_callback), (22 bytes).
    Removing nrf_atfifo.o(.rev16_text), (4 bytes).
    Removing nrf_atfifo.o(.revsh_text), (4 bytes).
    Removing nrf_atfifo.o(.rrx_text), (6 bytes).
    Removing nrf_atfifo.o(.emb_text), (200 bytes).
    Removing nrf_atfifo.o(i.nrf_atfifo_alloc_put), (46 bytes).
    Removing nrf_atfifo.o(i.nrf_atfifo_clear), (16 bytes).
    Removing nrf_atfifo.o(i.nrf_atfifo_get_free), (48 bytes).
    Removing nrf_atfifo.o(i.nrf_atfifo_init), (38 bytes).
    Removing nrf_atfifo.o(i.nrf_atfifo_item_alloc), (22 bytes).
    Removing nrf_atfifo.o(i.nrf_atfifo_item_free), (22 bytes).
    Removing nrf_atfifo.o(i.nrf_atfifo_item_get), (22 bytes).
    Removing nrf_atfifo.o(i.nrf_atfifo_item_put), (22 bytes).
    Removing nrf_atomic.o(.rev16_text), (4 bytes).
    Removing nrf_atomic.o(.revsh_text), (4 bytes).
    Removing nrf_atomic.o(.rrx_text), (6 bytes).
    Removing nrf_atomic.o(i.nrf_atomic_u32_cmp_exch), (4 bytes).
    Removing nrf_atomic.o(i.nrf_atomic_u32_fetch_add), (10 bytes).
    Removing nrf_atomic.o(i.nrf_atomic_u32_fetch_sub), (10 bytes).
    Removing nrf_atomic.o(i.nrf_atomic_u32_fetch_sub_hs), (10 bytes).
    Removing nrf_atomic.o(i.nrf_atomic_u32_fetch_xor), (10 bytes).
    Removing nrf_atomic.o(i.nrf_atomic_u32_store), (12 bytes).
    Removing nrf_atomic.o(i.nrf_atomic_u32_sub_hs), (12 bytes).
    Removing nrf_atomic.o(i.nrf_atomic_u32_xor), (12 bytes).
    Removing nrf_balloc.o(.rev16_text), (4 bytes).
    Removing nrf_balloc.o(.revsh_text), (4 bytes).
    Removing nrf_balloc.o(.rrx_text), (6 bytes).
    Removing nrf_cli.o(.rev16_text), (4 bytes).
    Removing nrf_cli.o(.revsh_text), (4 bytes).
    Removing nrf_cli.o(.rrx_text), (6 bytes).
    Removing nrf_cli.o(i.nrf_cli_instance_uninit), (84 bytes).
    Removing nrf_cli.o(i.nrf_cli_stop), (26 bytes).
    Removing nrf_cli.o(i.nrf_cli_task_create), (4 bytes).
    Removing nrf_cli.o(i.nrf_cli_uninit), (4 bytes).
    Removing nrf_cli_rtt.o(.rev16_text), (4 bytes).
    Removing nrf_cli_rtt.o(.revsh_text), (4 bytes).
    Removing nrf_cli_rtt.o(.rrx_text), (6 bytes).
    Removing nrf_cli_uart.o(.rev16_text), (4 bytes).
    Removing nrf_cli_uart.o(.revsh_text), (4 bytes).
    Removing nrf_cli_uart.o(.rrx_text), (6 bytes).
    Removing nrf_fprintf.o(.rev16_text), (4 bytes).
    Removing nrf_fprintf.o(.revsh_text), (4 bytes).
    Removing nrf_fprintf.o(.rrx_text), (6 bytes).
    Removing nrf_fprintf_format.o(.rev16_text), (4 bytes).
    Removing nrf_fprintf_format.o(.revsh_text), (4 bytes).
    Removing nrf_fprintf_format.o(.rrx_text), (6 bytes).
    Removing nrf_memobj.o(.rev16_text), (4 bytes).
    Removing nrf_memobj.o(.revsh_text), (4 bytes).
    Removing nrf_memobj.o(.rrx_text), (6 bytes).
    Removing nrf_pwr_mgmt.o(.rev16_text), (4 bytes).
    Removing nrf_pwr_mgmt.o(.revsh_text), (4 bytes).
    Removing nrf_pwr_mgmt.o(.rrx_text), (6 bytes).
    Removing nrf_pwr_mgmt.o(i.nrf_pwr_mgmt_shutdown), (60 bytes).
    Removing nrf_pwr_mgmt.o(i.shutdown_process), (124 bytes).
    Removing nrf_queue.o(.rev16_text), (4 bytes).
    Removing nrf_queue.o(.revsh_text), (4 bytes).
    Removing nrf_queue.o(.rrx_text), (6 bytes).
    Removing nrf_queue.o(i.nrf_queue_available_get), (14 bytes).
    Removing nrf_queue.o(i.nrf_queue_in), (70 bytes).
    Removing nrf_queue.o(i.nrf_queue_out), (58 bytes).
    Removing nrf_queue.o(i.nrf_queue_read), (62 bytes).
    Removing nrf_queue.o(i.nrf_queue_reset), (34 bytes).
    Removing nrf_queue.o(i.nrf_queue_write), (68 bytes).
    Removing nrf_queue.o(i.queue_read), (102 bytes).
    Removing nrf_queue.o(i.queue_write), (142 bytes).
    Removing nrf_ringbuf.o(.rev16_text), (4 bytes).
    Removing nrf_ringbuf.o(.revsh_text), (4 bytes).
    Removing nrf_ringbuf.o(.rrx_text), (6 bytes).
    Removing nrf_section_iter.o(.rev16_text), (4 bytes).
    Removing nrf_section_iter.o(.revsh_text), (4 bytes).
    Removing nrf_section_iter.o(.rrx_text), (6 bytes).
    Removing nrf_strerror.o(.rev16_text), (4 bytes).
    Removing nrf_strerror.o(.revsh_text), (4 bytes).
    Removing nrf_strerror.o(.rrx_text), (6 bytes).
    Removing nrf_log_backend_rtt.o(.rev16_text), (4 bytes).
    Removing nrf_log_backend_rtt.o(.revsh_text), (4 bytes).
    Removing nrf_log_backend_rtt.o(.rrx_text), (6 bytes).
    Removing nrf_log_backend_serial.o(.rev16_text), (4 bytes).
    Removing nrf_log_backend_serial.o(.revsh_text), (4 bytes).
    Removing nrf_log_backend_serial.o(.rrx_text), (6 bytes).
    Removing nrf_log_backend_uart.o(.rev16_text), (4 bytes).
    Removing nrf_log_backend_uart.o(.revsh_text), (4 bytes).
    Removing nrf_log_backend_uart.o(.rrx_text), (6 bytes).
    Removing nrf_log_backend_uart.o(i.nrf_log_backend_uart_init), (6 bytes).
    Removing nrf_log_default_backends.o(.rev16_text), (4 bytes).
    Removing nrf_log_default_backends.o(.revsh_text), (4 bytes).
    Removing nrf_log_default_backends.o(.rrx_text), (6 bytes).
    Removing nrf_log_default_backends.o(i.nrf_log_default_backends_init), (28 bytes).
    Removing nrf_log_frontend.o(.rev16_text), (4 bytes).
    Removing nrf_log_frontend.o(.revsh_text), (4 bytes).
    Removing nrf_log_frontend.o(.rrx_text), (6 bytes).
    Removing nrf_log_frontend.o(i.nrf_log_backend_remove), (48 bytes).
    Removing nrf_log_frontend.o(i.nrf_log_frontend_hexdump), (188 bytes).
    Removing nrf_log_frontend.o(i.nrf_log_frontend_std_4), (20 bytes).
    Removing nrf_log_frontend.o(i.nrf_log_frontend_std_5), (28 bytes).
    Removing nrf_log_frontend.o(i.nrf_log_frontend_std_6), (28 bytes).
    Removing nrf_log_frontend.o(i.nrf_log_push), (96 bytes).
    Removing nrf_log_str_formatter.o(.rev16_text), (4 bytes).
    Removing nrf_log_str_formatter.o(.revsh_text), (4 bytes).
    Removing nrf_log_str_formatter.o(.rrx_text), (6 bytes).
    Removing segger_rtt.o(.rev16_text), (4 bytes).
    Removing segger_rtt.o(.revsh_text), (4 bytes).
    Removing segger_rtt.o(.rrx_text), (6 bytes).
    Removing segger_rtt.o(i.SEGGER_RTT_AllocDownBuffer), (112 bytes).
    Removing segger_rtt.o(i.SEGGER_RTT_AllocUpBuffer), (112 bytes).
    Removing segger_rtt.o(i.SEGGER_RTT_ConfigDownBuffer), (96 bytes).
    Removing segger_rtt.o(i.SEGGER_RTT_ConfigUpBuffer), (96 bytes).
    Removing segger_rtt.o(i.SEGGER_RTT_GetKey), (28 bytes).
    Removing segger_rtt.o(i.SEGGER_RTT_HasKey), (32 bytes).
    Removing segger_rtt.o(i.SEGGER_RTT_PutChar), (96 bytes).
    Removing segger_rtt.o(i.SEGGER_RTT_PutCharSkip), (84 bytes).
    Removing segger_rtt.o(i.SEGGER_RTT_PutCharSkipNoLock), (52 bytes).
    Removing segger_rtt.o(i.SEGGER_RTT_SetFlagsDownBuffer), (68 bytes).
    Removing segger_rtt.o(i.SEGGER_RTT_SetFlagsUpBuffer), (68 bytes).
    Removing segger_rtt.o(i.SEGGER_RTT_SetNameDownBuffer), (68 bytes).
    Removing segger_rtt.o(i.SEGGER_RTT_SetNameUpBuffer), (68 bytes).
    Removing segger_rtt.o(i.SEGGER_RTT_SetTerminal), (136 bytes).
    Removing segger_rtt.o(i.SEGGER_RTT_TerminalOut), (176 bytes).
    Removing segger_rtt.o(i.SEGGER_RTT_WaitKey), (14 bytes).
    Removing segger_rtt.o(i.SEGGER_RTT_WriteSkipNoLock), (116 bytes).
    Removing segger_rtt.o(i.SEGGER_RTT_WriteString), (26 bytes).
    Removing segger_rtt.o(i.SEGGER_RTT_WriteWithOverwriteNoLock), (148 bytes).
    Removing segger_rtt.o(i._PostTerminalSwitch), (32 bytes).
    Removing segger_rtt.o(.data), (17 bytes).
    Removing segger_rtt_syscalls_keil.o(.rev16_text), (4 bytes).
    Removing segger_rtt_syscalls_keil.o(.revsh_text), (4 bytes).
    Removing segger_rtt_syscalls_keil.o(.rrx_text), (6 bytes).
    Removing segger_rtt_syscalls_keil.o(i._sys_close), (4 bytes).
    Removing segger_rtt_syscalls_keil.o(i._sys_command_string), (2 bytes).
    Removing segger_rtt_syscalls_keil.o(i._sys_ensure), (6 bytes).
    Removing segger_rtt_syscalls_keil.o(i._sys_exit), (2 bytes).
    Removing segger_rtt_syscalls_keil.o(i._sys_flen), (4 bytes).
    Removing segger_rtt_syscalls_keil.o(i._sys_istty), (14 bytes).
    Removing segger_rtt_syscalls_keil.o(i._sys_open), (44 bytes).
    Removing segger_rtt_syscalls_keil.o(i._sys_read), (4 bytes).
    Removing segger_rtt_syscalls_keil.o(i._sys_seek), (4 bytes).
    Removing segger_rtt_syscalls_keil.o(i._sys_tmpnam), (4 bytes).
    Removing segger_rtt_syscalls_keil.o(i._sys_write), (26 bytes).
    Removing segger_rtt_syscalls_keil.o(i._ttywrch), (24 bytes).
    Removing segger_rtt_syscalls_keil.o(.constdata), (14 bytes).
    Removing segger_rtt_printf.o(.rev16_text), (4 bytes).
    Removing segger_rtt_printf.o(.revsh_text), (4 bytes).
    Removing segger_rtt_printf.o(.rrx_text), (6 bytes).
    Removing segger_rtt_printf.o(i.SEGGER_RTT_printf), (22 bytes).
    Removing segger_rtt_printf.o(i.SEGGER_RTT_vprintf), (406 bytes).
    Removing segger_rtt_printf.o(i._PrintInt), (198 bytes).
    Removing segger_rtt_printf.o(i._PrintUnsigned), (212 bytes).
    Removing segger_rtt_printf.o(i._StoreChar), (62 bytes).
    Removing segger_rtt_printf.o(.constdata), (16 bytes).
    Removing nrf_sdh.o(.rev16_text), (4 bytes).
    Removing nrf_sdh.o(.revsh_text), (4 bytes).
    Removing nrf_sdh.o(.rrx_text), (6 bytes).
    Removing nrf_sdh.o(i.nrf_sdh_disable_request), (84 bytes).
    Removing nrf_sdh.o(i.nrf_sdh_is_suspended), (20 bytes).
    Removing nrf_sdh.o(i.nrf_sdh_request_continue), (28 bytes).
    Removing nrf_sdh.o(i.nrf_sdh_resume), (56 bytes).
    Removing nrf_sdh.o(i.nrf_sdh_suspend), (24 bytes).
    Removing nrf_sdh.o(i.softdevice_evt_irq_disable), (56 bytes).
    Removing nrf_sdh_ble.o(.rev16_text), (4 bytes).
    Removing nrf_sdh_ble.o(.revsh_text), (4 bytes).
    Removing nrf_sdh_ble.o(.rrx_text), (6 bytes).
    Removing nrf_sdh_soc.o(.rev16_text), (4 bytes).
    Removing nrf_sdh_soc.o(.revsh_text), (4 bytes).
    Removing nrf_sdh_soc.o(.rrx_text), (6 bytes).
    Removing arm_startup_nrf52840.o(HEAP), (8192 bytes).
    Removing system_nrf52840.o(.rev16_text), (4 bytes).
    Removing system_nrf52840.o(.revsh_text), (4 bytes).
    Removing system_nrf52840.o(.rrx_text), (6 bytes).
    Removing system_nrf52840.o(i.SystemCoreClockUpdate), (16 bytes).

433 unused section(s) (total 20825 bytes) removed from the image.

==============================================================================

Memory Map of the image

  Image Entry point : 0x00000000

  Load Region LR_IROM1 (Base: 0x00026000, Size: 0x0000cd58, Max: 0x000da000, ABSOLUTE)

    Execution Region ER_IROM1 (Base: 0x00026000, Size: 0x0000c7b4, Max: 0x000da000, ABSOLUTE)

    Base Addr    Size         Type   Attr      Idx    E Section Name        Object

    0x00026000   0x00000200   Data   RO         6051    RESET               arm_startup_nrf52840.o
    0x00026200   0x00000000   Code   RO         6092  * .ARM.Collect$$$$00000000  mc_w.l(entry.o)
    0x00026200   0x00000004   Code   RO         6160    .ARM.Collect$$$$00000001  mc_w.l(entry2.o)
    0x00026204   0x00000004   Code   RO         6163    .ARM.Collect$$$$00000004  mc_w.l(entry5.o)
    0x00026208   0x00000000   Code   RO         6165    .ARM.Collect$$$$00000008  mc_w.l(entry7b.o)
    0x00026208   0x00000000   Code   RO         6167    .ARM.Collect$$$$0000000A  mc_w.l(entry8b.o)
    0x00026208   0x00000008   Code   RO         6168    .ARM.Collect$$$$0000000B  mc_w.l(entry9a.o)
    0x00026210   0x00000000   Code   RO         6170    .ARM.Collect$$$$0000000D  mc_w.l(entry10a.o)
    0x00026210   0x00000000   Code   RO         6172    .ARM.Collect$$$$0000000F  mc_w.l(entry11a.o)
    0x00026210   0x00000004   Code   RO         6161    .ARM.Collect$$$$00002712  mc_w.l(entry2.o)
    0x00026214   0x000000e2   Code   RO         3713    .emb_text           nrf_atomic.o
    0x000262f6   0x00000002   PAD
    0x000262f8   0x00000024   Code   RO         6052    .text               arm_startup_nrf52840.o
    0x0002631c   0x0000001e   Code   RO         6102    .text               mc_w.l(llshl.o)
    0x0002633a   0x00000002   PAD
    0x0002633c   0x00000008   Code   RO         6104    .text               mc_w.l(ctype_o.o)
    0x00026344   0x0000009c   Code   RO         6134    .text               mc_w.l(qsort.o)
    0x000263e0   0x00000040   Code   RO         6138    .text               mc_w.l(memmovea.o)
    0x00026420   0x00000024   Code   RO         6140    .text               mc_w.l(memseta.o)
    0x00026444   0x0000000e   Code   RO         6144    .text               mc_w.l(strlen.o)
    0x00026452   0x0000001c   Code   RO         6146    .text               mc_w.l(strcmp.o)
    0x0002646e   0x0000001a   Code   RO         6148    .text               mc_w.l(memcmp.o)
    0x00026488   0x00000012   Code   RO         6150    .text               mc_w.l(strcpy.o)
    0x0002649a   0x0000001e   Code   RO         6152    .text               mc_w.l(strncmp.o)
    0x000264b8   0x00000070   Code   RO         6158    .text               mc_w.l(strtol.o)
    0x00026528   0x0000009e   Code   RO         6184    .text               mc_w.l(_strtoul.o)
    0x000265c6   0x00000002   PAD
    0x000265c8   0x00000024   Code   RO         6187    .text               mc_w.l(init.o)
    0x000265ec   0x0000001c   Code   RO         6189    .text               mc_w.l(_chval.o)
    0x00026608   0x000001b4   Code   RO         2288    i.GPIOTE_IRQHandler  nrfx_gpiote.o
    0x000267bc   0x00000016   Code   RO         3321    i.NVIC_ClearPendingIRQ  app_timer.o
    0x000267d2   0x00000016   Code   RO         3322    i.NVIC_EnableIRQ    app_timer.o
    0x000267e8   0x00000016   Code   RO         3323    i.NVIC_SetPendingIRQ  app_timer.o
    0x000267fe   0x00000020   Code   RO         3324    i.NVIC_SetPriority  app_timer.o
    0x0002681e   0x00000002   PAD
    0x00026820   0x00000058   Code   RO         2152    i.POWER_CLOCK_IRQHandler  nrfx_clock.o
    0x00026878   0x00000024   Code   RO         3325    i.RTC1_IRQHandler   app_timer.o
    0x0002689c   0x00000010   Code   RO         2627    i.RTC2_IRQHandler   nrfx_rtc.o
    0x000268ac   0x00000018   Code   RO         5498    i.SEGGER_RTT_HasData  segger_rtt.o
    0x000268c4   0x00000004   Code   RO         5500    i.SEGGER_RTT_Init   segger_rtt.o
    0x000268c8   0x0000002c   Code   RO         5504    i.SEGGER_RTT_Read   segger_rtt.o
    0x000268f4   0x00000078   Code   RO         5505    i.SEGGER_RTT_ReadNoLock  segger_rtt.o
    0x0002696c   0x0000003c   Code   RO         5513    i.SEGGER_RTT_Write  segger_rtt.o
    0x000269a8   0x0000005c   Code   RO         5514    i.SEGGER_RTT_WriteNoLock  segger_rtt.o
    0x00026a04   0x00000004   Code   RO         3326    i.SWI0_EGU0_IRQHandler  app_timer.o
    0x00026a08   0x00000004   Code   RO         5848    i.SWI2_EGU2_IRQHandler  nrf_sdh.o
    0x00026a0c   0x000001dc   Code   RO         6060    i.SystemInit        system_nrf52840.o
    0x00026be8   0x0000000c   Code   RO         2575    i.UARTE0_UART0_IRQHandler  nrfx_prs.o
    0x00026bf4   0x00000068   Code   RO         5518    i._DoInit           segger_rtt.o
    0x00026c5c   0x00000016   Code   RO         5519    i._GetAvailWriteSpace  segger_rtt.o
    0x00026c72   0x0000005a   Code   RO         5521    i._WriteBlocking    segger_rtt.o
    0x00026ccc   0x00000042   Code   RO         5522    i._WriteNoCheck     segger_rtt.o
    0x00026d0e   0x00000002   PAD
    0x00026d10   0x00000008   Code   RO         6177    i.__aeabi_errno_addr  mc_w.l(errno.o)
    0x00026d18   0x00000024   Code   RO         5849    i.__sd_nvic_app_accessible_irq  nrf_sdh.o
    0x00026d3c   0x00000064   Code   RO          656    i.advertising_start  main.o
    0x00026da0   0x00000194   Code   RO          657    i.amtc_evt_handler  main.o
    0x00026f34   0x00000380   Code   RO          658    i.amts_evt_handler  main.o
    0x000272b4   0x00000030   Code   RO         3102    i.app_button_disable  app_button.o
    0x000272e4   0x00000024   Code   RO         3103    i.app_button_enable  app_button.o
    0x00027308   0x00000078   Code   RO         3104    i.app_button_init   app_button.o
    0x00027380   0x00000094   Code   RO         3227    i.app_error_fault_handler  app_error_weak.o
    0x00027414   0x00000016   Code   RO         3167    i.app_error_handler_bare  app_error.o
    0x0002742a   0x00000002   PAD
    0x0002742c   0x0000000c   Code   RO         3328    i.app_timer_cnt_get  app_timer.o
    0x00027438   0x00000024   Code   RO         3329    i.app_timer_create  app_timer.o
    0x0002745c   0x00000054   Code   RO         3330    i.app_timer_init    app_timer.o
    0x000274b0   0x00000088   Code   RO         3333    i.app_timer_start   app_timer.o
    0x00027538   0x00000020   Code   RO         3334    i.app_timer_stop    app_timer.o
    0x00027558   0x00000048   Code   RO         3494    i.app_util_critical_region_enter  app_util_platform.o
    0x000275a0   0x00000034   Code   RO         3495    i.app_util_critical_region_exit  app_util_platform.o
    0x000275d4   0x00000076   Code   RO         2746    i.apply_config      nrfx_uart.o
    0x0002764a   0x00000076   Code   RO         2939    i.apply_config      nrfx_uarte.o
    0x000276c0   0x000000c0   Code   RO          481    i.att_mtu_cmd       example_cmds.o
    0x00027780   0x00000048   Code   RO         5123    i.backend_name_get  nrf_log_frontend.o
    0x000277c8   0x00000182   Code   RO         1270    i.ble_advdata_encode  ble_advdata.o
    0x0002794a   0x00000044   Code   RO         1271    i.ble_advdata_name_find  ble_advdata.o
    0x0002798e   0x00000038   Code   RO         1273    i.ble_advdata_search  ble_advdata.o
    0x000279c6   0x00000002   PAD
    0x000279c8   0x00000040   Code   RO         1377    i.ble_db_discovery_evt_register  ble_db_discovery.o
    0x00027a08   0x0000001c   Code   RO         1378    i.ble_db_discovery_init  ble_db_discovery.o
    0x00027a24   0x00000090   Code   RO         1379    i.ble_db_discovery_on_ble_evt  ble_db_discovery.o
    0x00027ab4   0x00000028   Code   RO         1380    i.ble_db_discovery_start  ble_db_discovery.o
    0x00027adc   0x00000060   Code   RO         1276    i.ble_device_addr_encode  ble_advdata.o
    0x00027b3c   0x00000200   Code   RO          659    i.ble_evt_handler   main.o
    0x00027d3c   0x00000008   Code   RO         1494    i.ble_srv_is_notification_enabled  ble_srv_common.o
    0x00027d44   0x00000054   Code   RO          989    i.bsp_board_init    boards.o
    0x00027d98   0x0000002c   Code   RO          991    i.bsp_board_led_invert  boards.o
    0x00027dc4   0x00000010   Code   RO          992    i.bsp_board_led_off  boards.o
    0x00027dd4   0x00000010   Code   RO          993    i.bsp_board_led_on  boards.o
    0x00027de4   0x00000012   Code   RO          995    i.bsp_board_leds_off  boards.o
    0x00027df6   0x00000002   PAD
    0x00027df8   0x00000090   Code   RO         5124    i.buf_prealloc      nrf_log_frontend.o
    0x00027e88   0x0000002e   Code   RO         4520    i.buffer_add        nrf_fprintf_format.o
    0x00027eb6   0x00000002   PAD
    0x00027eb8   0x00000014   Code   RO         5125    i.buffer_is_empty   nrf_log_frontend.o
    0x00027ecc   0x000000d8   Code   RO          660    i.button_evt_handler  main.o
    0x00027fa4   0x00000050   Code   RO          482    i.cele_set          example_cmds.o
    0x00027ff4   0x0000001c   Code   RO         2289    i.channel_free      nrfx_gpiote.o
    0x00028010   0x00000048   Code   RO         2290    i.channel_port_alloc  nrfx_gpiote.o
    0x00028058   0x00000010   Code   RO         2291    i.channel_port_get  nrfx_gpiote.o
    0x00028068   0x000000b8   Code   RO         3901    i.char_backspace    nrf_cli.o
    0x00028120   0x00000094   Code   RO         3902    i.char_delete       nrf_cli.o
    0x000281b4   0x00000140   Code   RO         3903    i.char_insert       nrf_cli.o
    0x000282f4   0x000000d4   Code   RO          223    i.char_notification_send  amts.o
    0x000283c8   0x00000190   Code   RO         1496    i.characteristic_add  ble_srv_common.o
    0x00028558   0x00000042   Code   RO         1381    i.characteristics_discover  ble_db_discovery.o
    0x0002859a   0x00000002   PAD
    0x0002859c   0x00000014   Code   RO         3904    i.cli_clear_eos     nrf_cli.o
    0x000285b0   0x00000014   Code   RO         3905    i.cli_cursor_restore  nrf_cli.o
    0x000285c4   0x00000014   Code   RO         3906    i.cli_cursor_save   nrf_cli.o
    0x000285d8   0x000001d0   Code   RO         3907    i.cli_execute       nrf_cli.o
    0x000287a8   0x0000000c   Code   RO         3908    i.cli_flag_echo_is_set  nrf_cli.o
    0x000287b4   0x00000064   Code   RO          661    i.cli_init          main.o
    0x00028818   0x0000016c   Code   RO         3909    i.cli_log_entry_process  nrf_cli.o
    0x00028984   0x0000000e   Code   RO         3910    i.cli_read          nrf_cli.o
    0x00028992   0x00000002   PAD
    0x00028994   0x00000058   Code   RO         4339    i.cli_rtt_enable    nrf_cli_rtt.o
    0x000289ec   0x00000024   Code   RO         4340    i.cli_rtt_init      nrf_cli_rtt.o
    0x00028a10   0x00000010   Code   RO         4341    i.cli_rtt_read      nrf_cli_rtt.o
    0x00028a20   0x00000008   Code   RO         4342    i.cli_rtt_uninit    nrf_cli_rtt.o
    0x00028a28   0x00000084   Code   RO         4343    i.cli_rtt_write     nrf_cli_rtt.o
    0x00028aac   0x0000001c   Code   RO          663    i.cli_start         main.o
    0x00028ac8   0x00000274   Code   RO         3911    i.cli_state_collect  nrf_cli.o
    0x00028d3c   0x00000028   Code   RO         3912    i.cli_state_set     nrf_cli.o
    0x00028d64   0x0000000a   Code   RO         3913    i.cli_strlen        nrf_cli.o
    0x00028d6e   0x00000002   PAD
    0x00028d70   0x00000318   Code   RO         3914    i.cli_tab_handle    nrf_cli.o
    0x00029088   0x00000014   Code   RO         3915    i.cli_transport_evt_handler  nrf_cli.o
    0x0002909c   0x0000006c   Code   RO         4405    i.cli_uart_enable   nrf_cli_uart.o
    0x00029108   0x0000004c   Code   RO         4406    i.cli_uart_init     nrf_cli_uart.o
    0x00029154   0x0000000a   Code   RO         4407    i.cli_uart_read     nrf_cli_uart.o
    0x0002915e   0x00000016   Code   RO         4408    i.cli_uart_uninit   nrf_cli_uart.o
    0x00029174   0x00000068   Code   RO         4409    i.cli_uart_write    nrf_cli_uart.o
    0x000291dc   0x00000058   Code   RO         3916    i.cli_write         nrf_cli.o
    0x00029234   0x00000028   Code   RO         1808    i.clock_clk_started_notify  nrf_drv_clock.o
    0x0002925c   0x0000001c   Code   RO         1809    i.clock_irq_handler  nrf_drv_clock.o
    0x00029278   0x00000006   Code   RO          483    i.cmd_cele_off_set  example_cmds.o
    0x0002927e   0x00000006   Code   RO          484    i.cmd_cele_on_set   example_cmds.o
    0x00029284   0x00000008   Code   RO          485    i.cmd_conn_interval_400_set  example_cmds.o
    0x0002928c   0x00000006   Code   RO          486    i.cmd_conn_interval_50_set  example_cmds.o
    0x00029292   0x00000006   Code   RO          487    i.cmd_conn_interval_7_5_set  example_cmds.o
    0x00029298   0x00000088   Code   RO         3917    i.cmd_get           nrf_cli.o
    0x00029320   0x00000006   Code   RO          488    i.cmd_phy_1m_set    example_cmds.o
    0x00029326   0x00000006   Code   RO          489    i.cmd_phy_2m_set    example_cmds.o
    0x0002932c   0x00000006   Code   RO          490    i.cmd_phy_coded_set  example_cmds.o
    0x00029332   0x00000002   PAD
    0x00029334   0x00000034   Code   RO          491    i.cmd_test_run      example_cmds.o
    0x00029368   0x0000009a   Code   RO         3918    i.cmd_trim          nrf_cli.o
    0x00029402   0x00000002   PAD
    0x00029404   0x000000ac   Code   RO         3336    i.compare_reg_update  app_timer.o
    0x000294b0   0x00000094   Code   RO         3919    i.completion_insert  nrf_cli.o
    0x00029544   0x00000004   Code   RO          492    i.config_print_cmd  example_cmds.o
    0x00029548   0x00000024   Code   RO          664    i.conn_evt_len_ext_set  main.o
    0x0002956c   0x00000088   Code   RO         1277    i.conn_int_encode   ble_advdata.o
    0x000295f4   0x00000044   Code   RO          493    i.conn_interval_set  example_cmds.o
    0x00029638   0x0000000c   Code   RO          665    i.connection_interval_set  main.o
    0x00029644   0x0000000c   Code   RO          354    i.counter_get       counter.o
    0x00029650   0x00000038   Code   RO          355    i.counter_init      counter.o
    0x00029688   0x00000014   Code   RO          356    i.counter_start     counter.o
    0x0002969c   0x0000000c   Code   RO          357    i.counter_stop      counter.o
    0x000296a8   0x000000e4   Code   RO          666    i.current_config_print  main.o
    0x0002978c   0x00000018   Code   RO         3920    i.cursor_down_move  nrf_cli.o
    0x000297a4   0x00000052   Code   RO         3921    i.cursor_end_position_move  nrf_cli.o
    0x000297f6   0x00000054   Code   RO         3922    i.cursor_home_position_move  nrf_cli.o
    0x0002984a   0x00000026   Code   RO         3923    i.cursor_in_empty_line  nrf_cli.o
    0x00029870   0x00000018   Code   RO         3924    i.cursor_left_move  nrf_cli.o
    0x00029888   0x0000000c   Code   RO         3925    i.cursor_next_line_move  nrf_cli.o
    0x00029894   0x00000124   Code   RO         3926    i.cursor_position_get  nrf_cli.o
    0x000299b8   0x0000006a   Code   RO         3927    i.cursor_position_synchronize  nrf_cli.o
    0x00029a22   0x00000002   PAD
    0x00029a24   0x00000018   Code   RO         3928    i.cursor_right_move  nrf_cli.o
    0x00029a3c   0x00000018   Code   RO         3929    i.cursor_up_move    nrf_cli.o
    0x00029a54   0x000000a4   Code   RO          494    i.data_len_cmd      example_cmds.o
    0x00029af8   0x00000024   Code   RO          667    i.data_len_set      main.o
    0x00029b1c   0x000000d4   Code   RO         1551    i.data_length_update  nrf_ble_gatt.o
    0x00029bf0   0x0000000c   Code   RO          668    i.db_disc_evt_handler  main.o
    0x00029bfc   0x00000058   Code   RO          495    i.default_cmd       example_cmds.o
    0x00029c54   0x0000008c   Code   RO         1382    i.descriptors_discover  ble_db_discovery.o
    0x00029ce0   0x0000009c   Code   RO         3106    i.detection_delay_timeout_handler  app_button.o
    0x00029d7c   0x00000090   Code   RO         1383    i.discovery_complete_evt_trigger  ble_db_discovery.o
    0x00029e0c   0x0000003c   Code   RO         1384    i.discovery_error_evt_trigger  ble_db_discovery.o
    0x00029e48   0x0000005c   Code   RO         1385    i.discovery_start   ble_db_discovery.o
    0x00029ea4   0x00000014   Code   RO         5126    i.dropped_sat16_get  nrf_log_frontend.o
    0x00029eb8   0x00000040   Code   RO         3337    i.elapsed_ticks_acquire  app_timer.o
    0x00029ef8   0x000000f2   Code   RO         3930    i.format_offset_string_print  nrf_cli.o
    0x00029fea   0x00000026   Code   RO         3931    i.full_line_cmd     nrf_cli.o
    0x0002a010   0x0000000c   Code   RO          496    i.gap_evt_len_cmd   example_cmds.o
    0x0002a01c   0x000000c4   Code   RO          669    i.gatt_evt_handler  main.o
    0x0002a0e0   0x00000034   Code   RO          670    i.gatt_mtu_set      main.o
    0x0002a114   0x00000084   Code   RO         3107    i.gpiote_event_handler  app_button.o
    0x0002a198   0x00000144   Code   RO         3932    i.history_handle    nrf_cli.o
    0x0002a2dc   0x00000078   Code   RO         3933    i.history_list_element_add  nrf_cli.o
    0x0002a354   0x00000068   Code   RO         3934    i.history_list_element_oldest_remove  nrf_cli.o
    0x0002a3bc   0x00000086   Code   RO         3935    i.history_save      nrf_cli.o
    0x0002a442   0x00000002   PAD
    0x0002a444   0x00000098   Code   RO          671    i.idle_state_handle  main.o
    0x0002a4dc   0x000000ec   Code   RO          672    i.instructions_print  main.o
    0x0002a5c8   0x000000a6   Code   RO         4521    i.int_print         nrf_fprintf_format.o
    0x0002a66e   0x00000002   PAD
    0x0002a670   0x0000007c   Code   RO         2940    i.interrupts_enable  nrfx_uarte.o
    0x0002a6ec   0x00000034   Code   RO         5127    i.invalid_packets_omit  nrf_log_frontend.o
    0x0002a720   0x000000a0   Code   RO         2628    i.irq_handler       nrfx_rtc.o
    0x0002a7c0   0x00000010   Code   RO         3936    i.is_completion_candidate  nrf_cli.o
    0x0002a7d0   0x0000004c   Code   RO         1386    i.is_desc_discovery_reqd  ble_db_discovery.o
    0x0002a81c   0x00000010   Code   RO          673    i.is_tester_board   main.o
    0x0002a82c   0x00000018   Code   RO         1692    i.is_whitelist_used  nrf_ble_scan.o
    0x0002a844   0x00000016   Code   RO         1552    i.link_init         nrf_ble_gatt.o
    0x0002a85a   0x00000002   PAD
    0x0002a85c   0x000000f8   Code   RO         3338    i.list_insertions_handler  app_timer.o
    0x0002a954   0x0000000c   Code   RO         5128    i.log_backend_ctrl  nrf_log_frontend.o
    0x0002a960   0x0000000c   Code   RO         5129    i.log_backend_go    nrf_log_frontend.o
    0x0002a96c   0x0000000c   Code   RO         5130    i.log_backend_halt  nrf_log_frontend.o
    0x0002a978   0x0000000c   Code   RO         5131    i.log_backend_status  nrf_log_frontend.o
    0x0002a984   0x0000005c   Code   RO         5132    i.log_cmd           nrf_log_frontend.o
    0x0002a9e0   0x000000c8   Code   RO         5133    i.log_cmd_backends_list  nrf_log_frontend.o
    0x0002aaa8   0x0000003c   Code   RO         5134    i.log_config_load_cmd  nrf_log_frontend.o
    0x0002aae4   0x0000003c   Code   RO         5135    i.log_config_store_cmd  nrf_log_frontend.o
    0x0002ab20   0x000001cc   Code   RO         5136    i.log_ctrl          nrf_log_frontend.o
    0x0002acec   0x00000008   Code   RO         5137    i.log_go            nrf_log_frontend.o
    0x0002acf4   0x00000008   Code   RO         5138    i.log_halt          nrf_log_frontend.o
    0x0002acfc   0x00000010   Code   RO         5139    i.log_self_ctrl     nrf_log_frontend.o
    0x0002ad0c   0x0000000a   Code   RO         5140    i.log_self_go       nrf_log_frontend.o
    0x0002ad16   0x0000000a   Code   RO         5141    i.log_self_halt     nrf_log_frontend.o
    0x0002ad20   0x00000010   Code   RO         5142    i.log_self_status   nrf_log_frontend.o
    0x0002ad30   0x0000009c   Code   RO         5143    i.log_skip          nrf_log_frontend.o
    0x0002adcc   0x00000140   Code   RO         5144    i.log_status        nrf_log_frontend.o
    0x0002af0c   0x0000026c   Code   RO          674    i.main              main.o
    0x0002b178   0x0000015a   Code   RO         3937    i.make_argv         nrf_cli.o
    0x0002b2d2   0x00000064   Code   RO         1278    i.manuf_specific_data_encode  ble_advdata.o
    0x0002b336   0x0000007e   Code   RO         4560    i.memobj_op         nrf_memobj.o
    0x0002b3b4   0x00000026   Code   RO         5145    i.module_id_filter_set  nrf_log_frontend.o
    0x0002b3da   0x00000002   PAD
    0x0002b3dc   0x00000030   Code   RO         5146    i.module_idx_get    nrf_log_frontend.o
    0x0002b40c   0x0000001c   Code   RO         5147    i.module_name_get   nrf_log_frontend.o
    0x0002b428   0x00000050   Code   RO         3938    i.multiline_console_data_check  nrf_cli.o
    0x0002b478   0x000000a6   Code   RO         1279    i.name_encode       ble_advdata.o
    0x0002b51e   0x00000006   Code   RO         3714    i.nrf_atomic_flag_clear  nrf_atomic.o
    0x0002b524   0x00000006   Code   RO         3715    i.nrf_atomic_flag_clear_fetch  nrf_atomic.o
    0x0002b52a   0x00000006   Code   RO         3716    i.nrf_atomic_flag_set  nrf_atomic.o
    0x0002b530   0x00000006   Code   RO         3717    i.nrf_atomic_flag_set_fetch  nrf_atomic.o
    0x0002b536   0x0000000c   Code   RO         3718    i.nrf_atomic_u32_add  nrf_atomic.o
    0x0002b542   0x0000000c   Code   RO         3719    i.nrf_atomic_u32_and  nrf_atomic.o
    0x0002b54e   0x0000000a   Code   RO         3722    i.nrf_atomic_u32_fetch_and  nrf_atomic.o
    0x0002b558   0x0000000a   Code   RO         3723    i.nrf_atomic_u32_fetch_or  nrf_atomic.o
    0x0002b562   0x0000000a   Code   RO         3724    i.nrf_atomic_u32_fetch_store  nrf_atomic.o
    0x0002b56c   0x0000000c   Code   RO         3728    i.nrf_atomic_u32_or  nrf_atomic.o
    0x0002b578   0x0000000c   Code   RO         3730    i.nrf_atomic_u32_sub  nrf_atomic.o
    0x0002b584   0x00000044   Code   RO         3849    i.nrf_balloc_alloc  nrf_balloc.o
    0x0002b5c8   0x00000030   Code   RO         3850    i.nrf_balloc_free   nrf_balloc.o
    0x0002b5f8   0x00000030   Code   RO         3851    i.nrf_balloc_init   nrf_balloc.o
    0x0002b628   0x000000c8   Code   RO         3852    i.nrf_balloc_status  nrf_balloc.o
    0x0002b6f0   0x00000010   Code   RO         2292    i.nrf_bitmask_bit_is_set  nrfx_gpiote.o
    0x0002b700   0x00000014   Code   RO         2293    i.nrf_bitmask_bit_set  nrfx_gpiote.o
    0x0002b714   0x00000018   Code   RO            4    i.nrf_ble_amtc_handles_assign  amtc.o
    0x0002b72c   0x00000054   Code   RO            5    i.nrf_ble_amtc_init  amtc.o
    0x0002b780   0x00000058   Code   RO            6    i.nrf_ble_amtc_notif_enable  amtc.o
    0x0002b7d8   0x000000b4   Code   RO            7    i.nrf_ble_amtc_on_ble_evt  amtc.o
    0x0002b88c   0x000000a6   Code   RO            8    i.nrf_ble_amtc_on_db_disc_evt  amtc.o
    0x0002b932   0x00000002   PAD
    0x0002b934   0x00000048   Code   RO            9    i.nrf_ble_amtc_rcb_read  amtc.o
    0x0002b97c   0x000000c8   Code   RO          224    i.nrf_ble_amts_init  amts.o
    0x0002ba44   0x0000000a   Code   RO          225    i.nrf_ble_amts_notif_spam  amts.o
    0x0002ba4e   0x00000068   Code   RO          226    i.nrf_ble_amts_on_ble_evt  amts.o
    0x0002bab6   0x00000012   Code   RO          227    i.nrf_ble_amts_on_gatt_evt  amts.o
    0x0002bac8   0x0000007c   Code   RO          228    i.nrf_ble_amts_rbc_set  amts.o
    0x0002bb44   0x00000018   Code   RO         1553    i.nrf_ble_gatt_att_mtu_central_set  nrf_ble_gatt.o
    0x0002bb5c   0x00000018   Code   RO         1554    i.nrf_ble_gatt_att_mtu_periph_set  nrf_ble_gatt.o
    0x0002bb74   0x00000028   Code   RO         1555    i.nrf_ble_gatt_data_length_get  nrf_ble_gatt.o
    0x0002bb9c   0x00000034   Code   RO         1556    i.nrf_ble_gatt_data_length_set  nrf_ble_gatt.o
    0x0002bbd0   0x0000002c   Code   RO         1558    i.nrf_ble_gatt_init  nrf_ble_gatt.o
    0x0002bbfc   0x0000017c   Code   RO         1559    i.nrf_ble_gatt_on_ble_evt  nrf_ble_gatt.o
    0x0002bd78   0x00000016   Code   RO         1651    i.nrf_ble_qwr_conn_handle_assign  nrf_ble_qwr.o
    0x0002bd8e   0x00000024   Code   RO         1652    i.nrf_ble_qwr_init  nrf_ble_qwr.o
    0x0002bdb2   0x000000b6   Code   RO         1653    i.nrf_ble_qwr_on_ble_evt  nrf_ble_qwr.o
    0x0002be68   0x00000068   Code   RO         1694    i.nrf_ble_scan_connect_with_target  nrf_ble_scan.o
    0x0002bed0   0x00000014   Code   RO         1696    i.nrf_ble_scan_default_conn_param_set  nrf_ble_scan.o
    0x0002bee4   0x00000020   Code   RO         1697    i.nrf_ble_scan_default_param_set  nrf_ble_scan.o
    0x0002bf04   0x0000006e   Code   RO         1699    i.nrf_ble_scan_filter_set  nrf_ble_scan.o
    0x0002bf72   0x00000010   Code   RO         1700    i.nrf_ble_scan_filters_disable  nrf_ble_scan.o
    0x0002bf82   0x0000003a   Code   RO         1701    i.nrf_ble_scan_filters_enable  nrf_ble_scan.o
    0x0002bfbc   0x00000070   Code   RO         1702    i.nrf_ble_scan_init  nrf_ble_scan.o
    0x0002c02c   0x000000d2   Code   RO         1703    i.nrf_ble_scan_on_adv_report  nrf_ble_scan.o
    0x0002c0fe   0x000000ae   Code   RO         1704    i.nrf_ble_scan_on_ble_evt  nrf_ble_scan.o
    0x0002c1ac   0x00000094   Code   RO         1706    i.nrf_ble_scan_start  nrf_ble_scan.o
    0x0002c240   0x00000004   Code   RO         1707    i.nrf_ble_scan_stop  nrf_ble_scan.o
    0x0002c244   0x0000007c   Code   RO         5148    i.nrf_cli_backend_cmd_execute  nrf_log_frontend.o
    0x0002c2c0   0x0000004c   Code   RO         3939    i.nrf_cli_build_in_cmd_common_executed  nrf_cli.o
    0x0002c30c   0x00000044   Code   RO         3940    i.nrf_cli_cmd_clear  nrf_cli.o
    0x0002c350   0x00000044   Code   RO         3941    i.nrf_cli_cmd_cli   nrf_cli.o
    0x0002c394   0x0000006c   Code   RO         3942    i.nrf_cli_cmd_cli_stats  nrf_cli.o
    0x0002c400   0x00000030   Code   RO         3943    i.nrf_cli_cmd_cli_stats_reset  nrf_cli.o
    0x0002c430   0x00000088   Code   RO         3944    i.nrf_cli_cmd_cli_stats_show  nrf_cli.o
    0x0002c4b8   0x00000068   Code   RO         3945    i.nrf_cli_cmd_colors  nrf_cli.o
    0x0002c520   0x0000002a   Code   RO         3946    i.nrf_cli_cmd_colors_off  nrf_cli.o
    0x0002c54a   0x0000002a   Code   RO         3947    i.nrf_cli_cmd_colors_on  nrf_cli.o
    0x0002c574   0x00000098   Code   RO         3948    i.nrf_cli_cmd_echo  nrf_cli.o
    0x0002c60c   0x0000002a   Code   RO         3949    i.nrf_cli_cmd_echo_off  nrf_cli.o
    0x0002c636   0x0000002a   Code   RO         3950    i.nrf_cli_cmd_echo_on  nrf_cli.o
    0x0002c660   0x00000078   Code   RO         3951    i.nrf_cli_cmd_history  nrf_cli.o
    0x0002c6d8   0x000000c4   Code   RO         3952    i.nrf_cli_cmd_resize  nrf_cli.o
    0x0002c79c   0x0000003c   Code   RO         3953    i.nrf_cli_cmd_resize_default  nrf_cli.o
    0x0002c7d8   0x00000050   Code   RO         3954    i.nrf_cli_fprintf   nrf_cli.o
    0x0002c828   0x0000027c   Code   RO         3955    i.nrf_cli_help_print  nrf_cli.o
    0x0002caa4   0x0000000c   Code   RO         5149    i.nrf_cli_help_requested  nrf_log_frontend.o
    0x0002cab0   0x00000032   Code   RO         3956    i.nrf_cli_init      nrf_cli.o
    0x0002cae2   0x00000002   PAD
    0x0002cae4   0x000000c0   Code   RO         3957    i.nrf_cli_instance_init  nrf_cli.o
    0x0002cba4   0x00000006   Code   RO         3959    i.nrf_cli_print_stream  nrf_cli.o
    0x0002cbaa   0x00000002   PAD
    0x0002cbac   0x00000074   Code   RO         3960    i.nrf_cli_process   nrf_cli.o
    0x0002cc20   0x00000048   Code   RO         3961    i.nrf_cli_start     nrf_cli.o
    0x0002cc68   0x0000000e   Code   RO         2153    i.nrf_clock_event_check  nrfx_clock.o
    0x0002cc76   0x00000010   Code   RO         2154    i.nrf_clock_event_clear  nrfx_clock.o
    0x0002cc86   0x00000002   PAD
    0x0002cc88   0x00000038   Code   RO         1816    i.nrf_drv_clock_init  nrf_drv_clock.o
    0x0002ccc0   0x00000030   Code   RO         1820    i.nrf_drv_clock_lfclk_release  nrf_drv_clock.o
    0x0002ccf0   0x00000068   Code   RO         1961    i.nrf_drv_uart_init  nrf_drv_uart.o
    0x0002cd58   0x00000020   Code   RO         4410    i.nrf_drv_uart_tx   nrf_cli_uart.o
    0x0002cd78   0x00000018   Code   RO         4411    i.nrf_drv_uart_uninit  nrf_cli_uart.o
    0x0002cd90   0x0000001a   Code   RO         4490    i.nrf_fprintf       nrf_fprintf.o
    0x0002cdaa   0x00000018   Code   RO         4491    i.nrf_fprintf_buffer_flush  nrf_fprintf.o
    0x0002cdc2   0x000001da   Code   RO         4522    i.nrf_fprintf_fmt   nrf_fprintf_format.o
    0x0002cf9c   0x00000032   Code   RO          999    i.nrf_gpio_cfg      boards.o
    0x0002cfce   0x00000032   Code   RO         2294    i.nrf_gpio_cfg      nrfx_gpiote.o
    0x0002d000   0x00000032   Code   RO         2747    i.nrf_gpio_cfg      nrfx_uart.o
    0x0002d032   0x00000032   Code   RO         2941    i.nrf_gpio_cfg      nrfx_uarte.o
    0x0002d064   0x00000012   Code   RO         2748    i.nrf_gpio_cfg_default  nrfx_uart.o
    0x0002d076   0x00000012   Code   RO         2942    i.nrf_gpio_cfg_default  nrfx_uarte.o
    0x0002d088   0x00000012   Code   RO         2749    i.nrf_gpio_cfg_input  nrfx_uart.o
    0x0002d09a   0x00000012   Code   RO         2943    i.nrf_gpio_cfg_input  nrfx_uarte.o
    0x0002d0ac   0x00000014   Code   RO         2750    i.nrf_gpio_cfg_output  nrfx_uart.o
    0x0002d0c0   0x00000014   Code   RO         2944    i.nrf_gpio_cfg_output  nrfx_uarte.o
    0x0002d0d4   0x00000030   Code   RO         2296    i.nrf_gpio_cfg_sense_set  nrfx_gpiote.o
    0x0002d104   0x0000001c   Code   RO         1000    i.nrf_gpio_pin_port_decode  boards.o
    0x0002d120   0x0000001c   Code   RO         2298    i.nrf_gpio_pin_port_decode  nrfx_gpiote.o
    0x0002d13c   0x0000001c   Code   RO         2751    i.nrf_gpio_pin_port_decode  nrfx_uart.o
    0x0002d158   0x0000001c   Code   RO         2945    i.nrf_gpio_pin_port_decode  nrfx_uarte.o
    0x0002d174   0x00000016   Code   RO         2299    i.nrf_gpio_pin_read  nrfx_gpiote.o
    0x0002d18a   0x00000014   Code   RO         2752    i.nrf_gpio_pin_set  nrfx_uart.o
    0x0002d19e   0x00000014   Code   RO         2946    i.nrf_gpio_pin_set  nrfx_uarte.o
    0x0002d1b2   0x00000026   Code   RO         1001    i.nrf_gpio_pin_write  boards.o
    0x0002d1d8   0x0000002c   Code   RO         2301    i.nrf_gpio_ports_read  nrfx_gpiote.o
    0x0002d204   0x00000014   Code   RO         2302    i.nrf_gpiote_event_clear  nrfx_gpiote.o
    0x0002d218   0x00000010   Code   RO         2303    i.nrf_gpiote_event_is_set  nrfx_gpiote.o
    0x0002d228   0x00000088   Code   RO         5150    i.nrf_log_backend_add  nrf_log_frontend.o
    0x0002d2b0   0x0000001e   Code   RO         3965    i.nrf_log_backend_cli_flush  nrf_cli.o
    0x0002d2ce   0x0000001e   Code   RO         3966    i.nrf_log_backend_cli_panic_set  nrf_cli.o
    0x0002d2ec   0x00000052   Code   RO         3967    i.nrf_log_backend_cli_put  nrf_cli.o
    0x0002d33e   0x000000c8   Code   RO         4983    i.nrf_log_backend_serial_put  nrf_log_backend_serial.o
    0x0002d406   0x00000002   Code   RO         5020    i.nrf_log_backend_uart_flush  nrf_log_backend_uart.o
    0x0002d408   0x0000002c   Code   RO         5022    i.nrf_log_backend_uart_panic_set  nrf_log_backend_uart.o
    0x0002d434   0x00000018   Code   RO         5023    i.nrf_log_backend_uart_put  nrf_log_backend_uart.o
    0x0002d44c   0x00000030   Code   RO         5152    i.nrf_log_color_id_get  nrf_log_frontend.o
    0x0002d47c   0x00000274   Code   RO         5153    i.nrf_log_frontend_dequeue  nrf_log_frontend.o
    0x0002d6f0   0x00000008   Code   RO         5155    i.nrf_log_frontend_std_0  nrf_log_frontend.o
    0x0002d6f8   0x0000000e   Code   RO         5156    i.nrf_log_frontend_std_1  nrf_log_frontend.o
    0x0002d706   0x00000010   Code   RO         5157    i.nrf_log_frontend_std_2  nrf_log_frontend.o
    0x0002d716   0x00000012   Code   RO         5158    i.nrf_log_frontend_std_3  nrf_log_frontend.o
    0x0002d728   0x000000b0   Code   RO         5439    i.nrf_log_hexdump_entry_process  nrf_log_str_formatter.o
    0x0002d7d8   0x000000c4   Code   RO         5162    i.nrf_log_init      nrf_log_frontend.o
    0x0002d89c   0x00000014   Code   RO         5163    i.nrf_log_module_cnt_get  nrf_log_frontend.o
    0x0002d8b0   0x00000048   Code   RO         5164    i.nrf_log_module_filter_get  nrf_log_frontend.o
    0x0002d8f8   0x00000050   Code   RO         5165    i.nrf_log_module_filter_set  nrf_log_frontend.o
    0x0002d948   0x0000001c   Code   RO         5166    i.nrf_log_module_name_get  nrf_log_frontend.o
    0x0002d964   0x00000028   Code   RO         5167    i.nrf_log_panic     nrf_log_frontend.o
    0x0002d98c   0x000000b6   Code   RO         5440    i.nrf_log_std_entry_process  nrf_log_str_formatter.o
    0x0002da42   0x00000002   PAD
    0x0002da44   0x00000020   Code   RO         5441    i.nrf_log_str_formatter_timestamp_freq_set  nrf_log_str_formatter.o
    0x0002da64   0x00000060   Code   RO         4561    i.nrf_memobj_alloc  nrf_memobj.o
    0x0002dac4   0x00000032   Code   RO         4562    i.nrf_memobj_free   nrf_memobj.o
    0x0002daf6   0x00000008   Code   RO         4563    i.nrf_memobj_get    nrf_memobj.o
    0x0002dafe   0x00000004   Code   RO         4564    i.nrf_memobj_pool_init  nrf_memobj.o
    0x0002db02   0x0000001e   Code   RO         4565    i.nrf_memobj_put    nrf_memobj.o
    0x0002db20   0x00000010   Code   RO         4566    i.nrf_memobj_read   nrf_memobj.o
    0x0002db30   0x00000010   Code   RO         4567    i.nrf_memobj_write  nrf_memobj.o
    0x0002db40   0x00000002   Code   RO         4638    i.nrf_pwr_mgmt_feed  nrf_pwr_mgmt.o
    0x0002db42   0x00000002   PAD
    0x0002db44   0x00000028   Code   RO         4639    i.nrf_pwr_mgmt_init  nrf_pwr_mgmt.o
    0x0002db6c   0x00000044   Code   RO         4640    i.nrf_pwr_mgmt_run  nrf_pwr_mgmt.o
    0x0002dbb0   0x0000008e   Code   RO         4710    i.nrf_queue_generic_pop  nrf_queue.o
    0x0002dc3e   0x00000012   Code   RO         4712    i.nrf_queue_is_empty  nrf_queue.o
    0x0002dc50   0x0000001e   Code   RO         4713    i.nrf_queue_is_full  nrf_queue.o
    0x0002dc6e   0x00000006   Code   RO         4714    i.nrf_queue_max_utilization_get  nrf_queue.o
    0x0002dc74   0x00000008   Code   RO         4715    i.nrf_queue_max_utilization_reset  nrf_queue.o
    0x0002dc7c   0x0000000e   Code   RO         4716    i.nrf_queue_next_idx  nrf_queue.o
    0x0002dc8a   0x000000b2   Code   RO         4718    i.nrf_queue_push    nrf_queue.o
    0x0002dd3c   0x000000e0   Code   RO         4721    i.nrf_queue_status  nrf_queue.o
    0x0002de1c   0x00000024   Code   RO         4722    i.nrf_queue_utilization_get  nrf_queue.o
    0x0002de40   0x00000004   Code   RO          675    i.nrf_qwr_error_handler  main.o
    0x0002de44   0x00000070   Code   RO         4837    i.nrf_ringbuf_alloc  nrf_ringbuf.o
    0x0002deb4   0x0000007c   Code   RO         4838    i.nrf_ringbuf_cpy_get  nrf_ringbuf.o
    0x0002df30   0x00000072   Code   RO         4839    i.nrf_ringbuf_cpy_put  nrf_ringbuf.o
    0x0002dfa2   0x00000026   Code   RO         4840    i.nrf_ringbuf_free  nrf_ringbuf.o
    0x0002dfc8   0x00000070   Code   RO         4841    i.nrf_ringbuf_get   nrf_ringbuf.o
    0x0002e038   0x0000001c   Code   RO         4842    i.nrf_ringbuf_init  nrf_ringbuf.o
    0x0002e054   0x00000030   Code   RO         4843    i.nrf_ringbuf_put   nrf_ringbuf.o
    0x0002e084   0x0000000c   Code   RO         2629    i.nrf_rtc_event_clear  nrfx_rtc.o
    0x0002e090   0x00000014   Code   RO         5967    i.nrf_sdh_ble_app_ram_start_get  nrf_sdh_ble.o
    0x0002e0a4   0x00000170   Code   RO         5968    i.nrf_sdh_ble_default_cfg_set  nrf_sdh_ble.o
    0x0002e214   0x00000154   Code   RO         5969    i.nrf_sdh_ble_enable  nrf_sdh_ble.o
    0x0002e368   0x00000060   Code   RO         5970    i.nrf_sdh_ble_evts_poll  nrf_sdh_ble.o
    0x0002e3c8   0x00000074   Code   RO         5851    i.nrf_sdh_enable_request  nrf_sdh.o
    0x0002e43c   0x00000024   Code   RO         5852    i.nrf_sdh_evts_poll  nrf_sdh.o
    0x0002e460   0x0000000c   Code   RO         5853    i.nrf_sdh_is_enabled  nrf_sdh.o
    0x0002e46c   0x0000003c   Code   RO         6019    i.nrf_sdh_soc_evts_poll  nrf_sdh_soc.o
    0x0002e4a8   0x0000000a   Code   RO         4897    i.nrf_section_iter_init  nrf_section_iter.o
    0x0002e4b2   0x00000024   Code   RO         4898    i.nrf_section_iter_item_set  nrf_section_iter.o
    0x0002e4d6   0x00000020   Code   RO         4899    i.nrf_section_iter_next  nrf_section_iter.o
    0x0002e4f6   0x00000002   PAD
    0x0002e4f8   0x00000038   Code   RO         4932    i.nrf_strerror_find  nrf_strerror.o
    0x0002e530   0x00000014   Code   RO         4933    i.nrf_strerror_get  nrf_strerror.o
    0x0002e544   0x0000000a   Code   RO         2753    i.nrf_uart_event_check  nrfx_uart.o
    0x0002e54e   0x0000000c   Code   RO         2754    i.nrf_uart_event_clear  nrfx_uart.o
    0x0002e55a   0x0000000c   Code   RO         2755    i.nrf_uart_int_enable_check  nrfx_uart.o
    0x0002e566   0x0000000a   Code   RO         2947    i.nrf_uarte_event_check  nrfx_uarte.o
    0x0002e570   0x0000000c   Code   RO         2948    i.nrf_uarte_event_clear  nrfx_uarte.o
    0x0002e57c   0x0000002c   Code   RO         2159    i.nrfx_clock_enable  nrfx_clock.o
    0x0002e5a8   0x00000020   Code   RO         2162    i.nrfx_clock_init   nrfx_clock.o
    0x0002e5c8   0x0000001c   Code   RO         2165    i.nrfx_clock_lfclk_stop  nrfx_clock.o
    0x0002e5e4   0x00000010   Code   RO         3339    i.nrfx_coredep_delay_us  app_timer.o
    0x0002e5f4   0x00000048   Code   RO         2307    i.nrfx_gpiote_in_event_disable  nrfx_gpiote.o
    0x0002e63c   0x00000098   Code   RO         2308    i.nrfx_gpiote_in_event_enable  nrfx_gpiote.o
    0x0002e6d4   0x000000d4   Code   RO         2309    i.nrfx_gpiote_in_init  nrfx_gpiote.o
    0x0002e7a8   0x0000000e   Code   RO         2310    i.nrfx_gpiote_in_is_set  nrfx_gpiote.o
    0x0002e7b6   0x00000002   PAD
    0x0002e7b8   0x00000070   Code   RO         2312    i.nrfx_gpiote_init  nrfx_gpiote.o
    0x0002e828   0x00000014   Code   RO         2313    i.nrfx_gpiote_is_init  nrfx_gpiote.o
    0x0002e83c   0x00000010   Code   RO         2949    i.nrfx_is_in_ram    nrfx_uarte.o
    0x0002e84c   0x0000003a   Code   RO         2576    i.nrfx_prs_acquire  nrfx_prs.o
    0x0002e886   0x00000012   Code   RO         2577    i.nrfx_prs_release  nrfx_prs.o
    0x0002e898   0x00000018   Code   RO         2632    i.nrfx_rtc_disable  nrfx_rtc.o
    0x0002e8b0   0x00000018   Code   RO         2633    i.nrfx_rtc_enable   nrfx_rtc.o
    0x0002e8c8   0x00000088   Code   RO         2634    i.nrfx_rtc_init     nrfx_rtc.o
    0x0002e950   0x00000010   Code   RO         2638    i.nrfx_rtc_tick_disable  nrfx_rtc.o
    0x0002e960   0x00000010   Code   RO         2756    i.nrfx_uart_0_irq_handler  nrfx_uart.o
    0x0002e970   0x000000d0   Code   RO         2758    i.nrfx_uart_init    nrfx_uart.o
    0x0002ea40   0x000000ec   Code   RO         2759    i.nrfx_uart_rx      nrfx_uart.o
    0x0002eb2c   0x00000012   Code   RO         2760    i.nrfx_uart_rx_abort  nrfx_uart.o
    0x0002eb3e   0x00000002   PAD
    0x0002eb40   0x000000a4   Code   RO         2764    i.nrfx_uart_tx      nrfx_uart.o
    0x0002ebe4   0x00000020   Code   RO         2766    i.nrfx_uart_tx_in_progress  nrfx_uart.o
    0x0002ec04   0x000000b4   Code   RO         2767    i.nrfx_uart_uninit  nrfx_uart.o
    0x0002ecb8   0x00000010   Code   RO         2950    i.nrfx_uarte_0_irq_handler  nrfx_uarte.o
    0x0002ecc8   0x0000006c   Code   RO         2952    i.nrfx_uarte_init   nrfx_uarte.o
    0x0002ed34   0x00000104   Code   RO         2953    i.nrfx_uarte_rx     nrfx_uarte.o
    0x0002ee38   0x0000002c   Code   RO         2954    i.nrfx_uarte_rx_abort  nrfx_uarte.o
    0x0002ee64   0x00000090   Code   RO         2956    i.nrfx_uarte_tx     nrfx_uarte.o
    0x0002eef4   0x0000001c   Code   RO         2958    i.nrfx_uarte_tx_in_progress  nrfx_uarte.o
    0x0002ef10   0x000000b0   Code   RO         2959    i.nrfx_uarte_uninit  nrfx_uarte.o
    0x0002efc0   0x00000130   Code   RO          676    i.on_ble_gap_evt_connected  main.o
    0x0002f0f0   0x00000164   Code   RO         1387    i.on_characteristic_discovery_rsp  ble_db_discovery.o
    0x0002f254   0x000000b0   Code   RO         1560    i.on_connected_evt  nrf_ble_gatt.o
    0x0002f304   0x000000f0   Code   RO         1388    i.on_descriptor_discovery_rsp  ble_db_discovery.o
    0x0002f3f4   0x000000b4   Code   RO         1561    i.on_exchange_mtu_request_evt  nrf_ble_gatt.o
    0x0002f4a8   0x00000068   Code   RO         1389    i.on_primary_srv_discovery_rsp  ble_db_discovery.o
    0x0002f510   0x0000007c   Code   RO         1390    i.on_srv_disc_completion  ble_db_discovery.o
    0x0002f58c   0x00000090   Code   RO         3968    i.option_print      nrf_cli.o
    0x0002f61c   0x00000044   Code   RO          497    i.phy_set           example_cmds.o
    0x0002f660   0x00000028   Code   RO          677    i.phy_str           main.o
    0x0002f688   0x00000018   Code   RO         2329    i.pin_in_use_by_port  nrfx_gpiote.o
    0x0002f6a0   0x00000018   Code   RO         2330    i.pin_in_use_by_te  nrfx_gpiote.o
    0x0002f6b8   0x0000003c   Code   RO         5442    i.postfix_process   nrf_log_str_formatter.o
    0x0002f6f4   0x0000000c   Code   RO          678    i.preferred_phy_set  main.o
    0x0002f700   0x000000a0   Code   RO         5443    i.prefix_process    nrf_log_str_formatter.o
    0x0002f7a0   0x00000018   Code   RO         2578    i.prs_box_get       nrfx_prs.o
    0x0002f7b8   0x00000018   Code   RO         4725    i.queue_utilization_get  nrf_queue.o
    0x0002f7d0   0x00000038   Code   RO         1391    i.registered_handler_get  ble_db_discovery.o
    0x0002f808   0x0000003c   Code   RO         3340    i.rtc1_stop         app_timer.o
    0x0002f844   0x00000008   Code   RO          358    i.rtc_handler       counter.o
    0x0002f84c   0x00000032   Code   RO         2768    i.rx_byte           nrfx_uart.o
    0x0002f87e   0x00000016   Code   RO         2769    i.rx_done_event     nrfx_uart.o
    0x0002f894   0x00000016   Code   RO         2960    i.rx_done_event     nrfx_uarte.o
    0x0002f8aa   0x00000020   Code   RO         2770    i.rx_enable         nrfx_uart.o
    0x0002f8ca   0x00000002   PAD
    0x0002f8cc   0x00000054   Code   RO         4412    i.rx_try            nrf_cli_uart.o
    0x0002f920   0x000000dc   Code   RO          679    i.scan_evt_handler  main.o
    0x0002f9fc   0x0000005c   Code   RO          680    i.scan_start        main.o
    0x0002fa58   0x00000050   Code   RO         1823    i.sd_state_evt_handler  nrf_drv_clock.o
    0x0002faa8   0x00000030   Code   RO         5858    i.sdh_request_observer_notify  nrf_sdh.o
    0x0002fad8   0x0000002c   Code   RO         5859    i.sdh_state_observer_notify  nrf_sdh.o
    0x0002fb04   0x00000040   Code   RO         5024    i.serial_tx         nrf_log_backend_uart.o
    0x0002fb44   0x00000088   Code   RO         1280    i.service_data_encode  ble_advdata.o
    0x0002fbcc   0x00000030   Code   RO         1498    i.set_security_req  ble_srv_common.o
    0x0002fbfc   0x00000024   Code   RO         5169    i.severity_lvl_get  nrf_log_frontend.o
    0x0002fc20   0x00000018   Code   RO         1824    i.soc_evt_handler   nrf_drv_clock.o
    0x0002fc38   0x00000058   Code   RO         5861    i.softdevices_evt_irq_enable  nrf_sdh.o
    0x0002fc90   0x000000ac   Code   RO         5170    i.std_n             nrf_log_frontend.o
    0x0002fd3c   0x00000008   Code   RO         3969    i.string_cmp        nrf_cli.o
    0x0002fd44   0x00000060   Code   RO         3970    i.terminal_size_get  nrf_cli.o
    0x0002fda4   0x00000070   Code   RO          681    i.test_begin        main.o
    0x0002fe14   0x000000c4   Code   RO          682    i.test_terminate    main.o
    0x0002fed8   0x00000032   Code   RO         4344    i.timer_handler     nrf_cli_rtt.o
    0x0002ff0a   0x00000002   PAD
    0x0002ff0c   0x0000001c   Code   RO         4413    i.timer_handler     nrf_cli_uart.o
    0x0002ff28   0x00000080   Code   RO         3341    i.timer_list_handler  app_timer.o
    0x0002ffa8   0x0000003c   Code   RO         3342    i.timer_list_insert  app_timer.o
    0x0002ffe4   0x00000060   Code   RO         3343    i.timer_list_remove  app_timer.o
    0x00030044   0x00000048   Code   RO         3344    i.timer_stop_op_schedule  app_timer.o
    0x0003008c   0x00000074   Code   RO         3345    i.timer_timeouts_check  app_timer.o
    0x00030100   0x0000008c   Code   RO         5444    i.timestamp_print   nrf_log_str_formatter.o
    0x0003018c   0x00000048   Code   RO           10    i.tx_buffer_process  amtc.o
    0x000301d4   0x00000020   Code   RO         2771    i.tx_byte           nrfx_uart.o
    0x000301f4   0x0000001a   Code   RO         2772    i.tx_done_event     nrfx_uart.o
    0x0003020e   0x0000006e   Code   RO         4414    i.uart_event_handler  nrf_cli_uart.o
    0x0003027c   0x00000030   Code   RO         1962    i.uart_evt_handler  nrf_drv_uart.o
    0x000302ac   0x0000000c   Code   RO         5025    i.uart_evt_handler  nrf_log_backend_uart.o
    0x000302b8   0x00000050   Code   RO         5026    i.uart_init         nrf_log_backend_uart.o
    0x00030308   0x00000128   Code   RO         2773    i.uart_irq_handler  nrfx_uart.o
    0x00030430   0x00000030   Code   RO         1963    i.uarte_evt_handler  nrf_drv_uart.o
    0x00030460   0x000000f2   Code   RO         2961    i.uarte_irq_handler  nrfx_uarte.o
    0x00030552   0x0000000a   Code   RO         1281    i.uint16_encode     ble_advdata.o
    0x0003055c   0x00000012   Code   RO          229    i.uint32_encode     amts.o
    0x0003056e   0x00000002   PAD
    0x00030570   0x000000b4   Code   RO         4523    i.unsigned_print    nrf_fprintf_format.o
    0x00030624   0x00000024   Code   RO         1654    i.user_mem_reply    nrf_ble_qwr.o
    0x00030648   0x00000030   Code   RO         3346    i.user_op_alloc     app_timer.o
    0x00030678   0x00000030   Code   RO         1282    i.uuid_list_encode  ble_advdata.o
    0x000306a8   0x0000009e   Code   RO         1283    i.uuid_list_sized_encode  ble_advdata.o
    0x00030746   0x00000002   PAD
    0x00030748   0x0000003c   Code   RO         3971    i.vt100_bgcolor_set  nrf_cli.o
    0x00030784   0x00000050   Code   RO         3972    i.vt100_color_set   nrf_cli.o
    0x000307d4   0x00000010   Data   RO           12    .constdata          amtc.o
    0x000307e4   0x00000020   Data   RO          230    .constdata          amts.o
    0x00030804   0x00000010   Data   RO          359    .constdata          counter.o
    0x00030814   0x00000008   Data   RO          498    .constdata          example_cmds.o
    0x0003081c   0x00000040   Data   RO          499    .constdata          example_cmds.o
    0x0003085c   0x00000008   Data   RO          500    .constdata          example_cmds.o
    0x00030864   0x00000030   Data   RO          501    .constdata          example_cmds.o
    0x00030894   0x00000008   Data   RO          502    .constdata          example_cmds.o
    0x0003089c   0x00000040   Data   RO          503    .constdata          example_cmds.o
    0x000308dc   0x00000008   Data   RO          504    .constdata          example_cmds.o
    0x000308e4   0x00000080   Data   RO          505    .constdata          example_cmds.o
    0x00030964   0x00000010   Data   RO          506    .constdata          example_cmds.o
    0x00030974   0x00000010   Data   RO          507    .constdata          example_cmds.o
    0x00030984   0x00000004   Data   RO          701    .constdata          main.o
    0x00030988   0x0000000c   Data   RO          702    .constdata          main.o
    0x00030994   0x0000000c   Data   RO          703    .constdata          main.o
    0x000309a0   0x00000014   Data   RO          704    .constdata          main.o
    0x000309b4   0x00000018   Data   RO          705    .constdata          main.o
    0x000309cc   0x00000004   Data   RO          706    .constdata          main.o
    0x000309d0   0x0000000c   Data   RO          707    .constdata          main.o
    0x000309dc   0x000000b4   Data   RO          708    .constdata          main.o
    0x00030a90   0x00000008   Data   RO         1002    .constdata          boards.o
    0x00030a98   0x0000007c   Data   RO         1393    .constdata          ble_db_discovery.o
    0x00030b14   0x00000016   Data   RO         1562    .constdata          nrf_ble_gatt.o
    0x00030b2a   0x00000002   PAD
    0x00030b2c   0x00000008   Data   RO         2332    .constdata          nrfx_gpiote.o
    0x00030b34   0x00000004   Data   RO         2776    .constdata          nrfx_uart.o
    0x00030b38   0x00000004   Data   RO         2964    .constdata          nrfx_uarte.o
    0x00030b3c   0x00000008   Data   RO         3109    .constdata          app_button.o
    0x00030b44   0x0000000c   PAD
    0x00030b50   0x00000006   Data   RO         3348    .constdata          app_timer.o
    0x00030b56   0x00000002   PAD
    0x00030b58   0x00000008   Data   RO         3853    .constdata          nrf_balloc.o
    0x00030b60   0x00000020   Data   RO         3854    .constdata          nrf_balloc.o
    0x00030b80   0x00000010   Data   RO         3855    .constdata          nrf_balloc.o
    0x00030b90   0x0000000c   Data   RO         3973    .constdata          nrf_cli.o
    0x00030b9c   0x00000008   Data   RO         3974    .constdata          nrf_cli.o
    0x00030ba4   0x00000030   Data   RO         3975    .constdata          nrf_cli.o
    0x00030bd4   0x00000008   Data   RO         3976    .constdata          nrf_cli.o
    0x00030bdc   0x00000030   Data   RO         3977    .constdata          nrf_cli.o
    0x00030c0c   0x00000008   Data   RO         3978    .constdata          nrf_cli.o
    0x00030c14   0x00000030   Data   RO         3979    .constdata          nrf_cli.o
    0x00030c44   0x00000008   Data   RO         3980    .constdata          nrf_cli.o
    0x00030c4c   0x00000040   Data   RO         3981    .constdata          nrf_cli.o
    0x00030c8c   0x00000008   Data   RO         3982    .constdata          nrf_cli.o
    0x00030c94   0x00000020   Data   RO         3983    .constdata          nrf_cli.o
    0x00030cb4   0x00000010   Data   RO         3984    .constdata          nrf_cli.o
    0x00030cc4   0x00000010   Data   RO         3985    .constdata          nrf_cli.o
    0x00030cd4   0x00000010   Data   RO         3986    .constdata          nrf_cli.o
    0x00030ce4   0x00000010   Data   RO         3987    .constdata          nrf_cli.o
    0x00030cf4   0x0000000c   PAD
    0x00030d00   0x00000047   Data   RO         3988    .constdata          nrf_cli.o
    0x00030d47   0x00000001   PAD
    0x00030d48   0x00000014   Data   RO         4345    .constdata          nrf_cli_rtt.o
    0x00030d5c   0x00000004   PAD
    0x00030d60   0x00000006   Data   RO         4346    .constdata          nrf_cli_rtt.o
    0x00030d66   0x00000002   PAD
    0x00030d68   0x00000014   Data   RO         4415    .constdata          nrf_cli_uart.o
    0x00030d7c   0x00000010   Data   RO         4524    .constdata          nrf_fprintf_format.o
    0x00030d8c   0x00000018   Data   RO         4644    .constdata          nrf_pwr_mgmt.o
    0x00030da4   0x0000000c   Data   RO         4645    .constdata          nrf_pwr_mgmt.o
    0x00030db0   0x00000008   Data   RO         4727    .constdata          nrf_queue.o
    0x00030db8   0x00000020   Data   RO         4728    .constdata          nrf_queue.o
    0x00030dd8   0x00000010   Data   RO         4729    .constdata          nrf_queue.o
    0x00030de8   0x0000013c   Data   RO         4934    .constdata          nrf_strerror.o
    0x00030f24   0x0000000c   Data   RO         5028    .constdata          nrf_log_backend_uart.o
    0x00030f30   0x00000020   Data   RO         5029    .constdata          nrf_log_backend_uart.o
    0x00030f50   0x0000001c   Data   RO         5175    .constdata          nrf_log_frontend.o
    0x00030f6c   0x00000008   Data   RO         5176    .constdata          nrf_log_frontend.o
    0x00030f74   0x00000060   Data   RO         5177    .constdata          nrf_log_frontend.o
    0x00030fd4   0x00000008   Data   RO         5178    .constdata          nrf_log_frontend.o
    0x00030fdc   0x00000008   Data   RO         5179    .constdata          nrf_log_frontend.o
    0x00030fe4   0x00000030   Data   RO         5180    .constdata          nrf_log_frontend.o
    0x00031014   0x00000008   Data   RO         5181    .constdata          nrf_log_frontend.o
    0x0003101c   0x00000090   Data   RO         5182    .constdata          nrf_log_frontend.o
    0x000310ac   0x00000010   Data   RO         5183    .constdata          nrf_log_frontend.o
    0x000310bc   0x00000010   Data   RO         5862    .constdata          nrf_sdh.o
    0x000310cc   0x00000028   Data   RO         5863    .constdata          nrf_sdh.o
    0x000310f4   0x00000010   Data   RO         5864    .constdata          nrf_sdh.o
    0x00031104   0x00000010   Data   RO         5865    .constdata          nrf_sdh.o
    0x00031114   0x00000020   Data   RO         5971    .constdata          nrf_sdh_ble.o
    0x00031134   0x00000010   Data   RO         5972    .constdata          nrf_sdh_ble.o
    0x00031144   0x00000010   Data   RO         6020    .constdata          nrf_sdh_soc.o
    0x00031154   0x0000000c   Data   RO         6021    .constdata          nrf_sdh_soc.o
    0x00031160   0x00000081   Data   RO         6105    .constdata          mc_w.l(ctype_o.o)
    0x000311e1   0x00000003   PAD
    0x000311e4   0x00000004   Data   RO         6106    .constdata          mc_w.l(ctype_o.o)
    0x000311e8   0x0000006c   Data   RO          508    .conststring        example_cmds.o
    0x00031254   0x0000005f   Data   RO          509    .conststring        example_cmds.o
    0x000312b3   0x00000001   PAD
    0x000312b4   0x00000063   Data   RO          510    .conststring        example_cmds.o
    0x00031317   0x00000001   PAD
    0x00031318   0x0000011c   Data   RO          511    .conststring        example_cmds.o
    0x00031434   0x0000001f   Data   RO          512    .conststring        example_cmds.o
    0x00031453   0x00000001   PAD
    0x00031454   0x00000011   Data   RO          513    .conststring        example_cmds.o
    0x00031465   0x00000003   PAD
    0x00031468   0x00000079   Data   RO          514    .conststring        example_cmds.o
    0x000314e1   0x00000003   PAD
    0x000314e4   0x000000bf   Data   RO          709    .conststring        main.o
    0x000315a3   0x00000001   PAD
    0x000315a4   0x000000a2   Data   RO         1394    .conststring        ble_db_discovery.o
    0x00031646   0x00000002   PAD
    0x00031648   0x000000a2   Data   RO         1563    .conststring        nrf_ble_gatt.o
    0x000316ea   0x00000002   PAD
    0x000316ec   0x0000002b   Data   RO         3856    .conststring        nrf_balloc.o
    0x00031717   0x00000001   PAD
    0x00031718   0x00000027   Data   RO         3857    .conststring        nrf_balloc.o
    0x0003173f   0x00000001   PAD
    0x00031740   0x0000008e   Data   RO         3858    .conststring        nrf_balloc.o
    0x000317ce   0x00000002   PAD
    0x000317d0   0x00000030   Data   RO         3989    .conststring        nrf_cli.o
    0x00031800   0x0000006d   Data   RO         3990    .conststring        nrf_cli.o
    0x0003186d   0x00000003   PAD
    0x00031870   0x00000065   Data   RO         3991    .conststring        nrf_cli.o
    0x000318d5   0x00000003   PAD
    0x000318d8   0x00000052   Data   RO         3992    .conststring        nrf_cli.o
    0x0003192a   0x00000002   PAD
    0x0003192c   0x0000004c   Data   RO         3993    .conststring        nrf_cli.o
    0x00031978   0x00000016   Data   RO         3994    .conststring        nrf_cli.o
    0x0003198e   0x00000002   PAD
    0x00031990   0x00000028   Data   RO         3995    .conststring        nrf_cli.o
    0x000319b8   0x0000001c   Data   RO         3996    .conststring        nrf_cli.o
    0x000319d4   0x000000a7   Data   RO         3997    .conststring        nrf_cli.o
    0x00031a7b   0x00000001   PAD
    0x00031a7c   0x00000003   Data   RO         3998    .conststring        nrf_cli.o
    0x00031a7f   0x00000001   PAD
    0x00031a80   0x00000021   Data   RO         4730    .conststring        nrf_queue.o
    0x00031aa1   0x00000003   PAD
    0x00031aa4   0x00000006   Data   RO         4731    .conststring        nrf_queue.o
    0x00031aaa   0x00000002   PAD
    0x00031aac   0x0000007c   Data   RO         4732    .conststring        nrf_queue.o
    0x00031b28   0x000003eb   Data   RO         4935    .conststring        nrf_strerror.o
    0x00031f13   0x00000001   PAD
    0x00031f14   0x00000026   Data   RO         5184    .conststring        nrf_log_frontend.o
    0x00031f3a   0x00000002   PAD
    0x00031f3c   0x00000139   Data   RO         5185    .conststring        nrf_log_frontend.o
    0x00032075   0x00000003   PAD
    0x00032078   0x00000076   Data   RO         5186    .conststring        nrf_log_frontend.o
    0x000320ee   0x00000002   PAD
    0x000320f0   0x00000066   Data   RO         5187    .conststring        nrf_log_frontend.o
    0x00032156   0x00000002   PAD
    0x00032158   0x00000024   Data   RO         5188    .conststring        nrf_log_frontend.o
    0x0003217c   0x00000048   Data   RO         5445    .conststring        nrf_log_str_formatter.o
    0x000321c4   0x000001cf   Data   RO         5973    .conststring        nrf_sdh_ble.o
    0x00032393   0x00000001   PAD
    0x00032394   0x00000005   Data   RO           13    .conststrlit        amtc.o
    0x00032399   0x00000003   PAD
    0x0003239c   0x00000005   Data   RO          231    .conststrlit        amts.o
    0x000323a1   0x00000003   PAD
    0x000323a4   0x00000132   Data   RO          710    .conststrlit        main.o
    0x000324d6   0x00000002   PAD
    0x000324d8   0x0000000c   Data   RO         1395    .conststrlit        ble_db_discovery.o
    0x000324e4   0x0000000d   Data   RO         1564    .conststrlit        nrf_ble_gatt.o
    0x000324f1   0x00000003   PAD
    0x000324f4   0x00000009   Data   RO         1708    .conststrlit        nrf_ble_scan.o
    0x000324fd   0x00000003   PAD
    0x00032500   0x00000006   Data   RO         1830    .conststrlit        nrf_drv_clock.o
    0x00032506   0x00000002   PAD
    0x00032508   0x00000006   Data   RO         2169    .conststrlit        nrfx_clock.o
    0x0003250e   0x00000002   PAD
    0x00032510   0x00000007   Data   RO         2336    .conststrlit        nrfx_gpiote.o
    0x00032517   0x00000001   PAD
    0x00032518   0x00000004   Data   RO         2580    .conststrlit        nrfx_prs.o
    0x0003251c   0x00000004   Data   RO         2644    .conststrlit        nrfx_rtc.o
    0x00032520   0x00000005   Data   RO         2779    .conststrlit        nrfx_uart.o
    0x00032525   0x00000003   PAD
    0x00032528   0x00000006   Data   RO         2967    .conststrlit        nrfx_uarte.o
    0x0003252e   0x00000002   PAD
    0x00032530   0x00000009   Data   RO         4416    .conststrlit        nrf_cli_uart.o
    0x00032539   0x00000003   PAD
    0x0003253c   0x00000009   Data   RO         4646    .conststrlit        nrf_pwr_mgmt.o
    0x00032545   0x00000003   PAD
    0x00032548   0x00000011   Data   RO         5088    .conststrlit        nrf_log_default_backends.o
    0x00032559   0x00000003   PAD
    0x0003255c   0x00000024   Data   RO         5189    .conststrlit        nrf_log_frontend.o
    0x00032580   0x00000008   Data   RO         5866    .conststrlit        nrf_sdh.o
    0x00032588   0x0000000c   Data   RO         5974    .conststrlit        nrf_sdh_ble.o
    0x00032594   0x0000000c   Data   RO         6022    .conststrlit        nrf_sdh_soc.o
    0x000325a0   0x00000000   Data   RO         6191    Region$$Table       anon$$obj.o
    0x000325a0   0x00000010   Data   RO          515    cli_command         example_cmds.o
    0x000325b0   0x00000008   Data   RO         3859    cli_command         nrf_balloc.o
    0x000325b8   0x00000020   Data   RO         4000    cli_command         nrf_cli.o
    0x000325d8   0x00000008   Data   RO         4733    cli_command         nrf_queue.o
    0x000325e0   0x00000008   Data   RO         5193    cli_command         nrf_log_frontend.o
    0x000325e8   0x00000020   Data   RO          722    log_backends        main.o
    0x00032608   0x00000010   Data   RO         5090    log_backends        nrf_log_default_backends.o
    0x00032618   0x00000008   Data   RO           15    log_const_data      amtc.o
    0x00032620   0x00000008   Data   RO          232    log_const_data      amts.o
    0x00032628   0x00000020   Data   RO          723    log_const_data      main.o
    0x00032648   0x00000008   Data   RO         1397    log_const_data      ble_db_discovery.o
    0x00032650   0x00000008   Data   RO         1565    log_const_data      nrf_ble_gatt.o
    0x00032658   0x00000008   Data   RO         1711    log_const_data      nrf_ble_scan.o
    0x00032660   0x00000008   Data   RO         1831    log_const_data      nrf_drv_clock.o
    0x00032668   0x00000008   Data   RO         2171    log_const_data      nrfx_clock.o
    0x00032670   0x00000008   Data   RO         2337    log_const_data      nrfx_gpiote.o
    0x00032678   0x00000008   Data   RO         2582    log_const_data      nrfx_prs.o
    0x00032680   0x00000008   Data   RO         2646    log_const_data      nrfx_rtc.o
    0x00032688   0x00000008   Data   RO         2780    log_const_data      nrfx_uart.o
    0x00032690   0x00000008   Data   RO         2968    log_const_data      nrfx_uarte.o
    0x00032698   0x00000008   Data   RO         4417    log_const_data      nrf_cli_uart.o
    0x000326a0   0x00000008   Data   RO         4648    log_const_data      nrf_pwr_mgmt.o
    0x000326a8   0x00000010   Data   RO         5195    log_const_data      nrf_log_frontend.o
    0x000326b8   0x00000008   Data   RO         5868    log_const_data      nrf_sdh.o
    0x000326c0   0x00000008   Data   RO         5976    log_const_data      nrf_sdh_ble.o
    0x000326c8   0x00000008   Data   RO         6023    log_const_data      nrf_sdh_soc.o
    0x000326d0   0x00000038   Data   RO          726    nrf_balloc          main.o
    0x00032708   0x0000001c   Data   RO         5198    nrf_balloc          nrf_log_frontend.o
    0x00032724   0x00000038   Data   RO          727    nrf_queue           main.o
    0x0003275c   0x00000018   Data   RO          728    sdh_ble_observers1  main.o
    0x00032774   0x00000008   Data   RO          729    sdh_ble_observers2  main.o
    0x0003277c   0x00000018   Data   RO          730    sdh_ble_observers3  main.o
    0x00032794   0x00000008   Data   RO         1834    sdh_soc_observers0  nrf_drv_clock.o
    0x0003279c   0x00000008   Data   RO         5979    sdh_stack_observers0  nrf_sdh_ble.o
    0x000327a4   0x00000008   Data   RO         6026    sdh_stack_observers0  nrf_sdh_soc.o
    0x000327ac   0x00000008   Data   RO         1835    sdh_state_observers0  nrf_drv_clock.o


    Execution Region RW_IRAM1 (Base: 0x20003220, Size: 0x00005770, Max: 0x0003cde0, ABSOLUTE)

    Base Addr    Size         Type   Attr      Idx    E Section Name        Object

    0x20003220   0x00000008   Data   RW           14    .data               amtc.o
    0x20003228   0x00000320   Data   RW          711    .data               main.o
    0x20003548   0x00000018   Data   RW          712    .data               main.o
    0x20003560   0x0000000c   Data   RW          713    .data               main.o
    0x2000356c   0x00000008   Data   RW          714    .data               main.o
    0x20003574   0x00000018   Data   RW          715    .data               main.o
    0x2000358c   0x0000000c   Data   RW          716    .data               main.o
    0x20003598   0x00000008   Data   RW          717    .data               main.o
    0x200035a0   0x00000008   Data   RW          718    .data               main.o
    0x200035a8   0x00000008   Data   RW          719    .data               main.o
    0x200035b0   0x00000008   Data   RW          720    .data               main.o
    0x200035b8   0x00000008   Data   RW          721    .data               main.o
    0x200035c0   0x00000010   Data   RW         1396    .data               ble_db_discovery.o
    0x200035d0   0x00000014   Data   RW         1964    .data               nrf_drv_uart.o
    0x200035e4   0x00000008   Data   RW         2170    .data               nrfx_clock.o
    0x200035ec   0x00000008   Data   RW         2581    .data               nrfx_prs.o
    0x200035f4   0x00000008   Data   RW         2645    .data               nrfx_rtc.o
    0x200035fc   0x00000004   PAD
    0x20003600   0x00000020   Data   RW         3110    .data               app_button.o
    0x20003620   0x00000014   Data   RW         3349    .data               app_timer.o
    0x20003634   0x00000004   Data   RW         3999    .data               nrf_cli.o
    0x20003638   0x00000001   Data   RW         4347    .data               nrf_cli_rtt.o
    0x20003639   0x00000003   PAD
    0x2000363c   0x00000008   Data   RW         4647    .data               nrf_pwr_mgmt.o
    0x20003644   0x00000018   Data   RW         5030    .data               nrf_log_backend_uart.o
    0x2000365c   0x00000008   Data   RW         5089    .data               nrf_log_default_backends.o
    0x20003664   0x00000028   Data   RW         5190    .data               nrf_log_frontend.o
    0x2000368c   0x00000008   Data   RW         5191    .data               nrf_log_frontend.o
    0x20003694   0x00000008   Data   RW         5192    .data               nrf_log_frontend.o
    0x2000369c   0x00000040   Data   RW         5446    .data               nrf_log_str_formatter.o
    0x200036dc   0x00000003   Data   RW         5867    .data               nrf_sdh.o
    0x200036df   0x00000001   Data   RW         5975    .data               nrf_sdh_ble.o
    0x200036e0   0x00000004   Data   RW         6061    .data               system_nrf52840.o
    0x200036e4   0x00000004   Data   RW         6180    .data               mc_w.l(errno.o)
    0x200036e8   0x00000008   Data   RW          516    cli_sorted_cmd_ptrs  example_cmds.o
    0x200036f0   0x00000004   Data   RW         3860    cli_sorted_cmd_ptrs  nrf_balloc.o
    0x200036f4   0x00000010   Data   RW         4001    cli_sorted_cmd_ptrs  nrf_cli.o
    0x20003704   0x00000004   Data   RW         4734    cli_sorted_cmd_ptrs  nrf_queue.o
    0x20003708   0x00000004   Data   RW         5194    cli_sorted_cmd_ptrs  nrf_log_frontend.o
    0x2000370c   0x00000004   Data   RW           16    log_dynamic_data    amtc.o
    0x20003710   0x00000004   Data   RW          233    log_dynamic_data    amts.o
    0x20003714   0x00000010   Data   RW          724    log_dynamic_data    main.o
    0x20003724   0x00000004   Data   RW         1398    log_dynamic_data    ble_db_discovery.o
    0x20003728   0x00000004   Data   RW         1566    log_dynamic_data    nrf_ble_gatt.o
    0x2000372c   0x00000004   Data   RW         1712    log_dynamic_data    nrf_ble_scan.o
    0x20003730   0x00000004   Data   RW         1832    log_dynamic_data    nrf_drv_clock.o
    0x20003734   0x00000004   Data   RW         2172    log_dynamic_data    nrfx_clock.o
    0x20003738   0x00000004   Data   RW         2338    log_dynamic_data    nrfx_gpiote.o
    0x2000373c   0x00000004   Data   RW         2583    log_dynamic_data    nrfx_prs.o
    0x20003740   0x00000004   Data   RW         2647    log_dynamic_data    nrfx_rtc.o
    0x20003744   0x00000004   Data   RW         2781    log_dynamic_data    nrfx_uart.o
    0x20003748   0x00000004   Data   RW         2969    log_dynamic_data    nrfx_uarte.o
    0x2000374c   0x00000004   Data   RW         4418    log_dynamic_data    nrf_cli_uart.o
    0x20003750   0x00000004   Data   RW         4649    log_dynamic_data    nrf_pwr_mgmt.o
    0x20003754   0x00000008   Data   RW         5196    log_dynamic_data    nrf_log_frontend.o
    0x2000375c   0x00000004   Data   RW         5869    log_dynamic_data    nrf_sdh.o
    0x20003760   0x00000004   Data   RW         5977    log_dynamic_data    nrf_sdh_ble.o
    0x20003764   0x00000004   Data   RW         6024    log_dynamic_data    nrf_sdh_soc.o
    0x20003768   0x00000004   Data   RW           17    log_filter_data     amtc.o
    0x2000376c   0x00000004   Data   RW          234    log_filter_data     amts.o
    0x20003770   0x00000010   Data   RW          725    log_filter_data     main.o
    0x20003780   0x00000004   Data   RW         1399    log_filter_data     ble_db_discovery.o
    0x20003784   0x00000004   Data   RW         1567    log_filter_data     nrf_ble_gatt.o
    0x20003788   0x00000004   Data   RW         1713    log_filter_data     nrf_ble_scan.o
    0x2000378c   0x00000004   Data   RW         1833    log_filter_data     nrf_drv_clock.o
    0x20003790   0x00000004   Data   RW         2173    log_filter_data     nrfx_clock.o
    0x20003794   0x00000004   Data   RW         2339    log_filter_data     nrfx_gpiote.o
    0x20003798   0x00000004   Data   RW         2584    log_filter_data     nrfx_prs.o
    0x2000379c   0x00000004   Data   RW         2648    log_filter_data     nrfx_rtc.o
    0x200037a0   0x00000004   Data   RW         2782    log_filter_data     nrfx_uart.o
    0x200037a4   0x00000004   Data   RW         2970    log_filter_data     nrfx_uarte.o
    0x200037a8   0x00000004   Data   RW         4419    log_filter_data     nrf_cli_uart.o
    0x200037ac   0x00000004   Data   RW         4650    log_filter_data     nrf_pwr_mgmt.o
    0x200037b0   0x00000008   Data   RW         5197    log_filter_data     nrf_log_frontend.o
    0x200037b8   0x00000004   Data   RW         5870    log_filter_data     nrf_sdh.o
    0x200037bc   0x00000004   Data   RW         5978    log_filter_data     nrf_sdh_ble.o
    0x200037c0   0x00000004   Data   RW         6025    log_filter_data     nrf_sdh_soc.o
    0x200037c4   0x000000a0   Zero   RW           11    .bss                amtc.o
    0x20003864   0x00000020   Zero   RW          683    .bss                main.o
    0x20003884   0x00000020   Zero   RW          684    .bss                main.o
    0x200038a4   0x0000001f   Zero   RW          685    .bss                main.o
    0x200038c3   0x00000001   PAD
    0x200038c4   0x000000c8   Zero   RW          686    .bss                main.o
    0x2000398c   0x00000040   Zero   RW          687    .bss                main.o
    0x200039cc   0x00000018   Zero   RW          688    .bss                main.o
    0x200039e4   0x00000010   Zero   RW          689    .bss                main.o
    0x200039f4   0x00000018   Zero   RW          690    .bss                main.o
    0x20003a0c   0x0000002c   Zero   RW          691    .bss                main.o
    0x20003a38   0x0000000c   Zero   RW          692    .bss                main.o
    0x20003a44   0x0000014c   Zero   RW          693    .bss                main.o
    0x20003b90   0x00000014   Zero   RW          694    .bss                main.o
    0x20003ba4   0x0000000c   Zero   RW          695    .bss                main.o
    0x20003bb0   0x00000180   Zero   RW          696    .bss                main.o
    0x20003d30   0x0000014c   Zero   RW          697    .bss                main.o
    0x20003e7c   0x00000014   Zero   RW          698    .bss                main.o
    0x20003e90   0x0000000c   Zero   RW          699    .bss                main.o
    0x20003e9c   0x00000180   Zero   RW          700    .bss                main.o
    0x2000401c   0x00000318   Zero   RW         1392    .bss                ble_db_discovery.o
    0x20004334   0x00000014   Zero   RW         1825    .bss                nrf_drv_clock.o
    0x20004348   0x0000006c   Zero   RW         2331    .bss                nrfx_gpiote.o
    0x200043b4   0x0000002c   Zero   RW         2774    .bss                nrfx_uart.o
    0x200043e0   0x00000024   Zero   RW         2962    .bss                nrfx_uarte.o
    0x20004404   0x00000020   Zero   RW         3108    .bss                app_button.o
    0x20004424   0x0000010c   Zero   RW         3347    .bss                app_timer.o
    0x20004530   0x0000000c   Zero   RW         3500    .bss                app_util_platform.o
    0x2000453c   0x0000000c   Zero   RW         4643    .bss                nrf_pwr_mgmt.o
    0x20004548   0x00000040   Zero   RW         5027    .bss                nrf_log_backend_uart.o
    0x20004588   0x000000c0   Zero   RW         5171    .bss                nrf_log_frontend.o
    0x20004648   0x00000080   Zero   RW         5172    .bss                nrf_log_frontend.o
    0x200046c8   0x00000018   Zero   RW         5173    .bss                nrf_log_frontend.o
    0x200046e0   0x00002024   Zero   RW         5174    .bss                nrf_log_frontend.o
    0x20006704   0x00000288   Zero   RW         5523    .bss                segger_rtt.o
    0x2000698c   0x00000004   PAD
    0x20006990   0x00002000   Zero   RW         6049    STACK               arm_startup_nrf52840.o

