<html>
<body>
<pre>
<h1>µVision Build Log</h1>
<h2>Tool Versions:</h2>
IDE-Version: ¦ÌVision V5.23.0.0
Copyright (C) 2017 ARM Ltd and ARM Germany GmbH. All rights reserved.
License Information: w w, w, LIC=AK130-BFMN2-34XST-RXUF9-X8RHU-1IF43
 
Tool Versions:
Toolchain:       MDK-ARM Professional  Version: 5.23
Toolchain Path:  C:\Keil_v5\ARM\ARMCC\Bin
C Compiler:      Armcc.exe V5.06 update 4 (build 422)
Assembler:       Armasm.exe V5.06 update 4 (build 422)
Linker/Locator:  ArmLink.exe V5.06 update 4 (build 422)
Library Manager: ArmAr.exe V5.06 update 4 (build 422)
Hex Converter:   FromElf.exe V5.06 update 4 (build 422)
CPU DLL:         
Dialog DLL:      
Target DLL:      Segger\JL2CM3.dll V2.99.23.0
Dialog DLL:      TCM.DLL V1.27.0.0
 
<h2>Project:</h2>
H:\git\nrf5-sdk-15.3.0\examples\peripheral\spi_master_using_nrf_spi_mngr\pca10056\blank\arm5_no_packs\spi_master_using_nrf_spi_mngr_pca10056.uvprojx
Project File Date:  02/15/2019

<h2>Output:</h2>
*** Using Compiler 'V5.06 update 4 (build 422)', folder: 'C:\Keil_v5\ARM\ARMCC\Bin'
Build target 'nrf52840_xxaa'
compiling st7565LCD.c...
compiling main.c...
compiling boards.c...
compiling bsp.c...
compiling nrf_drv_spi.c...
compiling nrf_drv_clock.c...
compiling nrf_drv_uart.c...
compiling nrf_nvic.c...
compiling nrf_soc.c...
compiling nrfx_atomic.c...
compiling nrfx_clock.c...
compiling nrfx_gpiote.c...
compiling nrfx_prs.c...
compiling nrfx_spi.c...
compiling nrfx_spim.c...
compiling orkney24pts.c...
compiling nrfx_uart.c...
compiling orkney8pts.c...
compiling nrfx_uarte.c...
compiling app_button.c...
compiling app_error.c...
compiling app_error_handler_keil.c...
compiling app_error_weak.c...
compiling app_scheduler.c...
compiling app_timer.c...
compiling nrf_assert.c...
compiling app_util_platform.c...
compiling nrf_atomic.c...
compiling nrf_fprintf.c...
compiling nrf_balloc.c...
compiling nrf_fprintf_format.c...
compiling nrf_gfx.c...
compiling nrf_memobj.c...
compiling nrf_pwr_mgmt.c...
compiling nrf_queue.c...
compiling nrf_ringbuf.c...
compiling nrf_section_iter.c...
compiling nrf_spi_mngr.c...
compiling nrf_strerror.c...
compiling nrf_log_backend_rtt.c...
compiling nrf_log_backend_serial.c...
compiling nrf_log_backend_uart.c...
compiling nrf_log_default_backends.c...
compiling nrf_log_frontend.c...
compiling nrf_log_str_formatter.c...
compiling SEGGER_RTT.c...
compiling SEGGER_RTT_Syscalls_KEIL.c...
assembling arm_startup_nrf52840.s...
compiling SEGGER_RTT_printf.c...
compiling system_nrf52840.c...
linking...
Program Size: Code=18456 RO-data=3736 RW-data=412 ZI-data=11012  
FromELF: creating hex file...
".\_build\nrf52840_xxaa.axf" - 0 Error(s), 0 Warning(s).

<h2>Software Packages used:</h2>

Package Vendor: ARM
                http://www.keil.com/pack/ARM.CMSIS.4.5.0.pack
                ARM::CMSIS:CORE:4.3.0
                CMSIS (Cortex Microcontroller Software Interface Standard)
   * Component: CORE Version: 4.3.0

Package Vendor: NordicSemiconductor
                http://developer.nordicsemi.com/nRF5_SDK/pieces/nRF_DeviceFamilyPack/NordicSemiconductor.nRF_DeviceFamilyPack.8.24.1.pack
                NordicSemiconductor::Device:Startup:8.24.1
                Nordic Semiconductor nRF ARM devices Device Family Pack.
   * Component: Startup Version: 8.24.1

<h2>Collection of Component include folders:</h2>
  .\RTE\_nrf52840_xxaa
  C:\Keil_v5\ARM\PACK\ARM\CMSIS\4.5.0\CMSIS\Include
  C:\Keil_v5\ARM\PACK\NordicSemiconductor\nRF_DeviceFamilyPack\8.24.1\Device\Include

<h2>Collection of Component Files used:</h2>

   * Component: ARM::CMSIS:CORE:4.3.0

   * Component: NordicSemiconductor::Device:Startup:8.24.1
      Source file:   Device\Source\arm\arm_startup_nrf52840.s
      Source file:   Device\Source\system_nrf52840.c
      Include file:  Device\Include\system_nrf52840.h
Build Time Elapsed:  00:03:07
</pre>
</body>
</html>
