Component: ARM Compiler 5.06 update 4 (build 422) Tool: armlink [4d35d2]

==============================================================================

Section Cross References

    main.o(i.bsp_event_handler) refers to nrf_gfx.o(i.nrf_gfx_invert) for nrf_gfx_invert
    main.o(i.bsp_event_handler) refers to main.o(.constdata) for .constdata
    main.o(i.happy_face_draw) refers to nrf_gfx.o(i.nrf_gfx_line_draw) for nrf_gfx_line_draw
    main.o(i.happy_face_draw) refers to app_error.o(i.app_error_handler_bare) for app_error_handler_bare
    main.o(i.happy_face_draw) refers to nrf_gfx.o(i.nrf_gfx_circle_draw) for nrf_gfx_circle_draw
    main.o(i.happy_face_draw) refers to nrf_gfx.o(i.nrf_gfx_rect_draw) for nrf_gfx_rect_draw
    main.o(i.happy_face_draw) refers to main.o(.constdata) for .constdata
    main.o(i.main) refers to nrf_log_frontend.o(i.nrf_log_init) for nrf_log_init
    main.o(i.main) refers to app_error.o(i.app_error_handler_bare) for app_error_handler_bare
    main.o(i.main) refers to nrf_log_default_backends.o(i.nrf_log_default_backends_init) for nrf_log_default_backends_init
    main.o(i.main) refers to nrf_drv_clock.o(i.nrf_drv_clock_init) for nrf_drv_clock_init
    main.o(i.main) refers to nrf_drv_clock.o(i.nrf_drv_clock_lfclk_request) for nrf_drv_clock_lfclk_request
    main.o(i.main) refers to app_timer.o(i.app_timer_init) for app_timer_init
    main.o(i.main) refers to app_timer.o(i.app_timer_create) for app_timer_create
    main.o(i.main) refers to app_timer.o(i.app_timer_start) for app_timer_start
    main.o(i.main) refers to nrf_pwr_mgmt.o(i.nrf_pwr_mgmt_init) for nrf_pwr_mgmt_init
    main.o(i.main) refers to bsp.o(i.bsp_init) for bsp_init
    main.o(i.main) refers to nrf_gfx.o(i.nrf_gfx_init) for nrf_gfx_init
    main.o(i.main) refers to nrf_log_frontend.o(i.nrf_log_frontend_std_0) for nrf_log_frontend_std_0
    main.o(i.main) refers to nrf_gfx.o(i.nrf_gfx_print) for nrf_gfx_print
    main.o(i.main) refers to nrf_pwr_mgmt.o(i.nrf_pwr_mgmt_run) for nrf_pwr_mgmt_run
    main.o(i.main) refers to nrf_log_frontend.o(i.nrf_log_frontend_dequeue) for nrf_log_frontend_dequeue
    main.o(i.main) refers to main.o(i.timer_handler) for timer_handler
    main.o(i.main) refers to main.o(.constdata) for .constdata
    main.o(i.main) refers to main.o(i.bsp_event_handler) for bsp_event_handler
    main.o(i.main) refers to nrf_log_frontend.o(log_const_data) for m_nrf_log_app_logs_data_const
    main.o(i.main) refers to orkney8pts.o(.constdata) for orkney_8ptFontInfo
    main.o(i.timer_handler) refers to main.o(i.happy_face_draw) for happy_face_draw
    main.o(i.timer_handler) refers to app_error.o(i.app_error_handler_bare) for app_error_handler_bare
    main.o(i.timer_handler) refers to nrf_gfx.o(i.nrf_gfx_display) for nrf_gfx_display
    main.o(i.timer_handler) refers to main.o(.data) for .data
    main.o(i.timer_handler) refers to main.o(.constdata) for .constdata
    main.o(.constdata) refers to main.o(.bss) for m_timer_data
    main.o(.constdata) refers to st7565lcd.o(i.st7565_init) for st7565_init
    main.o(.constdata) refers to st7565lcd.o(i.st7565_uninit) for st7565_uninit
    main.o(.constdata) refers to st7565lcd.o(i.st7565_pixel_draw) for st7565_pixel_draw
    main.o(.constdata) refers to st7565lcd.o(i.st7565_rect_draw) for st7565_rect_draw
    main.o(.constdata) refers to st7565lcd.o(i.st7565_display_screen) for st7565_display_screen
    main.o(.constdata) refers to main.o(i.dummy_lcd_rotation_set) for dummy_lcd_rotation_set
    main.o(.constdata) refers to st7565lcd.o(i.st7565_display_invert) for st7565_display_invert
    main.o(.constdata) refers to main.o(.data) for m_lcd_cb
    st7565lcd.o(i.nrf_delay_ms) refers to st7565lcd.o(.constdata) for .constdata
    st7565lcd.o(i.nrf_gpio_pin_clear) refers to st7565lcd.o(i.nrf_gpio_pin_port_decode) for nrf_gpio_pin_port_decode
    st7565lcd.o(i.nrf_gpio_pin_dir_set) refers to st7565lcd.o(i.nrf_gpio_pin_port_decode) for nrf_gpio_pin_port_decode
    st7565lcd.o(i.nrf_gpio_pin_set) refers to st7565lcd.o(i.nrf_gpio_pin_port_decode) for nrf_gpio_pin_port_decode
    st7565lcd.o(i.st7565_clear_display) refers to memseta.o(.text) for __aeabi_memclr
    st7565lcd.o(i.st7565_clear_display) refers to st7565lcd.o(i.st7565_display_screen) for st7565_display_screen
    st7565lcd.o(i.st7565_clear_display) refers to st7565lcd.o(.bss) for .bss
    st7565lcd.o(i.st7565_display_invert) refers to nrf_spi_mngr.o(i.nrf_spi_mngr_schedule) for nrf_spi_mngr_schedule
    st7565lcd.o(i.st7565_display_invert) refers to app_error.o(i.app_error_handler_bare) for app_error_handler_bare
    st7565lcd.o(i.st7565_display_invert) refers to st7565lcd.o(.constdata) for .constdata
    st7565lcd.o(i.st7565_display_screen) refers to nrf_spi_mngr.o(i.nrf_spi_mngr_schedule) for nrf_spi_mngr_schedule
    st7565lcd.o(i.st7565_display_screen) refers to app_error.o(i.app_error_handler_bare) for app_error_handler_bare
[...]
    i.st7565_display_screen                  0x00003fe4   Section        0  st7565lcd.o(i.st7565_display_screen)
    i.st7565_init                            0x00004028   Section        0  st7565lcd.o(i.st7565_init)
    i.st7565_pixel_draw                      0x000040a4   Section        0  st7565lcd.o(i.st7565_pixel_draw)
    i.st7565_rect_draw                       0x000040e8   Section        0  st7565lcd.o(i.st7565_rect_draw)
    i.st7565_set_command_cb                  0x00004128   Section        0  st7565lcd.o(i.st7565_set_command_cb)
    st7565_set_command_cb                    0x00004129   Thumb Code     6  st7565lcd.o(i.st7565_set_command_cb)
    i.st7565_set_data_cb                     0x0000412e   Section        0  st7565lcd.o(i.st7565_set_data_cb)
    st7565_set_data_cb                       0x0000412f   Thumb Code     6  st7565lcd.o(i.st7565_set_data_cb)
    i.st7565_uninit                          0x00004134   Section        0  st7565lcd.o(i.st7565_uninit)
    i.start_pending_transaction              0x00004140   Section        0  nrf_spi_mngr.o(i.start_pending_transaction)
    start_pending_transaction                0x00004141   Thumb Code   148  nrf_spi_mngr.o(i.start_pending_transaction)
    i.start_transfer                         0x000041d8   Section        0  nrf_spi_mngr.o(i.start_transfer)
    start_transfer                           0x000041d9   Thumb Code    44  nrf_spi_mngr.o(i.start_transfer)
    i.std_n                                  0x00004204   Section        0  nrf_log_frontend.o(i.std_n)
    std_n                                    0x00004205   Thumb Code   136  nrf_log_frontend.o(i.std_n)
    i.timer_handler                          0x00004290   Section        0  main.o(i.timer_handler)
    timer_handler                            0x00004291   Thumb Code   140  main.o(i.timer_handler)
    i.timer_list_handler                     0x00004324   Section        0  app_timer.o(i.timer_list_handler)
    timer_list_handler                       0x00004325   Thumb Code   122  app_timer.o(i.timer_list_handler)
    i.timer_list_insert                      0x000043a4   Section        0  app_timer.o(i.timer_list_insert)
    timer_list_insert                        0x000043a5   Thumb Code    56  app_timer.o(i.timer_list_insert)
    i.timer_list_remove                      0x000043e0   Section        0  app_timer.o(i.timer_list_remove)
    timer_list_remove                        0x000043e1   Thumb Code    88  app_timer.o(i.timer_list_remove)
    i.timer_stop_op_schedule                 0x00004440   Section        0  app_timer.o(i.timer_stop_op_schedule)
    timer_stop_op_schedule                   0x00004441   Thumb Code    60  app_timer.o(i.timer_stop_op_schedule)
    i.timer_timeouts_check                   0x00004480   Section        0  app_timer.o(i.timer_timeouts_check)
    timer_timeouts_check                     0x00004481   Thumb Code   106  app_timer.o(i.timer_timeouts_check)
    i.transaction_end_signal                 0x000044f4   Section        0  nrf_spi_mngr.o(i.transaction_end_signal)
    transaction_end_signal                   0x000044f5   Thumb Code    20  nrf_spi_mngr.o(i.transaction_end_signal)
    i.transfer_byte                          0x00004508   Section        0  nrfx_spi.o(i.transfer_byte)
    transfer_byte                            0x00004509   Thumb Code   100  nrfx_spi.o(i.transfer_byte)
    i.tx_byte                                0x0000456c   Section        0  nrfx_uart.o(i.tx_byte)
    tx_byte                                  0x0000456d   Thumb Code    32  nrfx_uart.o(i.tx_byte)
    i.tx_done_event                          0x0000458c   Section        0  nrfx_uart.o(i.tx_done_event)
    tx_done_event                            0x0000458d   Thumb Code    26  nrfx_uart.o(i.tx_done_event)
    i.uart_evt_handler                       0x000045a8   Section        0  nrf_drv_uart.o(i.uart_evt_handler)
    uart_evt_handler                         0x000045a9   Thumb Code    42  nrf_drv_uart.o(i.uart_evt_handler)
    i.uart_evt_handler                       0x000045d8   Section        0  nrf_log_backend_uart.o(i.uart_evt_handler)
    uart_evt_handler                         0x000045d9   Thumb Code     8  nrf_log_backend_uart.o(i.uart_evt_handler)
    i.uart_init                              0x000045e4   Section        0  nrf_log_backend_uart.o(i.uart_init)
    uart_init                                0x000045e5   Thumb Code    66  nrf_log_backend_uart.o(i.uart_init)
    i.uart_irq_handler                       0x00004634   Section        0  nrfx_uart.o(i.uart_irq_handler)
    uart_irq_handler                         0x00004635   Thumb Code   296  nrfx_uart.o(i.uart_irq_handler)
    i.uarte_evt_handler                      0x0000475c   Section        0  nrf_drv_uart.o(i.uarte_evt_handler)
    uarte_evt_handler                        0x0000475d   Thumb Code    42  nrf_drv_uart.o(i.uarte_evt_handler)
    i.uarte_irq_handler                      0x0000478c   Section        0  nrfx_uarte.o(i.uarte_irq_handler)
    uarte_irq_handler                        0x0000478d   Thumb Code   242  nrfx_uarte.o(i.uarte_irq_handler)
    i.unsigned_print                         0x00004880   Section        0  nrf_fprintf_format.o(i.unsigned_print)
    unsigned_print                           0x00004881   Thumb Code   176  nrf_fprintf_format.o(i.unsigned_print)
    i.user_op_alloc                          0x00004934   Section        0  app_timer.o(i.user_op_alloc)
    user_op_alloc                            0x00004935   Thumb Code    42  app_timer.o(i.user_op_alloc)
    i.write_character                        0x00004964   Section        0  nrf_gfx.o(i.write_character)
    write_character                          0x00004965   Thumb Code   178  nrf_gfx.o(i.write_character)
    .constdata                               0x00004a18   Section      110  main.o(.constdata)
    m_timer                                  0x00004a18   Data           4  main.o(.constdata)
    m_nrf_lcd                                0x00004a38   Data          32  main.o(.constdata)
    .constdata                               0x00004a90   Section      312  st7565lcd.o(.constdata)
    delay_machine_code                       0x00004a90   Data           6  st7565lcd.o(.constdata)
    m_column_lookup                          0x00004a96   Data           8  st7565lcd.o(.constdata)
    m_nrf_spi_mngr                           0x00004aa0   Data          24  st7565lcd.o(.constdata)
    transaction_cmd                          0x00004ab8   Data          96  st7565lcd.o(.constdata)
    transaction_data                         0x00004b18   Data          96  st7565lcd.o(.constdata)
    transaction_cmd                          0x00004b98   Data          48  st7565lcd.o(.constdata)
    .constdata                               0x00004bc8   Section       32  st7565lcd.o(.constdata)
    transfer_cmd                             0x00004bc8   Data          32  st7565lcd.o(.constdata)
    .constdata                               0x00004be8   Section        8  boards.o(.constdata)
    m_board_led_list                         0x00004be8   Data           4  boards.o(.constdata)
    m_board_btn_list                         0x00004bec   Data           4  boards.o(.constdata)
    .constdata                               0x00004bf0   Section       44  bsp.o(.constdata)
    m_bsp_leds_tmr                           0x00004bf0   Data           4  bsp.o(.constdata)
    m_bsp_alert_tmr                          0x00004bf4   Data           4  bsp.o(.constdata)
    m_bsp_button_tmr                         0x00004bf8   Data           4  bsp.o(.constdata)
    app_buttons                              0x00004bfc   Data          32  bsp.o(.constdata)
    .constdata                               0x00004c1c   Section        8  nrfx_gpiote.o(.constdata)
    .constdata                               0x00004c24   Section        4  nrfx_spi.o(.constdata)
    irq_handlers                             0x00004c24   Data           4  nrfx_spi.o(.constdata)
    .constdata                               0x00004c28   Section        4  nrfx_uart.o(.constdata)
    irq_handlers                             0x00004c28   Data           4  nrfx_uart.o(.constdata)
    .constdata                               0x00004c2c   Section        4  nrfx_uarte.o(.constdata)
    irq_handlers                             0x00004c2c   Data           4  nrfx_uarte.o(.constdata)
    .constdata                               0x00004c30   Section     1648  orkney8pts.o(.constdata)
    .constdata                               0x000052a0   Section      376  orkney8pts.o(.constdata)
    .constdata                               0x00005418   Section       12  orkney8pts.o(.constdata)
    .constdata                               0x00005424   Section        8  app_button.o(.constdata)
    m_detection_delay_timer_id               0x00005428   Data           4  app_button.o(.constdata)
    .constdata                               0x00005430   Section        6  app_timer.o(.constdata)
    delay_machine_code                       0x00005430   Data           6  app_timer.o(.constdata)
    .constdata                               0x00005436   Section       16  nrf_fprintf_format.o(.constdata)
    _aV2C                                    0x00005436   Data          16  nrf_fprintf_format.o(.constdata)
    .constdata                               0x00005448   Section       24  nrf_pwr_mgmt.o(.constdata)
    pwr_mgmt_data_array                      0x00005448   Data          24  nrf_pwr_mgmt.o(.constdata)
    .constdata                               0x00005460   Section       12  nrf_pwr_mgmt.o(.constdata)
    pwr_mgmt_data                            0x00005460   Data          12  nrf_pwr_mgmt.o(.constdata)
    .constdata                               0x0000546c   Section       28  nrf_spi_mngr.o(.constdata)
    .constdata                               0x00005488   Section       12  nrf_log_backend_uart.o(.constdata)
    .constdata                               0x00005494   Section       32  nrf_log_backend_uart.o(.constdata)
    .constdata                               0x000054b4   Section       12  nrf_log_frontend.o(.constdata)
    m_log_push_ringbuf                       0x000054b4   Data          12  nrf_log_frontend.o(.constdata)
    .constdata                               0x000054c0   Section      129  ctype_o.o(.constdata)
    .constdata                               0x00005544   Section        4  ctype_o.o(.constdata)
    table                                    0x00005544   Data           4  ctype_o.o(.constdata)
    .conststring                             0x00005548   Section      102  nrf_log_str_formatter.o(.conststring)
    .conststrlit                             0x000055b0   Section        6  nrf_drv_clock.o(.conststrlit)
    .conststrlit                             0x000055b8   Section        6  nrfx_clock.o(.conststrlit)
    .conststrlit                             0x000055c0   Section        7  nrfx_gpiote.o(.conststrlit)
    .conststrlit                             0x000055c8   Section        4  nrfx_prs.o(.conststrlit)
    .conststrlit                             0x000055cc   Section        4  nrfx_spi.o(.conststrlit)
    .conststrlit                             0x000055d0   Section        5  nrfx_uart.o(.conststrlit)
    .conststrlit                             0x000055d8   Section        6  nrfx_uarte.o(.conststrlit)
    .conststrlit                             0x000055e0   Section        4  nrf_gfx.o(.conststrlit)
    .conststrlit                             0x000055e4   Section        9  nrf_pwr_mgmt.o(.conststrlit)
    .conststrlit                             0x000055f0   Section       17  nrf_log_default_backends.o(.conststrlit)
    .conststrlit                             0x00005604   Section        4  nrf_log_frontend.o(.conststrlit)
    log_backends                             0x00005628   Section       16  nrf_log_default_backends.o(log_backends)
    __tagsym$$used                           0x00005628   Number         0  nrf_log_default_backends.o(log_backends)
    uart_log_backend                         0x00005628   Data          16  nrf_log_default_backends.o(log_backends)
    log_const_data                           0x00005638   Section        8  nrf_drv_clock.o(log_const_data)
    __tagsym$$used                           0x00005638   Number         0  nrf_drv_clock.o(log_const_data)
    log_const_data                           0x00005640   Section        8  nrfx_clock.o(log_const_data)
    __tagsym$$used                           0x00005640   Number         0  nrfx_clock.o(log_const_data)
    log_const_data                           0x00005648   Section        8  nrfx_gpiote.o(log_const_data)
    __tagsym$$used                           0x00005648   Number         0  nrfx_gpiote.o(log_const_data)
    log_const_data                           0x00005650   Section        8  nrfx_prs.o(log_const_data)
    __tagsym$$used                           0x00005650   Number         0  nrfx_prs.o(log_const_data)
    log_const_data                           0x00005658   Section        8  nrfx_spi.o(log_const_data)
    __tagsym$$used                           0x00005658   Number         0  nrfx_spi.o(log_const_data)
    log_const_data                           0x00005660   Section        8  nrfx_uart.o(log_const_data)
    __tagsym$$used                           0x00005660   Number         0  nrfx_uart.o(log_const_data)
    log_const_data                           0x00005668   Section        8  nrfx_uarte.o(log_const_data)
    __tagsym$$used                           0x00005668   Number         0  nrfx_uarte.o(log_const_data)
    log_const_data                           0x00005670   Section        8  nrf_gfx.o(log_const_data)
    __tagsym$$used                           0x00005670   Number         0  nrf_gfx.o(log_const_data)
    log_const_data                           0x00005678   Section        8  nrf_pwr_mgmt.o(log_const_data)
    __tagsym$$used                           0x00005678   Number         0  nrf_pwr_mgmt.o(log_const_data)
    log_const_data                           0x00005680   Section        8  nrf_log_frontend.o(log_const_data)
    __tagsym$$used                           0x00005680   Number         0  nrf_log_frontend.o(log_const_data)
    nrf_balloc                               0x00005688   Section       20  nrf_log_frontend.o(nrf_balloc)
    __tagsym$$used                           0x00005688   Number         0  nrf_log_frontend.o(nrf_balloc)
    nrf_queue                                0x0000569c   Section       20  st7565lcd.o(nrf_queue)
    __tagsym$$used                           0x0000569c   Number         0  st7565lcd.o(nrf_queue)
    .data                                    0x20000000   Section        8  main.o(.data)
    m_lcd_cb                                 0x20000000   Data           8  main.o(.data)
    .data                                    0x20000008   Section        1  main.o(.data)
    modifier                                 0x20000008   Data           1  main.o(.data)
    .data                                    0x20000009   Section       20  st7565lcd.o(.data)
    m_command_buffer                         0x20000009   Data          20  st7565lcd.o(.data)
    .data                                    0x2000001d   Section       12  st7565lcd.o(.data)
    m_initialization                         0x2000001d   Data          12  st7565lcd.o(.data)
    .data                                    0x2000002c   Section       64  st7565lcd.o(.data)
    transfer_cmd                             0x2000002c   Data          64  st7565lcd.o(.data)
    .data                                    0x2000006c   Section       64  st7565lcd.o(.data)
    transfer_data                            0x2000006c   Data          64  st7565lcd.o(.data)
    .data                                    0x200000ac   Section        2  st7565lcd.o(.data)
    command                                  0x200000ac   Data           2  st7565lcd.o(.data)
    .data                                    0x200000b0   Section       16  bsp.o(.data)
    m_stable_state                           0x200000b0   Data           1  bsp.o(.data)
    m_leds_clear                             0x200000b1   Data           1  bsp.o(.data)
    m_alert_on                               0x200000b2   Data           1  bsp.o(.data)
    current_long_push_pin_no                 0x200000b3   Data           1  bsp.o(.data)
    m_indication_type                        0x200000b4   Data           4  bsp.o(.data)
    m_registered_callback                    0x200000b8   Data           4  bsp.o(.data)
    release_event_at_push                    0x200000bc   Data           4  bsp.o(.data)
    .data                                    0x200000c0   Section       20  nrf_drv_uart.o(.data)
    m_handlers                               0x200000c4   Data           8  nrf_drv_uart.o(.data)
    m_contexts                               0x200000cc   Data           8  nrf_drv_uart.o(.data)
    .data                                    0x200000d4   Section        8  nrfx_clock.o(.data)
    m_clock_cb                               0x200000d4   Data           8  nrfx_clock.o(.data)
    .data                                    0x200000dc   Section        8  nrfx_prs.o(.data)
    m_prs_box_4                              0x200000dc   Data           8  nrfx_prs.o(.data)
    .data                                    0x200000e8   Section       32  app_button.o(.data)
    m_button_count                           0x200000e8   Data           1  app_button.o(.data)
    mp_buttons                               0x200000ec   Data           4  app_button.o(.data)
    m_detection_delay                        0x200000f0   Data           4  app_button.o(.data)
    m_pin_state                              0x200000f8   Data           8  app_button.o(.data)
    m_pin_transition                         0x20000100   Data           8  app_button.o(.data)
    .data                                    0x20000108   Section       20  app_timer.o(.data)
    m_ticks_elapsed_q_read_ind               0x20000108   Data           1  app_timer.o(.data)
    m_ticks_elapsed_q_write_ind              0x20000109   Data           1  app_timer.o(.data)
    m_rtc1_running                           0x2000010a   Data           1  app_timer.o(.data)
    m_rtc1_reset                             0x2000010b   Data           1  app_timer.o(.data)
    mp_timer_id_head                         0x2000010c   Data           4  app_timer.o(.data)
    m_ticks_latest                           0x20000110   Data           4  app_timer.o(.data)
    m_ticks_elapsed                          0x20000114   Data           8  app_timer.o(.data)
    .data                                    0x2000011c   Section        4  app_util_platform.o(.data)
    m_in_critical_region                     0x2000011c   Data           4  app_util_platform.o(.data)
    .data                                    0x20000120   Section        8  nrf_pwr_mgmt.o(.data)
    m_pwr_mgmt_evt                           0x20000120   Data           1  nrf_pwr_mgmt.o(.data)
    m_shutdown_started                       0x20000121   Data           1  nrf_pwr_mgmt.o(.data)
    m_sysoff_mtx                             0x20000124   Data           4  nrf_pwr_mgmt.o(.data)
    .data                                    0x20000128   Section       24  nrf_log_backend_uart.o(.data)
    m_xfer_done                              0x20000128   Data           1  nrf_log_backend_uart.o(.data)
    m_async_mode                             0x20000129   Data           1  nrf_log_backend_uart.o(.data)
    .data                                    0x20000140   Section        8  nrf_log_default_backends.o(.data)
    log_backend_cb_uart_log_backend          0x20000140   Data           8  nrf_log_default_backends.o(.data)
    .data                                    0x20000148   Section        8  nrf_log_frontend.o(.data)
    log_mempool_nrf_balloc_pool_stack        0x20000148   Data           8  nrf_log_frontend.o(.data)
    .data                                    0x20000150   Section        8  nrf_log_frontend.o(.data)
    log_mempool_nrf_balloc_cb                0x20000150   Data           8  nrf_log_frontend.o(.data)
    .data                                    0x20000158   Section       64  nrf_log_str_formatter.o(.data)
    m_freq                                   0x20000158   Data           4  nrf_log_str_formatter.o(.data)
    m_timestamp_div                          0x2000015c   Data           4  nrf_log_str_formatter.o(.data)
    severity_names                           0x20000160   Data          20  nrf_log_str_formatter.o(.data)
    m_colors                                 0x20000174   Data          36  nrf_log_str_formatter.o(.data)
    .data                                    0x20000198   Section        4  system_nrf52840.o(.data)
    __tagsym$$used                           0x20000198   Number         0  system_nrf52840.o(.data)
    .bss                                     0x2000019c   Section       32  main.o(.bss)
    m_timer_data                             0x2000019c   Data          32  main.o(.bss)
    .bss                                     0x200001bc   Section       64  st7565lcd.o(.bss)
    m_nrf_spi_mngr_queue_nrf_queue_buffer    0x200001bc   Data          64  st7565lcd.o(.bss)
    .bss                                     0x200001fc   Section       12  st7565lcd.o(.bss)
    m_nrf_spi_mngr_queue_nrf_queue_cb        0x200001fc   Data          12  st7565lcd.o(.bss)
    .bss                                     0x20000208   Section       28  st7565lcd.o(.bss)
    m_nrf_spi_mngr_cb                        0x20000208   Data          28  st7565lcd.o(.bss)
    .bss                                     0x20000224   Section      512  st7565lcd.o(.bss)
    m_display_buffer                         0x20000224   Data         512  st7565lcd.o(.bss)
    .bss                                     0x20000424   Section       32  bsp.o(.bss)
    m_bsp_leds_tmr_data                      0x20000424   Data          32  bsp.o(.bss)
    .bss                                     0x20000444   Section       32  bsp.o(.bss)
    m_bsp_alert_tmr_data                     0x20000444   Data          32  bsp.o(.bss)
    .bss                                     0x20000464   Section       12  bsp.o(.bss)
    m_events_list                            0x20000464   Data          12  bsp.o(.bss)
    .bss                                     0x20000470   Section       32  bsp.o(.bss)
    m_bsp_button_tmr_data                    0x20000470   Data          32  bsp.o(.bss)
    .bss                                     0x20000490   Section       20  nrf_drv_clock.o(.bss)
    m_clock_cb                               0x20000490   Data          20  nrf_drv_clock.o(.bss)
    .bss                                     0x200004a4   Section       32  nrf_drv_spi.o(.bss)
    m_handlers                               0x200004a4   Data          16  nrf_drv_spi.o(.bss)
    m_contexts                               0x200004b4   Data          16  nrf_drv_spi.o(.bss)
    .bss                                     0x200004c4   Section      108  nrfx_gpiote.o(.bss)
    m_cb                                     0x200004c4   Data         108  nrfx_gpiote.o(.bss)
    .bss                                     0x20000530   Section       44  nrfx_spi.o(.bss)
    m_cb                                     0x20000530   Data          44  nrfx_spi.o(.bss)
    .bss                                     0x2000055c   Section       44  nrfx_uart.o(.bss)
    m_cb                                     0x2000055c   Data          44  nrfx_uart.o(.bss)
    .bss                                     0x20000588   Section       36  nrfx_uarte.o(.bss)
    m_cb                                     0x20000588   Data          36  nrfx_uarte.o(.bss)
    .bss                                     0x200005ac   Section       32  app_button.o(.bss)
    m_detection_delay_timer_id_data          0x200005ac   Data          32  app_button.o(.bss)
    .bss                                     0x200005cc   Section      268  app_timer.o(.bss)
    m_op_queue                               0x200005cc   Data         268  app_timer.o(.bss)
    .bss                                     0x200006d8   Section       12  nrf_pwr_mgmt.o(.bss)
    m_handlers_iter                          0x200006d8   Data          12  nrf_pwr_mgmt.o(.bss)
    .bss                                     0x200006e4   Section       64  nrf_log_backend_uart.o(.bss)
    m_string_buff                            0x200006e4   Data          64  nrf_log_backend_uart.o(.bss)
    .bss                                     0x20000724   Section      192  nrf_log_frontend.o(.bss)
    log_mempool_nrf_balloc_pool_mem          0x20000724   Data         192  nrf_log_frontend.o(.bss)
    .bss                                     0x200007e4   Section      128  nrf_log_frontend.o(.bss)
    m_log_push_ringbuf_buf                   0x200007e4   Data         128  nrf_log_frontend.o(.bss)
    .bss                                     0x20000864   Section       24  nrf_log_frontend.o(.bss)
    m_log_push_ringbuf_cb                    0x20000864   Data          24  nrf_log_frontend.o(.bss)
    .bss                                     0x2000087c   Section     1060  nrf_log_frontend.o(.bss)
    m_log_data                               0x2000087c   Data        1060  nrf_log_frontend.o(.bss)
    STACK                                    0x20000ca0   Section     8192  arm_startup_nrf52840.o(STACK)

    Global Symbols

    Symbol Name                              Value     Ov Type        Size  Object(Section)

    BuildAttributes$$THM_ISAv4$E$P$D$K$B$S$7EM$VFPi3$EXTD16$VFPS$VFMA$PE$A:L22UL41UL21$X:L11$S22US41US21$IEEE1$IW$USESV6$~STKCKD$USESV7$~SHL$OSPACE$EBA8$MICROLIB$REQ8$EABIv2 0x00000000   Number         0  anon$$obj.o ABSOLUTE
    __ARM_use_no_argv                        0x00000000   Number         0  main.o ABSOLUTE
    __Vectors                                0x00000000   Data           4  arm_startup_nrf52840.o(RESET)
    __use_no_errno                           0x00000000   Number         0  useno.o ABSOLUTE
    __use_no_exception_handling              0x00000000   Number         0  useno.o ABSOLUTE
    __use_no_fp                              0x00000000   Number         0  useno.o ABSOLUTE
    __use_no_heap                            0x00000000   Number         0  useno.o ABSOLUTE
    __use_no_heap_region                     0x00000000   Number         0  useno.o ABSOLUTE
    __use_no_semihosting                     0x00000000   Number         0  useno.o ABSOLUTE
    __use_no_semihosting_swi                 0x00000000   Number         0  useno.o ABSOLUTE
    __use_no_signal_handling                 0x00000000   Number         0  useno.o ABSOLUTE
    __cpp_initialize__aeabi_                  - Undefined Weak Reference
    __cxa_finalize                            - Undefined Weak Reference
    _clock_init                               - Undefined Weak Reference
    _microlib_exit                            - Undefined Weak Reference
    log_dynamic_data$$Base                    - Undefined Reference
    pwr_mgmt_data0$$Base                      - Undefined Reference
    pwr_mgmt_data0$$Limit                     - Undefined Reference
    pwr_mgmt_data1$$Base                      - Undefined Reference
    pwr_mgmt_data1$$Limit                     - Undefined Reference
    pwr_mgmt_data2$$Base                      - Undefined Reference
    pwr_mgmt_data2$$Limit                     - Undefined Reference
    __Vectors_End                            0x00000200   Data           0  arm_startup_nrf52840.o(RESET)
    __Vectors_Size                           0x00000200   Number         0  arm_startup_nrf52840.o ABSOLUTE
    __main                                   0x00000201   Thumb Code     0  entry.o(.ARM.Collect$$$$00000000)
    _main_stk                                0x00000201   Thumb Code     0  entry2.o(.ARM.Collect$$$$00000001)
    _main_scatterload                        0x00000205   Thumb Code     0  entry5.o(.ARM.Collect$$$$00000004)
    __main_after_scatterload                 0x00000209   Thumb Code     0  entry5.o(.ARM.Collect$$$$00000004)
    _main_clock                              0x00000209   Thumb Code     0  entry7b.o(.ARM.Collect$$$$00000008)
    _main_cpp_init                           0x00000209   Thumb Code     0  entry8b.o(.ARM.Collect$$$$0000000A)
    _main_init                               0x00000209   Thumb Code     0  entry9a.o(.ARM.Collect$$$$0000000B)
    __rt_final_cpp                           0x00000211   Thumb Code     0  entry10a.o(.ARM.Collect$$$$0000000D)
    __rt_final_exit                          0x00000211   Thumb Code     0  entry11a.o(.ARM.Collect$$$$0000000F)
    __asm___12_nrf_atomic_c_85ca2469__nrf_atomic_internal_mov 0x00000215   Thumb Code    24  nrf_atomic.o(.emb_text)
    __asm___12_nrf_atomic_c_85ca2469__nrf_atomic_internal_orr 0x0000022d   Thumb Code    26  nrf_atomic.o(.emb_text)
    __asm___12_nrf_atomic_c_85ca2469__nrf_atomic_internal_and 0x00000247   Thumb Code    26  nrf_atomic.o(.emb_text)
    __asm___12_nrf_atomic_c_85ca2469__nrf_atomic_internal_eor 0x00000261   Thumb Code    26  nrf_atomic.o(.emb_text)
    __asm___12_nrf_atomic_c_85ca2469__nrf_atomic_internal_add 0x0000027b   Thumb Code    26  nrf_atomic.o(.emb_text)
    __asm___12_nrf_atomic_c_85ca2469__nrf_atomic_internal_sub 0x00000295   Thumb Code    26  nrf_atomic.o(.emb_text)
    __asm___12_nrf_atomic_c_85ca2469__nrf_atomic_internal_cmp_exch 0x000002af   Thumb Code    42  nrf_atomic.o(.emb_text)
    __asm___12_nrf_atomic_c_85ca2469__nrf_atomic_internal_sub_hs 0x000002d9   Thumb Code    30  nrf_atomic.o(.emb_text)
    Reset_Handler                            0x000002f9   Thumb Code     8  arm_startup_nrf52840.o(.text)
    NMI_Handler                              0x00000301   Thumb Code     2  arm_startup_nrf52840.o(.text)
    HardFault_Handler                        0x00000303   Thumb Code     2  arm_startup_nrf52840.o(.text)
    MemoryManagement_Handler                 0x00000305   Thumb Code     2  arm_startup_nrf52840.o(.text)
    BusFault_Handler                         0x00000307   Thumb Code     2  arm_startup_nrf52840.o(.text)
    UsageFault_Handler                       0x00000309   Thumb Code     2  arm_startup_nrf52840.o(.text)
    SVC_Handler                              0x0000030b   Thumb Code     2  arm_startup_nrf52840.o(.text)
    DebugMon_Handler                         0x0000030d   Thumb Code     2  arm_startup_nrf52840.o(.text)
    PendSV_Handler                           0x0000030f   Thumb Code     2  arm_startup_nrf52840.o(.text)
    SysTick_Handler                          0x00000311   Thumb Code     2  arm_startup_nrf52840.o(.text)
    CCM_AAR_IRQHandler                       0x00000313   Thumb Code     0  arm_startup_nrf52840.o(.text)
    COMP_LPCOMP_IRQHandler                   0x00000313   Thumb Code     0  arm_startup_nrf52840.o(.text)
    CRYPTOCELL_IRQHandler                    0x00000313   Thumb Code     0  arm_startup_nrf52840.o(.text)
    ECB_IRQHandler                           0x00000313   Thumb Code     0  arm_startup_nrf52840.o(.text)
    FPU_IRQHandler                           0x00000313   Thumb Code     0  arm_startup_nrf52840.o(.text)
    I2S_IRQHandler                           0x00000313   Thumb Code     0  arm_startup_nrf52840.o(.text)
    MWU_IRQHandler                           0x00000313   Thumb Code     0  arm_startup_nrf52840.o(.text)
    NFCT_IRQHandler                          0x00000313   Thumb Code     0  arm_startup_nrf52840.o(.text)
    PDM_IRQHandler                           0x00000313   Thumb Code     0  arm_startup_nrf52840.o(.text)
    PWM0_IRQHandler                          0x00000313   Thumb Code     0  arm_startup_nrf52840.o(.text)
    PWM1_IRQHandler                          0x00000313   Thumb Code     0  arm_startup_nrf52840.o(.text)
    PWM2_IRQHandler                          0x00000313   Thumb Code     0  arm_startup_nrf52840.o(.text)
    PWM3_IRQHandler                          0x00000313   Thumb Code     0  arm_startup_nrf52840.o(.text)
    QDEC_IRQHandler                          0x00000313   Thumb Code     0  arm_startup_nrf52840.o(.text)
    QSPI_IRQHandler                          0x00000313   Thumb Code     0  arm_startup_nrf52840.o(.text)
    RADIO_IRQHandler                         0x00000313   Thumb Code     0  arm_startup_nrf52840.o(.text)
    RNG_IRQHandler                           0x00000313   Thumb Code     0  arm_startup_nrf52840.o(.text)
    RTC0_IRQHandler                          0x00000313   Thumb Code     0  arm_startup_nrf52840.o(.text)
    RTC2_IRQHandler                          0x00000313   Thumb Code     0  arm_startup_nrf52840.o(.text)
    SAADC_IRQHandler                         0x00000313   Thumb Code     0  arm_startup_nrf52840.o(.text)
    SPIM1_SPIS1_TWIM1_TWIS1_SPI1_TWI1_IRQHandler 0x00000313   Thumb Code     0  arm_startup_nrf52840.o(.text)
    SPIM2_SPIS2_SPI2_IRQHandler              0x00000313   Thumb Code     0  arm_startup_nrf52840.o(.text)
    SPIM3_IRQHandler                         0x00000313   Thumb Code     0  arm_startup_nrf52840.o(.text)
    SWI1_EGU1_IRQHandler                     0x00000313   Thumb Code     0  arm_startup_nrf52840.o(.text)
    SWI2_EGU2_IRQHandler                     0x00000313   Thumb Code     0  arm_startup_nrf52840.o(.text)
    SWI3_EGU3_IRQHandler                     0x00000313   Thumb Code     0  arm_startup_nrf52840.o(.text)
    SWI4_EGU4_IRQHandler                     0x00000313   Thumb Code     0  arm_startup_nrf52840.o(.text)
    SWI5_EGU5_IRQHandler                     0x00000313   Thumb Code     0  arm_startup_nrf52840.o(.text)
    TEMP_IRQHandler                          0x00000313   Thumb Code     0  arm_startup_nrf52840.o(.text)
    TIMER0_IRQHandler                        0x00000313   Thumb Code     0  arm_startup_nrf52840.o(.text)
    TIMER1_IRQHandler                        0x00000313   Thumb Code     0  arm_startup_nrf52840.o(.text)
    TIMER2_IRQHandler                        0x00000313   Thumb Code     0  arm_startup_nrf52840.o(.text)
    TIMER3_IRQHandler                        0x00000313   Thumb Code     0  arm_startup_nrf52840.o(.text)
    TIMER4_IRQHandler                        0x00000313   Thumb Code     0  arm_startup_nrf52840.o(.text)
    UARTE1_IRQHandler                        0x00000313   Thumb Code     0  arm_startup_nrf52840.o(.text)
    USBD_IRQHandler                          0x00000313   Thumb Code     0  arm_startup_nrf52840.o(.text)
    WDT_IRQHandler                           0x00000313   Thumb Code     0  arm_startup_nrf52840.o(.text)
    __aeabi_uldivmod                         0x0000031d   Thumb Code    98  uldiv.o(.text)
    __aeabi_llsl                             0x0000037f   Thumb Code    30  llshl.o(.text)
    _ll_shift_l                              0x0000037f   Thumb Code     0  llshl.o(.text)
    __rt_ctype_table                         0x0000039d   Thumb Code     4  ctype_o.o(.text)
    __aeabi_memcpy                           0x000003a5   Thumb Code    36  memcpya.o(.text)
    __aeabi_memcpy4                          0x000003a5   Thumb Code     0  memcpya.o(.text)
    __aeabi_memcpy8                          0x000003a5   Thumb Code     0  memcpya.o(.text)
    __aeabi_memset                           0x000003c9   Thumb Code    14  memseta.o(.text)
    __aeabi_memset4                          0x000003c9   Thumb Code     0  memseta.o(.text)
    __aeabi_memset8                          0x000003c9   Thumb Code     0  memseta.o(.text)
    __aeabi_memclr                           0x000003d7   Thumb Code     4  memseta.o(.text)
    __aeabi_memclr4                          0x000003d7   Thumb Code     0  memseta.o(.text)
    __aeabi_memclr8                          0x000003d7   Thumb Code     0  memseta.o(.text)
    _memset$wrapper                          0x000003db   Thumb Code    18  memseta.o(.text)
    strlen                                   0x000003ed   Thumb Code    14  strlen.o(.text)
    memcmp                                   0x000003fb   Thumb Code    26  memcmp.o(.text)
    __aeabi_llsr                             0x00000415   Thumb Code    32  llushr.o(.text)
    _ll_ushift_r                             0x00000415   Thumb Code     0  llushr.o(.text)
    __scatterload                            0x00000435   Thumb Code    28  init.o(.text)
    __scatterload_rt2                        0x00000435   Thumb Code     0  init.o(.text)
    __decompress                             0x00000459   Thumb Code     0  __dczerorl2.o(.text)
    __decompress1                            0x00000459   Thumb Code    86  __dczerorl2.o(.text)
    GPIOTE_IRQHandler                        0x000004b1   Thumb Code   428  nrfx_gpiote.o(i.GPIOTE_IRQHandler)
    POWER_CLOCK_IRQHandler                   0x000006c9   Thumb Code    82  nrfx_clock.o(i.POWER_CLOCK_IRQHandler)
    RTC1_IRQHandler                          0x00000721   Thumb Code    32  app_timer.o(i.RTC1_IRQHandler)
    SPIM0_SPIS0_TWIM0_TWIS0_SPI0_TWI0_IRQHandler 0x00000745   Thumb Code    60  nrfx_spi.o(i.SPIM0_SPIS0_TWIM0_TWIS0_SPI0_TWI0_IRQHandler)
    SWI0_EGU0_IRQHandler                     0x00000789   Thumb Code     4  app_timer.o(i.SWI0_EGU0_IRQHandler)
    SystemInit                               0x0000078d   Thumb Code   416  system_nrf52840.o(i.SystemInit)
    UARTE0_UART0_IRQHandler                  0x00000969   Thumb Code     6  nrfx_prs.o(i.UARTE0_UART0_IRQHandler)
    __scatterload_copy                       0x00000975   Thumb Code    14  handlers.o(i.__scatterload_copy)
    __scatterload_null                       0x00000983   Thumb Code     2  handlers.o(i.__scatterload_null)
    __scatterload_zeroinit                   0x00000985   Thumb Code    14  handlers.o(i.__scatterload_zeroinit)
    app_button_enable                        0x00000999   Thumb Code    32  app_button.o(i.app_button_enable)
    app_button_init                          0x000009bd   Thumb Code   102  app_button.o(i.app_button_init)
    app_error_fault_handler                  0x00000a35   Thumb Code    86  app_error_weak.o(i.app_error_fault_handler)
    app_error_handler_bare                   0x00000ab9   Thumb Code    22  app_error.o(i.app_error_handler_bare)
    app_timer_create                         0x00000ad1   Thumb Code    32  app_timer.o(i.app_timer_create)
    app_timer_init                           0x00000af5   Thumb Code    70  app_timer.o(i.app_timer_init)
    app_timer_start                          0x00000b49   Thumb Code   120  app_timer.o(i.app_timer_start)
    app_timer_stop                           0x00000bc9   Thumb Code    26  app_timer.o(i.app_timer_stop)
    app_util_critical_region_enter           0x00000be9   Thumb Code     4  app_util_platform.o(i.app_util_critical_region_enter)
    app_util_critical_region_exit            0x00000bed   Thumb Code     4  app_util_platform.o(i.app_util_critical_region_exit)
    app_util_disable_irq                     0x00000bf1   Thumb Code    12  app_util_platform.o(i.app_util_disable_irq)
    app_util_enable_irq                      0x00000c01   Thumb Code    14  app_util_platform.o(i.app_util_enable_irq)
    bsp_board_init                           0x00000d01   Thumb Code    46  boards.o(i.bsp_board_init)
    bsp_board_led_invert                     0x00000d35   Thumb Code    40  boards.o(i.bsp_board_led_invert)
    bsp_board_led_off                        0x00000d61   Thumb Code    10  boards.o(i.bsp_board_led_off)
    bsp_board_led_on                         0x00000d71   Thumb Code    10  boards.o(i.bsp_board_led_on)
    bsp_board_led_state_get                  0x00000d81   Thumb Code    36  boards.o(i.bsp_board_led_state_get)
    bsp_board_leds_off                       0x00000e3d   Thumb Code    18  boards.o(i.bsp_board_leds_off)
    bsp_board_leds_on                        0x00000e4f   Thumb Code    18  boards.o(i.bsp_board_leds_on)
    bsp_board_pin_to_button_idx              0x00000e61   Thumb Code    30  boards.o(i.bsp_board_pin_to_button_idx)
    bsp_event_to_button_action_assign        0x00000f31   Thumb Code    64  bsp.o(i.bsp_event_to_button_action_assign)
    bsp_init                                 0x00000f75   Thumb Code   128  bsp.o(i.bsp_init)
    buffer_is_empty                          0x00001289   Thumb Code    16  nrf_log_frontend.o(i.buffer_is_empty)
    main                                     0x00001aad   Thumb Code   190  main.o(i.main)
    nrf_atomic_flag_clear_fetch              0x00001c71   Thumb Code     6  nrf_atomic.o(i.nrf_atomic_flag_clear_fetch)
    nrf_atomic_flag_set                      0x00001c77   Thumb Code     6  nrf_atomic.o(i.nrf_atomic_flag_set)
    nrf_atomic_u32_add                       0x00001c7d   Thumb Code    12  nrf_atomic.o(i.nrf_atomic_u32_add)
    nrf_atomic_u32_fetch_and                 0x00001c89   Thumb Code    10  nrf_atomic.o(i.nrf_atomic_u32_fetch_and)
    nrf_atomic_u32_fetch_store               0x00001c93   Thumb Code    10  nrf_atomic.o(i.nrf_atomic_u32_fetch_store)
    nrf_atomic_u32_or                        0x00001c9d   Thumb Code    12  nrf_atomic.o(i.nrf_atomic_u32_or)
    nrf_atomic_u32_sub                       0x00001ca9   Thumb Code    12  nrf_atomic.o(i.nrf_atomic_u32_sub)
    nrf_balloc_alloc                         0x00001cb5   Thumb Code    62  nrf_balloc.o(i.nrf_balloc_alloc)
    nrf_balloc_free                          0x00001cf3   Thumb Code    42  nrf_balloc.o(i.nrf_balloc_free)
    nrf_balloc_init                          0x00001d1d   Thumb Code    48  nrf_balloc.o(i.nrf_balloc_init)
    nrf_drv_clock_init                       0x00001db1   Thumb Code    42  nrf_drv_clock.o(i.nrf_drv_clock_init)
    nrf_drv_clock_lfclk_request              0x00001de5   Thumb Code    68  nrf_drv_clock.o(i.nrf_drv_clock_lfclk_request)
    nrf_drv_spi_init                         0x00001e2d   Thumb Code    30  nrf_drv_spi.o(i.nrf_drv_spi_init)
    nrf_drv_uart_init                        0x00001e55   Thumb Code    90  nrf_drv_uart.o(i.nrf_drv_uart_init)
    nrf_fprintf                              0x00001ebd   Thumb Code    26  nrf_fprintf.o(i.nrf_fprintf)
    nrf_fprintf_buffer_flush                 0x00001ed7   Thumb Code    24  nrf_fprintf.o(i.nrf_fprintf_buffer_flush)
    nrf_fprintf_fmt                          0x00001eef   Thumb Code   474  nrf_fprintf_format.o(i.nrf_fprintf_fmt)
    nrf_gfx_circle_draw                      0x000020c9   Thumb Code   496  nrf_gfx.o(i.nrf_gfx_circle_draw)
    nrf_gfx_display                          0x000022b9   Thumb Code     4  nrf_gfx.o(i.nrf_gfx_display)
    nrf_gfx_init                             0x000022bd   Thumb Code    20  nrf_gfx.o(i.nrf_gfx_init)
    nrf_gfx_invert                           0x000022d1   Thumb Code     6  nrf_gfx.o(i.nrf_gfx_invert)
    nrf_gfx_line_draw                        0x000022d7   Thumb Code   244  nrf_gfx.o(i.nrf_gfx_line_draw)
    nrf_gfx_print                            0x000023cd   Thumb Code   176  nrf_gfx.o(i.nrf_gfx_print)
    nrf_gfx_rect_draw                        0x0000247d   Thumb Code   264  nrf_gfx.o(i.nrf_gfx_rect_draw)
    nrf_log_backend_add                      0x00002911   Thumb Code    86  nrf_log_frontend.o(i.nrf_log_backend_add)
    nrf_log_backend_serial_put               0x0000296d   Thumb Code   200  nrf_log_backend_serial.o(i.nrf_log_backend_serial_put)
    nrf_log_backend_uart_init                0x00002a37   Thumb Code     6  nrf_log_backend_uart.o(i.nrf_log_backend_uart_init)
    nrf_log_color_id_get                     0x00002a81   Thumb Code    42  nrf_log_frontend.o(i.nrf_log_color_id_get)
    nrf_log_default_backends_init            0x00002ab1   Thumb Code    24  nrf_log_default_backends.o(i.nrf_log_default_backends_init)
    nrf_log_frontend_dequeue                 0x00002acd   Thumb Code   522  nrf_log_frontend.o(i.nrf_log_frontend_dequeue)
    nrf_log_frontend_std_0                   0x00002cfd   Thumb Code     8  nrf_log_frontend.o(i.nrf_log_frontend_std_0)
    nrf_log_hexdump_entry_process            0x00002d05   Thumb Code   150  nrf_log_str_formatter.o(i.nrf_log_hexdump_entry_process)
    nrf_log_init                             0x00002db5   Thumb Code    46  nrf_log_frontend.o(i.nrf_log_init)
    nrf_log_module_cnt_get                   0x00002df1   Thumb Code    10  nrf_log_frontend.o(i.nrf_log_module_cnt_get)
    nrf_log_module_name_get                  0x00002e05   Thumb Code    24  nrf_log_frontend.o(i.nrf_log_module_name_get)
    nrf_log_panic                            0x00002e21   Thumb Code    38  nrf_log_frontend.o(i.nrf_log_panic)
    nrf_log_std_entry_process                0x00002e4d   Thumb Code   182  nrf_log_str_formatter.o(i.nrf_log_std_entry_process)
    nrf_memobj_alloc                         0x00002f03   Thumb Code    96  nrf_memobj.o(i.nrf_memobj_alloc)
    nrf_memobj_free                          0x00002f63   Thumb Code    50  nrf_memobj.o(i.nrf_memobj_free)
    nrf_memobj_get                           0x00002f95   Thumb Code     8  nrf_memobj.o(i.nrf_memobj_get)
    nrf_memobj_pool_init                     0x00002f9d   Thumb Code     4  nrf_memobj.o(i.nrf_memobj_pool_init)
    nrf_memobj_put                           0x00002fa1   Thumb Code    30  nrf_memobj.o(i.nrf_memobj_put)
    nrf_memobj_read                          0x00002fbf   Thumb Code    16  nrf_memobj.o(i.nrf_memobj_read)
    nrf_memobj_write                         0x00002fcf   Thumb Code    16  nrf_memobj.o(i.nrf_memobj_write)
    nrf_pwr_mgmt_init                        0x00002fe1   Thumb Code    28  nrf_pwr_mgmt.o(i.nrf_pwr_mgmt_init)
    nrf_pwr_mgmt_run                         0x00003009   Thumb Code    46  nrf_pwr_mgmt.o(i.nrf_pwr_mgmt_run)
    nrf_queue_generic_pop                    0x0000303d   Thumb Code   136  nrf_queue.o(i.nrf_queue_generic_pop)
    nrf_queue_is_empty                       0x000030c5   Thumb Code    18  nrf_queue.o(i.nrf_queue_is_empty)
    nrf_queue_is_full                        0x000030d7   Thumb Code    30  nrf_queue.o(i.nrf_queue_is_full)
    nrf_queue_push                           0x00003103   Thumb Code   172  nrf_queue.o(i.nrf_queue_push)
    nrf_ringbuf_init                         0x000031af   Thumb Code    28  nrf_ringbuf.o(i.nrf_ringbuf_init)
    nrf_section_iter_init                    0x000031cb   Thumb Code    10  nrf_section_iter.o(i.nrf_section_iter_init)
    nrf_spi_mngr_init                        0x000031f9   Thumb Code    40  nrf_spi_mngr.o(i.nrf_spi_mngr_init)
    nrf_spi_mngr_perform                     0x00003225   Thumb Code    82  nrf_spi_mngr.o(i.nrf_spi_mngr_perform)
    nrf_spi_mngr_schedule                    0x0000327d   Thumb Code    28  nrf_spi_mngr.o(i.nrf_spi_mngr_schedule)
    nrf_spi_mngr_uninit                      0x00003299   Thumb Code    18  nrf_spi_mngr.o(i.nrf_spi_mngr_uninit)
    nrfx_clock_enable                        0x000032e5   Thumb Code    34  nrfx_clock.o(i.nrfx_clock_enable)
    nrfx_clock_init                          0x00003311   Thumb Code    26  nrfx_clock.o(i.nrfx_clock_init)
    nrfx_clock_lfclk_start                   0x00003331   Thumb Code    26  nrfx_clock.o(i.nrfx_clock_lfclk_start)
    nrfx_gpiote_in_event_enable              0x00003361   Thumb Code   144  nrfx_gpiote.o(i.nrfx_gpiote_in_event_enable)
    nrfx_gpiote_in_init                      0x000033f9   Thumb Code   200  nrfx_gpiote.o(i.nrfx_gpiote_in_init)
    nrfx_gpiote_in_is_set                    0x000034cd   Thumb Code    14  nrfx_gpiote.o(i.nrfx_gpiote_in_is_set)
    nrfx_gpiote_init                         0x000034dd   Thumb Code   100  nrfx_gpiote.o(i.nrfx_gpiote_init)
    nrfx_gpiote_is_init                      0x0000354d   Thumb Code    14  nrfx_gpiote.o(i.nrfx_gpiote_is_init)
    nrfx_prs_acquire                         0x00003571   Thumb Code    48  nrfx_prs.o(i.nrfx_prs_acquire)
    nrfx_prs_release                         0x000035a1   Thumb Code    18  nrfx_prs.o(i.nrfx_prs_release)
    nrfx_spi_init                            0x000035b5   Thumb Code   386  nrfx_spi.o(i.nrfx_spi_init)
    nrfx_spi_uninit                          0x00003741   Thumb Code   102  nrfx_spi.o(i.nrfx_spi_uninit)
    nrfx_spi_xfer                            0x000037ad   Thumb Code   104  nrfx_spi.o(i.nrfx_spi_xfer)
    nrfx_uart_0_irq_handler                  0x00003819   Thumb Code     8  nrfx_uart.o(i.nrfx_uart_0_irq_handler)
    nrfx_uart_init                           0x00003829   Thumb Code   196  nrfx_uart.o(i.nrfx_uart_init)
    nrfx_uart_tx                             0x000038f9   Thumb Code   160  nrfx_uart.o(i.nrfx_uart_tx)
    nrfx_uart_tx_in_progress                 0x0000399d   Thumb Code    26  nrfx_uart.o(i.nrfx_uart_tx_in_progress)
    nrfx_uart_uninit                         0x000039bd   Thumb Code   170  nrfx_uart.o(i.nrfx_uart_uninit)
    nrfx_uarte_0_irq_handler                 0x00003a71   Thumb Code     8  nrfx_uarte.o(i.nrfx_uarte_0_irq_handler)
    nrfx_uarte_init                          0x00003a81   Thumb Code   100  nrfx_uarte.o(i.nrfx_uarte_init)
    nrfx_uarte_tx                            0x00003aed   Thumb Code   138  nrfx_uarte.o(i.nrfx_uarte_tx)
    nrfx_uarte_tx_in_progress                0x00003b7d   Thumb Code    22  nrfx_uarte.o(i.nrfx_uarte_tx_in_progress)
    nrfx_uarte_uninit                        0x00003b99   Thumb Code   166  nrfx_uarte.o(i.nrfx_uarte_uninit)
    st7565_display_invert                    0x00003fbd   Thumb Code    34  st7565lcd.o(i.st7565_display_invert)
    st7565_display_screen                    0x00003fe5   Thumb Code    62  st7565lcd.o(i.st7565_display_screen)
    st7565_init                              0x00004029   Thumb Code   116  st7565lcd.o(i.st7565_init)
    st7565_pixel_draw                        0x000040a5   Thumb Code    58  st7565lcd.o(i.st7565_pixel_draw)
    st7565_rect_draw                         0x000040e9   Thumb Code    64  st7565lcd.o(i.st7565_rect_draw)
    st7565_uninit                            0x00004135   Thumb Code     6  st7565lcd.o(i.st7565_uninit)
    orkney_8ptBitmaps                        0x00004c30   Data        1648  orkney8pts.o(.constdata)
    orkney_8ptDescriptors                    0x000052a0   Data         376  orkney8pts.o(.constdata)
    orkney_8ptFontInfo                       0x00005418   Data          12  orkney8pts.o(.constdata)
    nrf_log_backend_uart_api                 0x00005488   Data          12  nrf_log_backend_uart.o(.constdata)
    __ctype_table                            0x000054c0   Data         129  ctype_o.o(.constdata)
    Region$$Table$$Base                      0x00005608   Number         0  anon$$obj.o(Region$$Table)
    Region$$Table$$Limit                     0x00005628   Number         0  anon$$obj.o(Region$$Table)
    log_const_data$$Base                     0x00005638   Number         0  nrf_drv_clock.o(log_const_data)
    m_nrf_log_clock_logs_data_const          0x00005638   Data           8  nrf_drv_clock.o(log_const_data)
    m_nrf_log_CLOCK_logs_data_const          0x00005640   Data           8  nrfx_clock.o(log_const_data)
    m_nrf_log_GPIOTE_logs_data_const         0x00005648   Data           8  nrfx_gpiote.o(log_const_data)
    m_nrf_log_PRS_logs_data_const            0x00005650   Data           8  nrfx_prs.o(log_const_data)
    m_nrf_log_SPI_logs_data_const            0x00005658   Data           8  nrfx_spi.o(log_const_data)
    m_nrf_log_UART_logs_data_const           0x00005660   Data           8  nrfx_uart.o(log_const_data)
    m_nrf_log_UARTE_logs_data_const          0x00005668   Data           8  nrfx_uarte.o(log_const_data)
    m_nrf_log_gfx_logs_data_const            0x00005670   Data           8  nrf_gfx.o(log_const_data)
    m_nrf_log_pwr_mgmt_logs_data_const       0x00005678   Data           8  nrf_pwr_mgmt.o(log_const_data)
    m_nrf_log_app_logs_data_const            0x00005680   Data           8  nrf_log_frontend.o(log_const_data)
    log_const_data$$Limit                    0x00005688   Number         0  nrf_log_frontend.o(log_const_data)
    log_mempool                              0x00005688   Data          20  nrf_log_frontend.o(nrf_balloc)
    m_nrf_spi_mngr_queue                     0x0000569c   Data          20  st7565lcd.o(nrf_queue)
    nrf_drv_uart_use_easy_dma                0x200000c0   Data           2  nrf_drv_uart.o(.data)
    m_uart                                   0x2000012c   Data          20  nrf_log_backend_uart.o(.data)
    SystemCoreClock                          0x20000198   Data           4  system_nrf52840.o(.data)
    __initial_sp                             0x20002ca0   Data           0  arm_startup_nrf52840.o(STACK)



==============================================================================

Memory Map of the image

  Image Entry point : 0x00000201

  Load Region LR_IROM1 (Base: 0x00000000, Size: 0x0000584c, Max: 0x00100000, ABSOLUTE, COMPRESSED[0x0000572c])

    Execution Region ER_IROM1 (Base: 0x00000000, Size: 0x000056b0, Max: 0x00100000, ABSOLUTE)

    Base Addr    Size         Type   Attr      Idx    E Section Name        Object

    0x00000000   0x00000200   Data   RO         4365    RESET               arm_startup_nrf52840.o
    0x00000200   0x00000000   Code   RO         4406  * .ARM.Collect$$$$00000000  mc_w.l(entry.o)
    0x00000200   0x00000004   Code   RO         4460    .ARM.Collect$$$$00000001  mc_w.l(entry2.o)
    0x00000204   0x00000004   Code   RO         4463    .ARM.Collect$$$$00000004  mc_w.l(entry5.o)
    0x00000208   0x00000000   Code   RO         4465    .ARM.Collect$$$$00000008  mc_w.l(entry7b.o)
    0x00000208   0x00000000   Code   RO         4467    .ARM.Collect$$$$0000000A  mc_w.l(entry8b.o)
    0x00000208   0x00000008   Code   RO         4468    .ARM.Collect$$$$0000000B  mc_w.l(entry9a.o)
    0x00000210   0x00000000   Code   RO         4470    .ARM.Collect$$$$0000000D  mc_w.l(entry10a.o)
    0x00000210   0x00000000   Code   RO         4472    .ARM.Collect$$$$0000000F  mc_w.l(entry11a.o)
    0x00000210   0x00000004   Code   RO         4461    .ARM.Collect$$$$00002712  mc_w.l(entry2.o)
    0x00000214   0x000000e2   Code   RO         2708    .emb_text           nrf_atomic.o
    0x000002f6   0x00000002   PAD
    0x000002f8   0x00000024   Code   RO         4366    .text               arm_startup_nrf52840.o
    0x0000031c   0x00000062   Code   RO         4414    .text               mc_w.l(uldiv.o)
    0x0000037e   0x0000001e   Code   RO         4416    .text               mc_w.l(llshl.o)
    0x0000039c   0x00000008   Code   RO         4418    .text               mc_w.l(ctype_o.o)
    0x000003a4   0x00000024   Code   RO         4446    .text               mc_w.l(memcpya.o)
    0x000003c8   0x00000024   Code   RO         4448    .text               mc_w.l(memseta.o)
    0x000003ec   0x0000000e   Code   RO         4450    .text               mc_w.l(strlen.o)
    0x000003fa   0x0000001a   Code   RO         4454    .text               mc_w.l(memcmp.o)
    0x00000414   0x00000020   Code   RO         4475    .text               mc_w.l(llushr.o)
    0x00000434   0x00000024   Code   RO         4478    .text               mc_w.l(init.o)
    0x00000458   0x00000056   Code   RO         4488    .text               mc_w.l(__dczerorl2.o)
    0x000004ae   0x00000002   PAD
    0x000004b0   0x000001b4   Code   RO         1345    i.GPIOTE_IRQHandler  nrfx_gpiote.o
    0x00000664   0x00000016   Code   RO         2446    i.NVIC_ClearPendingIRQ  app_timer.o
    0x0000067a   0x00000016   Code   RO         2447    i.NVIC_EnableIRQ    app_timer.o
    0x00000690   0x00000016   Code   RO         2448    i.NVIC_SetPendingIRQ  app_timer.o
    0x000006a6   0x00000020   Code   RO         2449    i.NVIC_SetPriority  app_timer.o
    0x000006c6   0x00000002   PAD
    0x000006c8   0x00000058   Code   RO         1207    i.POWER_CLOCK_IRQHandler  nrfx_clock.o
    0x00000720   0x00000024   Code   RO         2450    i.RTC1_IRQHandler   app_timer.o
    0x00000744   0x00000044   Code   RO         1688    i.SPIM0_SPIS0_TWIM0_TWIS0_SPI0_TWI0_IRQHandler  nrfx_spi.o
    0x00000788   0x00000004   Code   RO         2451    i.SWI0_EGU0_IRQHandler  app_timer.o
    0x0000078c   0x000001dc   Code   RO         4374    i.SystemInit        system_nrf52840.o
    0x00000968   0x0000000c   Code   RO         1634    i.UARTE0_UART0_IRQHandler  nrfx_prs.o
    0x00000974   0x0000000e   Code   RO         4482    i.__scatterload_copy  mc_w.l(handlers.o)
    0x00000982   0x00000002   Code   RO         4483    i.__scatterload_null  mc_w.l(handlers.o)
    0x00000984   0x0000000e   Code   RO         4484    i.__scatterload_zeroinit  mc_w.l(handlers.o)
    0x00000992   0x00000006   Code   RO          606    i.alert_timer_handler  bsp.o
    0x00000998   0x00000024   Code   RO         2196    i.app_button_enable  app_button.o
    0x000009bc   0x00000078   Code   RO         2197    i.app_button_init   app_button.o
    0x00000a34   0x00000084   Code   RO         2354    i.app_error_fault_handler  app_error_weak.o
    0x00000ab8   0x00000016   Code   RO         2298    i.app_error_handler_bare  app_error.o
    0x00000ace   0x00000002   PAD
    0x00000ad0   0x00000024   Code   RO         2454    i.app_timer_create  app_timer.o
    0x00000af4   0x00000054   Code   RO         2455    i.app_timer_init    app_timer.o
    0x00000b48   0x00000080   Code   RO         2458    i.app_timer_start   app_timer.o
    0x00000bc8   0x00000020   Code   RO         2459    i.app_timer_stop    app_timer.o
    0x00000be8   0x00000004   Code   RO         2619    i.app_util_critical_region_enter  app_util_platform.o
    0x00000bec   0x00000004   Code   RO         2620    i.app_util_critical_region_exit  app_util_platform.o
    0x00000bf0   0x00000010   Code   RO         2621    i.app_util_disable_irq  app_util_platform.o
    0x00000c00   0x00000014   Code   RO         2622    i.app_util_enable_irq  app_util_platform.o
    0x00000c14   0x00000076   Code   RO         1816    i.apply_config      nrfx_uart.o
    0x00000c8a   0x00000076   Code   RO         2008    i.apply_config      nrfx_uarte.o
    0x00000d00   0x00000034   Code   RO          488    i.bsp_board_init    boards.o
    0x00000d34   0x0000002c   Code   RO          490    i.bsp_board_led_invert  boards.o
    0x00000d60   0x00000010   Code   RO          491    i.bsp_board_led_off  boards.o
    0x00000d70   0x00000010   Code   RO          492    i.bsp_board_led_on  boards.o
    0x00000d80   0x00000028   Code   RO          493    i.bsp_board_led_state_get  boards.o
    0x00000da8   0x00000094   Code   RO          494    i.bsp_board_leds_init  boards.o
    0x00000e3c   0x00000012   Code   RO          495    i.bsp_board_leds_off  boards.o
    0x00000e4e   0x00000012   Code   RO          496    i.bsp_board_leds_on  boards.o
    0x00000e60   0x00000024   Code   RO          497    i.bsp_board_pin_to_button_idx  boards.o
    0x00000e84   0x00000090   Code   RO          607    i.bsp_button_event_handler  bsp.o
    0x00000f14   0x0000001c   Code   RO            4    i.bsp_event_handler  main.o
    0x00000f30   0x00000044   Code   RO          611    i.bsp_event_to_button_action_assign  bsp.o
    0x00000f74   0x00000094   Code   RO          613    i.bsp_init          bsp.o
    0x00001008   0x000001c8   Code   RO          614    i.bsp_led_indication  bsp.o
    0x000011d0   0x00000088   Code   RO         3767    i.buf_prealloc      nrf_log_frontend.o
    0x00001258   0x0000002e   Code   RO         2923    i.buffer_add        nrf_fprintf_format.o
    0x00001286   0x00000002   PAD
    0x00001288   0x00000014   Code   RO         3768    i.buffer_is_empty   nrf_log_frontend.o
    0x0000129c   0x00000008   Code   RO          617    i.button_timer_handler  bsp.o
    0x000012a4   0x0000001c   Code   RO         1346    i.channel_free      nrfx_gpiote.o
    0x000012c0   0x00000048   Code   RO         1347    i.channel_port_alloc  nrfx_gpiote.o
    0x00001308   0x00000010   Code   RO         1348    i.channel_port_get  nrfx_gpiote.o
    0x00001318   0x00000028   Code   RO          726    i.clock_clk_started_notify  nrf_drv_clock.o
    0x00001340   0x0000001c   Code   RO          727    i.clock_irq_handler  nrf_drv_clock.o
    0x0000135c   0x000000ac   Code   RO         2461    i.compare_reg_update  app_timer.o
    0x00001408   0x0000009c   Code   RO         2199    i.detection_delay_timeout_handler  app_button.o
    0x000014a4   0x00000014   Code   RO         3769    i.dropped_sat16_get  nrf_log_frontend.o
    0x000014b8   0x00000002   Code   RO            5    i.dummy_lcd_rotation_set  main.o
    0x000014ba   0x00000002   PAD
    0x000014bc   0x00000040   Code   RO         2462    i.elapsed_ticks_acquire  app_timer.o
    0x000014fc   0x00000084   Code   RO         2200    i.gpiote_event_handler  app_button.o
    0x00001580   0x0000012c   Code   RO            6    i.happy_face_draw   main.o
    0x000016ac   0x000000a6   Code   RO         2924    i.int_print         nrf_fprintf_format.o
    0x00001752   0x00000002   PAD
    0x00001754   0x0000007c   Code   RO         2009    i.interrupts_enable  nrfx_uarte.o
    0x000017d0   0x00000034   Code   RO         3770    i.invalid_packets_omit  nrf_log_frontend.o
    0x00001804   0x00000016   Code   RO          728    i.item_enqueue      nrf_drv_clock.o
    0x0000181a   0x00000002   PAD
    0x0000181c   0x00000030   Code   RO          618    i.leds_off          bsp.o
    0x0000184c   0x00000014   Code   RO          619    i.leds_timer_handler  bsp.o
    0x00001860   0x000000b8   Code   RO         2963    i.line_draw         nrf_gfx.o
    0x00001918   0x000000f8   Code   RO         2463    i.list_insertions_handler  app_timer.o
    0x00001a10   0x0000009c   Code   RO         3771    i.log_skip          nrf_log_frontend.o
    0x00001aac   0x00000114   Code   RO            7    i.main              main.o
    0x00001bc0   0x0000007e   Code   RO         3104    i.memobj_op         nrf_memobj.o
    0x00001c3e   0x00000002   PAD
    0x00001c40   0x00000030   Code   RO         3772    i.module_idx_get    nrf_log_frontend.o
    0x00001c70   0x00000006   Code   RO         2710    i.nrf_atomic_flag_clear_fetch  nrf_atomic.o
    0x00001c76   0x00000006   Code   RO         2711    i.nrf_atomic_flag_set  nrf_atomic.o
    0x00001c7c   0x0000000c   Code   RO         2713    i.nrf_atomic_u32_add  nrf_atomic.o
    0x00001c88   0x0000000a   Code   RO         2717    i.nrf_atomic_u32_fetch_and  nrf_atomic.o
    0x00001c92   0x0000000a   Code   RO         2719    i.nrf_atomic_u32_fetch_store  nrf_atomic.o
    0x00001c9c   0x0000000c   Code   RO         2723    i.nrf_atomic_u32_or  nrf_atomic.o
    0x00001ca8   0x0000000c   Code   RO         2725    i.nrf_atomic_u32_sub  nrf_atomic.o
    0x00001cb4   0x0000003e   Code   RO         2847    i.nrf_balloc_alloc  nrf_balloc.o
    0x00001cf2   0x0000002a   Code   RO         2848    i.nrf_balloc_free   nrf_balloc.o
    0x00001d1c   0x00000030   Code   RO         2849    i.nrf_balloc_init   nrf_balloc.o
    0x00001d4c   0x00000010   Code   RO         1349    i.nrf_bitmask_bit_is_set  nrfx_gpiote.o
    0x00001d5c   0x00000014   Code   RO         1350    i.nrf_bitmask_bit_set  nrfx_gpiote.o
    0x00001d70   0x0000000e   Code   RO         1208    i.nrf_clock_event_check  nrfx_clock.o
    0x00001d7e   0x00000010   Code   RO         1209    i.nrf_clock_event_clear  nrfx_clock.o
    0x00001d8e   0x00000002   PAD
    0x00001d90   0x00000020   Code   RO          298    i.nrf_delay_ms      st7565lcd.o
    0x00001db0   0x00000034   Code   RO          734    i.nrf_drv_clock_init  nrf_drv_clock.o
    0x00001de4   0x00000048   Code   RO          739    i.nrf_drv_clock_lfclk_request  nrf_drv_clock.o
    0x00001e2c   0x00000028   Code   RO          868    i.nrf_drv_spi_init  nrf_drv_spi.o
    0x00001e54   0x00000068   Code   RO          902    i.nrf_drv_uart_init  nrf_drv_uart.o
    0x00001ebc   0x0000001a   Code   RO         2884    i.nrf_fprintf       nrf_fprintf.o
    0x00001ed6   0x00000018   Code   RO         2885    i.nrf_fprintf_buffer_flush  nrf_fprintf.o
    0x00001eee   0x000001da   Code   RO         2925    i.nrf_fprintf_fmt   nrf_fprintf_format.o
    0x000020c8   0x000001f0   Code   RO         2966    i.nrf_gfx_circle_draw  nrf_gfx.o
    0x000022b8   0x00000004   Code   RO         2967    i.nrf_gfx_display   nrf_gfx.o
    0x000022bc   0x00000014   Code   RO         2969    i.nrf_gfx_init      nrf_gfx.o
    0x000022d0   0x00000006   Code   RO         2970    i.nrf_gfx_invert    nrf_gfx.o
    0x000022d6   0x000000f4   Code   RO         2971    i.nrf_gfx_line_draw  nrf_gfx.o
    0x000023ca   0x00000002   PAD
    0x000023cc   0x000000b0   Code   RO         2973    i.nrf_gfx_print     nrf_gfx.o
    0x0000247c   0x00000108   Code   RO         2974    i.nrf_gfx_rect_draw  nrf_gfx.o
    0x00002584   0x00000032   Code   RO          499    i.nrf_gpio_cfg      boards.o
    0x000025b6   0x00000032   Code   RO         1351    i.nrf_gpio_cfg      nrfx_gpiote.o
    0x000025e8   0x00000032   Code   RO         1689    i.nrf_gpio_cfg      nrfx_spi.o
    0x0000261a   0x00000032   Code   RO         1817    i.nrf_gpio_cfg      nrfx_uart.o
    0x0000264c   0x00000032   Code   RO         2010    i.nrf_gpio_cfg      nrfx_uarte.o
    0x0000267e   0x00000012   Code   RO         1818    i.nrf_gpio_cfg_default  nrfx_uart.o
    0x00002690   0x00000012   Code   RO         2011    i.nrf_gpio_cfg_default  nrfx_uarte.o
    0x000026a2   0x00000012   Code   RO         1819    i.nrf_gpio_cfg_input  nrfx_uart.o
    0x000026b4   0x00000012   Code   RO         2012    i.nrf_gpio_cfg_input  nrfx_uarte.o
    0x000026c6   0x00000014   Code   RO         1690    i.nrf_gpio_cfg_output  nrfx_spi.o
    0x000026da   0x00000014   Code   RO         1820    i.nrf_gpio_cfg_output  nrfx_uart.o
    0x000026ee   0x00000014   Code   RO         2013    i.nrf_gpio_cfg_output  nrfx_uarte.o
    0x00002702   0x00000030   Code   RO         1353    i.nrf_gpio_cfg_sense_set  nrfx_gpiote.o
    0x00002732   0x00000014   Code   RO          299    i.nrf_gpio_pin_clear  st7565lcd.o
    0x00002746   0x00000014   Code   RO         1691    i.nrf_gpio_pin_clear  nrfx_spi.o
    0x0000275a   0x00000030   Code   RO          300    i.nrf_gpio_pin_dir_set  st7565lcd.o
    0x0000278a   0x00000002   PAD
    0x0000278c   0x0000001c   Code   RO          301    i.nrf_gpio_pin_port_decode  st7565lcd.o
    0x000027a8   0x0000001c   Code   RO          500    i.nrf_gpio_pin_port_decode  boards.o
    0x000027c4   0x0000001c   Code   RO         1355    i.nrf_gpio_pin_port_decode  nrfx_gpiote.o
    0x000027e0   0x0000001c   Code   RO         1692    i.nrf_gpio_pin_port_decode  nrfx_spi.o
    0x000027fc   0x0000001c   Code   RO         1821    i.nrf_gpio_pin_port_decode  nrfx_uart.o
    0x00002818   0x0000001c   Code   RO         2014    i.nrf_gpio_pin_port_decode  nrfx_uarte.o
    0x00002834   0x00000016   Code   RO         1356    i.nrf_gpio_pin_read  nrfx_gpiote.o
    0x0000284a   0x00000014   Code   RO          302    i.nrf_gpio_pin_set  st7565lcd.o
    0x0000285e   0x00000014   Code   RO         1693    i.nrf_gpio_pin_set  nrfx_spi.o
    0x00002872   0x00000014   Code   RO         1822    i.nrf_gpio_pin_set  nrfx_uart.o
    0x00002886   0x00000014   Code   RO         2015    i.nrf_gpio_pin_set  nrfx_uarte.o
    0x0000289a   0x00000026   Code   RO          501    i.nrf_gpio_pin_write  boards.o
    0x000028c0   0x0000002c   Code   RO         1358    i.nrf_gpio_ports_read  nrfx_gpiote.o
    0x000028ec   0x00000014   Code   RO         1359    i.nrf_gpiote_event_clear  nrfx_gpiote.o
    0x00002900   0x00000010   Code   RO         1360    i.nrf_gpiote_event_is_set  nrfx_gpiote.o
    0x00002910   0x0000005c   Code   RO         3773    i.nrf_log_backend_add  nrf_log_frontend.o
    0x0000296c   0x000000c8   Code   RO         3609    i.nrf_log_backend_serial_put  nrf_log_backend_serial.o
    0x00002a34   0x00000002   Code   RO         3649    i.nrf_log_backend_uart_flush  nrf_log_backend_uart.o
    0x00002a36   0x00000006   Code   RO         3650    i.nrf_log_backend_uart_init  nrf_log_backend_uart.o
    0x00002a3c   0x0000002c   Code   RO         3651    i.nrf_log_backend_uart_panic_set  nrf_log_backend_uart.o
    0x00002a68   0x00000018   Code   RO         3652    i.nrf_log_backend_uart_put  nrf_log_backend_uart.o
    0x00002a80   0x00000030   Code   RO         3775    i.nrf_log_color_id_get  nrf_log_frontend.o
    0x00002ab0   0x0000001c   Code   RO         3728    i.nrf_log_default_backends_init  nrf_log_default_backends.o
    0x00002acc   0x00000230   Code   RO         3776    i.nrf_log_frontend_dequeue  nrf_log_frontend.o
    0x00002cfc   0x00000008   Code   RO         3778    i.nrf_log_frontend_std_0  nrf_log_frontend.o
    0x00002d04   0x000000b0   Code   RO         3953    i.nrf_log_hexdump_entry_process  nrf_log_str_formatter.o
    0x00002db4   0x0000003c   Code   RO         3785    i.nrf_log_init      nrf_log_frontend.o
    0x00002df0   0x00000014   Code   RO         3786    i.nrf_log_module_cnt_get  nrf_log_frontend.o
    0x00002e04   0x0000001c   Code   RO         3789    i.nrf_log_module_name_get  nrf_log_frontend.o
    0x00002e20   0x0000002c   Code   RO         3790    i.nrf_log_panic     nrf_log_frontend.o
    0x00002e4c   0x000000b6   Code   RO         3954    i.nrf_log_std_entry_process  nrf_log_str_formatter.o
    0x00002f02   0x00000060   Code   RO         3105    i.nrf_memobj_alloc  nrf_memobj.o
    0x00002f62   0x00000032   Code   RO         3106    i.nrf_memobj_free   nrf_memobj.o
    0x00002f94   0x00000008   Code   RO         3107    i.nrf_memobj_get    nrf_memobj.o
    0x00002f9c   0x00000004   Code   RO         3108    i.nrf_memobj_pool_init  nrf_memobj.o
    0x00002fa0   0x0000001e   Code   RO         3109    i.nrf_memobj_put    nrf_memobj.o
    0x00002fbe   0x00000010   Code   RO         3110    i.nrf_memobj_read   nrf_memobj.o
    0x00002fce   0x00000010   Code   RO         3111    i.nrf_memobj_write  nrf_memobj.o
    0x00002fde   0x00000002   PAD
    0x00002fe0   0x00000028   Code   RO         3180    i.nrf_pwr_mgmt_init  nrf_pwr_mgmt.o
    0x00003008   0x00000034   Code   RO         3181    i.nrf_pwr_mgmt_run  nrf_pwr_mgmt.o
    0x0000303c   0x00000088   Code   RO         3259    i.nrf_queue_generic_pop  nrf_queue.o
    0x000030c4   0x00000012   Code   RO         3261    i.nrf_queue_is_empty  nrf_queue.o
    0x000030d6   0x0000001e   Code   RO         3262    i.nrf_queue_is_full  nrf_queue.o
    0x000030f4   0x0000000e   Code   RO         3265    i.nrf_queue_next_idx  nrf_queue.o
    0x00003102   0x000000ac   Code   RO         3267    i.nrf_queue_push    nrf_queue.o
    0x000031ae   0x0000001c   Code   RO         3379    i.nrf_ringbuf_init  nrf_ringbuf.o
    0x000031ca   0x0000000a   Code   RO         3437    i.nrf_section_iter_init  nrf_section_iter.o
    0x000031d4   0x00000024   Code   RO         3438    i.nrf_section_iter_item_set  nrf_section_iter.o
    0x000031f8   0x0000002c   Code   RO         3472    i.nrf_spi_mngr_init  nrf_spi_mngr.o
    0x00003224   0x00000058   Code   RO         3473    i.nrf_spi_mngr_perform  nrf_spi_mngr.o
    0x0000327c   0x0000001c   Code   RO         3474    i.nrf_spi_mngr_schedule  nrf_spi_mngr.o
    0x00003298   0x00000012   Code   RO         3475    i.nrf_spi_mngr_uninit  nrf_spi_mngr.o
    0x000032aa   0x0000000a   Code   RO         1823    i.nrf_uart_event_check  nrfx_uart.o
    0x000032b4   0x0000000c   Code   RO         1824    i.nrf_uart_event_clear  nrfx_uart.o
    0x000032c0   0x0000000c   Code   RO         1825    i.nrf_uart_int_enable_check  nrfx_uart.o
    0x000032cc   0x0000000a   Code   RO         2016    i.nrf_uarte_event_check  nrfx_uarte.o
    0x000032d6   0x0000000c   Code   RO         2017    i.nrf_uarte_event_clear  nrfx_uarte.o
    0x000032e2   0x00000002   PAD
    0x000032e4   0x0000002c   Code   RO         1214    i.nrfx_clock_enable  nrfx_clock.o
    0x00003310   0x00000020   Code   RO         1217    i.nrfx_clock_init   nrfx_clock.o
    0x00003330   0x00000020   Code   RO         1219    i.nrfx_clock_lfclk_start  nrfx_clock.o
    0x00003350   0x00000010   Code   RO         2464    i.nrfx_coredep_delay_us  app_timer.o
    0x00003360   0x00000098   Code   RO         1365    i.nrfx_gpiote_in_event_enable  nrfx_gpiote.o
    0x000033f8   0x000000d4   Code   RO         1366    i.nrfx_gpiote_in_init  nrfx_gpiote.o
    0x000034cc   0x0000000e   Code   RO         1367    i.nrfx_gpiote_in_is_set  nrfx_gpiote.o
    0x000034da   0x00000002   PAD
    0x000034dc   0x00000070   Code   RO         1369    i.nrfx_gpiote_init  nrfx_gpiote.o
    0x0000354c   0x00000014   Code   RO         1370    i.nrfx_gpiote_is_init  nrfx_gpiote.o
    0x00003560   0x00000010   Code   RO         2018    i.nrfx_is_in_ram    nrfx_uarte.o
    0x00003570   0x00000030   Code   RO         1635    i.nrfx_prs_acquire  nrfx_prs.o
    0x000035a0   0x00000012   Code   RO         1636    i.nrfx_prs_release  nrfx_prs.o
    0x000035b2   0x00000002   PAD
    0x000035b4   0x0000018c   Code   RO         1695    i.nrfx_spi_init     nrfx_spi.o
    0x00003740   0x0000006c   Code   RO         1696    i.nrfx_spi_uninit   nrfx_spi.o
    0x000037ac   0x0000006c   Code   RO         1697    i.nrfx_spi_xfer     nrfx_spi.o
    0x00003818   0x00000010   Code   RO         1826    i.nrfx_uart_0_irq_handler  nrfx_uart.o
    0x00003828   0x000000d0   Code   RO         1828    i.nrfx_uart_init    nrfx_uart.o
    0x000038f8   0x000000a4   Code   RO         1834    i.nrfx_uart_tx      nrfx_uart.o
    0x0000399c   0x00000020   Code   RO         1836    i.nrfx_uart_tx_in_progress  nrfx_uart.o
    0x000039bc   0x000000b4   Code   RO         1837    i.nrfx_uart_uninit  nrfx_uart.o
    0x00003a70   0x00000010   Code   RO         2019    i.nrfx_uarte_0_irq_handler  nrfx_uarte.o
    0x00003a80   0x0000006c   Code   RO         2021    i.nrfx_uarte_init   nrfx_uarte.o
    0x00003aec   0x00000090   Code   RO         2025    i.nrfx_uarte_tx     nrfx_uarte.o
    0x00003b7c   0x0000001c   Code   RO         2027    i.nrfx_uarte_tx_in_progress  nrfx_uarte.o
    0x00003b98   0x000000b0   Code   RO         2028    i.nrfx_uarte_uninit  nrfx_uarte.o
    0x00003c48   0x00000018   Code   RO         1386    i.pin_in_use_by_port  nrfx_gpiote.o
    0x00003c60   0x00000018   Code   RO         1387    i.pin_in_use_by_te  nrfx_gpiote.o
    0x00003c78   0x00000026   Code   RO         2979    i.pixel_draw        nrf_gfx.o
    0x00003c9e   0x00000002   PAD
    0x00003ca0   0x0000003c   Code   RO         3956    i.postfix_process   nrf_log_str_formatter.o
    0x00003cdc   0x00000098   Code   RO         3957    i.prefix_process    nrf_log_str_formatter.o
    0x00003d74   0x00000018   Code   RO         1637    i.prs_box_get       nrfx_prs.o
    0x00003d8c   0x00000018   Code   RO         3273    i.queue_utilization_get  nrf_queue.o
    0x00003da4   0x0000003a   Code   RO         2980    i.rect_draw         nrf_gfx.o
    0x00003dde   0x00000002   PAD
    0x00003de0   0x0000003c   Code   RO         2465    i.rtc1_stop         app_timer.o
    0x00003e1c   0x00000032   Code   RO         1838    i.rx_byte           nrfx_uart.o
    0x00003e4e   0x00000016   Code   RO         1839    i.rx_done_event     nrfx_uart.o
    0x00003e64   0x00000016   Code   RO         2029    i.rx_done_event     nrfx_uarte.o
    0x00003e7a   0x00000002   PAD
    0x00003e7c   0x00000040   Code   RO         3653    i.serial_tx         nrf_log_backend_uart.o
    0x00003ebc   0x0000003e   Code   RO         3476    i.spi_event_handler  nrf_spi_mngr.o
    0x00003efa   0x00000002   PAD
    0x00003efc   0x00000038   Code   RO          869    i.spi_evt_handler   nrf_drv_spi.o
    0x00003f34   0x00000008   Code   RO         3477    i.spi_internal_transaction_cb  nrf_spi_mngr.o
    0x00003f3c   0x0000007e   Code   RO         1698    i.spi_xfer          nrfx_spi.o
    0x00003fba   0x00000002   PAD
    0x00003fbc   0x00000028   Code   RO          304    i.st7565_display_invert  st7565lcd.o
    0x00003fe4   0x00000044   Code   RO          305    i.st7565_display_screen  st7565lcd.o
    0x00004028   0x0000007c   Code   RO          306    i.st7565_init       st7565lcd.o
    0x000040a4   0x00000044   Code   RO          307    i.st7565_pixel_draw  st7565lcd.o
    0x000040e8   0x00000040   Code   RO          308    i.st7565_rect_draw  st7565lcd.o
    0x00004128   0x00000006   Code   RO          309    i.st7565_set_command_cb  st7565lcd.o
    0x0000412e   0x00000006   Code   RO          310    i.st7565_set_data_cb  st7565lcd.o
    0x00004134   0x0000000c   Code   RO          311    i.st7565_uninit     st7565lcd.o
    0x00004140   0x00000098   Code   RO         3478    i.start_pending_transaction  nrf_spi_mngr.o
    0x000041d8   0x0000002c   Code   RO         3479    i.start_transfer    nrf_spi_mngr.o
    0x00004204   0x0000008c   Code   RO         3792    i.std_n             nrf_log_frontend.o
    0x00004290   0x00000094   Code   RO            8    i.timer_handler     main.o
    0x00004324   0x00000080   Code   RO         2466    i.timer_list_handler  app_timer.o
    0x000043a4   0x0000003c   Code   RO         2467    i.timer_list_insert  app_timer.o
    0x000043e0   0x00000060   Code   RO         2468    i.timer_list_remove  app_timer.o
    0x00004440   0x00000040   Code   RO         2469    i.timer_stop_op_schedule  app_timer.o
    0x00004480   0x00000074   Code   RO         2470    i.timer_timeouts_check  app_timer.o
    0x000044f4   0x00000014   Code   RO         3480    i.transaction_end_signal  nrf_spi_mngr.o
    0x00004508   0x00000064   Code   RO         1699    i.transfer_byte     nrfx_spi.o
    0x0000456c   0x00000020   Code   RO         1841    i.tx_byte           nrfx_uart.o
    0x0000458c   0x0000001a   Code   RO         1842    i.tx_done_event     nrfx_uart.o
    0x000045a6   0x00000002   PAD
    0x000045a8   0x00000030   Code   RO          903    i.uart_evt_handler  nrf_drv_uart.o
    0x000045d8   0x0000000c   Code   RO         3654    i.uart_evt_handler  nrf_log_backend_uart.o
    0x000045e4   0x00000050   Code   RO         3655    i.uart_init         nrf_log_backend_uart.o
    0x00004634   0x00000128   Code   RO         1843    i.uart_irq_handler  nrfx_uart.o
    0x0000475c   0x00000030   Code   RO          904    i.uarte_evt_handler  nrf_drv_uart.o
    0x0000478c   0x000000f2   Code   RO         2030    i.uarte_irq_handler  nrfx_uarte.o
    0x0000487e   0x00000002   PAD
    0x00004880   0x000000b4   Code   RO         2926    i.unsigned_print    nrf_fprintf_format.o
    0x00004934   0x00000030   Code   RO         2471    i.user_op_alloc     app_timer.o
    0x00004964   0x000000b2   Code   RO         2981    i.write_character   nrf_gfx.o
    0x00004a16   0x00000002   PAD
    0x00004a18   0x0000006e   Data   RO           10    .constdata          main.o
    0x00004a86   0x0000000a   PAD
    0x00004a90   0x00000138   Data   RO          316    .constdata          st7565lcd.o
    0x00004bc8   0x00000020   Data   RO          317    .constdata          st7565lcd.o
    0x00004be8   0x00000008   Data   RO          502    .constdata          boards.o
    0x00004bf0   0x0000002c   Data   RO          625    .constdata          bsp.o
    0x00004c1c   0x00000008   Data   RO         1389    .constdata          nrfx_gpiote.o
    0x00004c24   0x00000004   Data   RO         1702    .constdata          nrfx_spi.o
    0x00004c28   0x00000004   Data   RO         1846    .constdata          nrfx_uart.o
    0x00004c2c   0x00000004   Data   RO         2033    .constdata          nrfx_uarte.o
    0x00004c30   0x00000670   Data   RO         2181    .constdata          orkney8pts.o
    0x000052a0   0x00000178   Data   RO         2182    .constdata          orkney8pts.o
    0x00005418   0x0000000c   Data   RO         2183    .constdata          orkney8pts.o
    0x00005424   0x00000008   Data   RO         2202    .constdata          app_button.o
    0x0000542c   0x00000004   PAD
    0x00005430   0x00000006   Data   RO         2473    .constdata          app_timer.o
    0x00005436   0x00000010   Data   RO         2927    .constdata          nrf_fprintf_format.o
    0x00005446   0x00000002   PAD
    0x00005448   0x00000018   Data   RO         3185    .constdata          nrf_pwr_mgmt.o
    0x00005460   0x0000000c   Data   RO         3186    .constdata          nrf_pwr_mgmt.o
    0x0000546c   0x0000001c   Data   RO         3481    .constdata          nrf_spi_mngr.o
    0x00005488   0x0000000c   Data   RO         3657    .constdata          nrf_log_backend_uart.o
    0x00005494   0x00000020   Data   RO         3658    .constdata          nrf_log_backend_uart.o
    0x000054b4   0x0000000c   Data   RO         3797    .constdata          nrf_log_frontend.o
    0x000054c0   0x00000081   Data   RO         4419    .constdata          mc_w.l(ctype_o.o)
    0x00005541   0x00000003   PAD
    0x00005544   0x00000004   Data   RO         4420    .constdata          mc_w.l(ctype_o.o)
    0x00005548   0x00000066   Data   RO         3958    .conststring        nrf_log_str_formatter.o
    0x000055ae   0x00000002   PAD
    0x000055b0   0x00000006   Data   RO          746    .conststrlit        nrf_drv_clock.o
    0x000055b6   0x00000002   PAD
    0x000055b8   0x00000006   Data   RO         1224    .conststrlit        nrfx_clock.o
    0x000055be   0x00000002   PAD
    0x000055c0   0x00000007   Data   RO         1393    .conststrlit        nrfx_gpiote.o
    0x000055c7   0x00000001   PAD
    0x000055c8   0x00000004   Data   RO         1639    .conststrlit        nrfx_prs.o
    0x000055cc   0x00000004   Data   RO         1704    .conststrlit        nrfx_spi.o
    0x000055d0   0x00000005   Data   RO         1849    .conststrlit        nrfx_uart.o
    0x000055d5   0x00000003   PAD
    0x000055d8   0x00000006   Data   RO         2036    .conststrlit        nrfx_uarte.o
    0x000055de   0x00000002   PAD
    0x000055e0   0x00000004   Data   RO         2982    .conststrlit        nrf_gfx.o
    0x000055e4   0x00000009   Data   RO         3187    .conststrlit        nrf_pwr_mgmt.o
    0x000055ed   0x00000003   PAD
    0x000055f0   0x00000011   Data   RO         3729    .conststrlit        nrf_log_default_backends.o
    0x00005601   0x00000003   PAD
    0x00005604   0x00000004   Data   RO         3798    .conststrlit        nrf_log_frontend.o
    0x00005608   0x00000020   Data   RO         4480    Region$$Table       anon$$obj.o
    0x00005628   0x00000010   Data   RO         3731    log_backends        nrf_log_default_backends.o
    0x00005638   0x00000008   Data   RO          747    log_const_data      nrf_drv_clock.o
    0x00005640   0x00000008   Data   RO         1226    log_const_data      nrfx_clock.o
    0x00005648   0x00000008   Data   RO         1394    log_const_data      nrfx_gpiote.o
    0x00005650   0x00000008   Data   RO         1641    log_const_data      nrfx_prs.o
    0x00005658   0x00000008   Data   RO         1705    log_const_data      nrfx_spi.o
    0x00005660   0x00000008   Data   RO         1850    log_const_data      nrfx_uart.o
    0x00005668   0x00000008   Data   RO         2037    log_const_data      nrfx_uarte.o
    0x00005670   0x00000008   Data   RO         2983    log_const_data      nrf_gfx.o
    0x00005678   0x00000008   Data   RO         3189    log_const_data      nrf_pwr_mgmt.o
    0x00005680   0x00000008   Data   RO         3801    log_const_data      nrf_log_frontend.o
    0x00005688   0x00000014   Data   RO         3802    nrf_balloc          nrf_log_frontend.o
    0x0000569c   0x00000014   Data   RO          323    nrf_queue           st7565lcd.o


    Execution Region RW_IRAM1 (Base: 0x20000000, Size: 0x00002ca0, Max: 0x00040000, ABSOLUTE, COMPRESSED[0x0000007c])

    Base Addr    Size         Type   Attr      Idx    E Section Name        Object

    0x20000000   0x00000008   Data   RW           11    .data               main.o
    0x20000008   0x00000001   Data   RW           12    .data               main.o
    0x20000009   0x00000014   Data   RW          318    .data               st7565lcd.o
    0x2000001d   0x0000000c   Data   RW          319    .data               st7565lcd.o
    0x20000029   0x00000003   PAD
    0x2000002c   0x00000040   Data   RW          320    .data               st7565lcd.o
    0x2000006c   0x00000040   Data   RW          321    .data               st7565lcd.o
    0x200000ac   0x00000002   Data   RW          322    .data               st7565lcd.o
    0x200000ae   0x00000002   PAD
    0x200000b0   0x00000010   Data   RW          626    .data               bsp.o
    0x200000c0   0x00000014   Data   RW          905    .data               nrf_drv_uart.o
    0x200000d4   0x00000008   Data   RW         1225    .data               nrfx_clock.o
    0x200000dc   0x00000008   Data   RW         1640    .data               nrfx_prs.o
    0x200000e4   0x00000004   PAD
    0x200000e8   0x00000020   Data   RW         2203    .data               app_button.o
    0x20000108   0x00000014   Data   RW         2474    .data               app_timer.o
    0x2000011c   0x00000004   Data   RW         2625    .data               app_util_platform.o
    0x20000120   0x00000008   Data   RW         3188    .data               nrf_pwr_mgmt.o
    0x20000128   0x00000018   Data   RW         3659    .data               nrf_log_backend_uart.o
    0x20000140   0x00000008   Data   RW         3730    .data               nrf_log_default_backends.o
    0x20000148   0x00000008   Data   RW         3799    .data               nrf_log_frontend.o
    0x20000150   0x00000008   Data   RW         3800    .data               nrf_log_frontend.o
    0x20000158   0x00000040   Data   RW         3959    .data               nrf_log_str_formatter.o
    0x20000198   0x00000004   Data   RW         4375    .data               system_nrf52840.o
    0x2000019c   0x00000020   Zero   RW            9    .bss                main.o
    0x200001bc   0x00000040   Zero   RW          312    .bss                st7565lcd.o
    0x200001fc   0x0000000c   Zero   RW          313    .bss                st7565lcd.o
    0x20000208   0x0000001c   Zero   RW          314    .bss                st7565lcd.o
    0x20000224   0x00000200   Zero   RW          315    .bss                st7565lcd.o
    0x20000424   0x00000020   Zero   RW          621    .bss                bsp.o
    0x20000444   0x00000020   Zero   RW          622    .bss                bsp.o
    0x20000464   0x0000000c   Zero   RW          623    .bss                bsp.o
    0x20000470   0x00000020   Zero   RW          624    .bss                bsp.o
    0x20000490   0x00000014   Zero   RW          741    .bss                nrf_drv_clock.o
    0x200004a4   0x00000020   Zero   RW          870    .bss                nrf_drv_spi.o
    0x200004c4   0x0000006c   Zero   RW         1388    .bss                nrfx_gpiote.o
    0x20000530   0x0000002c   Zero   RW         1700    .bss                nrfx_spi.o
    0x2000055c   0x0000002c   Zero   RW         1844    .bss                nrfx_uart.o
    0x20000588   0x00000024   Zero   RW         2031    .bss                nrfx_uarte.o
    0x200005ac   0x00000020   Zero   RW         2201    .bss                app_button.o
    0x200005cc   0x0000010c   Zero   RW         2472    .bss                app_timer.o
    0x200006d8   0x0000000c   Zero   RW         3184    .bss                nrf_pwr_mgmt.o
    0x200006e4   0x00000040   Zero   RW         3656    .bss                nrf_log_backend_uart.o
    0x20000724   0x000000c0   Zero   RW         3793    .bss                nrf_log_frontend.o
    0x200007e4   0x00000080   Zero   RW         3794    .bss                nrf_log_frontend.o
    0x20000864   0x00000018   Zero   RW         3795    .bss                nrf_log_frontend.o
    0x2000087c   0x00000424   Zero   RW         3796    .bss                nrf_log_frontend.o
    0x20000ca0   0x00002000   Zero   RW         4363    STACK               arm_startup_nrf52840.o


==============================================================================

Image component sizes


      Code (inc. data)   RO Data    RW Data    ZI Data      Debug   Object Name

       444         38          8         32         32      54670   app_button.o
        22          0          0          0          0       2429   app_error.o
       132         46          0          0          0       3867   app_error_weak.o
      1490        118          6         20        268      48111   app_timer.o
        44         10          0          4          0       3268   app_util_platform.o
        36          8        512          0       8192        920   arm_startup_nrf52840.o
       504         62          8          0          0      39879   boards.o
       898         80         44         16        108      13939   bsp.o
       754        106        110          9         32      62452   main.o
       294          0          0          0          0       7743   nrf_atomic.o
       152          0          0          0          0       3516   nrf_balloc.o
       214         24         14          0         20      10065   nrf_drv_clock.o
        96         14          0          0         32       6323   nrf_drv_spi.o
       200         26          0         20          0      17740   nrf_drv_uart.o
        50          0          0          0          0       3477   nrf_fprintf.o
       866          4         16          0          0       5446   nrf_fprintf_format.o
      1668          0         12          0          0      15767   nrf_gfx.o
       200          0          0          0          0      11481   nrf_log_backend_serial.o
       232         44         44         24         64      20902   nrf_log_backend_uart.o
        28          4         33          8          0       3305   nrf_log_default_backends.o
      1432        116         44         16       1404      27752   nrf_log_frontend.o
       570        108        102         64          0       5580   nrf_log_str_formatter.o
       346          0          0          0          0       7983   nrf_memobj.o
         0          0          0          0          0       1472   nrf_nvic.o
        92         18         53          8         12      39034   nrf_pwr_mgmt.o
       394          0          0          0          0      12319   nrf_queue.o
        28          0          0          0          0       2327   nrf_ringbuf.o
        46          0          0          0          0       2012   nrf_section_iter.o
       464         14         28          0          0      24685   nrf_spi_mngr.o
       226         28         14          8          0      43279   nrfx_clock.o
      1374         92         23          0        108      59975   nrfx_gpiote.o
       102         16         12          8          0       4380   nrfx_prs.o
      1044         34         16          0         44      22985   nrfx_spi.o
      1332         46         17          0         44      27377   nrfx_uart.o
      1170         50         18          0         36      25451   nrfx_uarte.o
         0          0       2036          0          0        901   orkney8pts.o
       536         46        364        162        616      81356   st7565lcd.o
       476         60          0          4          0       2311   system_nrf52840.o

    ----------------------------------------------------------------------
     18002       1212       3600        412      11012     726479   Object Totals
         0          0         32          0          0          0   (incl. Generated)
        46          0         34          9          0          0   (incl. Padding)

    ----------------------------------------------------------------------

      Code (inc. data)   RO Data    RW Data    ZI Data      Debug   Library Member Name

        86          0          0          0          0          0   __dczerorl2.o
         8          4        133          0          0         68   ctype_o.o
         0          0          0          0          0          0   entry.o
         0          0          0          0          0          0   entry10a.o
         0          0          0          0          0          0   entry11a.o
         8          4          0          0          0          0   entry2.o
         4          0          0          0          0          0   entry5.o
         0          0          0          0          0          0   entry7b.o
         0          0          0          0          0          0   entry8b.o
         8          4          0          0          0          0   entry9a.o
        30          0          0          0          0          0   handlers.o
        36          8          0          0          0         68   init.o
        30          0          0          0          0         68   llshl.o
        32          0          0          0          0         68   llushr.o
        26          0          0          0          0         80   memcmp.o
        36          0          0          0          0         68   memcpya.o
        36          0          0          0          0        108   memseta.o
        14          0          0          0          0         68   strlen.o
        98          0          0          0          0         92   uldiv.o

    ----------------------------------------------------------------------
       454         20        136          0          0        688   Library Totals
         2          0          3          0          0          0   (incl. Padding)

    ----------------------------------------------------------------------

      Code (inc. data)   RO Data    RW Data    ZI Data      Debug   Library Name

       452         20        133          0          0        688   mc_w.l

    ----------------------------------------------------------------------
       454         20        136          0          0        688   Library Totals

    ----------------------------------------------------------------------

==============================================================================


      Code (inc. data)   RO Data    RW Data    ZI Data      Debug   

     18456       1232       3736        412      11012     703643   Grand Totals
     18456       1232       3736        124      11012     703643   ELF Image Totals (compressed)
     18456       1232       3736        124          0          0   ROM Totals

==============================================================================

    Total RO  Size (Code + RO Data)                22192 (  21.67kB)
    Total RW  Size (RW Data + ZI Data)             11424 (  11.16kB)
    Total ROM Size (Code + RO Data + RW Data)      22316 (  21.79kB)

==============================================================================

