Component: ARM Compiler 5.06 update 4 (build 422) Tool: armlink [4d35d2]

==============================================================================

Section Cross References

    main.o(i.Bluetooth_ReciveANDSend) refers to app_uart_fifo.o(i.app_uart_put) for app_uart_put
    main.o(i.Bluetooth_ReciveANDSend) refers to main.o(.data) for .data
    main.o(i.Bluetooth_ReciveANDSend) refers to main.o(.bss) for .bss
    main.o(i.SCAN_timeout_handler) refers to main.o(i.scan_start) for scan_start
    main.o(i.assert_nrf_callback) refers to app_error_handler_keil.o(.emb_text) for app_error_handler
    main.o(i.ble_evt_handler) refers to ble_nus_c.o(i.ble_nus_c_handles_assign) for ble_nus_c_handles_assign
    main.o(i.ble_evt_handler) refers to app_error.o(i.app_error_handler_bare) for app_error_handler_bare
    main.o(i.ble_evt_handler) refers to memcpya.o(.text) for __aeabi_memcpy
    main.o(i.ble_evt_handler) refers to bsp.o(i.bsp_indication_set) for bsp_indication_set
    main.o(i.ble_evt_handler) refers to ble_db_discovery.o(i.ble_db_discovery_start) for ble_db_discovery_start
    main.o(i.ble_evt_handler) refers to ble_conn_state.o(i.ble_conn_state_central_conn_count) for ble_conn_state_central_conn_count
    main.o(i.ble_evt_handler) refers to app_timer.o(i.app_timer_start) for app_timer_start
    main.o(i.ble_evt_handler) refers to ble_nus_c.o(i.ble_nus_c_init) for ble_nus_c_init
    main.o(i.ble_evt_handler) refers to main.o(.bss) for .bss
    main.o(i.ble_evt_handler) refers to main.o(.data) for .data
    main.o(i.ble_evt_handler) refers to main.o(.constdata) for .constdata
    main.o(i.ble_evt_handler) refers to main.o(i.ble_nus_c_evt_handler) for ble_nus_c_evt_handler
    main.o(i.ble_nus_c_evt_handler) refers to main.o(i.scan_start) for scan_start
    main.o(i.ble_nus_c_evt_handler) refers to ble_nus_c.o(i.ble_nus_c_handles_assign) for ble_nus_c_handles_assign
    main.o(i.ble_nus_c_evt_handler) refers to app_error.o(i.app_error_handler_bare) for app_error_handler_bare
    main.o(i.ble_nus_c_evt_handler) refers to ble_nus_c.o(i.ble_nus_c_tx_notif_enable) for ble_nus_c_tx_notif_enable
    main.o(i.ble_nus_c_evt_handler) refers to main.o(i.ble_nus_chars_received_uart_print) for ble_nus_chars_received_uart_print
    main.o(i.ble_nus_chars_received_uart_print) refers to memcpya.o(.text) for __aeabi_memcpy
    main.o(i.ble_nus_chars_received_uart_print) refers to app_scheduler.o(i.app_sched_event_put) for app_sched_event_put
    main.o(i.ble_nus_chars_received_uart_print) refers to main.o(.bss) for .bss
    main.o(i.ble_nus_chars_received_uart_print) refers to main.o(.data) for .data
    main.o(i.ble_nus_chars_received_uart_print) refers to main.o(i.Bluetooth_ReciveANDSend) for Bluetooth_ReciveANDSend
    main.o(i.bsp_event_handler) refers to nrf_pwr_mgmt.o(i.nrf_pwr_mgmt_shutdown) for nrf_pwr_mgmt_shutdown
    main.o(i.check_mac_save) refers to memcmp.o(.text) for memcmp
    main.o(i.check_mac_save) refers to nrf_ble_scan.o(.bss) for ADDR_wn_
    main.o(i.check_mac_save) refers to nrf_ble_scan.o(.data) for ADDR_counter
    main.o(i.check_mac_save) refers to main.o(.data) for .data
    main.o(i.clean_mac) refers to main.o(i.check_mac_save) for check_mac_save
    main.o(i.clean_mac) refers to memcmp.o(.text) for memcmp
    main.o(i.clean_mac) refers to memcpya.o(.text) for __aeabi_memcpy
    main.o(i.clean_mac) refers to main.o(.data) for .data
    main.o(i.clean_mac) refers to nrf_ble_scan.o(.bss) for ADDR_wn_
    main.o(i.clean_mac) refers to nrf_ble_scan.o(.data) for ADDR_counter
    main.o(i.db_disc_handler) refers to ble_nus_c.o(i.ble_nus_c_on_db_disc_evt) for ble_nus_c_on_db_disc_evt
    main.o(i.db_disc_handler) refers to main.o(.bss) for .bss
    main.o(i.gatt_evt_handler) refers to main.o(.data) for .data
    main.o(i.gatt_init) refers to nrf_ble_gatt.o(i.nrf_ble_gatt_init) for nrf_ble_gatt_init
    main.o(i.gatt_init) refers to app_error.o(i.app_error_handler_bare) for app_error_handler_bare
    main.o(i.gatt_init) refers to nrf_ble_gatt.o(i.nrf_ble_gatt_att_mtu_central_set) for nrf_ble_gatt_att_mtu_central_set
    main.o(i.gatt_init) refers to main.o(i.gatt_evt_handler) for gatt_evt_handler
    main.o(i.gatt_init) refers to main.o(.bss) for .bss
    main.o(i.main) refers to app_timer.o(i.app_timer_init) for app_timer_init
    main.o(i.main) refers to app_error.o(i.app_error_handler_bare) for app_error_handler_bare
    main.o(i.main) refers to app_timer.o(i.app_timer_create) for app_timer_create
    main.o(i.main) refers to memcpya.o(.text) for __aeabi_memcpy4
    main.o(i.main) refers to app_uart_fifo.o(i.app_uart_init) for app_uart_init
    main.o(i.main) refers to app_scheduler.o(i.app_sched_init) for app_sched_init
    main.o(i.main) refers to bsp.o(i.bsp_init) for bsp_init
    main.o(i.main) refers to bsp_btn_ble.o(i.bsp_btn_ble_init) for bsp_btn_ble_init
    main.o(i.main) refers to ble_db_discovery.o(i.ble_db_discovery_init) for ble_db_discovery_init
[...]
    shutdown_handler                         0x0002a5cd   Thumb Code    32  main.o(i.shutdown_handler)
    i.shutdown_process                       0x0002a5ec   Section        0  nrf_pwr_mgmt.o(i.shutdown_process)
    shutdown_process                         0x0002a5ed   Thumb Code    90  nrf_pwr_mgmt.o(i.shutdown_process)
    i.soc_evt_handler                        0x0002a65c   Section        0  nrf_drv_clock.o(i.soc_evt_handler)
    soc_evt_handler                          0x0002a65d   Thumb Code    18  nrf_drv_clock.o(i.soc_evt_handler)
    i.softdevices_evt_irq_enable             0x0002a674   Section        0  nrf_sdh.o(i.softdevices_evt_irq_enable)
    softdevices_evt_irq_enable               0x0002a675   Thumb Code    80  nrf_sdh.o(i.softdevices_evt_irq_enable)
    i.test_timeout_handler                   0x0002a6cc   Section        0  main.o(i.test_timeout_handler)
    i.timer_list_handler                     0x0002a6d0   Section        0  app_timer.o(i.timer_list_handler)
    timer_list_handler                       0x0002a6d1   Thumb Code   122  app_timer.o(i.timer_list_handler)
    i.timer_list_insert                      0x0002a750   Section        0  app_timer.o(i.timer_list_insert)
    timer_list_insert                        0x0002a751   Thumb Code    56  app_timer.o(i.timer_list_insert)
    i.timer_list_remove                      0x0002a78c   Section        0  app_timer.o(i.timer_list_remove)
    timer_list_remove                        0x0002a78d   Thumb Code    88  app_timer.o(i.timer_list_remove)
    i.timer_stop_op_schedule                 0x0002a7ec   Section        0  app_timer.o(i.timer_stop_op_schedule)
    timer_stop_op_schedule                   0x0002a7ed   Thumb Code    68  app_timer.o(i.timer_stop_op_schedule)
    i.timer_timeouts_check                   0x0002a834   Section        0  app_timer.o(i.timer_timeouts_check)
    timer_timeouts_check                     0x0002a835   Thumb Code   106  app_timer.o(i.timer_timeouts_check)
    i.tx_byte                                0x0002a8a8   Section        0  nrfx_uart.o(i.tx_byte)
    tx_byte                                  0x0002a8a9   Thumb Code    32  nrfx_uart.o(i.tx_byte)
    i.tx_done_event                          0x0002a8c8   Section        0  nrfx_uart.o(i.tx_done_event)
    tx_done_event                            0x0002a8c9   Thumb Code    26  nrfx_uart.o(i.tx_done_event)
    i.uart_event_handle                      0x0002a8e4   Section        0  main.o(i.uart_event_handle)
    i.uart_event_handler                     0x0002a9e8   Section        0  app_uart_fifo.o(i.uart_event_handler)
    uart_event_handler                       0x0002a9e9   Thumb Code   152  app_uart_fifo.o(i.uart_event_handler)
    i.uart_evt_handler                       0x0002aa88   Section        0  nrf_drv_uart.o(i.uart_evt_handler)
    uart_evt_handler                         0x0002aa89   Thumb Code    42  nrf_drv_uart.o(i.uart_evt_handler)
    i.uart_irq_handler                       0x0002aab8   Section        0  nrfx_uart.o(i.uart_irq_handler)
    uart_irq_handler                         0x0002aab9   Thumb Code   296  nrfx_uart.o(i.uart_irq_handler)
    i.uarte_evt_handler                      0x0002abe0   Section        0  nrf_drv_uart.o(i.uarte_evt_handler)
    uarte_evt_handler                        0x0002abe1   Thumb Code    42  nrf_drv_uart.o(i.uarte_evt_handler)
    i.uarte_irq_handler                      0x0002ac10   Section        0  nrfx_uarte.o(i.uarte_irq_handler)
    uarte_irq_handler                        0x0002ac11   Thumb Code   242  nrfx_uarte.o(i.uarte_irq_handler)
    i.user_op_alloc                          0x0002ad04   Section        0  app_timer.o(i.user_op_alloc)
    user_op_alloc                            0x0002ad05   Thumb Code    42  app_timer.o(i.user_op_alloc)
    i.wakeup_button_cfg                      0x0002ad34   Section        0  bsp.o(i.wakeup_button_cfg)
    wakeup_button_cfg                        0x0002ad35   Thumb Code    70  bsp.o(i.wakeup_button_cfg)
    .constdata                               0x0002ad80   Section       44  main.o(.constdata)
    m_test_timer_id                          0x0002ad80   Data           4  main.o(.constdata)
    m_SCAN_timer_id                          0x0002ad84   Data           4  main.o(.constdata)
    m_nus_uuid                               0x0002ad88   Data           4  main.o(.constdata)
    m_nus_uuid_6050                          0x0002ad8c   Data           4  main.o(.constdata)
    m_nus_uuid_GHG                           0x0002ad90   Data           4  main.o(.constdata)
    .constdata                               0x0002adac   Section        8  boards.o(.constdata)
    m_board_led_list                         0x0002adac   Data           4  boards.o(.constdata)
    m_board_btn_list                         0x0002adb0   Data           4  boards.o(.constdata)
    .constdata                               0x0002adb4   Section       44  bsp.o(.constdata)
    m_bsp_leds_tmr                           0x0002adb4   Data           4  bsp.o(.constdata)
    m_bsp_alert_tmr                          0x0002adb8   Data           4  bsp.o(.constdata)
    m_bsp_button_tmr                         0x0002adbc   Data           4  bsp.o(.constdata)
    app_buttons                              0x0002adc0   Data          32  bsp.o(.constdata)
    .constdata                               0x0002ade0   Section      124  ble_db_discovery.o(.constdata)
    .constdata                               0x0002ae5c   Section       22  nrf_ble_gatt.o(.constdata)
    .constdata                               0x0002ae74   Section       40  ble_nus_c.o(.constdata)
    .constdata                               0x0002ae9c   Section        8  nrfx_gpiote.o(.constdata)
    .constdata                               0x0002aea4   Section        4  nrfx_uart.o(.constdata)
    irq_handlers                             0x0002aea4   Data           4  nrfx_uart.o(.constdata)
    .constdata                               0x0002aea8   Section        4  nrfx_uarte.o(.constdata)
    irq_handlers                             0x0002aea8   Data           4  nrfx_uarte.o(.constdata)
    .constdata                               0x0002aeac   Section        8  app_button.o(.constdata)
    m_detection_delay_timer_id               0x0002aeb0   Data           4  app_button.o(.constdata)
    .constdata                               0x0002aec0   Section        6  app_timer.o(.constdata)
    delay_machine_code                       0x0002aec0   Data           6  app_timer.o(.constdata)
    .constdata                               0x0002aec8   Section       32  app_uart_fifo.o(.constdata)
    .constdata                               0x0002aee8   Section       24  nrf_pwr_mgmt.o(.constdata)
    pwr_mgmt_data_array                      0x0002aee8   Data          24  nrf_pwr_mgmt.o(.constdata)
    .constdata                               0x0002af00   Section       12  nrf_pwr_mgmt.o(.constdata)
    pwr_mgmt_data                            0x0002af00   Data          12  nrf_pwr_mgmt.o(.constdata)
    .constdata                               0x0002af0c   Section       16  nrf_sdh.o(.constdata)
    sdh_req_observers_array                  0x0002af0c   Data          16  nrf_sdh.o(.constdata)
    .constdata                               0x0002af1c   Section       40  nrf_sdh.o(.constdata)
    sdh_req_observers                        0x0002af20   Data          12  nrf_sdh.o(.constdata)
    sdh_state_observers                      0x0002af2c   Data          12  nrf_sdh.o(.constdata)
    sdh_stack_observers                      0x0002af38   Data          12  nrf_sdh.o(.constdata)
    .constdata                               0x0002af44   Section       16  nrf_sdh.o(.constdata)
    sdh_state_observers_array                0x0002af44   Data          16  nrf_sdh.o(.constdata)
    .constdata                               0x0002af54   Section       16  nrf_sdh.o(.constdata)
    sdh_stack_observers_array                0x0002af54   Data          16  nrf_sdh.o(.constdata)
    .constdata                               0x0002af64   Section       32  nrf_sdh_ble.o(.constdata)
    sdh_ble_observers_array                  0x0002af64   Data          32  nrf_sdh_ble.o(.constdata)
    .constdata                               0x0002af84   Section       16  nrf_sdh_ble.o(.constdata)
    sdh_ble_observers                        0x0002af88   Data          12  nrf_sdh_ble.o(.constdata)
    .constdata                               0x0002af94   Section       16  nrf_sdh_soc.o(.constdata)
    sdh_soc_observers_array                  0x0002af94   Data          16  nrf_sdh_soc.o(.constdata)
    .constdata                               0x0002afa4   Section       12  nrf_sdh_soc.o(.constdata)
    sdh_soc_observers                        0x0002afa4   Data          12  nrf_sdh_soc.o(.constdata)
    pwr_mgmt_data1                           0x0002afd0   Section        4  main.o(pwr_mgmt_data1)
    __tagsym$$used                           0x0002afd0   Number         0  main.o(pwr_mgmt_data1)
    shutdown_handler_handler_function        0x0002afd0   Data           4  main.o(pwr_mgmt_data1)
    sdh_ble_observers0                       0x0002afd4   Section        8  ble_conn_state.o(sdh_ble_observers0)
    __tagsym$$used                           0x0002afd4   Number         0  ble_conn_state.o(sdh_ble_observers0)
    m_ble_evt_observer                       0x0002afd4   Data           8  ble_conn_state.o(sdh_ble_observers0)
    sdh_ble_observers1                       0x0002afdc   Section       40  main.o(sdh_ble_observers1)
    __tagsym$$used                           0x0002afdc   Number         0  main.o(sdh_ble_observers1)
    m_gatt_obs                               0x0002afdc   Data           8  main.o(sdh_ble_observers1)
    __tagsym$$used                           0x0002afe4   Number         0  main.o(sdh_ble_observers1)
    m_db_disc_obs                            0x0002afe4   Data           8  main.o(sdh_ble_observers1)
    __tagsym$$used                           0x0002afec   Number         0  main.o(sdh_ble_observers1)
    m_scan_ble_obs                           0x0002afec   Data           8  main.o(sdh_ble_observers1)
    __tagsym$$used                           0x0002aff4   Number         0  main.o(sdh_ble_observers1)
    m_scan_6050_ble_obs                      0x0002aff4   Data           8  main.o(sdh_ble_observers1)
    __tagsym$$used                           0x0002affc   Number         0  main.o(sdh_ble_observers1)
    m_scan_GHG_ble_obs                       0x0002affc   Data           8  main.o(sdh_ble_observers1)
    sdh_ble_observers1                       0x0002b004   Section        8  bsp_btn_ble.o(sdh_ble_observers1)
    __tagsym$$used                           0x0002b004   Number         0  bsp_btn_ble.o(sdh_ble_observers1)
    m_ble_observer                           0x0002b004   Data           8  bsp_btn_ble.o(sdh_ble_observers1)
    sdh_ble_observers2                       0x0002b00c   Section      168  main.o(sdh_ble_observers2)
    __tagsym$$used                           0x0002b00c   Number         0  main.o(sdh_ble_observers2)
    m_ble_wangnan_c_obs                      0x0002b00c   Data           8  main.o(sdh_ble_observers2)
    __tagsym$$used                           0x0002b014   Number         0  main.o(sdh_ble_observers2)
    m_ble_nus_c_obs                          0x0002b014   Data         160  main.o(sdh_ble_observers2)
    sdh_ble_observers3                       0x0002b0b4   Section        8  main.o(sdh_ble_observers3)
    __tagsym$$used                           0x0002b0b4   Number         0  main.o(sdh_ble_observers3)
    m_ble_observer                           0x0002b0b4   Data           8  main.o(sdh_ble_observers3)
    sdh_soc_observers0                       0x0002b0bc   Section        8  nrf_drv_clock.o(sdh_soc_observers0)
    __tagsym$$used                           0x0002b0bc   Number         0  nrf_drv_clock.o(sdh_soc_observers0)
    m_soc_evt_observer                       0x0002b0bc   Data           8  nrf_drv_clock.o(sdh_soc_observers0)
    sdh_stack_observers0                     0x0002b0c4   Section        8  nrf_sdh_ble.o(sdh_stack_observers0)
    __tagsym$$used                           0x0002b0c4   Number         0  nrf_sdh_ble.o(sdh_stack_observers0)
    m_nrf_sdh_ble_evts_poll                  0x0002b0c4   Data           8  nrf_sdh_ble.o(sdh_stack_observers0)
    sdh_stack_observers0                     0x0002b0cc   Section        8  nrf_sdh_soc.o(sdh_stack_observers0)
    __tagsym$$used                           0x0002b0cc   Number         0  nrf_sdh_soc.o(sdh_stack_observers0)
    m_nrf_sdh_soc_evts_poll                  0x0002b0cc   Data           8  nrf_sdh_soc.o(sdh_stack_observers0)
    sdh_state_observers0                     0x0002b0d4   Section        8  nrf_drv_clock.o(sdh_state_observers0)
    __tagsym$$used                           0x0002b0d4   Number         0  nrf_drv_clock.o(sdh_state_observers0)
    m_sd_state_observer                      0x0002b0d4   Data           8  nrf_drv_clock.o(sdh_state_observers0)
    .data                                    0x2000aa88   Section      728  main.o(.data)
    m_ble_nus_max_data_len                   0x2000aa8a   Data           2  main.o(.data)
    m_db_disc                                0x2000aa94   Data         716  main.o(.data)
    .data                                    0x2000ad60   Section       16  bsp.o(.data)
    m_stable_state                           0x2000ad60   Data           1  bsp.o(.data)
    m_leds_clear                             0x2000ad61   Data           1  bsp.o(.data)
    m_alert_on                               0x2000ad62   Data           1  bsp.o(.data)
    current_long_push_pin_no                 0x2000ad63   Data           1  bsp.o(.data)
    m_indication_type                        0x2000ad64   Data           4  bsp.o(.data)
    m_registered_callback                    0x2000ad68   Data           4  bsp.o(.data)
    release_event_at_push                    0x2000ad6c   Data           4  bsp.o(.data)
    .data                                    0x2000ad70   Section        8  bsp_btn_ble.o(.data)
    m_error_handler                          0x2000ad70   Data           4  bsp_btn_ble.o(.data)
    m_num_connections                        0x2000ad74   Data           4  bsp_btn_ble.o(.data)
    .data                                    0x2000ad78   Section       16  ble_db_discovery.o(.data)
    m_initialized                            0x2000ad78   Data           1  ble_db_discovery.o(.data)
    m_evt_handler                            0x2000ad7c   Data           4  ble_db_discovery.o(.data)
    m_pending_usr_evt_index                  0x2000ad80   Data           4  ble_db_discovery.o(.data)
    m_num_of_handlers_reg                    0x2000ad84   Data           4  ble_db_discovery.o(.data)
    .data                                    0x2000ad88   Section        1  nrf_ble_scan.o(.data)
    .data                                    0x2000ad8c   Section       20  nrf_drv_uart.o(.data)
    m_handlers                               0x2000ad90   Data           8  nrf_drv_uart.o(.data)
    m_contexts                               0x2000ad98   Data           8  nrf_drv_uart.o(.data)
    .data                                    0x2000ada0   Section        8  nrfx_clock.o(.data)
    m_clock_cb                               0x2000ada0   Data           8  nrfx_clock.o(.data)
    .data                                    0x2000ada8   Section        8  nrfx_prs.o(.data)
    m_prs_box_4                              0x2000ada8   Data           8  nrfx_prs.o(.data)
    .data                                    0x2000adb0   Section       32  app_button.o(.data)
    m_button_count                           0x2000adb0   Data           1  app_button.o(.data)
    mp_buttons                               0x2000adb4   Data           4  app_button.o(.data)
    m_detection_delay                        0x2000adb8   Data           4  app_button.o(.data)
    m_pin_state                              0x2000adc0   Data           8  app_button.o(.data)
    m_pin_transition                         0x2000adc8   Data           8  app_button.o(.data)
    .data                                    0x2000add0   Section       16  app_scheduler.o(.data)
    m_queue_start_index                      0x2000add0   Data           1  app_scheduler.o(.data)
    m_queue_end_index                        0x2000add1   Data           1  app_scheduler.o(.data)
    m_queue_event_size                       0x2000add2   Data           2  app_scheduler.o(.data)
    m_queue_size                             0x2000add4   Data           2  app_scheduler.o(.data)
    m_queue_event_headers                    0x2000add8   Data           4  app_scheduler.o(.data)
    m_queue_event_data                       0x2000addc   Data           4  app_scheduler.o(.data)
    .data                                    0x2000ade0   Section       20  app_timer.o(.data)
    m_ticks_elapsed_q_read_ind               0x2000ade0   Data           1  app_timer.o(.data)
    m_ticks_elapsed_q_write_ind              0x2000ade1   Data           1  app_timer.o(.data)
    m_rtc1_running                           0x2000ade2   Data           1  app_timer.o(.data)
    m_rtc1_reset                             0x2000ade3   Data           1  app_timer.o(.data)
    mp_timer_id_head                         0x2000ade4   Data           4  app_timer.o(.data)
    m_ticks_latest                           0x2000ade8   Data           4  app_timer.o(.data)
    m_ticks_elapsed                          0x2000adec   Data           8  app_timer.o(.data)
    .data                                    0x2000adf4   Section       28  app_uart_fifo.o(.data)
    tx_buffer                                0x2000adf4   Data           1  app_uart_fifo.o(.data)
    rx_buffer                                0x2000adf5   Data           1  app_uart_fifo.o(.data)
    m_rx_ovf                                 0x2000adf6   Data           1  app_uart_fifo.o(.data)
    m_event_handler                          0x2000adf8   Data           4  app_uart_fifo.o(.data)
    app_uart_inst                            0x2000adfc   Data          20  app_uart_fifo.o(.data)
    .data                                    0x2000ae10   Section        8  nrf_pwr_mgmt.o(.data)
    m_pwr_mgmt_evt                           0x2000ae10   Data           1  nrf_pwr_mgmt.o(.data)
    m_shutdown_started                       0x2000ae11   Data           1  nrf_pwr_mgmt.o(.data)
    m_sysoff_mtx                             0x2000ae14   Data           4  nrf_pwr_mgmt.o(.data)
    .data                                    0x2000ae18   Section        4  retarget.o(.data)
    .data                                    0x2000ae1c   Section        3  nrf_sdh.o(.data)
    m_nrf_sdh_enabled                        0x2000ae1c   Data           1  nrf_sdh.o(.data)
    m_nrf_sdh_suspended                      0x2000ae1d   Data           1  nrf_sdh.o(.data)
    m_nrf_sdh_continue                       0x2000ae1e   Data           1  nrf_sdh.o(.data)
    .data                                    0x2000ae1f   Section        1  nrf_sdh_ble.o(.data)
    m_stack_is_enabled                       0x2000ae1f   Data           1  nrf_sdh_ble.o(.data)
    .data                                    0x2000ae20   Section        4  system_nrf52840.o(.data)
    __tagsym$$used                           0x2000ae20   Number         0  system_nrf52840.o(.data)
    .bss                                     0x2000ae24   Section       32  main.o(.bss)
    m_test_timer_id_data                     0x2000ae24   Data          32  main.o(.bss)
    .bss                                     0x2000ae44   Section       32  main.o(.bss)
    m_SCAN_timer_id_data                     0x2000ae44   Data          32  main.o(.bss)
    .bss                                     0x2000ae64   Section     3700  main.o(.bss)
    rx_buf                                   0x2000ae64   Data         256  main.o(.bss)
    tx_buf                                   0x2000af64   Data         256  main.o(.bss)
    APP_SCHED_BUF                            0x2000b064   Data        1800  main.o(.bss)
    m_ble_nus_c                              0x2000b77c   Data         800  main.o(.bss)
    m_gatt                                   0x2000ba9c   Data         172  main.o(.bss)
    m_scan                                   0x2000bb48   Data          84  main.o(.bss)
    m_scan_6050                              0x2000bb9c   Data          84  main.o(.bss)
    m_scan_GHG                               0x2000bbf0   Data          84  main.o(.bss)
    .bss                                     0x2000bcd8   Section       40  main.o(.bss)
    m_ble_wangnan_c                          0x2000bcd8   Data          40  main.o(.bss)
    .bss                                     0x2000bd00   Section       32  bsp.o(.bss)
    m_bsp_leds_tmr_data                      0x2000bd00   Data          32  bsp.o(.bss)
    .bss                                     0x2000bd20   Section       32  bsp.o(.bss)
    m_bsp_alert_tmr_data                     0x2000bd20   Data          32  bsp.o(.bss)
    .bss                                     0x2000bd40   Section       12  bsp.o(.bss)
    m_events_list                            0x2000bd40   Data          12  bsp.o(.bss)
    .bss                                     0x2000bd4c   Section       32  bsp.o(.bss)
    m_bsp_button_tmr_data                    0x2000bd4c   Data          32  bsp.o(.bss)
    .bss                                     0x2000bd6c   Section      792  ble_db_discovery.o(.bss)
    m_registered_handlers                    0x2000bd6c   Data          24  ble_db_discovery.o(.bss)
    m_pending_user_evts                      0x2000bd84   Data         768  ble_db_discovery.o(.bss)
    .bss                                     0x2000c084   Section      120  nrf_ble_scan.o(.bss)
    .bss                                     0x2000c0fc   Section      120  ble_conn_state.o(.bss)
    m_bcs                                    0x2000c0fc   Data         120  ble_conn_state.o(.bss)
    .bss                                     0x2000c174   Section       20  nrf_drv_clock.o(.bss)
    m_clock_cb                               0x2000c174   Data          20  nrf_drv_clock.o(.bss)
    .bss                                     0x2000c188   Section      108  nrfx_gpiote.o(.bss)
    m_cb                                     0x2000c188   Data         108  nrfx_gpiote.o(.bss)
    .bss                                     0x2000c1f4   Section       44  nrfx_uart.o(.bss)
    m_cb                                     0x2000c1f4   Data          44  nrfx_uart.o(.bss)
    .bss                                     0x2000c220   Section       36  nrfx_uarte.o(.bss)
    m_cb                                     0x2000c220   Data          36  nrfx_uarte.o(.bss)
    .bss                                     0x2000c244   Section       32  app_button.o(.bss)
    m_detection_delay_timer_id_data          0x2000c244   Data          32  app_button.o(.bss)
    .bss                                     0x2000c264   Section      268  app_timer.o(.bss)
    m_op_queue                               0x2000c264   Data         268  app_timer.o(.bss)
    .bss                                     0x2000c370   Section       32  app_uart_fifo.o(.bss)
    m_rx_fifo                                0x2000c370   Data          16  app_uart_fifo.o(.bss)
    m_tx_fifo                                0x2000c380   Data          16  app_uart_fifo.o(.bss)
    .bss                                     0x2000c390   Section       12  app_util_platform.o(.bss)
    .bss                                     0x2000c39c   Section       12  nrf_pwr_mgmt.o(.bss)
    m_handlers_iter                          0x2000c39c   Data          12  nrf_pwr_mgmt.o(.bss)
    STACK                                    0x2000c3a8   Section     8192  arm_startup_nrf52840.o(STACK)

    Global Symbols

    Symbol Name                              Value     Ov Type        Size  Object(Section)

    BuildAttributes$$THM_ISAv4$E$P$D$K$B$S$7EM$VFPi3$EXTD16$VFPS$VFMA$PE$A:L22UL41UL21$X:L11$S22US41US21$IEEE1$IW$USESV6$~STKCKD$USESV7$~SHL$OSPACE$ROPI$EBA8$MICROLIB$REQ8$EABIv2 0x00000000   Number         0  anon$$obj.o ABSOLUTE
    __ARM_use_no_argv                        0x00000000   Number         0  main.o ABSOLUTE
    _printf_a                                0x00000000   Number         0  stubs.o ABSOLUTE
    _printf_c                                0x00000000   Number         0  stubs.o ABSOLUTE
    _printf_charcount                        0x00000000   Number         0  stubs.o ABSOLUTE
    _printf_d                                0x00000000   Number         0  stubs.o ABSOLUTE
    _printf_e                                0x00000000   Number         0  stubs.o ABSOLUTE
    _printf_f                                0x00000000   Number         0  stubs.o ABSOLUTE
    _printf_flags                            0x00000000   Number         0  stubs.o ABSOLUTE
    _printf_fp_dec                           0x00000000   Number         0  stubs.o ABSOLUTE
    _printf_fp_hex                           0x00000000   Number         0  stubs.o ABSOLUTE
    _printf_g                                0x00000000   Number         0  stubs.o ABSOLUTE
    _printf_i                                0x00000000   Number         0  stubs.o ABSOLUTE
    _printf_int_dec                          0x00000000   Number         0  stubs.o ABSOLUTE
    _printf_l                                0x00000000   Number         0  stubs.o ABSOLUTE
    _printf_lc                               0x00000000   Number         0  stubs.o ABSOLUTE
    _printf_ll                               0x00000000   Number         0  stubs.o ABSOLUTE
    _printf_lld                              0x00000000   Number         0  stubs.o ABSOLUTE
    _printf_lli                              0x00000000   Number         0  stubs.o ABSOLUTE
    _printf_llo                              0x00000000   Number         0  stubs.o ABSOLUTE
    _printf_llu                              0x00000000   Number         0  stubs.o ABSOLUTE
    _printf_llx                              0x00000000   Number         0  stubs.o ABSOLUTE
    _printf_longlong_dec                     0x00000000   Number         0  stubs.o ABSOLUTE
    _printf_longlong_hex                     0x00000000   Number         0  stubs.o ABSOLUTE
    _printf_longlong_oct                     0x00000000   Number         0  stubs.o ABSOLUTE
    _printf_ls                               0x00000000   Number         0  stubs.o ABSOLUTE
    _printf_mbtowc                           0x00000000   Number         0  stubs.o ABSOLUTE
    _printf_n                                0x00000000   Number         0  stubs.o ABSOLUTE
    _printf_o                                0x00000000   Number         0  stubs.o ABSOLUTE
    _printf_p                                0x00000000   Number         0  stubs.o ABSOLUTE
    _printf_percent                          0x00000000   Number         0  stubs.o ABSOLUTE
    _printf_pre_padding                      0x00000000   Number         0  stubs.o ABSOLUTE
    _printf_return_value                     0x00000000   Number         0  stubs.o ABSOLUTE
    _printf_s                                0x00000000   Number         0  stubs.o ABSOLUTE
    _printf_sizespec                         0x00000000   Number         0  stubs.o ABSOLUTE
    _printf_str                              0x00000000   Number         0  stubs.o ABSOLUTE
    _printf_truncate_signed                  0x00000000   Number         0  stubs.o ABSOLUTE
    _printf_truncate_unsigned                0x00000000   Number         0  stubs.o ABSOLUTE
    _printf_u                                0x00000000   Number         0  stubs.o ABSOLUTE
    _printf_wc                               0x00000000   Number         0  stubs.o ABSOLUTE
    _printf_wctomb                           0x00000000   Number         0  stubs.o ABSOLUTE
    _printf_widthprec                        0x00000000   Number         0  stubs.o ABSOLUTE
    _printf_x                                0x00000000   Number         0  stubs.o ABSOLUTE
    __cpp_initialize__aeabi_                  - Undefined Weak Reference
    __cxa_finalize                            - Undefined Weak Reference
    _clock_init                               - Undefined Weak Reference
    _microlib_exit                            - Undefined Weak Reference
    pwr_mgmt_data0$$Base                      - Undefined Reference
    pwr_mgmt_data0$$Limit                     - Undefined Reference
    pwr_mgmt_data2$$Base                      - Undefined Reference
    pwr_mgmt_data2$$Limit                     - Undefined Reference
    sdh_req_observers0$$Base                  - Undefined Reference
    sdh_req_observers0$$Limit                 - Undefined Reference
    sdh_req_observers1$$Base                  - Undefined Reference
    sdh_req_observers1$$Limit                 - Undefined Reference
    sdh_soc_observers1$$Base                  - Undefined Reference
    sdh_soc_observers1$$Limit                 - Undefined Reference
    sdh_stack_observers1$$Base                - Undefined Reference
    sdh_stack_observers1$$Limit               - Undefined Reference
    sdh_state_observers1$$Base                - Undefined Reference
    sdh_state_observers1$$Limit               - Undefined Reference
    __Vectors_Size                           0x00000200   Number         0  arm_startup_nrf52840.o ABSOLUTE
    __Vectors                                0x00026000   Data           4  arm_startup_nrf52840.o(RESET)
    __Vectors_End                            0x00026200   Data           0  arm_startup_nrf52840.o(RESET)
    __main                                   0x00026201   Thumb Code     0  entry.o(.ARM.Collect$$$$00000000)
    _main_stk                                0x00026201   Thumb Code     0  entry2.o(.ARM.Collect$$$$00000001)
    _main_scatterload                        0x00026205   Thumb Code     0  entry5.o(.ARM.Collect$$$$00000004)
    __main_after_scatterload                 0x00026209   Thumb Code     0  entry5.o(.ARM.Collect$$$$00000004)
    _main_clock                              0x00026209   Thumb Code     0  entry7b.o(.ARM.Collect$$$$00000008)
    _main_cpp_init                           0x00026209   Thumb Code     0  entry8b.o(.ARM.Collect$$$$0000000A)
    _main_init                               0x00026209   Thumb Code     0  entry9a.o(.ARM.Collect$$$$0000000B)
    __rt_final_cpp                           0x00026211   Thumb Code     0  entry10a.o(.ARM.Collect$$$$0000000D)
    __rt_final_exit                          0x00026211   Thumb Code     0  entry11a.o(.ARM.Collect$$$$0000000F)
    __asm___12_nrf_atomic_c_85ca2469__nrf_atomic_internal_mov 0x00026215   Thumb Code    24  nrf_atomic.o(.emb_text)
    __asm___12_nrf_atomic_c_85ca2469__nrf_atomic_internal_orr 0x0002622d   Thumb Code    26  nrf_atomic.o(.emb_text)
    __asm___12_nrf_atomic_c_85ca2469__nrf_atomic_internal_and 0x00026247   Thumb Code    26  nrf_atomic.o(.emb_text)
    __asm___12_nrf_atomic_c_85ca2469__nrf_atomic_internal_eor 0x00026261   Thumb Code    26  nrf_atomic.o(.emb_text)
    __asm___12_nrf_atomic_c_85ca2469__nrf_atomic_internal_add 0x0002627b   Thumb Code    26  nrf_atomic.o(.emb_text)
    __asm___12_nrf_atomic_c_85ca2469__nrf_atomic_internal_sub 0x00026295   Thumb Code    26  nrf_atomic.o(.emb_text)
    __asm___12_nrf_atomic_c_85ca2469__nrf_atomic_internal_cmp_exch 0x000262af   Thumb Code    42  nrf_atomic.o(.emb_text)
    __asm___12_nrf_atomic_c_85ca2469__nrf_atomic_internal_sub_hs 0x000262d9   Thumb Code    30  nrf_atomic.o(.emb_text)
    Reset_Handler                            0x000262f9   Thumb Code     8  arm_startup_nrf52840.o(.text)
    NMI_Handler                              0x00026301   Thumb Code     2  arm_startup_nrf52840.o(.text)
    HardFault_Handler                        0x00026303   Thumb Code     4  arm_startup_nrf52840.o(.text)
    MemoryManagement_Handler                 0x00026307   Thumb Code     2  arm_startup_nrf52840.o(.text)
    BusFault_Handler                         0x00026309   Thumb Code     2  arm_startup_nrf52840.o(.text)
    UsageFault_Handler                       0x0002630b   Thumb Code     2  arm_startup_nrf52840.o(.text)
    SVC_Handler                              0x0002630d   Thumb Code     2  arm_startup_nrf52840.o(.text)
    DebugMon_Handler                         0x0002630f   Thumb Code     2  arm_startup_nrf52840.o(.text)
    PendSV_Handler                           0x00026311   Thumb Code     2  arm_startup_nrf52840.o(.text)
    SysTick_Handler                          0x00026313   Thumb Code     2  arm_startup_nrf52840.o(.text)
    CCM_AAR_IRQHandler                       0x00026315   Thumb Code     0  arm_startup_nrf52840.o(.text)
    COMP_LPCOMP_IRQHandler                   0x00026315   Thumb Code     0  arm_startup_nrf52840.o(.text)
    CRYPTOCELL_IRQHandler                    0x00026315   Thumb Code     0  arm_startup_nrf52840.o(.text)
    ECB_IRQHandler                           0x00026315   Thumb Code     0  arm_startup_nrf52840.o(.text)
    FPU_IRQHandler                           0x00026315   Thumb Code     0  arm_startup_nrf52840.o(.text)
    I2S_IRQHandler                           0x00026315   Thumb Code     0  arm_startup_nrf52840.o(.text)
    MWU_IRQHandler                           0x00026315   Thumb Code     0  arm_startup_nrf52840.o(.text)
    NFCT_IRQHandler                          0x00026315   Thumb Code     0  arm_startup_nrf52840.o(.text)
    PDM_IRQHandler                           0x00026315   Thumb Code     0  arm_startup_nrf52840.o(.text)
    PWM0_IRQHandler                          0x00026315   Thumb Code     0  arm_startup_nrf52840.o(.text)
    PWM1_IRQHandler                          0x00026315   Thumb Code     0  arm_startup_nrf52840.o(.text)
    PWM2_IRQHandler                          0x00026315   Thumb Code     0  arm_startup_nrf52840.o(.text)
    PWM3_IRQHandler                          0x00026315   Thumb Code     0  arm_startup_nrf52840.o(.text)
    QDEC_IRQHandler                          0x00026315   Thumb Code     0  arm_startup_nrf52840.o(.text)
    QSPI_IRQHandler                          0x00026315   Thumb Code     0  arm_startup_nrf52840.o(.text)
    RADIO_IRQHandler                         0x00026315   Thumb Code     0  arm_startup_nrf52840.o(.text)
    RNG_IRQHandler                           0x00026315   Thumb Code     0  arm_startup_nrf52840.o(.text)
    RTC0_IRQHandler                          0x00026315   Thumb Code     0  arm_startup_nrf52840.o(.text)
    RTC2_IRQHandler                          0x00026315   Thumb Code     0  arm_startup_nrf52840.o(.text)
    SAADC_IRQHandler                         0x00026315   Thumb Code     0  arm_startup_nrf52840.o(.text)
    SPIM0_SPIS0_TWIM0_TWIS0_SPI0_TWI0_IRQHandler 0x00026315   Thumb Code     0  arm_startup_nrf52840.o(.text)
    SPIM1_SPIS1_TWIM1_TWIS1_SPI1_TWI1_IRQHandler 0x00026315   Thumb Code     0  arm_startup_nrf52840.o(.text)
    SPIM2_SPIS2_SPI2_IRQHandler              0x00026315   Thumb Code     0  arm_startup_nrf52840.o(.text)
    SPIM3_IRQHandler                         0x00026315   Thumb Code     0  arm_startup_nrf52840.o(.text)
    SWI1_EGU1_IRQHandler                     0x00026315   Thumb Code     0  arm_startup_nrf52840.o(.text)
    SWI3_EGU3_IRQHandler                     0x00026315   Thumb Code     0  arm_startup_nrf52840.o(.text)
    SWI4_EGU4_IRQHandler                     0x00026315   Thumb Code     0  arm_startup_nrf52840.o(.text)
    SWI5_EGU5_IRQHandler                     0x00026315   Thumb Code     0  arm_startup_nrf52840.o(.text)
    TEMP_IRQHandler                          0x00026315   Thumb Code     0  arm_startup_nrf52840.o(.text)
    TIMER0_IRQHandler                        0x00026315   Thumb Code     0  arm_startup_nrf52840.o(.text)
    TIMER1_IRQHandler                        0x00026315   Thumb Code     0  arm_startup_nrf52840.o(.text)
    TIMER2_IRQHandler                        0x00026315   Thumb Code     0  arm_startup_nrf52840.o(.text)
    TIMER3_IRQHandler                        0x00026315   Thumb Code     0  arm_startup_nrf52840.o(.text)
    TIMER4_IRQHandler                        0x00026315   Thumb Code     0  arm_startup_nrf52840.o(.text)
    UARTE1_IRQHandler                        0x00026315   Thumb Code     0  arm_startup_nrf52840.o(.text)
    USBD_IRQHandler                          0x00026315   Thumb Code     0  arm_startup_nrf52840.o(.text)
    WDT_IRQHandler                           0x00026315   Thumb Code     0  arm_startup_nrf52840.o(.text)
    __aeabi_uldivmod                         0x00026321   Thumb Code    98  uldiv.o(.text)
    __aeabi_llsl                             0x00026383   Thumb Code    30  llshl.o(.text)
    _ll_shift_l                              0x00026383   Thumb Code     0  llshl.o(.text)
    __aeabi_memcpy                           0x000263a1   Thumb Code    36  memcpya.o(.text)
    __aeabi_memcpy4                          0x000263a1   Thumb Code     0  memcpya.o(.text)
    __aeabi_memcpy8                          0x000263a1   Thumb Code     0  memcpya.o(.text)
    __aeabi_memset                           0x000263c5   Thumb Code    14  memseta.o(.text)
    __aeabi_memset4                          0x000263c5   Thumb Code     0  memseta.o(.text)
    __aeabi_memset8                          0x000263c5   Thumb Code     0  memseta.o(.text)
    __aeabi_memclr                           0x000263d3   Thumb Code     4  memseta.o(.text)
    __aeabi_memclr4                          0x000263d3   Thumb Code     0  memseta.o(.text)
    __aeabi_memclr8                          0x000263d3   Thumb Code     0  memseta.o(.text)
    _memset$wrapper                          0x000263d7   Thumb Code    18  memseta.o(.text)
    memcmp                                   0x000263e9   Thumb Code    26  memcmp.o(.text)
    __aeabi_llsr                             0x00026403   Thumb Code    32  llushr.o(.text)
    _ll_ushift_r                             0x00026403   Thumb Code     0  llushr.o(.text)
    __scatterload                            0x00026425   Thumb Code    28  init.o(.text)
    __scatterload_rt2                        0x00026425   Thumb Code     0  init.o(.text)
    __decompress                             0x00026449   Thumb Code     0  __dczerorl2.o(.text)
    __decompress1                            0x00026449   Thumb Code    86  __dczerorl2.o(.text)
    Bluetooth_ReciveANDSend                  0x000264a1   Thumb Code    30  main.o(i.Bluetooth_ReciveANDSend)
    GPIOTE_IRQHandler                        0x000264c9   Thumb Code   428  nrfx_gpiote.o(i.GPIOTE_IRQHandler)
    POWER_CLOCK_IRQHandler                   0x000266e1   Thumb Code   154  nrfx_clock.o(i.POWER_CLOCK_IRQHandler)
    RTC1_IRQHandler                          0x00026785   Thumb Code    32  app_timer.o(i.RTC1_IRQHandler)
    SCAN_timeout_handler                     0x000267a9   Thumb Code     4  main.o(i.SCAN_timeout_handler)
    SWI0_EGU0_IRQHandler                     0x000267ad   Thumb Code     4  app_timer.o(i.SWI0_EGU0_IRQHandler)
    SWI2_EGU2_IRQHandler                     0x000267b1   Thumb Code     4  nrf_sdh.o(i.SWI2_EGU2_IRQHandler)
    SystemInit                               0x000267b5   Thumb Code   416  system_nrf52840.o(i.SystemInit)
    UARTE0_UART0_IRQHandler                  0x00026991   Thumb Code     6  nrfx_prs.o(i.UARTE0_UART0_IRQHandler)
    __0printf$8                              0x0002699d   Thumb Code    22  printf8.o(i.__0printf$8)
    __1printf$8                              0x0002699d   Thumb Code     0  printf8.o(i.__0printf$8)
    __2printf                                0x0002699d   Thumb Code     0  printf8.o(i.__0printf$8)
    __scatterload_copy                       0x000269bd   Thumb Code    14  handlers.o(i.__scatterload_copy)
    __scatterload_null                       0x000269cb   Thumb Code     2  handlers.o(i.__scatterload_null)
    __scatterload_zeroinit                   0x000269cd   Thumb Code    14  handlers.o(i.__scatterload_zeroinit)
    active_flag_count                        0x00026e63   Thumb Code    28  ble_conn_state.o(i.active_flag_count)
    app_button_enable                        0x00026ebd   Thumb Code    32  app_button.o(i.app_button_enable)
    app_button_init                          0x00026ee1   Thumb Code   102  app_button.o(i.app_button_init)
    app_error_fault_handler                  0x00026f59   Thumb Code    40  app_error_weak.o(i.app_error_fault_handler)
    app_error_handler_bare                   0x00026f89   Thumb Code    22  app_error.o(i.app_error_handler_bare)
    app_fifo_get                             0x00026f9f   Thumb Code    22  app_fifo.o(i.app_fifo_get)
    app_fifo_init                            0x00026fb5   Thumb Code    32  app_fifo.o(i.app_fifo_init)
    app_fifo_put                             0x00026fd5   Thumb Code    26  app_fifo.o(i.app_fifo_put)
    app_sched_event_put                      0x00026ff1   Thumb Code   154  app_scheduler.o(i.app_sched_event_put)
    app_sched_execute                        0x00027091   Thumb Code    58  app_scheduler.o(i.app_sched_execute)
    app_sched_init                           0x000270d1   Thumb Code    40  app_scheduler.o(i.app_sched_init)
    app_timer_create                         0x000270fd   Thumb Code    32  app_timer.o(i.app_timer_create)
    app_timer_init                           0x00027121   Thumb Code    70  app_timer.o(i.app_timer_init)
    app_timer_start                          0x00027175   Thumb Code   128  app_timer.o(i.app_timer_start)
    app_timer_stop                           0x000271fd   Thumb Code    26  app_timer.o(i.app_timer_stop)
    app_uart_get                             0x0002721d   Thumb Code    42  app_uart_fifo.o(i.app_uart_get)
    app_uart_init                            0x00027251   Thumb Code   148  app_uart_fifo.o(i.app_uart_init)
    app_uart_put                             0x000272f5   Thumb Code    70  app_uart_fifo.o(i.app_uart_put)
    app_util_critical_region_enter           0x00027349   Thumb Code    64  app_util_platform.o(i.app_util_critical_region_enter)
    app_util_critical_region_exit            0x00027391   Thumb Code    46  app_util_platform.o(i.app_util_critical_region_exit)
    ble_advdata_search                       0x000274b1   Thumb Code    56  ble_advdata.o(i.ble_advdata_search)
    ble_advdata_uuid_find                    0x000274e9   Thumb Code   150  ble_advdata.o(i.ble_advdata_uuid_find)
    ble_conn_state_central_conn_count        0x00027581   Thumb Code    24  ble_conn_state.o(i.ble_conn_state_central_conn_count)
    ble_db_discovery_evt_register            0x0002759d   Thumb Code    56  ble_db_discovery.o(i.ble_db_discovery_evt_register)
    ble_db_discovery_init                    0x000275dd   Thumb Code    24  ble_db_discovery.o(i.ble_db_discovery_init)
    ble_db_discovery_on_ble_evt              0x000275f9   Thumb Code   138  ble_db_discovery.o(i.ble_db_discovery_on_ble_evt)
    ble_db_discovery_start                   0x00027689   Thumb Code    34  ble_db_discovery.o(i.ble_db_discovery_start)
    ble_nus_c_handles_assign                 0x00027971   Thumb Code    26  ble_nus_c.o(i.ble_nus_c_handles_assign)
    ble_nus_c_init                           0x0002798d   Thumb Code   100  ble_nus_c.o(i.ble_nus_c_init)
    ble_nus_c_on_ble_evt                     0x000279f5   Thumb Code   108  ble_nus_c.o(i.ble_nus_c_on_ble_evt)
    ble_nus_c_on_db_disc_evt                 0x00027a61   Thumb Code   136  ble_nus_c.o(i.ble_nus_c_on_db_disc_evt)
    ble_nus_c_tx_notif_enable                0x00027ae9   Thumb Code    66  ble_nus_c.o(i.ble_nus_c_tx_notif_enable)
    bsp_board_button_idx_to_pin              0x00027b9d   Thumb Code     6  boards.o(i.bsp_board_button_idx_to_pin)
    bsp_board_button_state_get               0x00027ba9   Thumb Code    36  boards.o(i.bsp_board_button_state_get)
    bsp_board_init                           0x00027bd1   Thumb Code    46  boards.o(i.bsp_board_init)
    bsp_board_led_invert                     0x00027c05   Thumb Code    40  boards.o(i.bsp_board_led_invert)
    bsp_board_led_off                        0x00027c31   Thumb Code    10  boards.o(i.bsp_board_led_off)
    bsp_board_led_on                         0x00027c41   Thumb Code    10  boards.o(i.bsp_board_led_on)
    bsp_board_led_state_get                  0x00027c51   Thumb Code    36  boards.o(i.bsp_board_led_state_get)
    bsp_board_leds_off                       0x00027d0d   Thumb Code    18  boards.o(i.bsp_board_leds_off)
    bsp_board_leds_on                        0x00027d1f   Thumb Code    18  boards.o(i.bsp_board_leds_on)
    bsp_board_pin_to_button_idx              0x00027d31   Thumb Code    30  boards.o(i.bsp_board_pin_to_button_idx)
    bsp_btn_ble_init                         0x00027d55   Thumb Code    52  bsp_btn_ble.o(i.bsp_btn_ble_init)
    bsp_btn_ble_sleep_mode_prepare           0x00027d8d   Thumb Code    30  bsp_btn_ble.o(i.bsp_btn_ble_sleep_mode_prepare)
    bsp_button_is_pressed                    0x00027e3d   Thumb Code    12  bsp.o(i.bsp_button_is_pressed)
    bsp_event_handler                        0x00027e49   Thumb Code    16  main.o(i.bsp_event_handler)
    bsp_event_to_button_action_assign        0x00027e59   Thumb Code    64  bsp.o(i.bsp_event_to_button_action_assign)
    bsp_indication_set                       0x00027e9d   Thumb Code    20  bsp.o(i.bsp_indication_set)
    bsp_init                                 0x00027eb5   Thumb Code   128  bsp.o(i.bsp_init)
    bsp_wakeup_button_enable                 0x00028111   Thumb Code     6  bsp.o(i.bsp_wakeup_button_enable)
    clean_mac                                0x00028221   Thumb Code    86  main.o(i.clean_mac)
    conn_handle_list_get                     0x00028375   Thumb Code    62  ble_conn_state.o(i.conn_handle_list_get)
    crc8_                                    0x000283b3   Thumb Code    24  main.o(i.crc8_)
    fputc                                    0x000286b7   Thumb Code    14  retarget.o(i.fputc)
    gatt_evt_handler                         0x000286c5   Thumb Code    20  main.o(i.gatt_evt_handler)
    gatt_init                                0x000286dd   Thumb Code    38  main.o(i.gatt_init)
    is_whitelist_used                        0x00028859   Thumb Code    22  nrf_ble_scan.o(i.is_whitelist_used)
    main                                     0x000289c1   Thumb Code   282  main.o(i.main)
    nrf_atflags_clear                        0x00028b31   Thumb Code    22  nrf_atflags.o(i.nrf_atflags_clear)
    nrf_atflags_get                          0x00028b47   Thumb Code    22  nrf_atflags.o(i.nrf_atflags_get)
    nrf_atflags_set                          0x00028b5d   Thumb Code    20  nrf_atflags.o(i.nrf_atflags_set)
    nrf_atomic_u32_and                       0x00028b71   Thumb Code    12  nrf_atomic.o(i.nrf_atomic_u32_and)
    nrf_atomic_u32_fetch_store               0x00028b7d   Thumb Code    10  nrf_atomic.o(i.nrf_atomic_u32_fetch_store)
    nrf_atomic_u32_or                        0x00028b87   Thumb Code    12  nrf_atomic.o(i.nrf_atomic_u32_or)
    nrf_ble_gatt_att_mtu_central_set         0x00028bb7   Thumb Code    20  nrf_ble_gatt.o(i.nrf_ble_gatt_att_mtu_central_set)
    nrf_ble_gatt_init                        0x00028bcd   Thumb Code    48  nrf_ble_gatt.o(i.nrf_ble_gatt_init)
    nrf_ble_gatt_on_ble_evt                  0x00028bfd   Thumb Code   430  nrf_ble_gatt.o(i.nrf_ble_gatt_on_ble_evt)
    nrf_ble_scan_filter_set                  0x00028e63   Thumb Code    70  nrf_ble_scan.o(i.nrf_ble_scan_filter_set)
    nrf_ble_scan_filters_disable             0x00028ea9   Thumb Code    14  nrf_ble_scan.o(i.nrf_ble_scan_filters_disable)
    nrf_ble_scan_filters_enable              0x00028eb7   Thumb Code    54  nrf_ble_scan.o(i.nrf_ble_scan_filters_enable)
    nrf_ble_scan_init                        0x00028eed   Thumb Code   108  nrf_ble_scan.o(i.nrf_ble_scan_init)
    nrf_ble_scan_on_ble_evt                  0x00029081   Thumb Code   174  nrf_ble_scan.o(i.nrf_ble_scan_on_ble_evt)
    nrf_ble_scan_start                       0x0002912f   Thumb Code    68  nrf_ble_scan.o(i.nrf_ble_scan_start)
    nrf_drv_clock_init                       0x00029191   Thumb Code    48  nrf_drv_clock.o(i.nrf_drv_clock_init)
    nrf_drv_clock_lfclk_release              0x000291c9   Thumb Code    42  nrf_drv_clock.o(i.nrf_drv_clock_lfclk_release)
    nrf_drv_uart_init                        0x000291f9   Thumb Code    90  nrf_drv_uart.o(i.nrf_drv_uart_init)
    nrf_pwr_mgmt_init                        0x00029509   Thumb Code    28  nrf_pwr_mgmt.o(i.nrf_pwr_mgmt_init)
    nrf_pwr_mgmt_run                         0x00029531   Thumb Code    64  nrf_pwr_mgmt.o(i.nrf_pwr_mgmt_run)
    nrf_pwr_mgmt_shutdown                    0x00029575   Thumb Code    54  nrf_pwr_mgmt.o(i.nrf_pwr_mgmt_shutdown)
    nrf_sdh_ble_app_ram_start_get            0x000295b1   Thumb Code    16  nrf_sdh_ble.o(i.nrf_sdh_ble_app_ram_start_get)
    nrf_sdh_ble_default_cfg_set              0x000295c5   Thumb Code   134  nrf_sdh_ble.o(i.nrf_sdh_ble_default_cfg_set)
    nrf_sdh_ble_enable                       0x0002964d   Thumb Code    14  nrf_sdh_ble.o(i.nrf_sdh_ble_enable)
    nrf_sdh_enable_request                   0x000296bd   Thumb Code   102  nrf_sdh.o(i.nrf_sdh_enable_request)
    nrf_sdh_evts_poll                        0x00029731   Thumb Code    32  nrf_sdh.o(i.nrf_sdh_evts_poll)
    nrf_sdh_is_enabled                       0x00029755   Thumb Code     6  nrf_sdh.o(i.nrf_sdh_is_enabled)
    nrf_section_iter_init                    0x0002979d   Thumb Code    10  nrf_section_iter.o(i.nrf_section_iter_init)
    nrf_section_iter_next                    0x000297cb   Thumb Code    32  nrf_section_iter.o(i.nrf_section_iter_next)
    nrfx_clock_enable                        0x00029825   Thumb Code    34  nrfx_clock.o(i.nrfx_clock_enable)
    nrfx_clock_init                          0x00029851   Thumb Code    28  nrfx_clock.o(i.nrfx_clock_init)
    nrfx_clock_lfclk_stop                    0x00029871   Thumb Code    20  nrfx_clock.o(i.nrfx_clock_lfclk_stop)
    nrfx_gpiote_in_event_enable              0x0002989d   Thumb Code   144  nrfx_gpiote.o(i.nrfx_gpiote_in_event_enable)
    nrfx_gpiote_in_init                      0x00029935   Thumb Code   200  nrfx_gpiote.o(i.nrfx_gpiote_in_init)
    nrfx_gpiote_in_is_set                    0x00029a09   Thumb Code    14  nrfx_gpiote.o(i.nrfx_gpiote_in_is_set)
    nrfx_gpiote_init                         0x00029a19   Thumb Code   100  nrfx_gpiote.o(i.nrfx_gpiote_init)
    nrfx_gpiote_is_init                      0x00029a89   Thumb Code    14  nrfx_gpiote.o(i.nrfx_gpiote_is_init)
    nrfx_prs_acquire                         0x00029aad   Thumb Code    58  nrfx_prs.o(i.nrfx_prs_acquire)
    nrfx_uart_0_irq_handler                  0x00029ae9   Thumb Code     8  nrfx_uart.o(i.nrfx_uart_0_irq_handler)
    nrfx_uart_init                           0x00029af9   Thumb Code   196  nrfx_uart.o(i.nrfx_uart_init)
    nrfx_uart_rx                             0x00029bc9   Thumb Code   230  nrfx_uart.o(i.nrfx_uart_rx)
    nrfx_uart_tx                             0x00029cb5   Thumb Code   160  nrfx_uart.o(i.nrfx_uart_tx)
    nrfx_uart_tx_in_progress                 0x00029d59   Thumb Code    26  nrfx_uart.o(i.nrfx_uart_tx_in_progress)
    nrfx_uarte_0_irq_handler                 0x00029d79   Thumb Code     8  nrfx_uarte.o(i.nrfx_uarte_0_irq_handler)
    nrfx_uarte_init                          0x00029d89   Thumb Code   100  nrfx_uarte.o(i.nrfx_uarte_init)
    nrfx_uarte_rx                            0x00029df5   Thumb Code   256  nrfx_uarte.o(i.nrfx_uarte_rx)
    nrfx_uarte_tx                            0x00029ef9   Thumb Code   138  nrfx_uarte.o(i.nrfx_uarte_tx)
    nrfx_uarte_tx_in_progress                0x00029f89   Thumb Code    22  nrfx_uarte.o(i.nrfx_uarte_tx_in_progress)
    set_mac                                  0x0002a58d   Thumb Code    54  main.o(i.set_mac)
    test_timeout_handler                     0x0002a6cd   Thumb Code     2  main.o(i.test_timeout_handler)
    uart_event_handle                        0x0002a8e5   Thumb Code   232  main.o(i.uart_event_handle)
    m_ram_start                              0x0002af84   Data           4  nrf_sdh_ble.o(.constdata)
    Region$$Table$$Base                      0x0002afb0   Number         0  anon$$obj.o(Region$$Table)
    Region$$Table$$Limit                     0x0002afd0   Number         0  anon$$obj.o(Region$$Table)
    pwr_mgmt_data1$$Base                     0x0002afd0   Number         0  main.o(pwr_mgmt_data1)
    pwr_mgmt_data1$$Limit                    0x0002afd4   Number         0  main.o(pwr_mgmt_data1)
    sdh_ble_observers0$$Base                 0x0002afd4   Number         0  ble_conn_state.o(sdh_ble_observers0)
    sdh_ble_observers0$$Limit                0x0002afdc   Number         0  ble_conn_state.o(sdh_ble_observers0)
    sdh_ble_observers1$$Base                 0x0002afdc   Number         0  main.o(sdh_ble_observers1)
    sdh_ble_observers1$$Limit                0x0002b00c   Number         0  bsp_btn_ble.o(sdh_ble_observers1)
    sdh_ble_observers2$$Base                 0x0002b00c   Number         0  main.o(sdh_ble_observers2)
    sdh_ble_observers2$$Limit                0x0002b0b4   Number         0  main.o(sdh_ble_observers2)
    sdh_ble_observers3$$Base                 0x0002b0b4   Number         0  main.o(sdh_ble_observers3)
    sdh_ble_observers3$$Limit                0x0002b0bc   Number         0  main.o(sdh_ble_observers3)
    sdh_soc_observers0$$Base                 0x0002b0bc   Number         0  nrf_drv_clock.o(sdh_soc_observers0)
    sdh_soc_observers0$$Limit                0x0002b0c4   Number         0  nrf_drv_clock.o(sdh_soc_observers0)
    sdh_stack_observers0$$Base               0x0002b0c4   Number         0  nrf_sdh_ble.o(sdh_stack_observers0)
    sdh_stack_observers0$$Limit              0x0002b0d4   Number         0  nrf_sdh_soc.o(sdh_stack_observers0)
    sdh_state_observers0$$Base               0x0002b0d4   Number         0  nrf_drv_clock.o(sdh_state_observers0)
    sdh_state_observers0$$Limit              0x0002b0dc   Number         0  nrf_drv_clock.o(sdh_state_observers0)
    Image$$RW_IRAM1$$Base                    0x2000aa88   Number         0  anon$$obj.o ABSOLUTE
    length                                   0x2000aa88   Data           1  main.o(.data)
    check_mac_id                             0x2000aa89   Data           1  main.o(.data)
    ble_index                                0x2000aa8c   Data           2  main.o(.data)
    Mac_temp                                 0x2000aa8e   Data           6  main.o(.data)
    ADDR_counter                             0x2000ad88   Data           1  nrf_ble_scan.o(.data)
    nrf_drv_uart_use_easy_dma                0x2000ad8c   Data           2  nrf_drv_uart.o(.data)
    __stdout                                 0x2000ae18   Data           4  retarget.o(.data)
    SystemCoreClock                          0x2000ae20   Data           4  system_nrf52840.o(.data)
    uuid_temp                                0x2000b76c   Data          16  main.o(.bss)
    uartbuf                                  0x2000bc44   Data         128  main.o(.bss)
    uart_rdata_array                         0x2000bcc4   Data          20  main.o(.bss)
    ADDR_wn_                                 0x2000c084   Data         120  nrf_ble_scan.o(.bss)
    nrf_nvic_state                           0x2000c390   Data          12  app_util_platform.o(.bss)
    __initial_sp                             0x2000e3a8   Data           0  arm_startup_nrf52840.o(STACK)



==============================================================================

Memory Map of the image

  Image Entry point : 0x00026201

  Load Region LR_IROM1 (Base: 0x00026000, Size: 0x00005478, Max: 0x000da000, ABSOLUTE, COMPRESSED[0x000050f4])

    Execution Region ER_IROM1 (Base: 0x00026000, Size: 0x000050dc, Max: 0x000da000, ABSOLUTE)

    Base Addr    Size         Type   Attr      Idx    E Section Name        Object

    0x00026000   0x00000200   Data   RO         4734    RESET               arm_startup_nrf52840.o
    0x00026200   0x00000000   Code   RO         4779  * .ARM.Collect$$$$00000000  mc_w.l(entry.o)
    0x00026200   0x00000004   Code   RO         5059    .ARM.Collect$$$$00000001  mc_w.l(entry2.o)
    0x00026204   0x00000004   Code   RO         5062    .ARM.Collect$$$$00000004  mc_w.l(entry5.o)
    0x00026208   0x00000000   Code   RO         5064    .ARM.Collect$$$$00000008  mc_w.l(entry7b.o)
    0x00026208   0x00000000   Code   RO         5066    .ARM.Collect$$$$0000000A  mc_w.l(entry8b.o)
    0x00026208   0x00000008   Code   RO         5067    .ARM.Collect$$$$0000000B  mc_w.l(entry9a.o)
    0x00026210   0x00000000   Code   RO         5069    .ARM.Collect$$$$0000000D  mc_w.l(entry10a.o)
    0x00026210   0x00000000   Code   RO         5071    .ARM.Collect$$$$0000000F  mc_w.l(entry11a.o)
    0x00026210   0x00000004   Code   RO         5060    .ARM.Collect$$$$00002712  mc_w.l(entry2.o)
    0x00026214   0x000000e2   Code   RO         3538    .emb_text           nrf_atomic.o
    0x000262f6   0x00000002   PAD
    0x000262f8   0x00000028   Code   RO         4735    .text               arm_startup_nrf52840.o
    0x00026320   0x00000062   Code   RO         4782    .text               mc_w.l(uldiv.o)
    0x00026382   0x0000001e   Code   RO         4784    .text               mc_w.l(llshl.o)
    0x000263a0   0x00000024   Code   RO         4786    .text               mc_w.l(memcpya.o)
    0x000263c4   0x00000024   Code   RO         4788    .text               mc_w.l(memseta.o)
    0x000263e8   0x0000001a   Code   RO         4792    .text               mc_w.l(memcmp.o)
    0x00026402   0x00000020   Code   RO         5075    .text               mc_w.l(llushr.o)
    0x00026422   0x00000002   PAD
    0x00026424   0x00000024   Code   RO         5088    .text               mc_w.l(init.o)
    0x00026448   0x00000056   Code   RO         5102    .text               mc_w.l(__dczerorl2.o)
    0x0002649e   0x00000002   PAD
    0x000264a0   0x00000028   Code   RO            4    i.Bluetooth_ReciveANDSend  main.o
    0x000264c8   0x000001b4   Code   RO         2115    i.GPIOTE_IRQHandler  nrfx_gpiote.o
    0x0002667c   0x00000016   Code   RO         3084    i.NVIC_ClearPendingIRQ  app_timer.o
    0x00026692   0x00000016   Code   RO         3085    i.NVIC_EnableIRQ    app_timer.o
    0x000266a8   0x00000016   Code   RO         3086    i.NVIC_SetPendingIRQ  app_timer.o
    0x000266be   0x00000020   Code   RO         3087    i.NVIC_SetPriority  app_timer.o
    0x000266de   0x00000002   PAD
    0x000266e0   0x000000a4   Code   RO         1975    i.POWER_CLOCK_IRQHandler  nrfx_clock.o
    0x00026784   0x00000024   Code   RO         3088    i.RTC1_IRQHandler   app_timer.o
    0x000267a8   0x00000004   Code   RO            5    i.SCAN_timeout_handler  main.o
    0x000267ac   0x00000004   Code   RO         3089    i.SWI0_EGU0_IRQHandler  app_timer.o
    0x000267b0   0x00000004   Code   RO         4534    i.SWI2_EGU2_IRQHandler  nrf_sdh.o
    0x000267b4   0x000001dc   Code   RO         4743    i.SystemInit        system_nrf52840.o
    0x00026990   0x0000000c   Code   RO         2401    i.UARTE0_UART0_IRQHandler  nrfx_prs.o
    0x0002699c   0x00000020   Code   RO         5005    i.__0printf$8       mc_w.l(printf8.o)
    0x000269bc   0x0000000e   Code   RO         5096    i.__scatterload_copy  mc_w.l(handlers.o)
    0x000269ca   0x00000002   Code   RO         5097    i.__scatterload_null  mc_w.l(handlers.o)
    0x000269cc   0x0000000e   Code   RO         5098    i.__scatterload_zeroinit  mc_w.l(handlers.o)
    0x000269da   0x00000002   PAD
    0x000269dc   0x00000024   Code   RO         4535    i.__sd_nvic_app_accessible_irq  nrf_sdh.o
    0x00026a00   0x00000410   Code   RO         5012    i._printf_core      mc_w.l(printf8.o)
    0x00026e10   0x00000024   Code   RO         5013    i._printf_post_padding  mc_w.l(printf8.o)
    0x00026e34   0x0000002e   Code   RO         5014    i._printf_pre_padding  mc_w.l(printf8.o)
    0x00026e62   0x0000001c   Code   RO         1398    i.active_flag_count  ble_conn_state.o
    0x00026e7e   0x00000036   Code   RO          696    i.advertising_buttons_configure  bsp_btn_ble.o
    0x00026eb4   0x00000006   Code   RO          575    i.alert_timer_handler  bsp.o
    0x00026eba   0x00000002   PAD
    0x00026ebc   0x00000024   Code   RO         2810    i.app_button_enable  app_button.o
    0x00026ee0   0x00000078   Code   RO         2811    i.app_button_init   app_button.o
    0x00026f58   0x00000030   Code   RO         2933    i.app_error_fault_handler  app_error_weak.o
    0x00026f88   0x00000016   Code   RO         2874    i.app_error_handler_bare  app_error.o
    0x00026f9e   0x00000016   Code   RO         2964    i.app_fifo_get      app_fifo.o
    0x00026fb4   0x00000020   Code   RO         2965    i.app_fifo_init     app_fifo.o
    0x00026fd4   0x0000001a   Code   RO         2967    i.app_fifo_put      app_fifo.o
    0x00026fee   0x00000002   PAD
    0x00026ff0   0x000000a0   Code   RO         3036    i.app_sched_event_put  app_scheduler.o
    0x00027090   0x00000040   Code   RO         3037    i.app_sched_execute  app_scheduler.o
    0x000270d0   0x0000002c   Code   RO         3038    i.app_sched_init    app_scheduler.o
    0x000270fc   0x00000024   Code   RO         3092    i.app_timer_create  app_timer.o
    0x00027120   0x00000054   Code   RO         3093    i.app_timer_init    app_timer.o
    0x00027174   0x00000088   Code   RO         3096    i.app_timer_start   app_timer.o
    0x000271fc   0x00000020   Code   RO         3097    i.app_timer_stop    app_timer.o
    0x0002721c   0x00000034   Code   RO         3259    i.app_uart_get      app_uart_fifo.o
    0x00027250   0x000000a4   Code   RO         3260    i.app_uart_init     app_uart_fifo.o
    0x000272f4   0x00000054   Code   RO         3261    i.app_uart_put      app_uart_fifo.o
    0x00027348   0x00000048   Code   RO         3340    i.app_util_critical_region_enter  app_util_platform.o
    0x00027390   0x00000034   Code   RO         3341    i.app_util_critical_region_exit  app_util_platform.o
    0x000273c4   0x00000076   Code   RO         2452    i.apply_config      nrfx_uart.o
    0x0002743a   0x00000076   Code   RO         2647    i.apply_config      nrfx_uarte.o
    0x000274b0   0x00000038   Code   RO          807    i.ble_advdata_search  ble_advdata.o
    0x000274e8   0x00000096   Code   RO          809    i.ble_advdata_uuid_find  ble_advdata.o
    0x0002757e   0x00000002   PAD
    0x00027580   0x0000001c   Code   RO         1400    i.ble_conn_state_central_conn_count  ble_conn_state.o
    0x0002759c   0x00000040   Code   RO          920    i.ble_db_discovery_evt_register  ble_db_discovery.o
    0x000275dc   0x0000001c   Code   RO          921    i.ble_db_discovery_init  ble_db_discovery.o
    0x000275f8   0x00000090   Code   RO          922    i.ble_db_discovery_on_ble_evt  ble_db_discovery.o
    0x00027688   0x00000028   Code   RO          923    i.ble_db_discovery_start  ble_db_discovery.o
    0x000276b0   0x000000fc   Code   RO            7    i.ble_evt_handler   main.o
    0x000277ac   0x00000070   Code   RO          697    i.ble_evt_handler   bsp_btn_ble.o
    0x0002781c   0x00000104   Code   RO         1418    i.ble_evt_handler   ble_conn_state.o
    0x00027920   0x00000050   Code   RO            8    i.ble_nus_c_evt_handler  main.o
    0x00027970   0x0000001a   Code   RO         1564    i.ble_nus_c_handles_assign  ble_nus_c.o
    0x0002798a   0x00000002   PAD
    0x0002798c   0x00000068   Code   RO         1565    i.ble_nus_c_init    ble_nus_c.o
    0x000279f4   0x0000006c   Code   RO         1566    i.ble_nus_c_on_ble_evt  ble_nus_c.o
    0x00027a60   0x00000088   Code   RO         1567    i.ble_nus_c_on_db_disc_evt  ble_nus_c.o
    0x00027ae8   0x00000048   Code   RO         1569    i.ble_nus_c_tx_notif_enable  ble_nus_c.o
    0x00027b30   0x0000006c   Code   RO            9    i.ble_nus_chars_received_uart_print  main.o
    0x00027b9c   0x0000000c   Code   RO          429    i.bsp_board_button_idx_to_pin  boards.o
    0x00027ba8   0x00000028   Code   RO          430    i.bsp_board_button_state_get  boards.o
    0x00027bd0   0x00000034   Code   RO          431    i.bsp_board_init    boards.o
    0x00027c04   0x0000002c   Code   RO          433    i.bsp_board_led_invert  boards.o
    0x00027c30   0x00000010   Code   RO          434    i.bsp_board_led_off  boards.o
    0x00027c40   0x00000010   Code   RO          435    i.bsp_board_led_on  boards.o
    0x00027c50   0x00000028   Code   RO          436    i.bsp_board_led_state_get  boards.o
    0x00027c78   0x00000094   Code   RO          437    i.bsp_board_leds_init  boards.o
    0x00027d0c   0x00000012   Code   RO          438    i.bsp_board_leds_off  boards.o
    0x00027d1e   0x00000012   Code   RO          439    i.bsp_board_leds_on  boards.o
    0x00027d30   0x00000024   Code   RO          440    i.bsp_board_pin_to_button_idx  boards.o
    0x00027d54   0x00000038   Code   RO          698    i.bsp_btn_ble_init  bsp_btn_ble.o
    0x00027d8c   0x0000001e   Code   RO          699    i.bsp_btn_ble_sleep_mode_prepare  bsp_btn_ble.o
    0x00027daa   0x00000002   PAD
    0x00027dac   0x00000090   Code   RO          576    i.bsp_button_event_handler  bsp.o
    0x00027e3c   0x0000000c   Code   RO          577    i.bsp_button_is_pressed  bsp.o
    0x00027e48   0x00000010   Code   RO           10    i.bsp_event_handler  main.o
    0x00027e58   0x00000044   Code   RO          580    i.bsp_event_to_button_action_assign  bsp.o
    0x00027e9c   0x00000018   Code   RO          581    i.bsp_indication_set  bsp.o
    0x00027eb4   0x00000094   Code   RO          582    i.bsp_init          bsp.o
    0x00027f48   0x000001c8   Code   RO          583    i.bsp_led_indication  bsp.o
    0x00028110   0x00000006   Code   RO          585    i.bsp_wakeup_button_enable  bsp.o
    0x00028116   0x00000008   Code   RO          586    i.button_timer_handler  bsp.o
    0x0002811e   0x00000002   PAD
    0x00028120   0x0000001c   Code   RO         2116    i.channel_free      nrfx_gpiote.o
    0x0002813c   0x00000048   Code   RO         2117    i.channel_port_alloc  nrfx_gpiote.o
    0x00028184   0x00000010   Code   RO         2118    i.channel_port_get  nrfx_gpiote.o
    0x00028194   0x00000042   Code   RO          924    i.characteristics_discover  ble_db_discovery.o
    0x000281d6   0x00000002   PAD
    0x000281d8   0x00000048   Code   RO           11    i.check_mac_save    main.o
    0x00028220   0x00000064   Code   RO           12    i.clean_mac         main.o
    0x00028284   0x00000028   Code   RO         1638    i.clock_clk_started_notify  nrf_drv_clock.o
    0x000282ac   0x0000001c   Code   RO         1639    i.clock_irq_handler  nrf_drv_clock.o
    0x000282c8   0x000000ac   Code   RO         3099    i.compare_reg_update  app_timer.o
    0x00028374   0x0000003e   Code   RO         1419    i.conn_handle_list_get  ble_conn_state.o
    0x000283b2   0x00000018   Code   RO           13    i.crc8_             main.o
    0x000283ca   0x0000001e   Code   RO         1185    i.data_length_update  nrf_ble_gatt.o
    0x000283e8   0x00000018   Code   RO           14    i.db_disc_handler   main.o
    0x00028400   0x0000008c   Code   RO          925    i.descriptors_discover  ble_db_discovery.o
    0x0002848c   0x0000009c   Code   RO         2813    i.detection_delay_timeout_handler  app_button.o
    0x00028528   0x00000090   Code   RO          926    i.discovery_complete_evt_trigger  ble_db_discovery.o
    0x000285b8   0x0000003c   Code   RO          927    i.discovery_error_evt_trigger  ble_db_discovery.o
    0x000285f4   0x0000005c   Code   RO          928    i.discovery_start   ble_db_discovery.o
    0x00028650   0x00000040   Code   RO         3100    i.elapsed_ticks_acquire  app_timer.o
    0x00028690   0x00000014   Code   RO         2970    i.fifo_get          app_fifo.o
    0x000286a4   0x00000012   Code   RO         2971    i.fifo_put          app_fifo.o
    0x000286b6   0x0000000e   Code   RO         4076    i.fputc             retarget.o
    0x000286c4   0x00000018   Code   RO           15    i.gatt_evt_handler  main.o
    0x000286dc   0x00000030   Code   RO           16    i.gatt_init         main.o
    0x0002870c   0x00000084   Code   RO         2814    i.gpiote_event_handler  app_button.o
    0x00028790   0x0000007c   Code   RO         2648    i.interrupts_enable  nrfx_uarte.o
    0x0002880c   0x0000004c   Code   RO          929    i.is_desc_discovery_reqd  ble_db_discovery.o
    0x00028858   0x00000016   Code   RO         1275    i.is_whitelist_used  nrf_ble_scan.o
    0x0002886e   0x00000002   PAD
    0x00028870   0x00000030   Code   RO          587    i.leds_off          bsp.o
    0x000288a0   0x00000014   Code   RO          588    i.leds_timer_handler  bsp.o
    0x000288b4   0x00000014   Code   RO         1186    i.link_init         nrf_ble_gatt.o
    0x000288c8   0x000000f8   Code   RO         3101    i.list_insertions_handler  app_timer.o
    0x000289c0   0x00000170   Code   RO           17    i.main              main.o
    0x00028b30   0x00000016   Code   RO         4113    i.nrf_atflags_clear  nrf_atflags.o
    0x00028b46   0x00000016   Code   RO         4118    i.nrf_atflags_get   nrf_atflags.o
    0x00028b5c   0x00000014   Code   RO         4120    i.nrf_atflags_set   nrf_atflags.o
    0x00028b70   0x0000000c   Code   RO         3544    i.nrf_atomic_u32_and  nrf_atomic.o
    0x00028b7c   0x0000000a   Code   RO         3549    i.nrf_atomic_u32_fetch_store  nrf_atomic.o
    0x00028b86   0x0000000c   Code   RO         3553    i.nrf_atomic_u32_or  nrf_atomic.o
    0x00028b92   0x00000010   Code   RO         2119    i.nrf_bitmask_bit_is_set  nrfx_gpiote.o
    0x00028ba2   0x00000014   Code   RO         2120    i.nrf_bitmask_bit_set  nrfx_gpiote.o
    0x00028bb6   0x00000014   Code   RO         1187    i.nrf_ble_gatt_att_mtu_central_set  nrf_ble_gatt.o
    0x00028bca   0x00000002   PAD
    0x00028bcc   0x00000030   Code   RO         1192    i.nrf_ble_gatt_init  nrf_ble_gatt.o
    0x00028bfc   0x000001b4   Code   RO         1193    i.nrf_ble_gatt_on_ble_evt  nrf_ble_gatt.o
    0x00028db0   0x00000080   Code   RO         1277    i.nrf_ble_scan_connect_with_target  nrf_ble_scan.o
    0x00028e30   0x00000014   Code   RO         1279    i.nrf_ble_scan_default_conn_param_set  nrf_ble_scan.o
    0x00028e44   0x0000001e   Code   RO         1280    i.nrf_ble_scan_default_param_set  nrf_ble_scan.o
    0x00028e62   0x00000046   Code   RO         1282    i.nrf_ble_scan_filter_set  nrf_ble_scan.o
    0x00028ea8   0x0000000e   Code   RO         1283    i.nrf_ble_scan_filters_disable  nrf_ble_scan.o
    0x00028eb6   0x00000036   Code   RO         1284    i.nrf_ble_scan_filters_enable  nrf_ble_scan.o
    0x00028eec   0x0000006c   Code   RO         1285    i.nrf_ble_scan_init  nrf_ble_scan.o
    0x00028f58   0x00000128   Code   RO         1286    i.nrf_ble_scan_on_adv_report  nrf_ble_scan.o
    0x00029080   0x000000ae   Code   RO         1287    i.nrf_ble_scan_on_ble_evt  nrf_ble_scan.o
    0x0002912e   0x00000044   Code   RO         1289    i.nrf_ble_scan_start  nrf_ble_scan.o
    0x00029172   0x0000000e   Code   RO         1976    i.nrf_clock_event_check  nrfx_clock.o
    0x00029180   0x00000010   Code   RO         1977    i.nrf_clock_event_clear  nrfx_clock.o
    0x00029190   0x00000038   Code   RO         1646    i.nrf_drv_clock_init  nrf_drv_clock.o
    0x000291c8   0x00000030   Code   RO         1650    i.nrf_drv_clock_lfclk_release  nrf_drv_clock.o
    0x000291f8   0x00000068   Code   RO         1784    i.nrf_drv_uart_init  nrf_drv_uart.o
    0x00029260   0x00000020   Code   RO         3262    i.nrf_drv_uart_rx   app_uart_fifo.o
    0x00029280   0x00000020   Code   RO         3263    i.nrf_drv_uart_tx   app_uart_fifo.o
    0x000292a0   0x00000032   Code   RO          442    i.nrf_gpio_cfg      boards.o
    0x000292d2   0x00000032   Code   RO         2121    i.nrf_gpio_cfg      nrfx_gpiote.o
    0x00029304   0x00000032   Code   RO         2453    i.nrf_gpio_cfg      nrfx_uart.o
    0x00029336   0x00000032   Code   RO         2649    i.nrf_gpio_cfg      nrfx_uarte.o
    0x00029368   0x00000012   Code   RO         2455    i.nrf_gpio_cfg_input  nrfx_uart.o
    0x0002937a   0x00000012   Code   RO         2651    i.nrf_gpio_cfg_input  nrfx_uarte.o
    0x0002938c   0x00000014   Code   RO         2456    i.nrf_gpio_cfg_output  nrfx_uart.o
    0x000293a0   0x00000014   Code   RO         2652    i.nrf_gpio_cfg_output  nrfx_uarte.o
    0x000293b4   0x00000030   Code   RO         2123    i.nrf_gpio_cfg_sense_set  nrfx_gpiote.o
    0x000293e4   0x0000001c   Code   RO          443    i.nrf_gpio_pin_port_decode  boards.o
    0x00029400   0x0000001c   Code   RO         2125    i.nrf_gpio_pin_port_decode  nrfx_gpiote.o
    0x0002941c   0x0000001c   Code   RO         2457    i.nrf_gpio_pin_port_decode  nrfx_uart.o
    0x00029438   0x0000001c   Code   RO         2653    i.nrf_gpio_pin_port_decode  nrfx_uarte.o
    0x00029454   0x00000016   Code   RO         2126    i.nrf_gpio_pin_read  nrfx_gpiote.o
    0x0002946a   0x00000014   Code   RO         2458    i.nrf_gpio_pin_set  nrfx_uart.o
    0x0002947e   0x00000014   Code   RO         2654    i.nrf_gpio_pin_set  nrfx_uarte.o
    0x00029492   0x00000026   Code   RO          444    i.nrf_gpio_pin_write  boards.o
    0x000294b8   0x0000002c   Code   RO         2128    i.nrf_gpio_ports_read  nrfx_gpiote.o
    0x000294e4   0x00000014   Code   RO         2129    i.nrf_gpiote_event_clear  nrfx_gpiote.o
    0x000294f8   0x00000010   Code   RO         2130    i.nrf_gpiote_event_is_set  nrfx_gpiote.o
    0x00029508   0x00000028   Code   RO         3875    i.nrf_pwr_mgmt_init  nrf_pwr_mgmt.o
    0x00029530   0x00000044   Code   RO         3876    i.nrf_pwr_mgmt_run  nrf_pwr_mgmt.o
    0x00029574   0x0000003c   Code   RO         3877    i.nrf_pwr_mgmt_shutdown  nrf_pwr_mgmt.o
    0x000295b0   0x00000014   Code   RO         4652    i.nrf_sdh_ble_app_ram_start_get  nrf_sdh_ble.o
    0x000295c4   0x00000086   Code   RO         4653    i.nrf_sdh_ble_default_cfg_set  nrf_sdh_ble.o
    0x0002964a   0x00000002   PAD
    0x0002964c   0x00000014   Code   RO         4654    i.nrf_sdh_ble_enable  nrf_sdh_ble.o
    0x00029660   0x0000005c   Code   RO         4655    i.nrf_sdh_ble_evts_poll  nrf_sdh_ble.o
    0x000296bc   0x00000074   Code   RO         4537    i.nrf_sdh_enable_request  nrf_sdh.o
    0x00029730   0x00000024   Code   RO         4538    i.nrf_sdh_evts_poll  nrf_sdh.o
    0x00029754   0x0000000c   Code   RO         4539    i.nrf_sdh_is_enabled  nrf_sdh.o
    0x00029760   0x0000003c   Code   RO         4703    i.nrf_sdh_soc_evts_poll  nrf_sdh_soc.o
    0x0002979c   0x0000000a   Code   RO         4007    i.nrf_section_iter_init  nrf_section_iter.o
    0x000297a6   0x00000024   Code   RO         4008    i.nrf_section_iter_item_set  nrf_section_iter.o
    0x000297ca   0x00000020   Code   RO         4009    i.nrf_section_iter_next  nrf_section_iter.o
    0x000297ea   0x0000000a   Code   RO         2459    i.nrf_uart_event_check  nrfx_uart.o
    0x000297f4   0x0000000c   Code   RO         2460    i.nrf_uart_event_clear  nrfx_uart.o
    0x00029800   0x0000000c   Code   RO         2461    i.nrf_uart_int_enable_check  nrfx_uart.o
    0x0002980c   0x0000000a   Code   RO         2655    i.nrf_uarte_event_check  nrfx_uarte.o
    0x00029816   0x0000000c   Code   RO         2656    i.nrf_uarte_event_clear  nrfx_uarte.o
    0x00029822   0x00000002   PAD
    0x00029824   0x0000002c   Code   RO         1983    i.nrfx_clock_enable  nrfx_clock.o
    0x00029850   0x00000020   Code   RO         1986    i.nrfx_clock_init   nrfx_clock.o
    0x00029870   0x0000001c   Code   RO         1989    i.nrfx_clock_lfclk_stop  nrfx_clock.o
    0x0002988c   0x00000010   Code   RO         3102    i.nrfx_coredep_delay_us  app_timer.o
    0x0002989c   0x00000098   Code   RO         2135    i.nrfx_gpiote_in_event_enable  nrfx_gpiote.o
    0x00029934   0x000000d4   Code   RO         2136    i.nrfx_gpiote_in_init  nrfx_gpiote.o
    0x00029a08   0x0000000e   Code   RO         2137    i.nrfx_gpiote_in_is_set  nrfx_gpiote.o
    0x00029a16   0x00000002   PAD
    0x00029a18   0x00000070   Code   RO         2139    i.nrfx_gpiote_init  nrfx_gpiote.o
    0x00029a88   0x00000014   Code   RO         2140    i.nrfx_gpiote_is_init  nrfx_gpiote.o
    0x00029a9c   0x00000010   Code   RO         2657    i.nrfx_is_in_ram    nrfx_uarte.o
    0x00029aac   0x0000003a   Code   RO         2402    i.nrfx_prs_acquire  nrfx_prs.o
    0x00029ae6   0x00000002   PAD
    0x00029ae8   0x00000010   Code   RO         2462    i.nrfx_uart_0_irq_handler  nrfx_uart.o
    0x00029af8   0x000000d0   Code   RO         2464    i.nrfx_uart_init    nrfx_uart.o
    0x00029bc8   0x000000ec   Code   RO         2465    i.nrfx_uart_rx      nrfx_uart.o
    0x00029cb4   0x000000a4   Code   RO         2470    i.nrfx_uart_tx      nrfx_uart.o
    0x00029d58   0x00000020   Code   RO         2472    i.nrfx_uart_tx_in_progress  nrfx_uart.o
    0x00029d78   0x00000010   Code   RO         2658    i.nrfx_uarte_0_irq_handler  nrfx_uarte.o
    0x00029d88   0x0000006c   Code   RO         2660    i.nrfx_uarte_init   nrfx_uarte.o
    0x00029df4   0x00000104   Code   RO         2661    i.nrfx_uarte_rx     nrfx_uarte.o
    0x00029ef8   0x00000090   Code   RO         2664    i.nrfx_uarte_tx     nrfx_uarte.o
    0x00029f88   0x0000001c   Code   RO         2666    i.nrfx_uarte_tx_in_progress  nrfx_uarte.o
    0x00029fa4   0x00000114   Code   RO          930    i.on_characteristic_discovery_rsp  ble_db_discovery.o
    0x0002a0b8   0x000000f0   Code   RO          931    i.on_descriptor_discovery_rsp  ble_db_discovery.o
    0x0002a1a8   0x00000068   Code   RO          932    i.on_primary_srv_discovery_rsp  ble_db_discovery.o
    0x0002a210   0x0000007c   Code   RO          933    i.on_srv_disc_completion  ble_db_discovery.o
    0x0002a28c   0x00000018   Code   RO         2156    i.pin_in_use_by_port  nrfx_gpiote.o
    0x0002a2a4   0x00000018   Code   RO         2157    i.pin_in_use_by_te  nrfx_gpiote.o
    0x0002a2bc   0x00000018   Code   RO         2404    i.prs_box_get       nrfx_prs.o
    0x0002a2d4   0x00000038   Code   RO          934    i.registered_handler_get  ble_db_discovery.o
    0x0002a30c   0x0000003c   Code   RO         3103    i.rtc1_stop         app_timer.o
    0x0002a348   0x00000032   Code   RO         2474    i.rx_byte           nrfx_uart.o
    0x0002a37a   0x00000016   Code   RO         2475    i.rx_done_event     nrfx_uart.o
    0x0002a390   0x00000016   Code   RO         2668    i.rx_done_event     nrfx_uarte.o
    0x0002a3a6   0x00000020   Code   RO         2476    i.rx_enable         nrfx_uart.o
    0x0002a3c6   0x00000002   PAD
    0x0002a3c8   0x00000070   Code   RO           18    i.scan_evt_handler  main.o
    0x0002a438   0x00000080   Code   RO           19    i.scan_init         main.o
    0x0002a4b8   0x00000028   Code   RO           20    i.scan_start        main.o
    0x0002a4e0   0x00000050   Code   RO         1653    i.sd_state_evt_handler  nrf_drv_clock.o
    0x0002a530   0x00000030   Code   RO         4544    i.sdh_request_observer_notify  nrf_sdh.o
    0x0002a560   0x0000002c   Code   RO         4545    i.sdh_state_observer_notify  nrf_sdh.o
    0x0002a58c   0x00000040   Code   RO           21    i.set_mac           main.o
    0x0002a5cc   0x00000020   Code   RO           22    i.shutdown_handler  main.o
    0x0002a5ec   0x00000070   Code   RO         3878    i.shutdown_process  nrf_pwr_mgmt.o
    0x0002a65c   0x00000018   Code   RO         1654    i.soc_evt_handler   nrf_drv_clock.o
    0x0002a674   0x00000058   Code   RO         4547    i.softdevices_evt_irq_enable  nrf_sdh.o
    0x0002a6cc   0x00000002   Code   RO           23    i.test_timeout_handler  main.o
    0x0002a6ce   0x00000002   PAD
    0x0002a6d0   0x00000080   Code   RO         3104    i.timer_list_handler  app_timer.o
    0x0002a750   0x0000003c   Code   RO         3105    i.timer_list_insert  app_timer.o
    0x0002a78c   0x00000060   Code   RO         3106    i.timer_list_remove  app_timer.o
    0x0002a7ec   0x00000048   Code   RO         3107    i.timer_stop_op_schedule  app_timer.o
    0x0002a834   0x00000074   Code   RO         3108    i.timer_timeouts_check  app_timer.o
    0x0002a8a8   0x00000020   Code   RO         2477    i.tx_byte           nrfx_uart.o
    0x0002a8c8   0x0000001a   Code   RO         2478    i.tx_done_event     nrfx_uart.o
    0x0002a8e2   0x00000002   PAD
    0x0002a8e4   0x00000104   Code   RO           24    i.uart_event_handle  main.o
    0x0002a9e8   0x000000a0   Code   RO         3264    i.uart_event_handler  app_uart_fifo.o
    0x0002aa88   0x00000030   Code   RO         1785    i.uart_evt_handler  nrf_drv_uart.o
    0x0002aab8   0x00000128   Code   RO         2479    i.uart_irq_handler  nrfx_uart.o
    0x0002abe0   0x00000030   Code   RO         1786    i.uarte_evt_handler  nrf_drv_uart.o
    0x0002ac10   0x000000f2   Code   RO         2669    i.uarte_irq_handler  nrfx_uarte.o
    0x0002ad02   0x00000002   PAD
    0x0002ad04   0x00000030   Code   RO         3109    i.user_op_alloc     app_timer.o
    0x0002ad34   0x0000004c   Code   RO          589    i.wakeup_button_cfg  bsp.o
    0x0002ad80   0x0000002c   Data   RO           29    .constdata          main.o
    0x0002adac   0x00000008   Data   RO          445    .constdata          boards.o
    0x0002adb4   0x0000002c   Data   RO          594    .constdata          bsp.o
    0x0002ade0   0x0000007c   Data   RO          936    .constdata          ble_db_discovery.o
    0x0002ae5c   0x00000016   Data   RO         1194    .constdata          nrf_ble_gatt.o
    0x0002ae72   0x00000002   PAD
    0x0002ae74   0x00000028   Data   RO         1570    .constdata          ble_nus_c.o
    0x0002ae9c   0x00000008   Data   RO         2159    .constdata          nrfx_gpiote.o
    0x0002aea4   0x00000004   Data   RO         2482    .constdata          nrfx_uart.o
    0x0002aea8   0x00000004   Data   RO         2672    .constdata          nrfx_uarte.o
    0x0002aeac   0x00000008   Data   RO         2816    .constdata          app_button.o
    0x0002aeb4   0x0000000c   PAD
    0x0002aec0   0x00000006   Data   RO         3111    .constdata          app_timer.o
    0x0002aec6   0x00000002   PAD
    0x0002aec8   0x00000020   Data   RO         3266    .constdata          app_uart_fifo.o
    0x0002aee8   0x00000018   Data   RO         3880    .constdata          nrf_pwr_mgmt.o
    0x0002af00   0x0000000c   Data   RO         3881    .constdata          nrf_pwr_mgmt.o
    0x0002af0c   0x00000010   Data   RO         4548    .constdata          nrf_sdh.o
    0x0002af1c   0x00000028   Data   RO         4549    .constdata          nrf_sdh.o
    0x0002af44   0x00000010   Data   RO         4550    .constdata          nrf_sdh.o
    0x0002af54   0x00000010   Data   RO         4551    .constdata          nrf_sdh.o
    0x0002af64   0x00000020   Data   RO         4656    .constdata          nrf_sdh_ble.o
    0x0002af84   0x00000010   Data   RO         4657    .constdata          nrf_sdh_ble.o
    0x0002af94   0x00000010   Data   RO         4704    .constdata          nrf_sdh_soc.o
    0x0002afa4   0x0000000c   Data   RO         4705    .constdata          nrf_sdh_soc.o
    0x0002afb0   0x00000020   Data   RO         5094    Region$$Table       anon$$obj.o
    0x0002afd0   0x00000004   Data   RO           34    pwr_mgmt_data1      main.o
    0x0002afd4   0x00000008   Data   RO         1423    sdh_ble_observers0  ble_conn_state.o
    0x0002afdc   0x00000028   Data   RO           35    sdh_ble_observers1  main.o
    0x0002b004   0x00000008   Data   RO          701    sdh_ble_observers1  bsp_btn_ble.o
    0x0002b00c   0x000000a8   Data   RO           36    sdh_ble_observers2  main.o
    0x0002b0b4   0x00000008   Data   RO           37    sdh_ble_observers3  main.o
    0x0002b0bc   0x00000008   Data   RO         1660    sdh_soc_observers0  nrf_drv_clock.o
    0x0002b0c4   0x00000008   Data   RO         4659    sdh_stack_observers0  nrf_sdh_ble.o
    0x0002b0cc   0x00000008   Data   RO         4706    sdh_stack_observers0  nrf_sdh_soc.o
    0x0002b0d4   0x00000008   Data   RO         1661    sdh_state_observers0  nrf_drv_clock.o


    Execution Region RW_IRAM1 (Base: 0x2000aa88, Size: 0x00003920, Max: 0x00005578, ABSOLUTE, COMPRESSED[0x00000018])

    Base Addr    Size         Type   Attr      Idx    E Section Name        Object

    0x2000aa88   0x000002d8   Data   RW           31    .data               main.o
    0x2000ad60   0x00000010   Data   RW          595    .data               bsp.o
    0x2000ad70   0x00000008   Data   RW          700    .data               bsp_btn_ble.o
    0x2000ad78   0x00000010   Data   RW          937    .data               ble_db_discovery.o
    0x2000ad88   0x00000001   Data   RW         1292    .data               nrf_ble_scan.o
    0x2000ad89   0x00000003   PAD
    0x2000ad8c   0x00000014   Data   RW         1787    .data               nrf_drv_uart.o
    0x2000ada0   0x00000008   Data   RW         1993    .data               nrfx_clock.o
    0x2000ada8   0x00000008   Data   RW         2406    .data               nrfx_prs.o
    0x2000adb0   0x00000020   Data   RW         2817    .data               app_button.o
    0x2000add0   0x00000010   Data   RW         3040    .data               app_scheduler.o
    0x2000ade0   0x00000014   Data   RW         3112    .data               app_timer.o
    0x2000adf4   0x0000001c   Data   RW         3267    .data               app_uart_fifo.o
    0x2000ae10   0x00000008   Data   RW         3882    .data               nrf_pwr_mgmt.o
    0x2000ae18   0x00000004   Data   RW         4077    .data               retarget.o
    0x2000ae1c   0x00000003   Data   RW         4552    .data               nrf_sdh.o
    0x2000ae1f   0x00000001   Data   RW         4658    .data               nrf_sdh_ble.o
    0x2000ae20   0x00000004   Data   RW         4744    .data               system_nrf52840.o
    0x2000ae24   0x00000020   Zero   RW           25    .bss                main.o
    0x2000ae44   0x00000020   Zero   RW           26    .bss                main.o
    0x2000ae64   0x00000e74   Zero   RW           27    .bss                main.o
    0x2000bcd8   0x00000028   Zero   RW           28    .bss                main.o
    0x2000bd00   0x00000020   Zero   RW          590    .bss                bsp.o
    0x2000bd20   0x00000020   Zero   RW          591    .bss                bsp.o
    0x2000bd40   0x0000000c   Zero   RW          592    .bss                bsp.o
    0x2000bd4c   0x00000020   Zero   RW          593    .bss                bsp.o
    0x2000bd6c   0x00000318   Zero   RW          935    .bss                ble_db_discovery.o
    0x2000c084   0x00000078   Zero   RW         1291    .bss                nrf_ble_scan.o
    0x2000c0fc   0x00000078   Zero   RW         1422    .bss                ble_conn_state.o
    0x2000c174   0x00000014   Zero   RW         1655    .bss                nrf_drv_clock.o
    0x2000c188   0x0000006c   Zero   RW         2158    .bss                nrfx_gpiote.o
    0x2000c1f4   0x0000002c   Zero   RW         2480    .bss                nrfx_uart.o
    0x2000c220   0x00000024   Zero   RW         2670    .bss                nrfx_uarte.o
    0x2000c244   0x00000020   Zero   RW         2815    .bss                app_button.o
    0x2000c264   0x0000010c   Zero   RW         3110    .bss                app_timer.o
    0x2000c370   0x00000020   Zero   RW         3265    .bss                app_uart_fifo.o
    0x2000c390   0x0000000c   Zero   RW         3346    .bss                app_util_platform.o
    0x2000c39c   0x0000000c   Zero   RW         3879    .bss                nrf_pwr_mgmt.o
    0x2000c3a8   0x00002000   Zero   RW         4732    STACK               arm_startup_nrf52840.o


==============================================================================

Image component sizes


      Code (inc. data)   RO Data    RW Data    ZI Data      Debug   Object Name

       444         38          8         32         32      12966   app_button.o
        22          0          0          0          0       2429   app_error.o
        48          8          0          0          0       3918   app_error_weak.o
       118          0          0          0          0       4858   app_fifo.o
       268         16          0         16          0      41733   app_scheduler.o
      1506        118          6         20        268      47995   app_timer.o
       524         60         32         28         32      20966   app_uart_fifo.o
       124         14          0          0         12       9530   app_util_platform.o
        40         10        512          0       8192        936   arm_startup_nrf52840.o
       206          0          0          0          0      44443   ble_advdata.o
       378         10          8          0        120       8457   ble_conn_state.o
      1654         78        124         16        792      18379   ble_db_discovery.o
       446         10         40          0          0      16010   ble_nus_c.o
         0          0          0          0          0      36948   ble_srv_common.o
       556         72          8          0          0      81954   boards.o
      1016         90         44         16        108      15299   bsp.o
       252         10          8          8          0       4680   bsp_btn_ble.o
      1798        288        264        728       3804     162347   main.o
        64          0          0          0          0       2876   nrf_atflags.o
       260          0          0          0          0       4373   nrf_atomic.o
       554          6         22          0          0      35425   nrf_ble_gatt.o
       984         16          0          1        120      13305   nrf_ble_scan.o
       276         34         16          0         20      37410   nrf_drv_clock.o
       200         26          0         20          0      17660   nrf_drv_uart.o
       280         44         36          8         12      37897   nrf_pwr_mgmt.o
       384         46         88          3          0      38863   nrf_sdh.o
       266         20         56          1          0       5415   nrf_sdh_ble.o
        60          4         36          0          0       2288   nrf_sdh_soc.o
        78          0          0          0          0       2692   nrf_section_iter.o
       298         32          0          8          0      41992   nrfx_clock.o
      1374         92          8          0        108      59708   nrfx_gpiote.o
        94         16          0          8          0       3565   nrfx_prs.o
      1402         42          4          0         44      30556   nrfx_uart.o
      1236         44          4          0         36      24661   nrfx_uarte.o
        14          0          0          4          0       2814   retarget.o
       476         60          0          4          0      28922   system_nrf52840.o

    ----------------------------------------------------------------------
     17738       1304       1372        924      13700     924270   Object Totals
         0          0         32          0          0          0   (incl. Generated)
        38          0         16          3          0          0   (incl. Padding)

    ----------------------------------------------------------------------

      Code (inc. data)   RO Data    RW Data    ZI Data      Debug   Library Member Name

        86          0          0          0          0          0   __dczerorl2.o
         0          0          0          0          0          0   entry.o
         0          0          0          0          0          0   entry10a.o
         0          0          0          0          0          0   entry11a.o
         8          4          0          0          0          0   entry2.o
         4          0          0          0          0          0   entry5.o
         0          0          0          0          0          0   entry7b.o
         0          0          0          0          0          0   entry8b.o
         8          4          0          0          0          0   entry9a.o
        30          0          0          0          0          0   handlers.o
        36          8          0          0          0         68   init.o
        30          0          0          0          0         68   llshl.o
        32          0          0          0          0         68   llushr.o
        26          0          0          0          0         80   memcmp.o
        36          0          0          0          0         68   memcpya.o
        36          0          0          0          0        108   memseta.o
      1154         54          0          0          0        352   printf8.o
        98          0          0          0          0         92   uldiv.o

    ----------------------------------------------------------------------
      1590         70          0          0          0        904   Library Totals
         6          0          0          0          0          0   (incl. Padding)

    ----------------------------------------------------------------------

      Code (inc. data)   RO Data    RW Data    ZI Data      Debug   Library Name

      1584         70          0          0          0        904   mc_w.l

    ----------------------------------------------------------------------
      1590         70          0          0          0        904   Library Totals

    ----------------------------------------------------------------------

==============================================================================


      Code (inc. data)   RO Data    RW Data    ZI Data      Debug   

     19328       1374       1372        924      13700     901742   Grand Totals
     19328       1374       1372         24      13700     901742   ELF Image Totals (compressed)
     19328       1374       1372         24          0          0   ROM Totals

==============================================================================

    Total RO  Size (Code + RO Data)                20700 (  20.21kB)
    Total RW  Size (RW Data + ZI Data)             14624 (  14.28kB)
    Total ROM Size (Code + RO Data + RW Data)      20724 (  20.24kB)

==============================================================================

