<html>
<body>
<pre>
<h1>µVision Build Log</h1>
<h2>Tool Versions:</h2>
IDE-Version: ¦ÌVision V5.23.0.0
Copyright (C) 2017 ARM Ltd and ARM Germany GmbH. All rights reserved.
License Information: w w, w, LIC=AK130-BFMN2-34XST-RXUF9-X8RHU-1IF43
 
Tool Versions:
Toolchain:       MDK-ARM Professional  Version: 5.23
Toolchain Path:  C:\Keil_v5\ARM\ARMCC\Bin
C Compiler:      Armcc.exe V5.06 update 4 (build 422)
Assembler:       Armasm.exe V5.06 update 4 (build 422)
Linker/Locator:  ArmLink.exe V5.06 update 4 (build 422)
Library Manager: ArmAr.exe V5.06 update 4 (build 422)
Hex Converter:   FromElf.exe V5.06 update 4 (build 422)
CPU DLL:         
Dialog DLL:      
Target DLL:      Segger\JL2CM3.dll V2.99.23.0
Dialog DLL:      TCM.DLL V1.27.0.0
 
<h2>Project:</h2>
H:\git\nrf5-sdk-15.3.0\examples\ble_central\ble_app_uart_c_master\pca10056\s140\arm5_no_packs\ble_app_uart_c_pca10056_s140.uvprojx
Project File Date:  07/03/2019

<h2>Output:</h2>
*** Using Compiler 'V5.06 update 4 (build 422)', folder: 'C:\Keil_v5\ARM\ARMCC\Bin'
Build target 'nrf52840_xxaa'
compiling main.c...
..\..\..\main.c(247): warning:  #177-D: variable "ret_val"  was declared but never referenced
      ret_code_t ret_val;
..\..\..\main.c(321): warning:  #177-D: variable "i"  was declared but never referenced
  	unsigned char i;
..\..\..\main.c(359): warning:  #177-D: variable "peer_index"  was declared but never referenced
  	  unsigned char peer_index=0;
..\..\..\main.c(716): warning:  #177-D: variable "err_code"  was declared but never referenced
      ret_code_t err_code;
..\..\..\main.c(893): warning:  #177-D: variable "address_buf"  was declared but never referenced
  	unsigned char address_buf[6]={0x18,0xb3,0x38,0x3b,0x57,0xd6};//{0xd6,0x57,0x3b,0x38,0xb3,0x18};
..\..\..\main.c(867): warning:  #177-D: function "application_timers_start"  was declared but never referenced
  static void application_timers_start(void)
..\..\..\main.c: 6 warnings, 0 errors
linking...
Program Size: Code=19172 RO-data=1216 RW-data=924 ZI-data=12644  
FromELF: creating hex file...
".\_build\nrf52840_xxaa.axf" - 0 Error(s), 6 Warning(s).

<h2>Software Packages used:</h2>

Package Vendor: ARM
                http://www.keil.com/pack/ARM.CMSIS.4.5.0.pack
                ARM::CMSIS:CORE:4.3.0
                CMSIS (Cortex Microcontroller Software Interface Standard)
   * Component: CORE Version: 4.3.0

Package Vendor: NordicSemiconductor
                http://developer.nordicsemi.com/nRF5_SDK/pieces/nRF_DeviceFamilyPack/NordicSemiconductor.nRF_DeviceFamilyPack.8.24.1.pack
                NordicSemiconductor::Device:Startup:8.24.1
                Nordic Semiconductor nRF ARM devices Device Family Pack.
   * Component: Startup Version: 8.24.1

<h2>Collection of Component include folders:</h2>
  .\RTE\_nrf52840_xxaa
  C:\Keil_v5\ARM\PACK\ARM\CMSIS\4.5.0\CMSIS\Include
  C:\Keil_v5\ARM\PACK\NordicSemiconductor\nRF_DeviceFamilyPack\8.24.1\Device\Include

<h2>Collection of Component Files used:</h2>

   * Component: ARM::CMSIS:CORE:4.3.0

   * Component: NordicSemiconductor::Device:Startup:8.24.1
      Source file:   Device\Source\arm\arm_startup_nrf52840.s
      Source file:   Device\Source\system_nrf52840.c
      Include file:  Device\Include\system_nrf52840.h
Build Time Elapsed:  00:00:10
</pre>
</body>
</html>
