Component: ARM Compiler 5.06 update 4 (build 422) Tool: armlink [4d35d2]

==============================================================================

Section Cross References

    main.o(i.Bluetooth_ReciveANDSend) refers to app_uart_fifo.o(i.app_uart_put) for app_uart_put
    main.o(i.Bluetooth_ReciveANDSend) refers to main.o(.data) for .data
    main.o(i.Bluetooth_ReciveANDSend) refers to main.o(.bss) for .bss
    main.o(i.Button_handle) refers to main.o(i.advertising_start) for advertising_start
    main.o(i.Button_handle) refers to bma.o(i.bma_init) for bma_init
    main.o(i.Button_handle) refers to main.o(.data) for .data
    main.o(i.GPIOTE_init) refers to nrfx_gpiote.o(i.nrfx_gpiote_init) for nrfx_gpiote_init
    main.o(i.GPIOTE_init) refers to app_error.o(i.app_error_handler_bare) for app_error_handler_bare
    main.o(i.GPIOTE_init) refers to nrfx_gpiote.o(i.nrfx_gpiote_in_init) for nrfx_gpiote_in_init
    main.o(i.GPIOTE_init) refers to nrfx_gpiote.o(i.nrfx_gpiote_in_event_enable) for nrfx_gpiote_in_event_enable
    main.o(i.GPIOTE_init) refers to main.o(.constdata) for .constdata
    main.o(i.GPIOTE_init) refers to main.o(i.Button_handle) for Button_handle
    main.o(i.WDT_Init) refers to nrfx_wdt.o(i.nrfx_wdt_init) for nrfx_wdt_init
    main.o(i.WDT_Init) refers to app_error.o(i.app_error_handler_bare) for app_error_handler_bare
    main.o(i.WDT_Init) refers to nrfx_wdt.o(i.nrfx_wdt_channel_alloc) for nrfx_wdt_channel_alloc
    main.o(i.WDT_Init) refers to nrfx_wdt.o(i.nrfx_wdt_enable) for nrfx_wdt_enable
    main.o(i.WDT_Init) refers to main.o(.constdata) for .constdata
    main.o(i.WDT_Init) refers to main.o(i.wdt_event_handler) for wdt_event_handler
    main.o(i.WDT_Init) refers to main.o(.data) for .data
    main.o(i.advertising_start) refers to ble_advertising.o(i.ble_advertising_start) for ble_advertising_start
    main.o(i.advertising_start) refers to app_error.o(i.app_error_handler_bare) for app_error_handler_bare
    main.o(i.advertising_start) refers to main.o(.bss) for .bss
    main.o(i.assert_nrf_callback) refers to app_error_handler_keil.o(.emb_text) for app_error_handler
    main.o(i.ble_evt_handler) refers to bsp.o(i.bsp_indication_set) for bsp_indication_set
    main.o(i.ble_evt_handler) refers to app_error.o(i.app_error_handler_bare) for app_error_handler_bare
    main.o(i.ble_evt_handler) refers to nrf_ble_qwr.o(i.nrf_ble_qwr_conn_handle_assign) for nrf_ble_qwr_conn_handle_assign
    main.o(i.ble_evt_handler) refers to main.o(.data) for .data
    main.o(i.ble_evt_handler) refers to main.o(.bss) for .bss
    main.o(i.bsp_event_handler) refers to main.o(i.sleep_mode_enter) for sleep_mode_enter
    main.o(i.bsp_event_handler) refers to app_error.o(i.app_error_handler_bare) for app_error_handler_bare
    main.o(i.bsp_event_handler) refers to ble_advertising.o(i.ble_advertising_restart_without_whitelist) for ble_advertising_restart_without_whitelist
    main.o(i.bsp_event_handler) refers to main.o(.data) for .data
    main.o(i.bsp_event_handler) refers to main.o(.bss) for .bss
    main.o(i.conn_params_error_handler) refers to app_error.o(i.app_error_handler_bare) for app_error_handler_bare
    main.o(i.gatt_evt_handler) refers to main.o(.data) for .data
    main.o(i.gatt_init) refers to nrf_ble_gatt.o(i.nrf_ble_gatt_init) for nrf_ble_gatt_init
    main.o(i.gatt_init) refers to app_error.o(i.app_error_handler_bare) for app_error_handler_bare
    main.o(i.gatt_init) refers to nrf_ble_gatt.o(i.nrf_ble_gatt_att_mtu_periph_set) for nrf_ble_gatt_att_mtu_periph_set
    main.o(i.gatt_init) refers to main.o(i.gatt_evt_handler) for gatt_evt_handler
    main.o(i.gatt_init) refers to main.o(.bss) for .bss
    main.o(i.lowpower_timeout_handler) refers to app_timer.o(i.app_timer_stop) for app_timer_stop
    main.o(i.lowpower_timeout_handler) refers to bma.o(i.bma_lowpower) for bma_lowpower
    main.o(i.lowpower_timeout_handler) refers to bma.o(i.BMA250_interrupt_status) for BMA250_interrupt_status
    main.o(i.lowpower_timeout_handler) refers to main.o(i.advertising_start) for advertising_start
    main.o(i.lowpower_timeout_handler) refers to bma.o(i.bma_init) for bma_init
    main.o(i.lowpower_timeout_handler) refers to app_timer.o(i.app_timer_start) for app_timer_start
    main.o(i.lowpower_timeout_handler) refers to main.o(.data) for .data
    main.o(i.lowpower_timeout_handler) refers to main.o(.constdata) for .constdata
    main.o(i.lowpower_timeout_handler) refers to main.o(.bss) for .bss
    main.o(i.main) refers to app_timer.o(i.app_timer_init) for app_timer_init
    main.o(i.main) refers to app_error.o(i.app_error_handler_bare) for app_error_handler_bare
    main.o(i.main) refers to app_timer.o(i.app_timer_create) for app_timer_create
    main.o(i.main) refers to app_scheduler.o(i.app_sched_init) for app_sched_init
    main.o(i.main) refers to nrf_pwr_mgmt.o(i.nrf_pwr_mgmt_init) for nrf_pwr_mgmt_init
[...]
    i.nrf_bitmask_bit_is_set                 0x00028b0e   Section        0  nrfx_gpiote.o(i.nrf_bitmask_bit_is_set)
    nrf_bitmask_bit_is_set                   0x00028b0f   Thumb Code    16  nrfx_gpiote.o(i.nrf_bitmask_bit_is_set)
    i.nrf_bitmask_bit_set                    0x00028b1e   Section        0  nrfx_gpiote.o(i.nrf_bitmask_bit_set)
    nrf_bitmask_bit_set                      0x00028b1f   Thumb Code    20  nrfx_gpiote.o(i.nrf_bitmask_bit_set)
    i.nrf_ble_gatt_att_mtu_periph_set        0x00028b32   Section        0  nrf_ble_gatt.o(i.nrf_ble_gatt_att_mtu_periph_set)
    i.nrf_ble_gatt_init                      0x00028b4a   Section        0  nrf_ble_gatt.o(i.nrf_ble_gatt_init)
    i.nrf_ble_gatt_on_ble_evt                0x00028b6c   Section        0  nrf_ble_gatt.o(i.nrf_ble_gatt_on_ble_evt)
    i.nrf_ble_qwr_conn_handle_assign         0x00028ce0   Section        0  nrf_ble_qwr.o(i.nrf_ble_qwr_conn_handle_assign)
    i.nrf_ble_qwr_init                       0x00028cf6   Section        0  nrf_ble_qwr.o(i.nrf_ble_qwr_init)
    i.nrf_ble_qwr_on_ble_evt                 0x00028d1a   Section        0  nrf_ble_qwr.o(i.nrf_ble_qwr_on_ble_evt)
    i.nrf_clock_event_check                  0x00028dd0   Section        0  nrfx_clock.o(i.nrf_clock_event_check)
    nrf_clock_event_check                    0x00028dd1   Thumb Code    14  nrfx_clock.o(i.nrf_clock_event_check)
    i.nrf_clock_event_clear                  0x00028dde   Section        0  nrfx_clock.o(i.nrf_clock_event_clear)
    nrf_clock_event_clear                    0x00028ddf   Thumb Code    16  nrfx_clock.o(i.nrf_clock_event_clear)
    i.nrf_drv_clock_init                     0x00028df0   Section        0  nrf_drv_clock.o(i.nrf_drv_clock_init)
    i.nrf_drv_clock_lfclk_release            0x00028e28   Section        0  nrf_drv_clock.o(i.nrf_drv_clock_lfclk_release)
    i.nrf_drv_uart_tx                        0x00028e58   Section        0  app_uart_fifo.o(i.nrf_drv_uart_tx)
    nrf_drv_uart_tx                          0x00028e59   Thumb Code    26  app_uart_fifo.o(i.nrf_drv_uart_tx)
    i.nrf_gpio_cfg                           0x00028e78   Section        0  iic_dmwz.o(i.nrf_gpio_cfg)
    nrf_gpio_cfg                             0x00028e79   Thumb Code    50  iic_dmwz.o(i.nrf_gpio_cfg)
    i.nrf_gpio_cfg_input                     0x00028eaa   Section        0  iic_dmwz.o(i.nrf_gpio_cfg_input)
    nrf_gpio_cfg_input                       0x00028eab   Thumb Code    18  iic_dmwz.o(i.nrf_gpio_cfg_input)
    i.nrf_gpio_cfg_output                    0x00028ebc   Section        0  iic_dmwz.o(i.nrf_gpio_cfg_output)
    nrf_gpio_cfg_output                      0x00028ebd   Thumb Code    20  iic_dmwz.o(i.nrf_gpio_cfg_output)
    i.nrf_gpio_cfg_sense_set                 0x00028ed0   Section        0  nrfx_gpiote.o(i.nrf_gpio_cfg_sense_set)
    nrf_gpio_cfg_sense_set                   0x00028ed1   Thumb Code    48  nrfx_gpiote.o(i.nrf_gpio_cfg_sense_set)
    i.nrf_gpio_pin_clear                     0x00028f00   Section        0  iic_dmwz.o(i.nrf_gpio_pin_clear)
    nrf_gpio_pin_clear                       0x00028f01   Thumb Code    20  iic_dmwz.o(i.nrf_gpio_pin_clear)
    i.nrf_gpio_pin_port_decode               0x00028f14   Section        0  iic_dmwz.o(i.nrf_gpio_pin_port_decode)
    nrf_gpio_pin_port_decode                 0x00028f15   Thumb Code    22  iic_dmwz.o(i.nrf_gpio_pin_port_decode)
    i.nrf_gpio_pin_port_decode               0x00028f30   Section        0  boards.o(i.nrf_gpio_pin_port_decode)
    nrf_gpio_pin_port_decode                 0x00028f31   Thumb Code    22  boards.o(i.nrf_gpio_pin_port_decode)
    i.nrf_gpio_pin_port_decode               0x00028f4c   Section        0  nrfx_gpiote.o(i.nrf_gpio_pin_port_decode)
    nrf_gpio_pin_port_decode                 0x00028f4d   Thumb Code    22  nrfx_gpiote.o(i.nrf_gpio_pin_port_decode)
    i.nrf_gpio_pin_read                      0x00028f68   Section        0  iic_dmwz.o(i.nrf_gpio_pin_read)
    nrf_gpio_pin_read                        0x00028f69   Thumb Code    22  iic_dmwz.o(i.nrf_gpio_pin_read)
    i.nrf_gpio_pin_set                       0x00028f7e   Section        0  iic_dmwz.o(i.nrf_gpio_pin_set)
    nrf_gpio_pin_set                         0x00028f7f   Thumb Code    20  iic_dmwz.o(i.nrf_gpio_pin_set)
    i.nrf_gpio_pin_write                     0x00028f92   Section        0  boards.o(i.nrf_gpio_pin_write)
    nrf_gpio_pin_write                       0x00028f93   Thumb Code    38  boards.o(i.nrf_gpio_pin_write)
    i.nrf_gpio_ports_read                    0x00028fb8   Section        0  nrfx_gpiote.o(i.nrf_gpio_ports_read)
    nrf_gpio_ports_read                      0x00028fb9   Thumb Code    38  nrfx_gpiote.o(i.nrf_gpio_ports_read)
    i.nrf_gpiote_event_clear                 0x00028fe4   Section        0  nrfx_gpiote.o(i.nrf_gpiote_event_clear)
    nrf_gpiote_event_clear                   0x00028fe5   Thumb Code    16  nrfx_gpiote.o(i.nrf_gpiote_event_clear)
    i.nrf_gpiote_event_is_set                0x00028ff8   Section        0  nrfx_gpiote.o(i.nrf_gpiote_event_is_set)
    nrf_gpiote_event_is_set                  0x00028ff9   Thumb Code    12  nrfx_gpiote.o(i.nrf_gpiote_event_is_set)
    i.nrf_pwr_mgmt_init                      0x00029008   Section        0  nrf_pwr_mgmt.o(i.nrf_pwr_mgmt_init)
    i.nrf_pwr_mgmt_run                       0x00029030   Section        0  nrf_pwr_mgmt.o(i.nrf_pwr_mgmt_run)
    i.nrf_qwr_error_handler                  0x00029074   Section        0  main.o(i.nrf_qwr_error_handler)
    nrf_qwr_error_handler                    0x00029075   Thumb Code     4  main.o(i.nrf_qwr_error_handler)
    i.nrf_sdh_ble_app_ram_start_get          0x00029078   Section        0  nrf_sdh_ble.o(i.nrf_sdh_ble_app_ram_start_get)
    i.nrf_sdh_ble_default_cfg_set            0x0002908c   Section        0  nrf_sdh_ble.o(i.nrf_sdh_ble_default_cfg_set)
    i.nrf_sdh_ble_enable                     0x00029128   Section        0  nrf_sdh_ble.o(i.nrf_sdh_ble_enable)
    i.nrf_sdh_ble_evts_poll                  0x0002913c   Section        0  nrf_sdh_ble.o(i.nrf_sdh_ble_evts_poll)
    nrf_sdh_ble_evts_poll                    0x0002913d   Thumb Code    88  nrf_sdh_ble.o(i.nrf_sdh_ble_evts_poll)
    i.nrf_sdh_enable_request                 0x0002919c   Section        0  nrf_sdh.o(i.nrf_sdh_enable_request)
    i.nrf_sdh_evts_poll                      0x00029210   Section        0  nrf_sdh.o(i.nrf_sdh_evts_poll)
    i.nrf_sdh_is_enabled                     0x00029234   Section        0  nrf_sdh.o(i.nrf_sdh_is_enabled)
    i.nrf_sdh_soc_evts_poll                  0x00029240   Section        0  nrf_sdh_soc.o(i.nrf_sdh_soc_evts_poll)
    nrf_sdh_soc_evts_poll                    0x00029241   Thumb Code    56  nrf_sdh_soc.o(i.nrf_sdh_soc_evts_poll)
    i.nrf_section_iter_init                  0x0002927c   Section        0  nrf_section_iter.o(i.nrf_section_iter_init)
    i.nrf_section_iter_item_set              0x00029286   Section        0  nrf_section_iter.o(i.nrf_section_iter_item_set)
    nrf_section_iter_item_set                0x00029287   Thumb Code    36  nrf_section_iter.o(i.nrf_section_iter_item_set)
    i.nrf_section_iter_next                  0x000292aa   Section        0  nrf_section_iter.o(i.nrf_section_iter_next)
    i.nrf_uart_event_check                   0x000292ca   Section        0  nrfx_uart.o(i.nrf_uart_event_check)
    nrf_uart_event_check                     0x000292cb   Thumb Code    10  nrfx_uart.o(i.nrf_uart_event_check)
    i.nrf_uart_event_clear                   0x000292d4   Section        0  nrfx_uart.o(i.nrf_uart_event_clear)
    nrf_uart_event_clear                     0x000292d5   Thumb Code    12  nrfx_uart.o(i.nrf_uart_event_clear)
    i.nrf_uarte_event_check                  0x000292e0   Section        0  nrfx_uarte.o(i.nrf_uarte_event_check)
    nrf_uarte_event_check                    0x000292e1   Thumb Code    10  nrfx_uarte.o(i.nrf_uarte_event_check)
    i.nrf_uarte_event_clear                  0x000292ea   Section        0  nrfx_uarte.o(i.nrf_uarte_event_clear)
    nrf_uarte_event_clear                    0x000292eb   Thumb Code    12  nrfx_uarte.o(i.nrf_uarte_event_clear)
    i.nrfx_clock_enable                      0x000292f8   Section        0  nrfx_clock.o(i.nrfx_clock_enable)
    i.nrfx_clock_init                        0x00029324   Section        0  nrfx_clock.o(i.nrfx_clock_init)
    i.nrfx_clock_lfclk_stop                  0x00029344   Section        0  nrfx_clock.o(i.nrfx_clock_lfclk_stop)
    i.nrfx_coredep_delay_us                  0x00029360   Section        0  app_timer.o(i.nrfx_coredep_delay_us)
    nrfx_coredep_delay_us                    0x00029361   Thumb Code    12  app_timer.o(i.nrfx_coredep_delay_us)
    i.nrfx_is_in_ram                         0x00029370   Section        0  nrfx_uarte.o(i.nrfx_is_in_ram)
    nrfx_is_in_ram                           0x00029371   Thumb Code    16  nrfx_uarte.o(i.nrfx_is_in_ram)
    i.nrfx_uart_tx                           0x00029380   Section        0  nrfx_uart.o(i.nrfx_uart_tx)
    i.nrfx_uart_tx_in_progress               0x00029424   Section        0  nrfx_uart.o(i.nrfx_uart_tx_in_progress)
    i.nrfx_uarte_tx                          0x00029444   Section        0  nrfx_uarte.o(i.nrfx_uarte_tx)
    i.nrfx_uarte_tx_in_progress              0x000294d4   Section        0  nrfx_uarte.o(i.nrfx_uarte_tx_in_progress)
    i.nus_data_handler                       0x000294f0   Section        0  main.o(i.nus_data_handler)
    nus_data_handler                         0x000294f1   Thumb Code    62  main.o(i.nus_data_handler)
    i.on_adv_evt                             0x0002953c   Section        0  main.o(i.on_adv_evt)
    on_adv_evt                               0x0002953d   Thumb Code    36  main.o(i.on_adv_evt)
    i.on_conn_params_evt                     0x00029560   Section        0  main.o(i.on_conn_params_evt)
    on_conn_params_evt                       0x00029561   Thumb Code    24  main.o(i.on_conn_params_evt)
    i.on_connect                             0x0002957c   Section        0  ble_nus.o(i.on_connect)
    on_connect                               0x0002957d   Thumb Code   106  ble_nus.o(i.on_connect)
    i.on_write                               0x000295e6   Section        0  ble_nus.o(i.on_write)
    on_write                                 0x000295e7   Thumb Code   132  ble_nus.o(i.on_write)
    i.phy_is_valid                           0x0002966a   Section        0  ble_advertising.o(i.phy_is_valid)
    phy_is_valid                             0x0002966b   Thumb Code    22  ble_advertising.o(i.phy_is_valid)
    i.rtc1_stop                              0x00029680   Section        0  app_timer.o(i.rtc1_stop)
    rtc1_stop                                0x00029681   Thumb Code    52  app_timer.o(i.rtc1_stop)
    i.sd_state_evt_handler                   0x000296bc   Section        0  nrf_drv_clock.o(i.sd_state_evt_handler)
    sd_state_evt_handler                     0x000296bd   Thumb Code    76  nrf_drv_clock.o(i.sd_state_evt_handler)
    i.sdh_request_observer_notify            0x0002970c   Section        0  nrf_sdh.o(i.sdh_request_observer_notify)
    sdh_request_observer_notify              0x0002970d   Thumb Code    44  nrf_sdh.o(i.sdh_request_observer_notify)
    i.sdh_state_observer_notify              0x0002973c   Section        0  nrf_sdh.o(i.sdh_state_observer_notify)
    sdh_state_observer_notify                0x0002973d   Thumb Code    38  nrf_sdh.o(i.sdh_state_observer_notify)
    i.send_error_evt                         0x00029768   Section        0  ble_conn_params.o(i.send_error_evt)
    send_error_evt                           0x00029769   Thumb Code    12  ble_conn_params.o(i.send_error_evt)
    i.service_data_encode                    0x00029778   Section        0  ble_advdata.o(i.service_data_encode)
    service_data_encode                      0x00029779   Thumb Code   136  ble_advdata.o(i.service_data_encode)
    i.set_security_req                       0x00029800   Section        0  ble_srv_common.o(i.set_security_req)
    set_security_req                         0x00029801   Thumb Code    48  ble_srv_common.o(i.set_security_req)
    i.sleep_mode_enter                       0x00029830   Section        0  main.o(i.sleep_mode_enter)
    sleep_mode_enter                         0x00029831   Thumb Code    40  main.o(i.sleep_mode_enter)
    i.soc_evt_handler                        0x00029858   Section        0  nrf_drv_clock.o(i.soc_evt_handler)
    soc_evt_handler                          0x00029859   Thumb Code    18  nrf_drv_clock.o(i.soc_evt_handler)
    i.softdevices_evt_irq_enable             0x00029870   Section        0  nrf_sdh.o(i.softdevices_evt_irq_enable)
    softdevices_evt_irq_enable               0x00029871   Thumb Code    80  nrf_sdh.o(i.softdevices_evt_irq_enable)
    i.test_timeout_handler                   0x000298c8   Section        0  main.o(i.test_timeout_handler)
    i.timer_list_handler                     0x00029958   Section        0  app_timer.o(i.timer_list_handler)
    timer_list_handler                       0x00029959   Thumb Code   122  app_timer.o(i.timer_list_handler)
    i.timer_list_insert                      0x000299d8   Section        0  app_timer.o(i.timer_list_insert)
    timer_list_insert                        0x000299d9   Thumb Code    56  app_timer.o(i.timer_list_insert)
    i.timer_list_remove                      0x00029a14   Section        0  app_timer.o(i.timer_list_remove)
    timer_list_remove                        0x00029a15   Thumb Code    88  app_timer.o(i.timer_list_remove)
    i.timer_stop_op_schedule                 0x00029a74   Section        0  app_timer.o(i.timer_stop_op_schedule)
    timer_stop_op_schedule                   0x00029a75   Thumb Code    68  app_timer.o(i.timer_stop_op_schedule)
    i.timer_timeouts_check                   0x00029abc   Section        0  app_timer.o(i.timer_timeouts_check)
    timer_timeouts_check                     0x00029abd   Thumb Code   106  app_timer.o(i.timer_timeouts_check)
    i.tx_byte                                0x00029b30   Section        0  nrfx_uart.o(i.tx_byte)
    tx_byte                                  0x00029b31   Thumb Code    32  nrfx_uart.o(i.tx_byte)
    i.uint16_encode                          0x00029b50   Section        0  ble_advdata.o(i.uint16_encode)
    uint16_encode                            0x00029b51   Thumb Code    10  ble_advdata.o(i.uint16_encode)
    i.update_timeout_handler                 0x00029b5c   Section        0  ble_conn_params.o(i.update_timeout_handler)
    update_timeout_handler                   0x00029b5d   Thumb Code    98  ble_conn_params.o(i.update_timeout_handler)
    i.use_whitelist                          0x00029bc4   Section        0  ble_advertising.o(i.use_whitelist)
    use_whitelist                            0x00029bc5   Thumb Code    24  ble_advertising.o(i.use_whitelist)
    i.user_mem_reply                         0x00029bdc   Section        0  nrf_ble_qwr.o(i.user_mem_reply)
    user_mem_reply                           0x00029bdd   Thumb Code    36  nrf_ble_qwr.o(i.user_mem_reply)
    i.user_op_alloc                          0x00029c00   Section        0  app_timer.o(i.user_op_alloc)
    user_op_alloc                            0x00029c01   Thumb Code    42  app_timer.o(i.user_op_alloc)
    i.uuid_list_encode                       0x00029c30   Section        0  ble_advdata.o(i.uuid_list_encode)
    uuid_list_encode                         0x00029c31   Thumb Code    48  ble_advdata.o(i.uuid_list_encode)
    i.uuid_list_sized_encode                 0x00029c60   Section        0  ble_advdata.o(i.uuid_list_sized_encode)
    uuid_list_sized_encode                   0x00029c61   Thumb Code   158  ble_advdata.o(i.uuid_list_sized_encode)
    i.wakeup_button_cfg                      0x00029d00   Section        0  bsp.o(i.wakeup_button_cfg)
    wakeup_button_cfg                        0x00029d01   Thumb Code    70  bsp.o(i.wakeup_button_cfg)
    .constdata                               0x00029d4c   Section       36  main.o(.constdata)
    m_test_timer_id                          0x00029d50   Data           4  main.o(.constdata)
    m_lowpower_timer_id                      0x00029d54   Data           4  main.o(.constdata)
    default_config                           0x00029d58   Data          12  main.o(.constdata)
    .constdata                               0x00029d70   Section        8  boards.o(.constdata)
    m_board_led_list                         0x00029d70   Data           4  boards.o(.constdata)
    m_board_btn_list                         0x00029d74   Data           4  boards.o(.constdata)
    .constdata                               0x00029d78   Section       44  bsp.o(.constdata)
    m_bsp_leds_tmr                           0x00029d78   Data           4  bsp.o(.constdata)
    m_bsp_alert_tmr                          0x00029d7c   Data           4  bsp.o(.constdata)
    m_bsp_button_tmr                         0x00029d80   Data           4  bsp.o(.constdata)
    app_buttons                              0x00029d84   Data          32  bsp.o(.constdata)
    .constdata                               0x00029da4   Section       22  nrf_ble_gatt.o(.constdata)
    .constdata                               0x00029dbc   Section       16  ble_nus.o(.constdata)
    .constdata                               0x00029dcc   Section        8  nrfx_gpiote.o(.constdata)
    .constdata                               0x00029de0   Section        6  app_timer.o(.constdata)
    delay_machine_code                       0x00029de0   Data           6  app_timer.o(.constdata)
    .constdata                               0x00029de8   Section       24  nrf_pwr_mgmt.o(.constdata)
    pwr_mgmt_data_array                      0x00029de8   Data          24  nrf_pwr_mgmt.o(.constdata)
    .constdata                               0x00029e00   Section       12  nrf_pwr_mgmt.o(.constdata)
    pwr_mgmt_data                            0x00029e00   Data          12  nrf_pwr_mgmt.o(.constdata)
    .constdata                               0x00029e0c   Section       16  nrf_sdh.o(.constdata)
    sdh_req_observers_array                  0x00029e0c   Data          16  nrf_sdh.o(.constdata)
    .constdata                               0x00029e1c   Section       40  nrf_sdh.o(.constdata)
    sdh_req_observers                        0x00029e20   Data          12  nrf_sdh.o(.constdata)
    sdh_state_observers                      0x00029e2c   Data          12  nrf_sdh.o(.constdata)
    sdh_stack_observers                      0x00029e38   Data          12  nrf_sdh.o(.constdata)
    .constdata                               0x00029e44   Section       16  nrf_sdh.o(.constdata)
    sdh_state_observers_array                0x00029e44   Data          16  nrf_sdh.o(.constdata)
    .constdata                               0x00029e54   Section       16  nrf_sdh.o(.constdata)
    sdh_stack_observers_array                0x00029e54   Data          16  nrf_sdh.o(.constdata)
    .constdata                               0x00029e64   Section       32  nrf_sdh_ble.o(.constdata)
    sdh_ble_observers_array                  0x00029e64   Data          32  nrf_sdh_ble.o(.constdata)
    .constdata                               0x00029e84   Section       16  nrf_sdh_ble.o(.constdata)
    sdh_ble_observers                        0x00029e88   Data          12  nrf_sdh_ble.o(.constdata)
    .constdata                               0x00029e94   Section       16  nrf_sdh_soc.o(.constdata)
    sdh_soc_observers_array                  0x00029e94   Data          16  nrf_sdh_soc.o(.constdata)
    .constdata                               0x00029ea4   Section       12  nrf_sdh_soc.o(.constdata)
    sdh_soc_observers                        0x00029ea4   Data          12  nrf_sdh_soc.o(.constdata)
    sdh_ble_observers0                       0x00029ed0   Section        8  ble_conn_state.o(sdh_ble_observers0)
    __tagsym$$used                           0x00029ed0   Number         0  ble_conn_state.o(sdh_ble_observers0)
    m_ble_evt_observer                       0x00029ed0   Data           8  ble_conn_state.o(sdh_ble_observers0)
    sdh_ble_observers1                       0x00029ed8   Section       16  main.o(sdh_ble_observers1)
    __tagsym$$used                           0x00029ed8   Number         0  main.o(sdh_ble_observers1)
    m_gatt_obs                               0x00029ed8   Data           8  main.o(sdh_ble_observers1)
    __tagsym$$used                           0x00029ee0   Number         0  main.o(sdh_ble_observers1)
    m_advertising_ble_obs                    0x00029ee0   Data           8  main.o(sdh_ble_observers1)
    sdh_ble_observers1                       0x00029ee8   Section        8  bsp_btn_ble.o(sdh_ble_observers1)
    __tagsym$$used                           0x00029ee8   Number         0  bsp_btn_ble.o(sdh_ble_observers1)
    m_ble_observer                           0x00029ee8   Data           8  bsp_btn_ble.o(sdh_ble_observers1)
    sdh_ble_observers1                       0x00029ef0   Section        8  ble_conn_params.o(sdh_ble_observers1)
    __tagsym$$used                           0x00029ef0   Number         0  ble_conn_params.o(sdh_ble_observers1)
    m_ble_observer                           0x00029ef0   Data           8  ble_conn_params.o(sdh_ble_observers1)
    sdh_ble_observers2                       0x00029ef8   Section       16  main.o(sdh_ble_observers2)
    __tagsym$$used                           0x00029ef8   Number         0  main.o(sdh_ble_observers2)
    m_nus_obs                                0x00029ef8   Data           8  main.o(sdh_ble_observers2)
    __tagsym$$used                           0x00029f00   Number         0  main.o(sdh_ble_observers2)
    m_qwr_obs                                0x00029f00   Data           8  main.o(sdh_ble_observers2)
    sdh_ble_observers3                       0x00029f08   Section        8  main.o(sdh_ble_observers3)
    __tagsym$$used                           0x00029f08   Number         0  main.o(sdh_ble_observers3)
    m_ble_observer                           0x00029f08   Data           8  main.o(sdh_ble_observers3)
    sdh_soc_observers0                       0x00029f10   Section        8  nrf_drv_clock.o(sdh_soc_observers0)
    __tagsym$$used                           0x00029f10   Number         0  nrf_drv_clock.o(sdh_soc_observers0)
    m_soc_evt_observer                       0x00029f10   Data           8  nrf_drv_clock.o(sdh_soc_observers0)
    sdh_soc_observers1                       0x00029f18   Section        8  main.o(sdh_soc_observers1)
    __tagsym$$used                           0x00029f18   Number         0  main.o(sdh_soc_observers1)
    m_advertising_soc_obs                    0x00029f18   Data           8  main.o(sdh_soc_observers1)
    sdh_stack_observers0                     0x00029f20   Section        8  nrf_sdh_ble.o(sdh_stack_observers0)
    __tagsym$$used                           0x00029f20   Number         0  nrf_sdh_ble.o(sdh_stack_observers0)
    m_nrf_sdh_ble_evts_poll                  0x00029f20   Data           8  nrf_sdh_ble.o(sdh_stack_observers0)
    sdh_stack_observers0                     0x00029f28   Section        8  nrf_sdh_soc.o(sdh_stack_observers0)
    __tagsym$$used                           0x00029f28   Number         0  nrf_sdh_soc.o(sdh_stack_observers0)
    m_nrf_sdh_soc_evts_poll                  0x00029f28   Data           8  nrf_sdh_soc.o(sdh_stack_observers0)
    sdh_state_observers0                     0x00029f30   Section        8  nrf_drv_clock.o(sdh_state_observers0)
    __tagsym$$used                           0x00029f30   Number         0  nrf_drv_clock.o(sdh_state_observers0)
    m_sd_state_observer                      0x00029f30   Data           8  nrf_drv_clock.o(sdh_state_observers0)
    .data                                    0x20002a98   Section        8  main.o(.data)
    m_nus_link_ctx_storage                   0x20002a98   Data           8  main.o(.data)
    .data                                    0x20002aa0   Section       52  main.o(.data)
    m_conn_handle                            0x20002aae   Data           2  main.o(.data)
    m_ble_nus_max_data_len                   0x20002ab0   Data           2  main.o(.data)
    m_adv_uuids                              0x20002ab2   Data           4  main.o(.data)
    m_nus                                    0x20002ab8   Data          28  main.o(.data)
    .data                                    0x20002ad4   Section        4  main.o(.data)
    m_nus_link_ctx_storage_ctx_data_pool     0x20002ad4   Data           4  main.o(.data)
    .data                                    0x20002ad8   Section        2  iic_dmwz.o(.data)
    .data                                    0x20002adc   Section       14  bma.o(.data)
    .data                                    0x20002aec   Section       16  bsp.o(.data)
    m_stable_state                           0x20002aec   Data           1  bsp.o(.data)
    m_leds_clear                             0x20002aed   Data           1  bsp.o(.data)
    m_alert_on                               0x20002aee   Data           1  bsp.o(.data)
    current_long_push_pin_no                 0x20002aef   Data           1  bsp.o(.data)
    m_indication_type                        0x20002af0   Data           4  bsp.o(.data)
    m_registered_callback                    0x20002af4   Data           4  bsp.o(.data)
    release_event_at_push                    0x20002af8   Data           4  bsp.o(.data)
    .data                                    0x20002afc   Section        8  bsp_btn_ble.o(.data)
    m_error_handler                          0x20002afc   Data           4  bsp_btn_ble.o(.data)
    m_num_connections                        0x20002b00   Data           4  bsp_btn_ble.o(.data)
    .data                                    0x20002b04   Section        8  ble_conn_params.o(.data)
    m_preferred_conn_params                  0x20002b04   Data           8  ble_conn_params.o(.data)
    .data                                    0x20002b0c   Section       20  nrf_drv_uart.o(.data)
    m_handlers                               0x20002b10   Data           8  nrf_drv_uart.o(.data)
    m_contexts                               0x20002b18   Data           8  nrf_drv_uart.o(.data)
    .data                                    0x20002b20   Section        8  nrfx_clock.o(.data)
    m_clock_cb                               0x20002b20   Data           8  nrfx_clock.o(.data)
    .data                                    0x20002b28   Section        8  nrfx_prs.o(.data)
    m_prs_box_4                              0x20002b28   Data           8  nrfx_prs.o(.data)
    .data                                    0x20002b30   Section        8  nrfx_wdt.o(.data)
    m_state                                  0x20002b30   Data           1  nrfx_wdt.o(.data)
    m_alloc_index                            0x20002b31   Data           1  nrfx_wdt.o(.data)
    m_wdt_event_handler                      0x20002b34   Data           4  nrfx_wdt.o(.data)
    .data                                    0x20002b38   Section       16  app_scheduler.o(.data)
    m_queue_start_index                      0x20002b38   Data           1  app_scheduler.o(.data)
    m_queue_end_index                        0x20002b39   Data           1  app_scheduler.o(.data)
    m_queue_event_size                       0x20002b3a   Data           2  app_scheduler.o(.data)
    m_queue_size                             0x20002b3c   Data           2  app_scheduler.o(.data)
    m_queue_event_headers                    0x20002b40   Data           4  app_scheduler.o(.data)
    m_queue_event_data                       0x20002b44   Data           4  app_scheduler.o(.data)
    .data                                    0x20002b48   Section       20  app_timer.o(.data)
    m_ticks_elapsed_q_read_ind               0x20002b48   Data           1  app_timer.o(.data)
    m_ticks_elapsed_q_write_ind              0x20002b49   Data           1  app_timer.o(.data)
    m_rtc1_running                           0x20002b4a   Data           1  app_timer.o(.data)
    m_rtc1_reset                             0x20002b4b   Data           1  app_timer.o(.data)
    mp_timer_id_head                         0x20002b4c   Data           4  app_timer.o(.data)
    m_ticks_latest                           0x20002b50   Data           4  app_timer.o(.data)
    m_ticks_elapsed                          0x20002b54   Data           8  app_timer.o(.data)
    .data                                    0x20002b5c   Section       28  app_uart_fifo.o(.data)
    tx_buffer                                0x20002b5c   Data           1  app_uart_fifo.o(.data)
    rx_buffer                                0x20002b5d   Data           1  app_uart_fifo.o(.data)
    m_rx_ovf                                 0x20002b5e   Data           1  app_uart_fifo.o(.data)
    m_event_handler                          0x20002b60   Data           4  app_uart_fifo.o(.data)
    app_uart_inst                            0x20002b64   Data          20  app_uart_fifo.o(.data)
    .data                                    0x20002b78   Section        8  nrf_pwr_mgmt.o(.data)
    m_pwr_mgmt_evt                           0x20002b78   Data           1  nrf_pwr_mgmt.o(.data)
    m_shutdown_started                       0x20002b79   Data           1  nrf_pwr_mgmt.o(.data)
    m_sysoff_mtx                             0x20002b7c   Data           4  nrf_pwr_mgmt.o(.data)
    .data                                    0x20002b80   Section        3  nrf_sdh.o(.data)
    m_nrf_sdh_enabled                        0x20002b80   Data           1  nrf_sdh.o(.data)
    m_nrf_sdh_suspended                      0x20002b81   Data           1  nrf_sdh.o(.data)
    m_nrf_sdh_continue                       0x20002b82   Data           1  nrf_sdh.o(.data)
    .data                                    0x20002b83   Section        1  nrf_sdh_ble.o(.data)
    m_stack_is_enabled                       0x20002b83   Data           1  nrf_sdh_ble.o(.data)
    .data                                    0x20002b84   Section        4  system_nrf52840.o(.data)
    __tagsym$$used                           0x20002b84   Number         0  system_nrf52840.o(.data)
    .bss                                     0x20002b88   Section       32  main.o(.bss)
    m_test_timer_id_data                     0x20002b88   Data          32  main.o(.bss)
    .bss                                     0x20002ba8   Section       32  main.o(.bss)
    m_lowpower_timer_id_data                 0x20002ba8   Data          32  main.o(.bss)
    .bss                                     0x20002bc8   Section     2482  main.o(.bss)
    APP_SCHED_BUF                            0x20002bc8   Data        1800  main.o(.bss)
    m_gatt                                   0x200032d0   Data          20  main.o(.bss)
    m_qwr                                    0x200032e4   Data          12  main.o(.bss)
    m_advertising                            0x200032f0   Data         600  main.o(.bss)
    .bss                                     0x2000357c   Section       28  bma.o(.bss)
    .bss                                     0x20003598   Section       32  bsp.o(.bss)
    m_bsp_leds_tmr_data                      0x20003598   Data          32  bsp.o(.bss)
    .bss                                     0x200035b8   Section       32  bsp.o(.bss)
    m_bsp_alert_tmr_data                     0x200035b8   Data          32  bsp.o(.bss)
    .bss                                     0x200035d8   Section       12  bsp.o(.bss)
    m_events_list                            0x200035d8   Data          12  bsp.o(.bss)
    .bss                                     0x200035e4   Section       32  bsp.o(.bss)
    m_bsp_button_tmr_data                    0x200035e4   Data          32  bsp.o(.bss)
    .bss                                     0x20003604   Section       80  ble_conn_params.o(.bss)
    m_timer_data                             0x20003604   Data          32  ble_conn_params.o(.bss)
    m_conn_params_instances                  0x20003624   Data          20  ble_conn_params.o(.bss)
    m_conn_params_config                     0x20003638   Data          28  ble_conn_params.o(.bss)
    .bss                                     0x20003654   Section      120  ble_conn_state.o(.bss)
    m_bcs                                    0x20003654   Data         120  ble_conn_state.o(.bss)
    .bss                                     0x200036cc   Section       20  nrf_drv_clock.o(.bss)
    m_clock_cb                               0x200036cc   Data          20  nrf_drv_clock.o(.bss)
    .bss                                     0x200036e0   Section      108  nrfx_gpiote.o(.bss)
    m_cb                                     0x200036e0   Data         108  nrfx_gpiote.o(.bss)
    .bss                                     0x2000374c   Section       44  nrfx_uart.o(.bss)
    m_cb                                     0x2000374c   Data          44  nrfx_uart.o(.bss)
    .bss                                     0x20003778   Section       36  nrfx_uarte.o(.bss)
    m_cb                                     0x20003778   Data          36  nrfx_uarte.o(.bss)
    .bss                                     0x2000379c   Section      268  app_timer.o(.bss)
    m_op_queue                               0x2000379c   Data         268  app_timer.o(.bss)
    .bss                                     0x200038a8   Section       32  app_uart_fifo.o(.bss)
    m_rx_fifo                                0x200038a8   Data          16  app_uart_fifo.o(.bss)
    m_tx_fifo                                0x200038b8   Data          16  app_uart_fifo.o(.bss)
    .bss                                     0x200038c8   Section       12  app_util_platform.o(.bss)
    .bss                                     0x200038d4   Section       12  nrf_pwr_mgmt.o(.bss)
    m_handlers_iter                          0x200038d4   Data          12  nrf_pwr_mgmt.o(.bss)
    STACK                                    0x200038e0   Section     8192  arm_startup_nrf52840.o(STACK)

    Global Symbols

    Symbol Name                              Value     Ov Type        Size  Object(Section)

    BuildAttributes$$THM_ISAv4$E$P$D$K$B$S$7EM$VFPi3$EXTD16$VFPS$VFMA$PE$A:L22UL41UL21$X:L11$S22US41US21$IEEE1$IW$USESV6$~STKCKD$USESV7$~SHL$OSPACE$EBA8$MICROLIB$REQ8$EABIv2 0x00000000   Number         0  anon$$obj.o ABSOLUTE
    __ARM_use_no_argv                        0x00000000   Number         0  main.o ABSOLUTE
    __cpp_initialize__aeabi_                  - Undefined Weak Reference
    __cxa_finalize                            - Undefined Weak Reference
    __decompress                              - Undefined Weak Reference
    _clock_init                               - Undefined Weak Reference
    _microlib_exit                            - Undefined Weak Reference
    pwr_mgmt_data0$$Base                      - Undefined Reference
    pwr_mgmt_data0$$Limit                     - Undefined Reference
    pwr_mgmt_data1$$Base                      - Undefined Reference
    pwr_mgmt_data1$$Limit                     - Undefined Reference
    pwr_mgmt_data2$$Base                      - Undefined Reference
    pwr_mgmt_data2$$Limit                     - Undefined Reference
    sdh_req_observers0$$Base                  - Undefined Reference
    sdh_req_observers0$$Limit                 - Undefined Reference
    sdh_req_observers1$$Base                  - Undefined Reference
    sdh_req_observers1$$Limit                 - Undefined Reference
    sdh_stack_observers1$$Base                - Undefined Reference
    sdh_stack_observers1$$Limit               - Undefined Reference
    sdh_state_observers1$$Base                - Undefined Reference
    sdh_state_observers1$$Limit               - Undefined Reference
    __Vectors_Size                           0x00000200   Number         0  arm_startup_nrf52840.o ABSOLUTE
    __Vectors                                0x00026000   Data           4  arm_startup_nrf52840.o(RESET)
    __Vectors_End                            0x00026200   Data           0  arm_startup_nrf52840.o(RESET)
    __main                                   0x00026201   Thumb Code     0  entry.o(.ARM.Collect$$$$00000000)
    _main_stk                                0x00026201   Thumb Code     0  entry2.o(.ARM.Collect$$$$00000001)
    _main_scatterload                        0x00026205   Thumb Code     0  entry5.o(.ARM.Collect$$$$00000004)
    __main_after_scatterload                 0x00026209   Thumb Code     0  entry5.o(.ARM.Collect$$$$00000004)
    _main_clock                              0x00026209   Thumb Code     0  entry7b.o(.ARM.Collect$$$$00000008)
    _main_cpp_init                           0x00026209   Thumb Code     0  entry8b.o(.ARM.Collect$$$$0000000A)
    _main_init                               0x00026209   Thumb Code     0  entry9a.o(.ARM.Collect$$$$0000000B)
    __rt_final_cpp                           0x00026211   Thumb Code     0  entry10a.o(.ARM.Collect$$$$0000000D)
    __rt_final_exit                          0x00026211   Thumb Code     0  entry11a.o(.ARM.Collect$$$$0000000F)
    __asm___12_nrf_atomic_c_85ca2469__nrf_atomic_internal_mov 0x00026215   Thumb Code    24  nrf_atomic.o(.emb_text)
    __asm___12_nrf_atomic_c_85ca2469__nrf_atomic_internal_orr 0x0002622d   Thumb Code    26  nrf_atomic.o(.emb_text)
    __asm___12_nrf_atomic_c_85ca2469__nrf_atomic_internal_and 0x00026247   Thumb Code    26  nrf_atomic.o(.emb_text)
    __asm___12_nrf_atomic_c_85ca2469__nrf_atomic_internal_eor 0x00026261   Thumb Code    26  nrf_atomic.o(.emb_text)
    __asm___12_nrf_atomic_c_85ca2469__nrf_atomic_internal_add 0x0002627b   Thumb Code    26  nrf_atomic.o(.emb_text)
    __asm___12_nrf_atomic_c_85ca2469__nrf_atomic_internal_sub 0x00026295   Thumb Code    26  nrf_atomic.o(.emb_text)
    __asm___12_nrf_atomic_c_85ca2469__nrf_atomic_internal_cmp_exch 0x000262af   Thumb Code    42  nrf_atomic.o(.emb_text)
    __asm___12_nrf_atomic_c_85ca2469__nrf_atomic_internal_sub_hs 0x000262d9   Thumb Code    30  nrf_atomic.o(.emb_text)
    Reset_Handler                            0x000262f9   Thumb Code     8  arm_startup_nrf52840.o(.text)
    NMI_Handler                              0x00026301   Thumb Code     2  arm_startup_nrf52840.o(.text)
    HardFault_Handler                        0x00026303   Thumb Code     2  arm_startup_nrf52840.o(.text)
    MemoryManagement_Handler                 0x00026305   Thumb Code     2  arm_startup_nrf52840.o(.text)
    BusFault_Handler                         0x00026307   Thumb Code     2  arm_startup_nrf52840.o(.text)
    UsageFault_Handler                       0x00026309   Thumb Code     2  arm_startup_nrf52840.o(.text)
    SVC_Handler                              0x0002630b   Thumb Code     2  arm_startup_nrf52840.o(.text)
    DebugMon_Handler                         0x0002630d   Thumb Code     2  arm_startup_nrf52840.o(.text)
    PendSV_Handler                           0x0002630f   Thumb Code     2  arm_startup_nrf52840.o(.text)
    SysTick_Handler                          0x00026311   Thumb Code     2  arm_startup_nrf52840.o(.text)
    CCM_AAR_IRQHandler                       0x00026313   Thumb Code     0  arm_startup_nrf52840.o(.text)
    COMP_LPCOMP_IRQHandler                   0x00026313   Thumb Code     0  arm_startup_nrf52840.o(.text)
    CRYPTOCELL_IRQHandler                    0x00026313   Thumb Code     0  arm_startup_nrf52840.o(.text)
    ECB_IRQHandler                           0x00026313   Thumb Code     0  arm_startup_nrf52840.o(.text)
    FPU_IRQHandler                           0x00026313   Thumb Code     0  arm_startup_nrf52840.o(.text)
    I2S_IRQHandler                           0x00026313   Thumb Code     0  arm_startup_nrf52840.o(.text)
    MWU_IRQHandler                           0x00026313   Thumb Code     0  arm_startup_nrf52840.o(.text)
    NFCT_IRQHandler                          0x00026313   Thumb Code     0  arm_startup_nrf52840.o(.text)
    PDM_IRQHandler                           0x00026313   Thumb Code     0  arm_startup_nrf52840.o(.text)
    PWM0_IRQHandler                          0x00026313   Thumb Code     0  arm_startup_nrf52840.o(.text)
    PWM1_IRQHandler                          0x00026313   Thumb Code     0  arm_startup_nrf52840.o(.text)
    PWM2_IRQHandler                          0x00026313   Thumb Code     0  arm_startup_nrf52840.o(.text)
    PWM3_IRQHandler                          0x00026313   Thumb Code     0  arm_startup_nrf52840.o(.text)
    QDEC_IRQHandler                          0x00026313   Thumb Code     0  arm_startup_nrf52840.o(.text)
    QSPI_IRQHandler                          0x00026313   Thumb Code     0  arm_startup_nrf52840.o(.text)
    RADIO_IRQHandler                         0x00026313   Thumb Code     0  arm_startup_nrf52840.o(.text)
    RNG_IRQHandler                           0x00026313   Thumb Code     0  arm_startup_nrf52840.o(.text)
    RTC0_IRQHandler                          0x00026313   Thumb Code     0  arm_startup_nrf52840.o(.text)
    RTC2_IRQHandler                          0x00026313   Thumb Code     0  arm_startup_nrf52840.o(.text)
    SAADC_IRQHandler                         0x00026313   Thumb Code     0  arm_startup_nrf52840.o(.text)
    SPIM0_SPIS0_TWIM0_TWIS0_SPI0_TWI0_IRQHandler 0x00026313   Thumb Code     0  arm_startup_nrf52840.o(.text)
    SPIM1_SPIS1_TWIM1_TWIS1_SPI1_TWI1_IRQHandler 0x00026313   Thumb Code     0  arm_startup_nrf52840.o(.text)
    SPIM2_SPIS2_SPI2_IRQHandler              0x00026313   Thumb Code     0  arm_startup_nrf52840.o(.text)
    SPIM3_IRQHandler                         0x00026313   Thumb Code     0  arm_startup_nrf52840.o(.text)
    SWI1_EGU1_IRQHandler                     0x00026313   Thumb Code     0  arm_startup_nrf52840.o(.text)
    SWI3_EGU3_IRQHandler                     0x00026313   Thumb Code     0  arm_startup_nrf52840.o(.text)
    SWI4_EGU4_IRQHandler                     0x00026313   Thumb Code     0  arm_startup_nrf52840.o(.text)
    SWI5_EGU5_IRQHandler                     0x00026313   Thumb Code     0  arm_startup_nrf52840.o(.text)
    TEMP_IRQHandler                          0x00026313   Thumb Code     0  arm_startup_nrf52840.o(.text)
    TIMER0_IRQHandler                        0x00026313   Thumb Code     0  arm_startup_nrf52840.o(.text)
    TIMER1_IRQHandler                        0x00026313   Thumb Code     0  arm_startup_nrf52840.o(.text)
    TIMER2_IRQHandler                        0x00026313   Thumb Code     0  arm_startup_nrf52840.o(.text)
    TIMER3_IRQHandler                        0x00026313   Thumb Code     0  arm_startup_nrf52840.o(.text)
    TIMER4_IRQHandler                        0x00026313   Thumb Code     0  arm_startup_nrf52840.o(.text)
    UARTE1_IRQHandler                        0x00026313   Thumb Code     0  arm_startup_nrf52840.o(.text)
    USBD_IRQHandler                          0x00026313   Thumb Code     0  arm_startup_nrf52840.o(.text)
    __aeabi_uldivmod                         0x0002631d   Thumb Code    98  uldiv.o(.text)
    __aeabi_llsl                             0x0002637f   Thumb Code    30  llshl.o(.text)
    _ll_shift_l                              0x0002637f   Thumb Code     0  llshl.o(.text)
    __aeabi_memcpy                           0x0002639d   Thumb Code    36  memcpya.o(.text)
    __aeabi_memcpy4                          0x0002639d   Thumb Code     0  memcpya.o(.text)
    __aeabi_memcpy8                          0x0002639d   Thumb Code     0  memcpya.o(.text)
    __aeabi_memset                           0x000263c1   Thumb Code    14  memseta.o(.text)
    __aeabi_memset4                          0x000263c1   Thumb Code     0  memseta.o(.text)
    __aeabi_memset8                          0x000263c1   Thumb Code     0  memseta.o(.text)
    __aeabi_memclr                           0x000263cf   Thumb Code     4  memseta.o(.text)
    __aeabi_memclr4                          0x000263cf   Thumb Code     0  memseta.o(.text)
    __aeabi_memclr8                          0x000263cf   Thumb Code     0  memseta.o(.text)
    _memset$wrapper                          0x000263d3   Thumb Code    18  memseta.o(.text)
    __aeabi_llsr                             0x000263e5   Thumb Code    32  llushr.o(.text)
    _ll_ushift_r                             0x000263e5   Thumb Code     0  llushr.o(.text)
    __scatterload                            0x00026405   Thumb Code    28  init.o(.text)
    __scatterload_rt2                        0x00026405   Thumb Code     0  init.o(.text)
    BMA250E_ReadReg                          0x00026429   Thumb Code    36  bma.o(i.BMA250E_ReadReg)
    BMA250E_WriteReg                         0x0002644d   Thumb Code    38  bma.o(i.BMA250E_WriteReg)
    BMA250_interrupt_status                  0x00026473   Thumb Code    22  bma.o(i.BMA250_interrupt_status)
    BMA253_Timer_Handler                     0x00026489   Thumb Code    26  bma.o(i.BMA253_Timer_Handler)
    Bluetooth_ReciveANDSend                  0x000264a9   Thumb Code    30  main.o(i.Bluetooth_ReciveANDSend)
    GPIOTE_IRQHandler                        0x000264d1   Thumb Code   428  nrfx_gpiote.o(i.GPIOTE_IRQHandler)
    POWER_CLOCK_IRQHandler                   0x000266e9   Thumb Code   154  nrfx_clock.o(i.POWER_CLOCK_IRQHandler)
    RTC1_IRQHandler                          0x0002678d   Thumb Code    32  app_timer.o(i.RTC1_IRQHandler)
    SCL_                                     0x000267b1   Thumb Code    70  iic_dmwz.o(i.SCL_)
    SWI0_EGU0_IRQHandler                     0x000267f7   Thumb Code     4  app_timer.o(i.SWI0_EGU0_IRQHandler)
    SWI2_EGU2_IRQHandler                     0x000267fb   Thumb Code     4  nrf_sdh.o(i.SWI2_EGU2_IRQHandler)
    SystemInit                               0x00026801   Thumb Code   416  system_nrf52840.o(i.SystemInit)
    UARTE0_UART0_IRQHandler                  0x000269dd   Thumb Code     6  nrfx_prs.o(i.UARTE0_UART0_IRQHandler)
    WDT_IRQHandler                           0x000269e9   Thumb Code    26  nrfx_wdt.o(i.WDT_IRQHandler)
    __scatterload_copy                       0x00026a0d   Thumb Code    14  handlers.o(i.__scatterload_copy)
    __scatterload_null                       0x00026a1b   Thumb Code     2  handlers.o(i.__scatterload_null)
    __scatterload_zeroinit                   0x00026a1d   Thumb Code    14  handlers.o(i.__scatterload_zeroinit)
    app_error_fault_handler                  0x00026aa5   Thumb Code    40  app_error_weak.o(i.app_error_fault_handler)
    app_error_handler_bare                   0x00026ad5   Thumb Code    22  app_error.o(i.app_error_handler_bare)
    app_fifo_get                             0x00026aeb   Thumb Code    22  app_fifo.o(i.app_fifo_get)
    app_fifo_put                             0x00026b01   Thumb Code    26  app_fifo.o(i.app_fifo_put)
    app_sched_event_put                      0x00026b1d   Thumb Code   154  app_scheduler.o(i.app_sched_event_put)
    app_sched_execute                        0x00026bbd   Thumb Code    58  app_scheduler.o(i.app_sched_execute)
    app_sched_init                           0x00026bfd   Thumb Code    40  app_scheduler.o(i.app_sched_init)
    app_timer_create                         0x00026c29   Thumb Code    32  app_timer.o(i.app_timer_create)
    app_timer_init                           0x00026c4d   Thumb Code    70  app_timer.o(i.app_timer_init)
    app_timer_start                          0x00026ca1   Thumb Code   128  app_timer.o(i.app_timer_start)
    app_timer_stop                           0x00026d29   Thumb Code    26  app_timer.o(i.app_timer_stop)
    app_uart_put                             0x00026d49   Thumb Code    70  app_uart_fifo.o(i.app_uart_put)
    app_util_critical_region_enter           0x00026d9d   Thumb Code    64  app_util_platform.o(i.app_util_critical_region_enter)
    app_util_critical_region_exit            0x00026de5   Thumb Code    46  app_util_platform.o(i.app_util_critical_region_exit)
    blcm_link_ctx_get                        0x00026e19   Thumb Code    72  ble_link_ctx_manager.o(i.blcm_link_ctx_get)
    ble_advdata_encode                       0x00026e61   Thumb Code   386  ble_advdata.o(i.ble_advdata_encode)
    ble_advdata_parse                        0x00026fe3   Thumb Code    32  ble_advdata.o(i.ble_advdata_parse)
    ble_advdata_search                       0x00027003   Thumb Code    56  ble_advdata.o(i.ble_advdata_search)
    ble_advertising_conn_cfg_tag_set         0x0002703b   Thumb Code     6  ble_advertising.o(i.ble_advertising_conn_cfg_tag_set)
    ble_advertising_init                     0x00027041   Thumb Code   254  ble_advertising.o(i.ble_advertising_init)
    ble_advertising_on_ble_evt               0x0002713f   Thumb Code   106  ble_advertising.o(i.ble_advertising_on_ble_evt)
    ble_advertising_on_sys_evt               0x000271a9   Thumb Code     2  ble_advertising.o(i.ble_advertising_on_sys_evt)
    ble_advertising_start                    0x000271ab   Thumb Code   556  ble_advertising.o(i.ble_advertising_start)
    ble_conn_params_init                     0x000273d9   Thumb Code    90  ble_conn_params.o(i.ble_conn_params_init)
    ble_conn_state_conn_idx                  0x00027441   Thumb Code    18  ble_conn_state.o(i.ble_conn_state_conn_idx)
    ble_conn_state_valid                     0x00027455   Thumb Code    16  ble_conn_state.o(i.ble_conn_state_valid)
    ble_nus_data_send                        0x000277e1   Thumb Code   102  ble_nus.o(i.ble_nus_data_send)
    ble_nus_init                             0x00027849   Thumb Code   206  ble_nus.o(i.ble_nus_init)
    ble_nus_on_ble_evt                       0x0002791d   Thumb Code   112  ble_nus.o(i.ble_nus_on_ble_evt)
    ble_srv_is_notification_enabled          0x0002798d   Thumb Code     8  ble_srv_common.o(i.ble_srv_is_notification_enabled)
    bma250_soft_reset                        0x00027995   Thumb Code     8  bma.o(i.bma250_soft_reset)
    bma255_set_bandwidth                     0x0002799d   Thumb Code   128  bma.o(i.bma255_set_bandwidth)
    bma255_set_range                         0x00027a21   Thumb Code   130  bma.o(i.bma255_set_range)
    bma_init                                 0x00027aa9   Thumb Code    76  bma.o(i.bma_init)
    bma_lowpower                             0x00027b01   Thumb Code   118  bma.o(i.bma_lowpower)
    bsp_board_button_idx_to_pin              0x00027b81   Thumb Code     6  boards.o(i.bsp_board_button_idx_to_pin)
    bsp_board_led_invert                     0x00027b8d   Thumb Code    40  boards.o(i.bsp_board_led_invert)
    bsp_board_led_off                        0x00027bb9   Thumb Code    10  boards.o(i.bsp_board_led_off)
    bsp_board_led_on                         0x00027bc9   Thumb Code    10  boards.o(i.bsp_board_led_on)
    bsp_board_led_state_get                  0x00027bd9   Thumb Code    36  boards.o(i.bsp_board_led_state_get)
    bsp_board_leds_off                       0x00027c01   Thumb Code    18  boards.o(i.bsp_board_leds_off)
    bsp_board_leds_on                        0x00027c13   Thumb Code    18  boards.o(i.bsp_board_leds_on)
    bsp_board_pin_to_button_idx              0x00027c25   Thumb Code    30  boards.o(i.bsp_board_pin_to_button_idx)
    bsp_btn_ble_sleep_mode_prepare           0x00027c49   Thumb Code    30  bsp_btn_ble.o(i.bsp_btn_ble_sleep_mode_prepare)
    bsp_event_to_button_action_assign        0x00027cf9   Thumb Code    64  bsp.o(i.bsp_event_to_button_action_assign)
    bsp_indication_set                       0x00027d3d   Thumb Code    20  bsp.o(i.bsp_indication_set)
    bsp_wakeup_button_enable                 0x00027f1d   Thumb Code     6  bsp.o(i.bsp_wakeup_button_enable)
    characteristic_add                       0x00027f35   Thumb Code   400  ble_srv_common.o(i.characteristic_add)
    conn_handle_list_get                     0x000281b5   Thumb Code    62  ble_conn_state.o(i.conn_handle_list_get)
    gatt_evt_handler                         0x00028379   Thumb Code    28  main.o(i.gatt_evt_handler)
    gatt_init                                0x00028399   Thumb Code    38  main.o(i.gatt_init)
    i2c_read                                 0x000283c9   Thumb Code    92  iic_dmwz.o(i.i2c_read)
    i2c_read_byte                            0x00028429   Thumb Code    76  iic_dmwz.o(i.i2c_read_byte)
    i2c_receive_ack                          0x00028475   Thumb Code    44  iic_dmwz.o(i.i2c_receive_ack)
    i2c_send_ack                             0x000284a1   Thumb Code    42  iic_dmwz.o(i.i2c_send_ack)
    i2c_send_byte                            0x000284cd   Thumb Code    64  iic_dmwz.o(i.i2c_send_byte)
    i2c_start                                0x00028511   Thumb Code    42  iic_dmwz.o(i.i2c_start)
    i2c_stop                                 0x0002853b   Thumb Code    30  iic_dmwz.o(i.i2c_stop)
    i2c_write                                0x00028559   Thumb Code    70  iic_dmwz.o(i.i2c_write)
    lowpower_timeout_handler                 0x0002873d   Thumb Code   122  main.o(i.lowpower_timeout_handler)
    main                                     0x000287c5   Thumb Code   422  main.o(i.main)
    nrf_atflags_clear                        0x00028ab7   Thumb Code    22  nrf_atflags.o(i.nrf_atflags_clear)
    nrf_atflags_get                          0x00028acd   Thumb Code    22  nrf_atflags.o(i.nrf_atflags_get)
    nrf_atflags_set                          0x00028ae3   Thumb Code    20  nrf_atflags.o(i.nrf_atflags_set)
    nrf_atomic_u32_and                       0x00028af7   Thumb Code    12  nrf_atomic.o(i.nrf_atomic_u32_and)
    nrf_atomic_u32_or                        0x00028b03   Thumb Code    12  nrf_atomic.o(i.nrf_atomic_u32_or)
    nrf_ble_gatt_att_mtu_periph_set          0x00028b33   Thumb Code    24  nrf_ble_gatt.o(i.nrf_ble_gatt_att_mtu_periph_set)
    nrf_ble_gatt_init                        0x00028b4b   Thumb Code    34  nrf_ble_gatt.o(i.nrf_ble_gatt_init)
    nrf_ble_gatt_on_ble_evt                  0x00028b6d   Thumb Code   366  nrf_ble_gatt.o(i.nrf_ble_gatt_on_ble_evt)
    nrf_ble_qwr_conn_handle_assign           0x00028ce1   Thumb Code    22  nrf_ble_qwr.o(i.nrf_ble_qwr_conn_handle_assign)
    nrf_ble_qwr_init                         0x00028cf7   Thumb Code    36  nrf_ble_qwr.o(i.nrf_ble_qwr_init)
    nrf_ble_qwr_on_ble_evt                   0x00028d1b   Thumb Code   182  nrf_ble_qwr.o(i.nrf_ble_qwr_on_ble_evt)
    nrf_drv_clock_init                       0x00028df1   Thumb Code    48  nrf_drv_clock.o(i.nrf_drv_clock_init)
    nrf_drv_clock_lfclk_release              0x00028e29   Thumb Code    42  nrf_drv_clock.o(i.nrf_drv_clock_lfclk_release)
    nrf_pwr_mgmt_init                        0x00029009   Thumb Code    28  nrf_pwr_mgmt.o(i.nrf_pwr_mgmt_init)
    nrf_pwr_mgmt_run                         0x00029031   Thumb Code    64  nrf_pwr_mgmt.o(i.nrf_pwr_mgmt_run)
    nrf_sdh_ble_app_ram_start_get            0x00029079   Thumb Code    16  nrf_sdh_ble.o(i.nrf_sdh_ble_app_ram_start_get)
    nrf_sdh_ble_default_cfg_set              0x0002908d   Thumb Code   156  nrf_sdh_ble.o(i.nrf_sdh_ble_default_cfg_set)
    nrf_sdh_ble_enable                       0x00029129   Thumb Code    14  nrf_sdh_ble.o(i.nrf_sdh_ble_enable)
    nrf_sdh_enable_request                   0x0002919d   Thumb Code   102  nrf_sdh.o(i.nrf_sdh_enable_request)
    nrf_sdh_evts_poll                        0x00029211   Thumb Code    32  nrf_sdh.o(i.nrf_sdh_evts_poll)
    nrf_sdh_is_enabled                       0x00029235   Thumb Code     6  nrf_sdh.o(i.nrf_sdh_is_enabled)
    nrf_section_iter_init                    0x0002927d   Thumb Code    10  nrf_section_iter.o(i.nrf_section_iter_init)
    nrf_section_iter_next                    0x000292ab   Thumb Code    32  nrf_section_iter.o(i.nrf_section_iter_next)
    nrfx_clock_enable                        0x000292f9   Thumb Code    34  nrfx_clock.o(i.nrfx_clock_enable)
    nrfx_clock_init                          0x00029325   Thumb Code    28  nrfx_clock.o(i.nrfx_clock_init)
    nrfx_clock_lfclk_stop                    0x00029345   Thumb Code    20  nrfx_clock.o(i.nrfx_clock_lfclk_stop)
    nrfx_uart_tx                             0x00029381   Thumb Code   160  nrfx_uart.o(i.nrfx_uart_tx)
    nrfx_uart_tx_in_progress                 0x00029425   Thumb Code    26  nrfx_uart.o(i.nrfx_uart_tx_in_progress)
    nrfx_uarte_tx                            0x00029445   Thumb Code   138  nrfx_uarte.o(i.nrfx_uarte_tx)
    nrfx_uarte_tx_in_progress                0x000294d5   Thumb Code    22  nrfx_uarte.o(i.nrfx_uarte_tx_in_progress)
    test_timeout_handler                     0x000298c9   Thumb Code   132  main.o(i.test_timeout_handler)
    m_ram_start                              0x00029e84   Data           4  nrf_sdh_ble.o(.constdata)
    Region$$Table$$Base                      0x00029eb0   Number         0  anon$$obj.o(Region$$Table)
    Region$$Table$$Limit                     0x00029ed0   Number         0  anon$$obj.o(Region$$Table)
    sdh_ble_observers0$$Base                 0x00029ed0   Number         0  ble_conn_state.o(sdh_ble_observers0)
    sdh_ble_observers0$$Limit                0x00029ed8   Number         0  ble_conn_state.o(sdh_ble_observers0)
    sdh_ble_observers1$$Base                 0x00029ed8   Number         0  main.o(sdh_ble_observers1)
    sdh_ble_observers1$$Limit                0x00029ef8   Number         0  ble_conn_params.o(sdh_ble_observers1)
    sdh_ble_observers2$$Base                 0x00029ef8   Number         0  main.o(sdh_ble_observers2)
    sdh_ble_observers2$$Limit                0x00029f08   Number         0  main.o(sdh_ble_observers2)
    sdh_ble_observers3$$Base                 0x00029f08   Number         0  main.o(sdh_ble_observers3)
    sdh_ble_observers3$$Limit                0x00029f10   Number         0  main.o(sdh_ble_observers3)
    sdh_soc_observers0$$Base                 0x00029f10   Number         0  nrf_drv_clock.o(sdh_soc_observers0)
    sdh_soc_observers0$$Limit                0x00029f18   Number         0  nrf_drv_clock.o(sdh_soc_observers0)
    sdh_soc_observers1$$Base                 0x00029f18   Number         0  main.o(sdh_soc_observers1)
    sdh_soc_observers1$$Limit                0x00029f20   Number         0  main.o(sdh_soc_observers1)
    sdh_stack_observers0$$Base               0x00029f20   Number         0  nrf_sdh_ble.o(sdh_stack_observers0)
    sdh_stack_observers0$$Limit              0x00029f30   Number         0  nrf_sdh_soc.o(sdh_stack_observers0)
    sdh_state_observers0$$Base               0x00029f30   Number         0  nrf_drv_clock.o(sdh_state_observers0)
    sdh_state_observers0$$Limit              0x00029f38   Number         0  nrf_drv_clock.o(sdh_state_observers0)
    Image$$RW_IRAM1$$Base                    0x20002a98   Number         0  anon$$obj.o ABSOLUTE
    length                                   0x20002aa0   Data           1  main.o(.data)
    connect_flag                             0x20002aa1   Data           1  main.o(.data)
    Adv_flag                                 0x20002aa2   Data           1  main.o(.data)
    bma250Lwp_flag                           0x20002aa3   Data           1  main.o(.data)
    bma250_i                                 0x20002aa4   Data           1  main.o(.data)
    con_stop_flag                            0x20002aa5   Data           1  main.o(.data)
    m_channel_id                             0x20002aa6   Data           1  main.o(.data)
    bma250_j                                 0x20002aa8   Data           2  main.o(.data)
    lowpower_timer_i                         0x20002aaa   Data           2  main.o(.data)
    num                                      0x20002aac   Data           2  main.o(.data)
    rc_n                                     0x20002ad8   Data           1  iic_dmwz.o(.data)
    send_byte                                0x20002ad9   Data           1  iic_dmwz.o(.data)
    buf_bma                                  0x20002adc   Data           4  bma.o(.data)
    p_bma255                                 0x20002ae0   Data           4  bma.o(.data)
    V_BMA255FIFOData_U8R                     0x20002ae4   Data           6  bma.o(.data)
    nrf_drv_uart_use_easy_dma                0x20002b0c   Data           2  nrf_drv_uart.o(.data)
    SystemCoreClock                          0x20002b84   Data           4  system_nrf52840.o(.data)
    uartbuf                                  0x20003548   Data          50  main.o(.bss)
    bma255                                   0x2000357c   Data          28  bma.o(.bss)
    nrf_nvic_state                           0x200038c8   Data          12  app_util_platform.o(.bss)
    __initial_sp                             0x200058e0   Data           0  arm_startup_nrf52840.o(STACK)



==============================================================================

Memory Map of the image

  Image Entry point : 0x00026201

  Load Region LR_IROM1 (Base: 0x00026000, Size: 0x00004028, Max: 0x000da000, ABSOLUTE)

    Execution Region ER_IROM1 (Base: 0x00026000, Size: 0x00003f38, Max: 0x000da000, ABSOLUTE)

    Base Addr    Size         Type   Attr      Idx    E Section Name        Object

    0x00026000   0x00000200   Data   RO         5117    RESET               arm_startup_nrf52840.o
    0x00026200   0x00000000   Code   RO         5158  * .ARM.Collect$$$$00000000  mc_w.l(entry.o)
    0x00026200   0x00000004   Code   RO         5177    .ARM.Collect$$$$00000001  mc_w.l(entry2.o)
    0x00026204   0x00000004   Code   RO         5180    .ARM.Collect$$$$00000004  mc_w.l(entry5.o)
    0x00026208   0x00000000   Code   RO         5182    .ARM.Collect$$$$00000008  mc_w.l(entry7b.o)
    0x00026208   0x00000000   Code   RO         5184    .ARM.Collect$$$$0000000A  mc_w.l(entry8b.o)
    0x00026208   0x00000008   Code   RO         5185    .ARM.Collect$$$$0000000B  mc_w.l(entry9a.o)
    0x00026210   0x00000000   Code   RO         5187    .ARM.Collect$$$$0000000D  mc_w.l(entry10a.o)
    0x00026210   0x00000000   Code   RO         5189    .ARM.Collect$$$$0000000F  mc_w.l(entry11a.o)
    0x00026210   0x00000004   Code   RO         5178    .ARM.Collect$$$$00002712  mc_w.l(entry2.o)
    0x00026214   0x000000e2   Code   RO         3984    .emb_text           nrf_atomic.o
    0x000262f6   0x00000002   PAD
    0x000262f8   0x00000024   Code   RO         5118    .text               arm_startup_nrf52840.o
    0x0002631c   0x00000062   Code   RO         5161    .text               mc_w.l(uldiv.o)
    0x0002637e   0x0000001e   Code   RO         5163    .text               mc_w.l(llshl.o)
    0x0002639c   0x00000024   Code   RO         5165    .text               mc_w.l(memcpya.o)
    0x000263c0   0x00000024   Code   RO         5167    .text               mc_w.l(memseta.o)
    0x000263e4   0x00000020   Code   RO         5191    .text               mc_w.l(llushr.o)
    0x00026404   0x00000024   Code   RO         5193    .text               mc_w.l(init.o)
    0x00026428   0x00000024   Code   RO          601    i.BMA250E_ReadReg   bma.o
    0x0002644c   0x00000026   Code   RO          603    i.BMA250E_WriteReg  bma.o
    0x00026472   0x00000016   Code   RO          605    i.BMA250_interrupt_status  bma.o
    0x00026488   0x00000020   Code   RO          606    i.BMA253_Timer_Handler  bma.o
    0x000264a8   0x00000028   Code   RO            4    i.Bluetooth_ReciveANDSend  main.o
    0x000264d0   0x000001b4   Code   RO         2421    i.GPIOTE_IRQHandler  nrfx_gpiote.o
    0x00026684   0x00000016   Code   RO         3479    i.NVIC_ClearPendingIRQ  app_timer.o
    0x0002669a   0x00000016   Code   RO         3480    i.NVIC_EnableIRQ    app_timer.o
    0x000266b0   0x00000016   Code   RO         3481    i.NVIC_SetPendingIRQ  app_timer.o
    0x000266c6   0x00000020   Code   RO         3482    i.NVIC_SetPriority  app_timer.o
    0x000266e6   0x00000002   PAD
    0x000266e8   0x000000a4   Code   RO         2281    i.POWER_CLOCK_IRQHandler  nrfx_clock.o
    0x0002678c   0x00000024   Code   RO         3483    i.RTC1_IRQHandler   app_timer.o
    0x000267b0   0x00000046   Code   RO          471    i.SCL_              iic_dmwz.o
    0x000267f6   0x00000004   Code   RO         3484    i.SWI0_EGU0_IRQHandler  app_timer.o
    0x000267fa   0x00000004   Code   RO         4917    i.SWI2_EGU2_IRQHandler  nrf_sdh.o
    0x000267fe   0x00000002   PAD
    0x00026800   0x000001dc   Code   RO         5126    i.SystemInit        system_nrf52840.o
    0x000269dc   0x0000000c   Code   RO         2707    i.UARTE0_UART0_IRQHandler  nrfx_prs.o
    0x000269e8   0x00000024   Code   RO         3115    i.WDT_IRQHandler    nrfx_wdt.o
    0x00026a0c   0x0000000e   Code   RO         5197    i.__scatterload_copy  mc_w.l(handlers.o)
    0x00026a1a   0x00000002   Code   RO         5198    i.__scatterload_null  mc_w.l(handlers.o)
    0x00026a1c   0x0000000e   Code   RO         5199    i.__scatterload_zeroinit  mc_w.l(handlers.o)
    0x00026a2a   0x00000002   PAD
    0x00026a2c   0x00000024   Code   RO         4918    i.__sd_nvic_app_accessible_irq  nrf_sdh.o
    0x00026a50   0x00000036   Code   RO         1034    i.advertising_buttons_configure  bsp_btn_ble.o
    0x00026a86   0x00000002   PAD
    0x00026a88   0x0000001c   Code   RO            8    i.advertising_start  main.o
    0x00026aa4   0x00000030   Code   RO         3308    i.app_error_fault_handler  app_error_weak.o
    0x00026ad4   0x00000016   Code   RO         3248    i.app_error_handler_bare  app_error.o
    0x00026aea   0x00000016   Code   RO         3356    i.app_fifo_get      app_fifo.o
    0x00026b00   0x0000001a   Code   RO         3359    i.app_fifo_put      app_fifo.o
    0x00026b1a   0x00000002   PAD
    0x00026b1c   0x000000a0   Code   RO         3428    i.app_sched_event_put  app_scheduler.o
    0x00026bbc   0x00000040   Code   RO         3429    i.app_sched_execute  app_scheduler.o
    0x00026bfc   0x0000002c   Code   RO         3430    i.app_sched_init    app_scheduler.o
    0x00026c28   0x00000024   Code   RO         3487    i.app_timer_create  app_timer.o
    0x00026c4c   0x00000054   Code   RO         3488    i.app_timer_init    app_timer.o
    0x00026ca0   0x00000088   Code   RO         3491    i.app_timer_start   app_timer.o
    0x00026d28   0x00000020   Code   RO         3492    i.app_timer_stop    app_timer.o
    0x00026d48   0x00000054   Code   RO         3650    i.app_uart_put      app_uart_fifo.o
    0x00026d9c   0x00000048   Code   RO         3732    i.app_util_critical_region_enter  app_util_platform.o
    0x00026de4   0x00000034   Code   RO         3733    i.app_util_critical_region_exit  app_util_platform.o
    0x00026e18   0x00000048   Code   RO         1664    i.blcm_link_ctx_get  ble_link_ctx_manager.o
    0x00026e60   0x00000182   Code   RO         1191    i.ble_advdata_encode  ble_advdata.o
    0x00026fe2   0x00000020   Code   RO         1193    i.ble_advdata_parse  ble_advdata.o
    0x00027002   0x00000038   Code   RO         1194    i.ble_advdata_search  ble_advdata.o
    0x0002703a   0x00000006   Code   RO         1301    i.ble_advertising_conn_cfg_tag_set  ble_advertising.o
    0x00027040   0x000000fe   Code   RO         1302    i.ble_advertising_init  ble_advertising.o
    0x0002713e   0x0000006a   Code   RO         1304    i.ble_advertising_on_ble_evt  ble_advertising.o
    0x000271a8   0x00000002   Code   RO         1305    i.ble_advertising_on_sys_evt  ble_advertising.o
    0x000271aa   0x0000022c   Code   RO         1308    i.ble_advertising_start  ble_advertising.o
    0x000273d6   0x00000002   PAD
    0x000273d8   0x00000068   Code   RO         1420    i.ble_conn_params_init  ble_conn_params.o
    0x00027440   0x00000012   Code   RO         1507    i.ble_conn_state_conn_idx  ble_conn_state.o
    0x00027452   0x00000002   PAD
    0x00027454   0x00000014   Code   RO         1520    i.ble_conn_state_valid  ble_conn_state.o
    0x00027468   0x00000060   Code   RO         1197    i.ble_device_addr_encode  ble_advdata.o
    0x000274c8   0x000000a8   Code   RO           10    i.ble_evt_handler   main.o
    0x00027570   0x00000070   Code   RO         1035    i.ble_evt_handler   bsp_btn_ble.o
    0x000275e0   0x000000fc   Code   RO         1422    i.ble_evt_handler   ble_conn_params.o
    0x000276dc   0x00000104   Code   RO         1521    i.ble_evt_handler   ble_conn_state.o
    0x000277e0   0x00000066   Code   RO         1887    i.ble_nus_data_send  ble_nus.o
    0x00027846   0x00000002   PAD
    0x00027848   0x000000d4   Code   RO         1888    i.ble_nus_init      ble_nus.o
    0x0002791c   0x00000070   Code   RO         1889    i.ble_nus_on_ble_evt  ble_nus.o
    0x0002798c   0x00000008   Code   RO         1693    i.ble_srv_is_notification_enabled  ble_srv_common.o
    0x00027994   0x00000008   Code   RO          608    i.bma250_soft_reset  bma.o
    0x0002799c   0x00000084   Code   RO          617    i.bma255_set_bandwidth  bma.o
    0x00027a20   0x00000088   Code   RO          619    i.bma255_set_range  bma.o
    0x00027aa8   0x00000058   Code   RO          621    i.bma_init          bma.o
    0x00027b00   0x00000080   Code   RO          622    i.bma_lowpower      bma.o
    0x00027b80   0x0000000c   Code   RO          800    i.bsp_board_button_idx_to_pin  boards.o
    0x00027b8c   0x0000002c   Code   RO          804    i.bsp_board_led_invert  boards.o
    0x00027bb8   0x00000010   Code   RO          805    i.bsp_board_led_off  boards.o
    0x00027bc8   0x00000010   Code   RO          806    i.bsp_board_led_on  boards.o
    0x00027bd8   0x00000028   Code   RO          807    i.bsp_board_led_state_get  boards.o
    0x00027c00   0x00000012   Code   RO          808    i.bsp_board_leds_off  boards.o
    0x00027c12   0x00000012   Code   RO          809    i.bsp_board_leds_on  boards.o
    0x00027c24   0x00000024   Code   RO          810    i.bsp_board_pin_to_button_idx  boards.o
    0x00027c48   0x0000001e   Code   RO         1037    i.bsp_btn_ble_sleep_mode_prepare  bsp_btn_ble.o
    0x00027c66   0x00000002   PAD
    0x00027c68   0x00000090   Code   RO          912    i.bsp_button_event_handler  bsp.o
    0x00027cf8   0x00000044   Code   RO          916    i.bsp_event_to_button_action_assign  bsp.o
    0x00027d3c   0x00000018   Code   RO          917    i.bsp_indication_set  bsp.o
    0x00027d54   0x000001c8   Code   RO          919    i.bsp_led_indication  bsp.o
    0x00027f1c   0x00000006   Code   RO          921    i.bsp_wakeup_button_enable  bsp.o
    0x00027f22   0x00000002   PAD
    0x00027f24   0x00000010   Code   RO         2424    i.channel_port_get  nrfx_gpiote.o
    0x00027f34   0x00000190   Code   RO         1695    i.characteristic_add  ble_srv_common.o
    0x000280c4   0x00000028   Code   RO         1944    i.clock_clk_started_notify  nrf_drv_clock.o
    0x000280ec   0x0000001c   Code   RO         1945    i.clock_irq_handler  nrf_drv_clock.o
    0x00028108   0x000000ac   Code   RO         3494    i.compare_reg_update  app_timer.o
    0x000281b4   0x0000003e   Code   RO         1522    i.conn_handle_list_get  ble_conn_state.o
    0x000281f2   0x00000088   Code   RO         1198    i.conn_int_encode   ble_advdata.o
    0x0002827a   0x00000004   Code   RO           12    i.conn_params_error_handler  main.o
    0x0002827e   0x00000002   PAD
    0x00028280   0x00000048   Code   RO         1423    i.conn_params_negotiation  ble_conn_params.o
    0x000282c8   0x0000001e   Code   RO         1753    i.data_length_update  nrf_ble_gatt.o
    0x000282e6   0x00000002   PAD
    0x000282e8   0x00000040   Code   RO         3495    i.elapsed_ticks_acquire  app_timer.o
    0x00028328   0x00000014   Code   RO         3362    i.fifo_get          app_fifo.o
    0x0002833c   0x00000012   Code   RO         3363    i.fifo_put          app_fifo.o
    0x0002834e   0x00000028   Code   RO         1310    i.flags_set         ble_advertising.o
    0x00028376   0x00000002   PAD
    0x00028378   0x00000020   Code   RO           13    i.gatt_evt_handler  main.o
    0x00028398   0x00000030   Code   RO           14    i.gatt_init         main.o
    0x000283c8   0x00000060   Code   RO          472    i.i2c_read          iic_dmwz.o
    0x00028428   0x0000004c   Code   RO          473    i.i2c_read_byte     iic_dmwz.o
    0x00028474   0x0000002c   Code   RO          474    i.i2c_receive_ack   iic_dmwz.o
    0x000284a0   0x0000002a   Code   RO          475    i.i2c_send_ack      iic_dmwz.o
    0x000284ca   0x00000002   PAD
    0x000284cc   0x00000044   Code   RO          476    i.i2c_send_byte     iic_dmwz.o
    0x00028510   0x0000002a   Code   RO          477    i.i2c_start         iic_dmwz.o
    0x0002853a   0x0000001e   Code   RO          478    i.i2c_stop          iic_dmwz.o
    0x00028558   0x0000004c   Code   RO          479    i.i2c_write         iic_dmwz.o
    0x000285a4   0x00000014   Code   RO         1424    i.instance_get      ble_conn_params.o
    0x000285b8   0x00000044   Code   RO         1425    i.is_conn_params_ok  ble_conn_params.o
    0x000285fc   0x00000030   Code   RO          923    i.leds_off          bsp.o
    0x0002862c   0x00000018   Code   RO         1754    i.link_init         nrf_ble_gatt.o
    0x00028644   0x000000f8   Code   RO         3496    i.list_insertions_handler  app_timer.o
    0x0002873c   0x00000088   Code   RO           15    i.lowpower_timeout_handler  main.o
    0x000287c4   0x000001e8   Code   RO           16    i.main              main.o
    0x000289ac   0x00000064   Code   RO         1199    i.manuf_specific_data_encode  ble_advdata.o
    0x00028a10   0x000000a6   Code   RO         1200    i.name_encode       ble_advdata.o
    0x00028ab6   0x00000016   Code   RO         3918    i.nrf_atflags_clear  nrf_atflags.o
    0x00028acc   0x00000016   Code   RO         3923    i.nrf_atflags_get   nrf_atflags.o
    0x00028ae2   0x00000014   Code   RO         3925    i.nrf_atflags_set   nrf_atflags.o
    0x00028af6   0x0000000c   Code   RO         3990    i.nrf_atomic_u32_and  nrf_atomic.o
    0x00028b02   0x0000000c   Code   RO         3999    i.nrf_atomic_u32_or  nrf_atomic.o
    0x00028b0e   0x00000010   Code   RO         2425    i.nrf_bitmask_bit_is_set  nrfx_gpiote.o
    0x00028b1e   0x00000014   Code   RO         2426    i.nrf_bitmask_bit_set  nrfx_gpiote.o
    0x00028b32   0x00000018   Code   RO         1756    i.nrf_ble_gatt_att_mtu_periph_set  nrf_ble_gatt.o
    0x00028b4a   0x00000022   Code   RO         1760    i.nrf_ble_gatt_init  nrf_ble_gatt.o
    0x00028b6c   0x00000174   Code   RO         1761    i.nrf_ble_gatt_on_ble_evt  nrf_ble_gatt.o
    0x00028ce0   0x00000016   Code   RO         1843    i.nrf_ble_qwr_conn_handle_assign  nrf_ble_qwr.o
    0x00028cf6   0x00000024   Code   RO         1844    i.nrf_ble_qwr_init  nrf_ble_qwr.o
    0x00028d1a   0x000000b6   Code   RO         1845    i.nrf_ble_qwr_on_ble_evt  nrf_ble_qwr.o
    0x00028dd0   0x0000000e   Code   RO         2282    i.nrf_clock_event_check  nrfx_clock.o
    0x00028dde   0x00000010   Code   RO         2283    i.nrf_clock_event_clear  nrfx_clock.o
    0x00028dee   0x00000002   PAD
    0x00028df0   0x00000038   Code   RO         1952    i.nrf_drv_clock_init  nrf_drv_clock.o
    0x00028e28   0x00000030   Code   RO         1956    i.nrf_drv_clock_lfclk_release  nrf_drv_clock.o
    0x00028e58   0x00000020   Code   RO         3652    i.nrf_drv_uart_tx   app_uart_fifo.o
    0x00028e78   0x00000032   Code   RO          480    i.nrf_gpio_cfg      iic_dmwz.o
    0x00028eaa   0x00000012   Code   RO          481    i.nrf_gpio_cfg_input  iic_dmwz.o
    0x00028ebc   0x00000014   Code   RO          482    i.nrf_gpio_cfg_output  iic_dmwz.o
    0x00028ed0   0x00000030   Code   RO         2429    i.nrf_gpio_cfg_sense_set  nrfx_gpiote.o
    0x00028f00   0x00000014   Code   RO          483    i.nrf_gpio_pin_clear  iic_dmwz.o
    0x00028f14   0x0000001c   Code   RO          484    i.nrf_gpio_pin_port_decode  iic_dmwz.o
    0x00028f30   0x0000001c   Code   RO          813    i.nrf_gpio_pin_port_decode  boards.o
    0x00028f4c   0x0000001c   Code   RO         2431    i.nrf_gpio_pin_port_decode  nrfx_gpiote.o
    0x00028f68   0x00000016   Code   RO          485    i.nrf_gpio_pin_read  iic_dmwz.o
    0x00028f7e   0x00000014   Code   RO          486    i.nrf_gpio_pin_set  iic_dmwz.o
    0x00028f92   0x00000026   Code   RO          814    i.nrf_gpio_pin_write  boards.o
    0x00028fb8   0x0000002c   Code   RO         2434    i.nrf_gpio_ports_read  nrfx_gpiote.o
    0x00028fe4   0x00000014   Code   RO         2435    i.nrf_gpiote_event_clear  nrfx_gpiote.o
    0x00028ff8   0x00000010   Code   RO         2436    i.nrf_gpiote_event_is_set  nrfx_gpiote.o
    0x00029008   0x00000028   Code   RO         4321    i.nrf_pwr_mgmt_init  nrf_pwr_mgmt.o
    0x00029030   0x00000044   Code   RO         4322    i.nrf_pwr_mgmt_run  nrf_pwr_mgmt.o
    0x00029074   0x00000004   Code   RO           17    i.nrf_qwr_error_handler  main.o
    0x00029078   0x00000014   Code   RO         5035    i.nrf_sdh_ble_app_ram_start_get  nrf_sdh_ble.o
    0x0002908c   0x0000009c   Code   RO         5036    i.nrf_sdh_ble_default_cfg_set  nrf_sdh_ble.o
    0x00029128   0x00000014   Code   RO         5037    i.nrf_sdh_ble_enable  nrf_sdh_ble.o
    0x0002913c   0x00000060   Code   RO         5038    i.nrf_sdh_ble_evts_poll  nrf_sdh_ble.o
    0x0002919c   0x00000074   Code   RO         4920    i.nrf_sdh_enable_request  nrf_sdh.o
    0x00029210   0x00000024   Code   RO         4921    i.nrf_sdh_evts_poll  nrf_sdh.o
    0x00029234   0x0000000c   Code   RO         4922    i.nrf_sdh_is_enabled  nrf_sdh.o
    0x00029240   0x0000003c   Code   RO         5086    i.nrf_sdh_soc_evts_poll  nrf_sdh_soc.o
    0x0002927c   0x0000000a   Code   RO         4456    i.nrf_section_iter_init  nrf_section_iter.o
    0x00029286   0x00000024   Code   RO         4457    i.nrf_section_iter_item_set  nrf_section_iter.o
    0x000292aa   0x00000020   Code   RO         4458    i.nrf_section_iter_next  nrf_section_iter.o
    0x000292ca   0x0000000a   Code   RO         2765    i.nrf_uart_event_check  nrfx_uart.o
    0x000292d4   0x0000000c   Code   RO         2766    i.nrf_uart_event_clear  nrfx_uart.o
    0x000292e0   0x0000000a   Code   RO         2961    i.nrf_uarte_event_check  nrfx_uarte.o
    0x000292ea   0x0000000c   Code   RO         2962    i.nrf_uarte_event_clear  nrfx_uarte.o
    0x000292f6   0x00000002   PAD
    0x000292f8   0x0000002c   Code   RO         2289    i.nrfx_clock_enable  nrfx_clock.o
    0x00029324   0x00000020   Code   RO         2292    i.nrfx_clock_init   nrfx_clock.o
    0x00029344   0x0000001c   Code   RO         2295    i.nrfx_clock_lfclk_stop  nrfx_clock.o
    0x00029360   0x00000010   Code   RO         3497    i.nrfx_coredep_delay_us  app_timer.o
    0x00029370   0x00000010   Code   RO         2963    i.nrfx_is_in_ram    nrfx_uarte.o
    0x00029380   0x000000a4   Code   RO         2776    i.nrfx_uart_tx      nrfx_uart.o
    0x00029424   0x00000020   Code   RO         2778    i.nrfx_uart_tx_in_progress  nrfx_uart.o
    0x00029444   0x00000090   Code   RO         2970    i.nrfx_uarte_tx     nrfx_uarte.o
    0x000294d4   0x0000001c   Code   RO         2972    i.nrfx_uarte_tx_in_progress  nrfx_uarte.o
    0x000294f0   0x0000004c   Code   RO           18    i.nus_data_handler  main.o
    0x0002953c   0x00000024   Code   RO           19    i.on_adv_evt        main.o
    0x00029560   0x0000001c   Code   RO           20    i.on_conn_params_evt  main.o
    0x0002957c   0x0000006a   Code   RO         1890    i.on_connect        ble_nus.o
    0x000295e6   0x00000084   Code   RO         1891    i.on_write          ble_nus.o
    0x0002966a   0x00000016   Code   RO         1311    i.phy_is_valid      ble_advertising.o
    0x00029680   0x0000003c   Code   RO         3498    i.rtc1_stop         app_timer.o
    0x000296bc   0x00000050   Code   RO         1959    i.sd_state_evt_handler  nrf_drv_clock.o
    0x0002970c   0x00000030   Code   RO         4927    i.sdh_request_observer_notify  nrf_sdh.o
    0x0002973c   0x0000002c   Code   RO         4928    i.sdh_state_observer_notify  nrf_sdh.o
    0x00029768   0x00000010   Code   RO         1426    i.send_error_evt    ble_conn_params.o
    0x00029778   0x00000088   Code   RO         1201    i.service_data_encode  ble_advdata.o
    0x00029800   0x00000030   Code   RO         1697    i.set_security_req  ble_srv_common.o
    0x00029830   0x00000028   Code   RO           21    i.sleep_mode_enter  main.o
    0x00029858   0x00000018   Code   RO         1960    i.soc_evt_handler   nrf_drv_clock.o
    0x00029870   0x00000058   Code   RO         4930    i.softdevices_evt_irq_enable  nrf_sdh.o
    0x000298c8   0x00000090   Code   RO           22    i.test_timeout_handler  main.o
    0x00029958   0x00000080   Code   RO         3499    i.timer_list_handler  app_timer.o
    0x000299d8   0x0000003c   Code   RO         3500    i.timer_list_insert  app_timer.o
    0x00029a14   0x00000060   Code   RO         3501    i.timer_list_remove  app_timer.o
    0x00029a74   0x00000048   Code   RO         3502    i.timer_stop_op_schedule  app_timer.o
    0x00029abc   0x00000074   Code   RO         3503    i.timer_timeouts_check  app_timer.o
    0x00029b30   0x00000020   Code   RO         2783    i.tx_byte           nrfx_uart.o
    0x00029b50   0x0000000a   Code   RO         1202    i.uint16_encode     ble_advdata.o
    0x00029b5a   0x00000002   PAD
    0x00029b5c   0x00000068   Code   RO         1427    i.update_timeout_handler  ble_conn_params.o
    0x00029bc4   0x00000018   Code   RO         1312    i.use_whitelist     ble_advertising.o
    0x00029bdc   0x00000024   Code   RO         1846    i.user_mem_reply    nrf_ble_qwr.o
    0x00029c00   0x00000030   Code   RO         3504    i.user_op_alloc     app_timer.o
    0x00029c30   0x00000030   Code   RO         1203    i.uuid_list_encode  ble_advdata.o
    0x00029c60   0x0000009e   Code   RO         1204    i.uuid_list_sized_encode  ble_advdata.o
    0x00029cfe   0x00000002   PAD
    0x00029d00   0x0000004c   Code   RO          925    i.wakeup_button_cfg  bsp.o
    0x00029d4c   0x00000024   Data   RO           28    .constdata          main.o
    0x00029d70   0x00000008   Data   RO          815    .constdata          boards.o
    0x00029d78   0x0000002c   Data   RO          930    .constdata          bsp.o
    0x00029da4   0x00000016   Data   RO         1762    .constdata          nrf_ble_gatt.o
    0x00029dba   0x00000002   PAD
    0x00029dbc   0x00000010   Data   RO         1892    .constdata          ble_nus.o
    0x00029dcc   0x00000008   Data   RO         2465    .constdata          nrfx_gpiote.o
    0x00029dd4   0x0000000c   PAD
    0x00029de0   0x00000006   Data   RO         3506    .constdata          app_timer.o
    0x00029de6   0x00000002   PAD
    0x00029de8   0x00000018   Data   RO         4326    .constdata          nrf_pwr_mgmt.o
    0x00029e00   0x0000000c   Data   RO         4327    .constdata          nrf_pwr_mgmt.o
    0x00029e0c   0x00000010   Data   RO         4931    .constdata          nrf_sdh.o
    0x00029e1c   0x00000028   Data   RO         4932    .constdata          nrf_sdh.o
    0x00029e44   0x00000010   Data   RO         4933    .constdata          nrf_sdh.o
    0x00029e54   0x00000010   Data   RO         4934    .constdata          nrf_sdh.o
    0x00029e64   0x00000020   Data   RO         5039    .constdata          nrf_sdh_ble.o
    0x00029e84   0x00000010   Data   RO         5040    .constdata          nrf_sdh_ble.o
    0x00029e94   0x00000010   Data   RO         5087    .constdata          nrf_sdh_soc.o
    0x00029ea4   0x0000000c   Data   RO         5088    .constdata          nrf_sdh_soc.o
    0x00029eb0   0x00000020   Data   RO         5195    Region$$Table       anon$$obj.o
    0x00029ed0   0x00000008   Data   RO         1526    sdh_ble_observers0  ble_conn_state.o
    0x00029ed8   0x00000010   Data   RO           32    sdh_ble_observers1  main.o
    0x00029ee8   0x00000008   Data   RO         1039    sdh_ble_observers1  bsp_btn_ble.o
    0x00029ef0   0x00000008   Data   RO         1430    sdh_ble_observers1  ble_conn_params.o
    0x00029ef8   0x00000010   Data   RO           33    sdh_ble_observers2  main.o
    0x00029f08   0x00000008   Data   RO           34    sdh_ble_observers3  main.o
    0x00029f10   0x00000008   Data   RO         1966    sdh_soc_observers0  nrf_drv_clock.o
    0x00029f18   0x00000008   Data   RO           35    sdh_soc_observers1  main.o
    0x00029f20   0x00000008   Data   RO         5042    sdh_stack_observers0  nrf_sdh_ble.o
    0x00029f28   0x00000008   Data   RO         5089    sdh_stack_observers0  nrf_sdh_soc.o
    0x00029f30   0x00000008   Data   RO         1967    sdh_state_observers0  nrf_drv_clock.o


    Execution Region RW_IRAM1 (Base: 0x20002a98, Size: 0x00002e48, Max: 0x0003d568, ABSOLUTE)

    Base Addr    Size         Type   Attr      Idx    E Section Name        Object

    0x20002a98   0x00000008   Data   RW           29    .data               main.o
    0x20002aa0   0x00000034   Data   RW           30    .data               main.o
    0x20002ad4   0x00000004   Data   RW           31    .data               main.o
    0x20002ad8   0x00000002   Data   RW          487    .data               iic_dmwz.o
    0x20002ada   0x00000002   PAD
    0x20002adc   0x0000000e   Data   RW          625    .data               bma.o
    0x20002aea   0x00000002   PAD
    0x20002aec   0x00000010   Data   RW          931    .data               bsp.o
    0x20002afc   0x00000008   Data   RW         1038    .data               bsp_btn_ble.o
    0x20002b04   0x00000008   Data   RW         1429    .data               ble_conn_params.o
    0x20002b0c   0x00000014   Data   RW         2093    .data               nrf_drv_uart.o
    0x20002b20   0x00000008   Data   RW         2299    .data               nrfx_clock.o
    0x20002b28   0x00000008   Data   RW         2712    .data               nrfx_prs.o
    0x20002b30   0x00000008   Data   RW         3123    .data               nrfx_wdt.o
    0x20002b38   0x00000010   Data   RW         3432    .data               app_scheduler.o
    0x20002b48   0x00000014   Data   RW         3507    .data               app_timer.o
    0x20002b5c   0x0000001c   Data   RW         3656    .data               app_uart_fifo.o
    0x20002b78   0x00000008   Data   RW         4328    .data               nrf_pwr_mgmt.o
    0x20002b80   0x00000003   Data   RW         4935    .data               nrf_sdh.o
    0x20002b83   0x00000001   Data   RW         5041    .data               nrf_sdh_ble.o
    0x20002b84   0x00000004   Data   RW         5127    .data               system_nrf52840.o
    0x20002b88   0x00000020   Zero   RW           25    .bss                main.o
    0x20002ba8   0x00000020   Zero   RW           26    .bss                main.o
    0x20002bc8   0x000009b2   Zero   RW           27    .bss                main.o
    0x2000357a   0x00000002   PAD
    0x2000357c   0x0000001c   Zero   RW          623    .bss                bma.o
    0x20003598   0x00000020   Zero   RW          926    .bss                bsp.o
    0x200035b8   0x00000020   Zero   RW          927    .bss                bsp.o
    0x200035d8   0x0000000c   Zero   RW          928    .bss                bsp.o
    0x200035e4   0x00000020   Zero   RW          929    .bss                bsp.o
    0x20003604   0x00000050   Zero   RW         1428    .bss                ble_conn_params.o
    0x20003654   0x00000078   Zero   RW         1525    .bss                ble_conn_state.o
    0x200036cc   0x00000014   Zero   RW         1961    .bss                nrf_drv_clock.o
    0x200036e0   0x0000006c   Zero   RW         2464    .bss                nrfx_gpiote.o
    0x2000374c   0x0000002c   Zero   RW         2786    .bss                nrfx_uart.o
    0x20003778   0x00000024   Zero   RW         2976    .bss                nrfx_uarte.o
    0x2000379c   0x0000010c   Zero   RW         3505    .bss                app_timer.o
    0x200038a8   0x00000020   Zero   RW         3654    .bss                app_uart_fifo.o
    0x200038c8   0x0000000c   Zero   RW         3738    .bss                app_util_platform.o
    0x200038d4   0x0000000c   Zero   RW         4325    .bss                nrf_pwr_mgmt.o
    0x200038e0   0x00002000   Zero   RW         5115    STACK               arm_startup_nrf52840.o


==============================================================================

Image component sizes


      Code (inc. data)   RO Data    RW Data    ZI Data      Debug   Object Name

        22          0          0          0          0       2425   app_error.o
        48          8          0          0          0      30537   app_error_weak.o
        86          0          0          0          0       4102   app_fifo.o
       268         16          0         16          0      42801   app_scheduler.o
      1506        118          6         20        268      47535   app_timer.o
       116         20          0         28         32      18963   app_uart_fifo.o
       124         14          0          0         12       9518   app_util_platform.o
        36          8        512          0       8192        936   arm_startup_nrf52840.o
      1324          0          0          0          0      60168   ble_advdata.o
      1010          6          0          0          0      18576   ble_advertising.o
       636         44          8          8         80      12483   ble_conn_params.o
       360         10          8          0        120       6791   ble_conn_state.o
        72          0          0          0          0       2772   ble_link_ctx_manager.o
       664          6         16          0          0       8420   ble_nus.o
       456          6          0          0          0       3311   ble_srv_common.o
       620         54          0         14         28     118297   bma.o
       266         38          8          0          0      11413   boards.o
       822         66         44         16        108      16476   bsp.o
       196          6          8          8          0      83417   bsp_btn_ble.o
       722         20          0          2          0      15503   iic_dmwz.o
      1272        146         84         64       2546     171548   main.o
        64          0          0          0          0       2904   nrf_atflags.o
       250          0          0          0          0       3640   nrf_atomic.o
       484          6         22          0          0      35416   nrf_ble_gatt.o
       276          0          0          0          0       6125   nrf_ble_qwr.o
       276         34         16          0         20      39730   nrf_drv_clock.o
         0          0          0         20          0      15300   nrf_drv_uart.o
       108         16         36          8         12      37501   nrf_pwr_mgmt.o
       384         46         88          3          0      38947   nrf_sdh.o
       292         18         56          1          0       5479   nrf_sdh_ble.o
        60          4         36          0          0       2308   nrf_sdh_soc.o
        78          0          0          0          0       2724   nrf_section_iter.o
       298         32          0          8          0      42060   nrfx_clock.o
       644         34          8          0        108      20256   nrfx_gpiote.o
        12          6          0          8          0       1998   nrfx_prs.o
       250         10          0          0         44      14438   nrfx_uart.o
       210         12          0          0         36      14080   nrfx_uarte.o
        36         10          0          8          0       3909   nrfx_wdt.o
       476         60          0          4          0       2307   system_nrf52840.o

    ----------------------------------------------------------------------
     14860        874       1004        240      11608     975114   Object Totals
         0          0         32          0          0          0   (incl. Generated)
        36          0         16          4          2          0   (incl. Padding)

    ----------------------------------------------------------------------

      Code (inc. data)   RO Data    RW Data    ZI Data      Debug   Library Member Name

         0          0          0          0          0          0   entry.o
         0          0          0          0          0          0   entry10a.o
         0          0          0          0          0          0   entry11a.o
         8          4          0          0          0          0   entry2.o
         4          0          0          0          0          0   entry5.o
         0          0          0          0          0          0   entry7b.o
         0          0          0          0          0          0   entry8b.o
         8          4          0          0          0          0   entry9a.o
        30          0          0          0          0          0   handlers.o
        36          8          0          0          0         68   init.o
        30          0          0          0          0         68   llshl.o
        32          0          0          0          0         68   llushr.o
        36          0          0          0          0         68   memcpya.o
        36          0          0          0          0        108   memseta.o
        98          0          0          0          0         92   uldiv.o

    ----------------------------------------------------------------------
       320         16          0          0          0        472   Library Totals
         2          0          0          0          0          0   (incl. Padding)

    ----------------------------------------------------------------------

      Code (inc. data)   RO Data    RW Data    ZI Data      Debug   Library Name

       318         16          0          0          0        472   mc_w.l

    ----------------------------------------------------------------------
       320         16          0          0          0        472   Library Totals

    ----------------------------------------------------------------------

==============================================================================


      Code (inc. data)   RO Data    RW Data    ZI Data      Debug   

     15180        890       1004        240      11608     956334   Grand Totals
     15180        890       1004        240      11608     956334   ELF Image Totals
     15180        890       1004        240          0          0   ROM Totals

==============================================================================

    Total RO  Size (Code + RO Data)                16184 (  15.80kB)
    Total RW  Size (RW Data + ZI Data)             11848 (  11.57kB)
    Total ROM Size (Code + RO Data + RW Data)      16424 (  16.04kB)

==============================================================================

