Component: ARM Compiler 5.06 update 4 (build 422) Tool: armlink [4d35d2]

==============================================================================

Section Cross References

    main.o(i.Bluetooth_ReciveANDSend) refers to app_uart_fifo.o(i.app_uart_put) for app_uart_put
    main.o(i.Bluetooth_ReciveANDSend) refers to main.o(.data) for .data
    main.o(i.Bluetooth_ReciveANDSend) refers to main.o(.bss) for .bss
    main.o(i.Button_handle) refers to main.o(i.advertising_start) for advertising_start
    main.o(i.Button_handle) refers to bma.o(i.bma_init) for bma_init
    main.o(i.Button_handle) refers to main.o(.data) for .data
    main.o(i.GPIOTE_init) refers to nrfx_gpiote.o(i.nrfx_gpiote_init) for nrfx_gpiote_init
    main.o(i.GPIOTE_init) refers to app_error.o(i.app_error_handler_bare) for app_error_handler_bare
    main.o(i.GPIOTE_init) refers to nrfx_gpiote.o(i.nrfx_gpiote_in_init) for nrfx_gpiote_in_init
    main.o(i.GPIOTE_init) refers to nrfx_gpiote.o(i.nrfx_gpiote_in_event_enable) for nrfx_gpiote_in_event_enable
    main.o(i.GPIOTE_init) refers to main.o(.constdata) for .constdata
    main.o(i.GPIOTE_init) refers to main.o(i.Button_handle) for Button_handle
    main.o(i.advertising_start) refers to ble_advertising.o(i.ble_advertising_start) for ble_advertising_start
    main.o(i.advertising_start) refers to app_error.o(i.app_error_handler_bare) for app_error_handler_bare
    main.o(i.advertising_start) refers to main.o(.bss) for .bss
    main.o(i.assert_nrf_callback) refers to app_error_handler_keil.o(.emb_text) for app_error_handler
    main.o(i.ble_evt_handler) refers to bsp.o(i.bsp_indication_set) for bsp_indication_set
    main.o(i.ble_evt_handler) refers to app_error.o(i.app_error_handler_bare) for app_error_handler_bare
    main.o(i.ble_evt_handler) refers to nrf_ble_qwr.o(i.nrf_ble_qwr_conn_handle_assign) for nrf_ble_qwr_conn_handle_assign
    main.o(i.ble_evt_handler) refers to app_timer.o(i.app_timer_start) for app_timer_start
    main.o(i.ble_evt_handler) refers to app_timer.o(i.app_timer_stop) for app_timer_stop
    main.o(i.ble_evt_handler) refers to main.o(.data) for .data
    main.o(i.ble_evt_handler) refers to main.o(.constdata) for .constdata
    main.o(i.ble_evt_handler) refers to main.o(.bss) for .bss
    main.o(i.bsp_event_handler) refers to main.o(i.sleep_mode_enter) for sleep_mode_enter
    main.o(i.bsp_event_handler) refers to app_error.o(i.app_error_handler_bare) for app_error_handler_bare
    main.o(i.bsp_event_handler) refers to ble_advertising.o(i.ble_advertising_restart_without_whitelist) for ble_advertising_restart_without_whitelist
    main.o(i.bsp_event_handler) refers to main.o(.data) for .data
    main.o(i.bsp_event_handler) refers to main.o(.bss) for .bss
    main.o(i.conn_params_error_handler) refers to app_error.o(i.app_error_handler_bare) for app_error_handler_bare
    main.o(i.gatt_evt_handler) refers to main.o(.data) for .data
    main.o(i.gatt_init) refers to nrf_ble_gatt.o(i.nrf_ble_gatt_init) for nrf_ble_gatt_init
    main.o(i.gatt_init) refers to app_error.o(i.app_error_handler_bare) for app_error_handler_bare
    main.o(i.gatt_init) refers to nrf_ble_gatt.o(i.nrf_ble_gatt_att_mtu_periph_set) for nrf_ble_gatt_att_mtu_periph_set
    main.o(i.gatt_init) refers to main.o(i.gatt_evt_handler) for gatt_evt_handler
    main.o(i.gatt_init) refers to main.o(.bss) for .bss
    main.o(i.lowpower_timeout_handler) refers to app_timer.o(i.app_timer_stop) for app_timer_stop
    main.o(i.lowpower_timeout_handler) refers to bma.o(i.bma_lowpower) for bma_lowpower
    main.o(i.lowpower_timeout_handler) refers to bma.o(i.BMA250_interrupt_status) for BMA250_interrupt_status
    main.o(i.lowpower_timeout_handler) refers to main.o(i.advertising_start) for advertising_start
    main.o(i.lowpower_timeout_handler) refers to app_timer.o(i.app_timer_start) for app_timer_start
    main.o(i.lowpower_timeout_handler) refers to bma.o(i.bma_init) for bma_init
    main.o(i.lowpower_timeout_handler) refers to main.o(.data) for .data
    main.o(i.lowpower_timeout_handler) refers to main.o(.constdata) for .constdata
    main.o(i.lowpower_timeout_handler) refers to main.o(.bss) for .bss
    main.o(i.main) refers to app_timer.o(i.app_timer_init) for app_timer_init
    main.o(i.main) refers to app_error.o(i.app_error_handler_bare) for app_error_handler_bare
    main.o(i.main) refers to app_timer.o(i.app_timer_create) for app_timer_create
    main.o(i.main) refers to app_scheduler.o(i.app_sched_init) for app_sched_init
    main.o(i.main) refers to nrf_pwr_mgmt.o(i.nrf_pwr_mgmt_init) for nrf_pwr_mgmt_init
    main.o(i.main) refers to nrf_sdh.o(i.nrf_sdh_enable_request) for nrf_sdh_enable_request
    main.o(i.main) refers to nrf_sdh_ble.o(i.nrf_sdh_ble_default_cfg_set) for nrf_sdh_ble_default_cfg_set
    main.o(i.main) refers to nrf_sdh_ble.o(i.nrf_sdh_ble_enable) for nrf_sdh_ble_enable
    main.o(i.main) refers to main.o(i.gatt_init) for gatt_init
[...]
    i.nrf_atflags_get                        0x00028a44   Section        0  nrf_atflags.o(i.nrf_atflags_get)
    i.nrf_atflags_set                        0x00028a5a   Section        0  nrf_atflags.o(i.nrf_atflags_set)
    i.nrf_atomic_u32_and                     0x00028a6e   Section        0  nrf_atomic.o(i.nrf_atomic_u32_and)
    i.nrf_atomic_u32_or                      0x00028a7a   Section        0  nrf_atomic.o(i.nrf_atomic_u32_or)
    i.nrf_bitmask_bit_is_set                 0x00028a86   Section        0  nrfx_gpiote.o(i.nrf_bitmask_bit_is_set)
    nrf_bitmask_bit_is_set                   0x00028a87   Thumb Code    16  nrfx_gpiote.o(i.nrf_bitmask_bit_is_set)
    i.nrf_bitmask_bit_set                    0x00028a96   Section        0  nrfx_gpiote.o(i.nrf_bitmask_bit_set)
    nrf_bitmask_bit_set                      0x00028a97   Thumb Code    20  nrfx_gpiote.o(i.nrf_bitmask_bit_set)
    i.nrf_ble_gatt_att_mtu_periph_set        0x00028aaa   Section        0  nrf_ble_gatt.o(i.nrf_ble_gatt_att_mtu_periph_set)
    i.nrf_ble_gatt_init                      0x00028ac2   Section        0  nrf_ble_gatt.o(i.nrf_ble_gatt_init)
    i.nrf_ble_gatt_on_ble_evt                0x00028ae4   Section        0  nrf_ble_gatt.o(i.nrf_ble_gatt_on_ble_evt)
    i.nrf_ble_qwr_conn_handle_assign         0x00028c58   Section        0  nrf_ble_qwr.o(i.nrf_ble_qwr_conn_handle_assign)
    i.nrf_ble_qwr_init                       0x00028c6e   Section        0  nrf_ble_qwr.o(i.nrf_ble_qwr_init)
    i.nrf_ble_qwr_on_ble_evt                 0x00028c92   Section        0  nrf_ble_qwr.o(i.nrf_ble_qwr_on_ble_evt)
    i.nrf_clock_event_check                  0x00028d48   Section        0  nrfx_clock.o(i.nrf_clock_event_check)
    nrf_clock_event_check                    0x00028d49   Thumb Code    14  nrfx_clock.o(i.nrf_clock_event_check)
    i.nrf_clock_event_clear                  0x00028d56   Section        0  nrfx_clock.o(i.nrf_clock_event_clear)
    nrf_clock_event_clear                    0x00028d57   Thumb Code    16  nrfx_clock.o(i.nrf_clock_event_clear)
    i.nrf_drv_clock_init                     0x00028d68   Section        0  nrf_drv_clock.o(i.nrf_drv_clock_init)
    i.nrf_drv_clock_lfclk_release            0x00028da0   Section        0  nrf_drv_clock.o(i.nrf_drv_clock_lfclk_release)
    i.nrf_drv_uart_tx                        0x00028dd0   Section        0  app_uart_fifo.o(i.nrf_drv_uart_tx)
    nrf_drv_uart_tx                          0x00028dd1   Thumb Code    26  app_uart_fifo.o(i.nrf_drv_uart_tx)
    i.nrf_gpio_cfg                           0x00028df0   Section        0  iic_dmwz.o(i.nrf_gpio_cfg)
    nrf_gpio_cfg                             0x00028df1   Thumb Code    50  iic_dmwz.o(i.nrf_gpio_cfg)
    i.nrf_gpio_cfg_input                     0x00028e22   Section        0  iic_dmwz.o(i.nrf_gpio_cfg_input)
    nrf_gpio_cfg_input                       0x00028e23   Thumb Code    18  iic_dmwz.o(i.nrf_gpio_cfg_input)
    i.nrf_gpio_cfg_output                    0x00028e34   Section        0  iic_dmwz.o(i.nrf_gpio_cfg_output)
    nrf_gpio_cfg_output                      0x00028e35   Thumb Code    20  iic_dmwz.o(i.nrf_gpio_cfg_output)
    i.nrf_gpio_cfg_sense_set                 0x00028e48   Section        0  nrfx_gpiote.o(i.nrf_gpio_cfg_sense_set)
    nrf_gpio_cfg_sense_set                   0x00028e49   Thumb Code    48  nrfx_gpiote.o(i.nrf_gpio_cfg_sense_set)
    i.nrf_gpio_pin_clear                     0x00028e78   Section        0  iic_dmwz.o(i.nrf_gpio_pin_clear)
    nrf_gpio_pin_clear                       0x00028e79   Thumb Code    20  iic_dmwz.o(i.nrf_gpio_pin_clear)
    i.nrf_gpio_pin_port_decode               0x00028e8c   Section        0  iic_dmwz.o(i.nrf_gpio_pin_port_decode)
    nrf_gpio_pin_port_decode                 0x00028e8d   Thumb Code    22  iic_dmwz.o(i.nrf_gpio_pin_port_decode)
    i.nrf_gpio_pin_port_decode               0x00028ea8   Section        0  boards.o(i.nrf_gpio_pin_port_decode)
    nrf_gpio_pin_port_decode                 0x00028ea9   Thumb Code    22  boards.o(i.nrf_gpio_pin_port_decode)
    i.nrf_gpio_pin_port_decode               0x00028ec4   Section        0  nrfx_gpiote.o(i.nrf_gpio_pin_port_decode)
    nrf_gpio_pin_port_decode                 0x00028ec5   Thumb Code    22  nrfx_gpiote.o(i.nrf_gpio_pin_port_decode)
    i.nrf_gpio_pin_read                      0x00028ee0   Section        0  iic_dmwz.o(i.nrf_gpio_pin_read)
    nrf_gpio_pin_read                        0x00028ee1   Thumb Code    22  iic_dmwz.o(i.nrf_gpio_pin_read)
    i.nrf_gpio_pin_set                       0x00028ef6   Section        0  iic_dmwz.o(i.nrf_gpio_pin_set)
    nrf_gpio_pin_set                         0x00028ef7   Thumb Code    20  iic_dmwz.o(i.nrf_gpio_pin_set)
    i.nrf_gpio_pin_write                     0x00028f0a   Section        0  boards.o(i.nrf_gpio_pin_write)
    nrf_gpio_pin_write                       0x00028f0b   Thumb Code    38  boards.o(i.nrf_gpio_pin_write)
    i.nrf_gpio_ports_read                    0x00028f30   Section        0  nrfx_gpiote.o(i.nrf_gpio_ports_read)
    nrf_gpio_ports_read                      0x00028f31   Thumb Code    38  nrfx_gpiote.o(i.nrf_gpio_ports_read)
    i.nrf_gpiote_event_clear                 0x00028f5c   Section        0  nrfx_gpiote.o(i.nrf_gpiote_event_clear)
    nrf_gpiote_event_clear                   0x00028f5d   Thumb Code    16  nrfx_gpiote.o(i.nrf_gpiote_event_clear)
    i.nrf_gpiote_event_is_set                0x00028f70   Section        0  nrfx_gpiote.o(i.nrf_gpiote_event_is_set)
    nrf_gpiote_event_is_set                  0x00028f71   Thumb Code    12  nrfx_gpiote.o(i.nrf_gpiote_event_is_set)
    i.nrf_pwr_mgmt_init                      0x00028f80   Section        0  nrf_pwr_mgmt.o(i.nrf_pwr_mgmt_init)
    i.nrf_pwr_mgmt_run                       0x00028fa8   Section        0  nrf_pwr_mgmt.o(i.nrf_pwr_mgmt_run)
    i.nrf_qwr_error_handler                  0x00028fec   Section        0  main.o(i.nrf_qwr_error_handler)
    nrf_qwr_error_handler                    0x00028fed   Thumb Code     4  main.o(i.nrf_qwr_error_handler)
    i.nrf_sdh_ble_app_ram_start_get          0x00028ff0   Section        0  nrf_sdh_ble.o(i.nrf_sdh_ble_app_ram_start_get)
    i.nrf_sdh_ble_default_cfg_set            0x00029004   Section        0  nrf_sdh_ble.o(i.nrf_sdh_ble_default_cfg_set)
    i.nrf_sdh_ble_enable                     0x000290a0   Section        0  nrf_sdh_ble.o(i.nrf_sdh_ble_enable)
    i.nrf_sdh_ble_evts_poll                  0x000290b4   Section        0  nrf_sdh_ble.o(i.nrf_sdh_ble_evts_poll)
    nrf_sdh_ble_evts_poll                    0x000290b5   Thumb Code    88  nrf_sdh_ble.o(i.nrf_sdh_ble_evts_poll)
    i.nrf_sdh_enable_request                 0x00029114   Section        0  nrf_sdh.o(i.nrf_sdh_enable_request)
    i.nrf_sdh_evts_poll                      0x00029188   Section        0  nrf_sdh.o(i.nrf_sdh_evts_poll)
    i.nrf_sdh_is_enabled                     0x000291ac   Section        0  nrf_sdh.o(i.nrf_sdh_is_enabled)
    i.nrf_sdh_soc_evts_poll                  0x000291b8   Section        0  nrf_sdh_soc.o(i.nrf_sdh_soc_evts_poll)
    nrf_sdh_soc_evts_poll                    0x000291b9   Thumb Code    56  nrf_sdh_soc.o(i.nrf_sdh_soc_evts_poll)
    i.nrf_section_iter_init                  0x000291f4   Section        0  nrf_section_iter.o(i.nrf_section_iter_init)
    i.nrf_section_iter_item_set              0x000291fe   Section        0  nrf_section_iter.o(i.nrf_section_iter_item_set)
    nrf_section_iter_item_set                0x000291ff   Thumb Code    36  nrf_section_iter.o(i.nrf_section_iter_item_set)
    i.nrf_section_iter_next                  0x00029222   Section        0  nrf_section_iter.o(i.nrf_section_iter_next)
    i.nrf_uart_event_check                   0x00029242   Section        0  nrfx_uart.o(i.nrf_uart_event_check)
    nrf_uart_event_check                     0x00029243   Thumb Code    10  nrfx_uart.o(i.nrf_uart_event_check)
    i.nrf_uart_event_clear                   0x0002924c   Section        0  nrfx_uart.o(i.nrf_uart_event_clear)
    nrf_uart_event_clear                     0x0002924d   Thumb Code    12  nrfx_uart.o(i.nrf_uart_event_clear)
    i.nrf_uarte_event_check                  0x00029258   Section        0  nrfx_uarte.o(i.nrf_uarte_event_check)
    nrf_uarte_event_check                    0x00029259   Thumb Code    10  nrfx_uarte.o(i.nrf_uarte_event_check)
    i.nrf_uarte_event_clear                  0x00029262   Section        0  nrfx_uarte.o(i.nrf_uarte_event_clear)
    nrf_uarte_event_clear                    0x00029263   Thumb Code    12  nrfx_uarte.o(i.nrf_uarte_event_clear)
    i.nrfx_clock_enable                      0x00029270   Section        0  nrfx_clock.o(i.nrfx_clock_enable)
    i.nrfx_clock_init                        0x0002929c   Section        0  nrfx_clock.o(i.nrfx_clock_init)
    i.nrfx_clock_lfclk_stop                  0x000292bc   Section        0  nrfx_clock.o(i.nrfx_clock_lfclk_stop)
    i.nrfx_coredep_delay_us                  0x000292d8   Section        0  iic_dmwz.o(i.nrfx_coredep_delay_us)
    nrfx_coredep_delay_us                    0x000292d9   Thumb Code    12  iic_dmwz.o(i.nrfx_coredep_delay_us)
    i.nrfx_coredep_delay_us                  0x000292e8   Section        0  app_timer.o(i.nrfx_coredep_delay_us)
    nrfx_coredep_delay_us                    0x000292e9   Thumb Code    12  app_timer.o(i.nrfx_coredep_delay_us)
    i.nrfx_is_in_ram                         0x000292f8   Section        0  nrfx_uarte.o(i.nrfx_is_in_ram)
    nrfx_is_in_ram                           0x000292f9   Thumb Code    16  nrfx_uarte.o(i.nrfx_is_in_ram)
    i.nrfx_uart_tx                           0x00029308   Section        0  nrfx_uart.o(i.nrfx_uart_tx)
    i.nrfx_uart_tx_in_progress               0x000293ac   Section        0  nrfx_uart.o(i.nrfx_uart_tx_in_progress)
    i.nrfx_uarte_tx                          0x000293cc   Section        0  nrfx_uarte.o(i.nrfx_uarte_tx)
    i.nrfx_uarte_tx_in_progress              0x0002945c   Section        0  nrfx_uarte.o(i.nrfx_uarte_tx_in_progress)
    i.nus_data_handler                       0x00029478   Section        0  main.o(i.nus_data_handler)
    nus_data_handler                         0x00029479   Thumb Code    62  main.o(i.nus_data_handler)
    i.on_adv_evt                             0x000294c4   Section        0  main.o(i.on_adv_evt)
    on_adv_evt                               0x000294c5   Thumb Code    36  main.o(i.on_adv_evt)
    i.on_conn_params_evt                     0x000294e8   Section        0  main.o(i.on_conn_params_evt)
    on_conn_params_evt                       0x000294e9   Thumb Code    24  main.o(i.on_conn_params_evt)
    i.on_connect                             0x00029504   Section        0  ble_nus.o(i.on_connect)
    on_connect                               0x00029505   Thumb Code   106  ble_nus.o(i.on_connect)
    i.on_write                               0x0002956e   Section        0  ble_nus.o(i.on_write)
    on_write                                 0x0002956f   Thumb Code   132  ble_nus.o(i.on_write)
    i.phy_is_valid                           0x000295f2   Section        0  ble_advertising.o(i.phy_is_valid)
    phy_is_valid                             0x000295f3   Thumb Code    22  ble_advertising.o(i.phy_is_valid)
    i.rtc1_stop                              0x00029608   Section        0  app_timer.o(i.rtc1_stop)
    rtc1_stop                                0x00029609   Thumb Code    52  app_timer.o(i.rtc1_stop)
    i.sd_state_evt_handler                   0x00029644   Section        0  nrf_drv_clock.o(i.sd_state_evt_handler)
    sd_state_evt_handler                     0x00029645   Thumb Code    76  nrf_drv_clock.o(i.sd_state_evt_handler)
    i.sdh_request_observer_notify            0x00029694   Section        0  nrf_sdh.o(i.sdh_request_observer_notify)
    sdh_request_observer_notify              0x00029695   Thumb Code    44  nrf_sdh.o(i.sdh_request_observer_notify)
    i.sdh_state_observer_notify              0x000296c4   Section        0  nrf_sdh.o(i.sdh_state_observer_notify)
    sdh_state_observer_notify                0x000296c5   Thumb Code    38  nrf_sdh.o(i.sdh_state_observer_notify)
    i.send_error_evt                         0x000296f0   Section        0  ble_conn_params.o(i.send_error_evt)
    send_error_evt                           0x000296f1   Thumb Code    12  ble_conn_params.o(i.send_error_evt)
    i.service_data_encode                    0x00029700   Section        0  ble_advdata.o(i.service_data_encode)
    service_data_encode                      0x00029701   Thumb Code   136  ble_advdata.o(i.service_data_encode)
    i.set_security_req                       0x00029788   Section        0  ble_srv_common.o(i.set_security_req)
    set_security_req                         0x00029789   Thumb Code    48  ble_srv_common.o(i.set_security_req)
    i.sleep_mode_enter                       0x000297b8   Section        0  main.o(i.sleep_mode_enter)
    sleep_mode_enter                         0x000297b9   Thumb Code    40  main.o(i.sleep_mode_enter)
    i.soc_evt_handler                        0x000297e0   Section        0  nrf_drv_clock.o(i.soc_evt_handler)
    soc_evt_handler                          0x000297e1   Thumb Code    18  nrf_drv_clock.o(i.soc_evt_handler)
    i.softdevices_evt_irq_enable             0x000297f8   Section        0  nrf_sdh.o(i.softdevices_evt_irq_enable)
    softdevices_evt_irq_enable               0x000297f9   Thumb Code    80  nrf_sdh.o(i.softdevices_evt_irq_enable)
    i.test_timeout_handler                   0x00029850   Section        0  main.o(i.test_timeout_handler)
    i.timer_list_handler                     0x000298cc   Section        0  app_timer.o(i.timer_list_handler)
    timer_list_handler                       0x000298cd   Thumb Code   122  app_timer.o(i.timer_list_handler)
    i.timer_list_insert                      0x0002994c   Section        0  app_timer.o(i.timer_list_insert)
    timer_list_insert                        0x0002994d   Thumb Code    56  app_timer.o(i.timer_list_insert)
    i.timer_list_remove                      0x00029988   Section        0  app_timer.o(i.timer_list_remove)
    timer_list_remove                        0x00029989   Thumb Code    88  app_timer.o(i.timer_list_remove)
    i.timer_stop_op_schedule                 0x000299e8   Section        0  app_timer.o(i.timer_stop_op_schedule)
    timer_stop_op_schedule                   0x000299e9   Thumb Code    68  app_timer.o(i.timer_stop_op_schedule)
    i.timer_timeouts_check                   0x00029a30   Section        0  app_timer.o(i.timer_timeouts_check)
    timer_timeouts_check                     0x00029a31   Thumb Code   106  app_timer.o(i.timer_timeouts_check)
    i.tx_byte                                0x00029aa4   Section        0  nrfx_uart.o(i.tx_byte)
    tx_byte                                  0x00029aa5   Thumb Code    32  nrfx_uart.o(i.tx_byte)
    i.uint16_encode                          0x00029ac4   Section        0  ble_advdata.o(i.uint16_encode)
    uint16_encode                            0x00029ac5   Thumb Code    10  ble_advdata.o(i.uint16_encode)
    i.update_timeout_handler                 0x00029ad0   Section        0  ble_conn_params.o(i.update_timeout_handler)
    update_timeout_handler                   0x00029ad1   Thumb Code    98  ble_conn_params.o(i.update_timeout_handler)
    i.use_whitelist                          0x00029b38   Section        0  ble_advertising.o(i.use_whitelist)
    use_whitelist                            0x00029b39   Thumb Code    24  ble_advertising.o(i.use_whitelist)
    i.user_mem_reply                         0x00029b50   Section        0  nrf_ble_qwr.o(i.user_mem_reply)
    user_mem_reply                           0x00029b51   Thumb Code    36  nrf_ble_qwr.o(i.user_mem_reply)
    i.user_op_alloc                          0x00029b74   Section        0  app_timer.o(i.user_op_alloc)
    user_op_alloc                            0x00029b75   Thumb Code    42  app_timer.o(i.user_op_alloc)
    i.uuid_list_encode                       0x00029ba4   Section        0  ble_advdata.o(i.uuid_list_encode)
    uuid_list_encode                         0x00029ba5   Thumb Code    48  ble_advdata.o(i.uuid_list_encode)
    i.uuid_list_sized_encode                 0x00029bd4   Section        0  ble_advdata.o(i.uuid_list_sized_encode)
    uuid_list_sized_encode                   0x00029bd5   Thumb Code   158  ble_advdata.o(i.uuid_list_sized_encode)
    i.wakeup_button_cfg                      0x00029c74   Section        0  bsp.o(i.wakeup_button_cfg)
    wakeup_button_cfg                        0x00029c75   Thumb Code    70  bsp.o(i.wakeup_button_cfg)
    .constdata                               0x00029cc0   Section       12  main.o(.constdata)
    m_test_timer_id                          0x00029cc4   Data           4  main.o(.constdata)
    m_lowpower_timer_id                      0x00029cc8   Data           4  main.o(.constdata)
    .constdata                               0x00029cd0   Section        6  iic_dmwz.o(.constdata)
    delay_machine_code                       0x00029cd0   Data           6  iic_dmwz.o(.constdata)
    .constdata                               0x00029cd6   Section        8  boards.o(.constdata)
    m_board_led_list                         0x00029cd6   Data           4  boards.o(.constdata)
    m_board_btn_list                         0x00029cda   Data           4  boards.o(.constdata)
    .constdata                               0x00029ce0   Section       44  bsp.o(.constdata)
    m_bsp_leds_tmr                           0x00029ce0   Data           4  bsp.o(.constdata)
    m_bsp_alert_tmr                          0x00029ce4   Data           4  bsp.o(.constdata)
    m_bsp_button_tmr                         0x00029ce8   Data           4  bsp.o(.constdata)
    app_buttons                              0x00029cec   Data          32  bsp.o(.constdata)
    .constdata                               0x00029d0c   Section       22  nrf_ble_gatt.o(.constdata)
    .constdata                               0x00029d24   Section       16  ble_nus.o(.constdata)
    .constdata                               0x00029d34   Section        8  nrfx_gpiote.o(.constdata)
    .constdata                               0x00029d40   Section        6  app_timer.o(.constdata)
    delay_machine_code                       0x00029d40   Data           6  app_timer.o(.constdata)
    .constdata                               0x00029d48   Section       24  nrf_pwr_mgmt.o(.constdata)
    pwr_mgmt_data_array                      0x00029d48   Data          24  nrf_pwr_mgmt.o(.constdata)
    .constdata                               0x00029d60   Section       12  nrf_pwr_mgmt.o(.constdata)
    pwr_mgmt_data                            0x00029d60   Data          12  nrf_pwr_mgmt.o(.constdata)
    .constdata                               0x00029d6c   Section       16  nrf_sdh.o(.constdata)
    sdh_req_observers_array                  0x00029d6c   Data          16  nrf_sdh.o(.constdata)
    .constdata                               0x00029d7c   Section       40  nrf_sdh.o(.constdata)
    sdh_req_observers                        0x00029d80   Data          12  nrf_sdh.o(.constdata)
    sdh_state_observers                      0x00029d8c   Data          12  nrf_sdh.o(.constdata)
    sdh_stack_observers                      0x00029d98   Data          12  nrf_sdh.o(.constdata)
    .constdata                               0x00029da4   Section       16  nrf_sdh.o(.constdata)
    sdh_state_observers_array                0x00029da4   Data          16  nrf_sdh.o(.constdata)
    .constdata                               0x00029db4   Section       16  nrf_sdh.o(.constdata)
    sdh_stack_observers_array                0x00029db4   Data          16  nrf_sdh.o(.constdata)
    .constdata                               0x00029dc4   Section       32  nrf_sdh_ble.o(.constdata)
    sdh_ble_observers_array                  0x00029dc4   Data          32  nrf_sdh_ble.o(.constdata)
    .constdata                               0x00029de4   Section       16  nrf_sdh_ble.o(.constdata)
    sdh_ble_observers                        0x00029de8   Data          12  nrf_sdh_ble.o(.constdata)
    .constdata                               0x00029df4   Section       16  nrf_sdh_soc.o(.constdata)
    sdh_soc_observers_array                  0x00029df4   Data          16  nrf_sdh_soc.o(.constdata)
    .constdata                               0x00029e04   Section       12  nrf_sdh_soc.o(.constdata)
    sdh_soc_observers                        0x00029e04   Data          12  nrf_sdh_soc.o(.constdata)
    sdh_ble_observers0                       0x00029e30   Section        8  ble_conn_state.o(sdh_ble_observers0)
    __tagsym$$used                           0x00029e30   Number         0  ble_conn_state.o(sdh_ble_observers0)
    m_ble_evt_observer                       0x00029e30   Data           8  ble_conn_state.o(sdh_ble_observers0)
    sdh_ble_observers1                       0x00029e38   Section       16  main.o(sdh_ble_observers1)
    __tagsym$$used                           0x00029e38   Number         0  main.o(sdh_ble_observers1)
    m_gatt_obs                               0x00029e38   Data           8  main.o(sdh_ble_observers1)
    __tagsym$$used                           0x00029e40   Number         0  main.o(sdh_ble_observers1)
    m_advertising_ble_obs                    0x00029e40   Data           8  main.o(sdh_ble_observers1)
    sdh_ble_observers1                       0x00029e48   Section        8  bsp_btn_ble.o(sdh_ble_observers1)
    __tagsym$$used                           0x00029e48   Number         0  bsp_btn_ble.o(sdh_ble_observers1)
    m_ble_observer                           0x00029e48   Data           8  bsp_btn_ble.o(sdh_ble_observers1)
    sdh_ble_observers1                       0x00029e50   Section        8  ble_conn_params.o(sdh_ble_observers1)
    __tagsym$$used                           0x00029e50   Number         0  ble_conn_params.o(sdh_ble_observers1)
    m_ble_observer                           0x00029e50   Data           8  ble_conn_params.o(sdh_ble_observers1)
    sdh_ble_observers2                       0x00029e58   Section       16  main.o(sdh_ble_observers2)
    __tagsym$$used                           0x00029e58   Number         0  main.o(sdh_ble_observers2)
    m_nus_obs                                0x00029e58   Data           8  main.o(sdh_ble_observers2)
    __tagsym$$used                           0x00029e60   Number         0  main.o(sdh_ble_observers2)
    m_qwr_obs                                0x00029e60   Data           8  main.o(sdh_ble_observers2)
    sdh_ble_observers3                       0x00029e68   Section        8  main.o(sdh_ble_observers3)
    __tagsym$$used                           0x00029e68   Number         0  main.o(sdh_ble_observers3)
    m_ble_observer                           0x00029e68   Data           8  main.o(sdh_ble_observers3)
    sdh_soc_observers0                       0x00029e70   Section        8  nrf_drv_clock.o(sdh_soc_observers0)
    __tagsym$$used                           0x00029e70   Number         0  nrf_drv_clock.o(sdh_soc_observers0)
    m_soc_evt_observer                       0x00029e70   Data           8  nrf_drv_clock.o(sdh_soc_observers0)
    sdh_soc_observers1                       0x00029e78   Section        8  main.o(sdh_soc_observers1)
    __tagsym$$used                           0x00029e78   Number         0  main.o(sdh_soc_observers1)
    m_advertising_soc_obs                    0x00029e78   Data           8  main.o(sdh_soc_observers1)
    sdh_stack_observers0                     0x00029e80   Section        8  nrf_sdh_ble.o(sdh_stack_observers0)
    __tagsym$$used                           0x00029e80   Number         0  nrf_sdh_ble.o(sdh_stack_observers0)
    m_nrf_sdh_ble_evts_poll                  0x00029e80   Data           8  nrf_sdh_ble.o(sdh_stack_observers0)
    sdh_stack_observers0                     0x00029e88   Section        8  nrf_sdh_soc.o(sdh_stack_observers0)
    __tagsym$$used                           0x00029e88   Number         0  nrf_sdh_soc.o(sdh_stack_observers0)
    m_nrf_sdh_soc_evts_poll                  0x00029e88   Data           8  nrf_sdh_soc.o(sdh_stack_observers0)
    sdh_state_observers0                     0x00029e90   Section        8  nrf_drv_clock.o(sdh_state_observers0)
    __tagsym$$used                           0x00029e90   Number         0  nrf_drv_clock.o(sdh_state_observers0)
    m_sd_state_observer                      0x00029e90   Data           8  nrf_drv_clock.o(sdh_state_observers0)
    .data                                    0x20002a98   Section        8  main.o(.data)
    m_nus_link_ctx_storage                   0x20002a98   Data           8  main.o(.data)
    .data                                    0x20002aa0   Section       48  main.o(.data)
    i                                        0x20002aa5   Data           1  main.o(.data)
    m_conn_handle                            0x20002aaa   Data           2  main.o(.data)
    m_ble_nus_max_data_len                   0x20002aac   Data           2  main.o(.data)
    j                                        0x20002aae   Data           2  main.o(.data)
    m_adv_uuids                              0x20002ab0   Data           4  main.o(.data)
    m_nus                                    0x20002ab4   Data          28  main.o(.data)
    .data                                    0x20002ad0   Section        4  main.o(.data)
    m_nus_link_ctx_storage_ctx_data_pool     0x20002ad0   Data           4  main.o(.data)
    .data                                    0x20002ad4   Section        2  iic_dmwz.o(.data)
    .data                                    0x20002ad8   Section       10  bma.o(.data)
    .data                                    0x20002ae4   Section       16  bsp.o(.data)
    m_stable_state                           0x20002ae4   Data           1  bsp.o(.data)
    m_leds_clear                             0x20002ae5   Data           1  bsp.o(.data)
    m_alert_on                               0x20002ae6   Data           1  bsp.o(.data)
    current_long_push_pin_no                 0x20002ae7   Data           1  bsp.o(.data)
    m_indication_type                        0x20002ae8   Data           4  bsp.o(.data)
    m_registered_callback                    0x20002aec   Data           4  bsp.o(.data)
    release_event_at_push                    0x20002af0   Data           4  bsp.o(.data)
    .data                                    0x20002af4   Section        8  bsp_btn_ble.o(.data)
    m_error_handler                          0x20002af4   Data           4  bsp_btn_ble.o(.data)
    m_num_connections                        0x20002af8   Data           4  bsp_btn_ble.o(.data)
    .data                                    0x20002afc   Section        8  ble_conn_params.o(.data)
    m_preferred_conn_params                  0x20002afc   Data           8  ble_conn_params.o(.data)
    .data                                    0x20002b04   Section       20  nrf_drv_uart.o(.data)
    m_handlers                               0x20002b08   Data           8  nrf_drv_uart.o(.data)
    m_contexts                               0x20002b10   Data           8  nrf_drv_uart.o(.data)
    .data                                    0x20002b18   Section        8  nrfx_clock.o(.data)
    m_clock_cb                               0x20002b18   Data           8  nrfx_clock.o(.data)
    .data                                    0x20002b20   Section        8  nrfx_prs.o(.data)
    m_prs_box_4                              0x20002b20   Data           8  nrfx_prs.o(.data)
    .data                                    0x20002b28   Section       16  app_scheduler.o(.data)
    m_queue_start_index                      0x20002b28   Data           1  app_scheduler.o(.data)
    m_queue_end_index                        0x20002b29   Data           1  app_scheduler.o(.data)
    m_queue_event_size                       0x20002b2a   Data           2  app_scheduler.o(.data)
    m_queue_size                             0x20002b2c   Data           2  app_scheduler.o(.data)
    m_queue_event_headers                    0x20002b30   Data           4  app_scheduler.o(.data)
    m_queue_event_data                       0x20002b34   Data           4  app_scheduler.o(.data)
    .data                                    0x20002b38   Section       20  app_timer.o(.data)
    m_ticks_elapsed_q_read_ind               0x20002b38   Data           1  app_timer.o(.data)
    m_ticks_elapsed_q_write_ind              0x20002b39   Data           1  app_timer.o(.data)
    m_rtc1_running                           0x20002b3a   Data           1  app_timer.o(.data)
    m_rtc1_reset                             0x20002b3b   Data           1  app_timer.o(.data)
    mp_timer_id_head                         0x20002b3c   Data           4  app_timer.o(.data)
    m_ticks_latest                           0x20002b40   Data           4  app_timer.o(.data)
    m_ticks_elapsed                          0x20002b44   Data           8  app_timer.o(.data)
    .data                                    0x20002b4c   Section       28  app_uart_fifo.o(.data)
    tx_buffer                                0x20002b4c   Data           1  app_uart_fifo.o(.data)
    rx_buffer                                0x20002b4d   Data           1  app_uart_fifo.o(.data)
    m_rx_ovf                                 0x20002b4e   Data           1  app_uart_fifo.o(.data)
    m_event_handler                          0x20002b50   Data           4  app_uart_fifo.o(.data)
    app_uart_inst                            0x20002b54   Data          20  app_uart_fifo.o(.data)
    .data                                    0x20002b68   Section        8  nrf_pwr_mgmt.o(.data)
    m_pwr_mgmt_evt                           0x20002b68   Data           1  nrf_pwr_mgmt.o(.data)
    m_shutdown_started                       0x20002b69   Data           1  nrf_pwr_mgmt.o(.data)
    m_sysoff_mtx                             0x20002b6c   Data           4  nrf_pwr_mgmt.o(.data)
    .data                                    0x20002b70   Section        3  nrf_sdh.o(.data)
    m_nrf_sdh_enabled                        0x20002b70   Data           1  nrf_sdh.o(.data)
    m_nrf_sdh_suspended                      0x20002b71   Data           1  nrf_sdh.o(.data)
    m_nrf_sdh_continue                       0x20002b72   Data           1  nrf_sdh.o(.data)
    .data                                    0x20002b73   Section        1  nrf_sdh_ble.o(.data)
    m_stack_is_enabled                       0x20002b73   Data           1  nrf_sdh_ble.o(.data)
    .data                                    0x20002b74   Section        4  system_nrf52840.o(.data)
    __tagsym$$used                           0x20002b74   Number         0  system_nrf52840.o(.data)
    .bss                                     0x20002b78   Section       32  main.o(.bss)
    m_test_timer_id_data                     0x20002b78   Data          32  main.o(.bss)
    .bss                                     0x20002b98   Section       32  main.o(.bss)
    m_lowpower_timer_id_data                 0x20002b98   Data          32  main.o(.bss)
    .bss                                     0x20002bb8   Section     2482  main.o(.bss)
    APP_SCHED_BUF                            0x20002bb8   Data        1800  main.o(.bss)
    m_gatt                                   0x200032c0   Data          20  main.o(.bss)
    m_qwr                                    0x200032d4   Data          12  main.o(.bss)
    m_advertising                            0x200032e0   Data         600  main.o(.bss)
    .bss                                     0x2000356c   Section       28  bma.o(.bss)
    .bss                                     0x20003588   Section       32  bsp.o(.bss)
    m_bsp_leds_tmr_data                      0x20003588   Data          32  bsp.o(.bss)
    .bss                                     0x200035a8   Section       32  bsp.o(.bss)
    m_bsp_alert_tmr_data                     0x200035a8   Data          32  bsp.o(.bss)
    .bss                                     0x200035c8   Section       12  bsp.o(.bss)
    m_events_list                            0x200035c8   Data          12  bsp.o(.bss)
    .bss                                     0x200035d4   Section       32  bsp.o(.bss)
    m_bsp_button_tmr_data                    0x200035d4   Data          32  bsp.o(.bss)
    .bss                                     0x200035f4   Section       80  ble_conn_params.o(.bss)
    m_timer_data                             0x200035f4   Data          32  ble_conn_params.o(.bss)
    m_conn_params_instances                  0x20003614   Data          20  ble_conn_params.o(.bss)
    m_conn_params_config                     0x20003628   Data          28  ble_conn_params.o(.bss)
    .bss                                     0x20003644   Section      120  ble_conn_state.o(.bss)
    m_bcs                                    0x20003644   Data         120  ble_conn_state.o(.bss)
    .bss                                     0x200036bc   Section       20  nrf_drv_clock.o(.bss)
    m_clock_cb                               0x200036bc   Data          20  nrf_drv_clock.o(.bss)
    .bss                                     0x200036d0   Section      108  nrfx_gpiote.o(.bss)
    m_cb                                     0x200036d0   Data         108  nrfx_gpiote.o(.bss)
    .bss                                     0x2000373c   Section       44  nrfx_uart.o(.bss)
    m_cb                                     0x2000373c   Data          44  nrfx_uart.o(.bss)
    .bss                                     0x20003768   Section       36  nrfx_uarte.o(.bss)
    m_cb                                     0x20003768   Data          36  nrfx_uarte.o(.bss)
    .bss                                     0x2000378c   Section      268  app_timer.o(.bss)
    m_op_queue                               0x2000378c   Data         268  app_timer.o(.bss)
    .bss                                     0x20003898   Section       32  app_uart_fifo.o(.bss)
    m_rx_fifo                                0x20003898   Data          16  app_uart_fifo.o(.bss)
    m_tx_fifo                                0x200038a8   Data          16  app_uart_fifo.o(.bss)
    .bss                                     0x200038b8   Section       12  app_util_platform.o(.bss)
    .bss                                     0x200038c4   Section       12  nrf_pwr_mgmt.o(.bss)
    m_handlers_iter                          0x200038c4   Data          12  nrf_pwr_mgmt.o(.bss)
    STACK                                    0x200038d0   Section     8192  arm_startup_nrf52840.o(STACK)

    Global Symbols

    Symbol Name                              Value     Ov Type        Size  Object(Section)

    BuildAttributes$$THM_ISAv4$E$P$D$K$B$S$7EM$VFPi3$EXTD16$VFPS$VFMA$PE$A:L22UL41UL21$X:L11$S22US41US21$IEEE1$IW$USESV6$~STKCKD$USESV7$~SHL$OSPACE$EBA8$MICROLIB$REQ8$EABIv2 0x00000000   Number         0  anon$$obj.o ABSOLUTE
    __ARM_use_no_argv                        0x00000000   Number         0  main.o ABSOLUTE
    __cpp_initialize__aeabi_                  - Undefined Weak Reference
    __cxa_finalize                            - Undefined Weak Reference
    __decompress                              - Undefined Weak Reference
    _clock_init                               - Undefined Weak Reference
    _microlib_exit                            - Undefined Weak Reference
    pwr_mgmt_data0$$Base                      - Undefined Reference
    pwr_mgmt_data0$$Limit                     - Undefined Reference
    pwr_mgmt_data1$$Base                      - Undefined Reference
    pwr_mgmt_data1$$Limit                     - Undefined Reference
    pwr_mgmt_data2$$Base                      - Undefined Reference
    pwr_mgmt_data2$$Limit                     - Undefined Reference
    sdh_req_observers0$$Base                  - Undefined Reference
    sdh_req_observers0$$Limit                 - Undefined Reference
    sdh_req_observers1$$Base                  - Undefined Reference
    sdh_req_observers1$$Limit                 - Undefined Reference
    sdh_stack_observers1$$Base                - Undefined Reference
    sdh_stack_observers1$$Limit               - Undefined Reference
    sdh_state_observers1$$Base                - Undefined Reference
    sdh_state_observers1$$Limit               - Undefined Reference
    __Vectors_Size                           0x00000200   Number         0  arm_startup_nrf52840.o ABSOLUTE
    __Vectors                                0x00026000   Data           4  arm_startup_nrf52840.o(RESET)
    __Vectors_End                            0x00026200   Data           0  arm_startup_nrf52840.o(RESET)
    __main                                   0x00026201   Thumb Code     0  entry.o(.ARM.Collect$$$$00000000)
    _main_stk                                0x00026201   Thumb Code     0  entry2.o(.ARM.Collect$$$$00000001)
    _main_scatterload                        0x00026205   Thumb Code     0  entry5.o(.ARM.Collect$$$$00000004)
    __main_after_scatterload                 0x00026209   Thumb Code     0  entry5.o(.ARM.Collect$$$$00000004)
    _main_clock                              0x00026209   Thumb Code     0  entry7b.o(.ARM.Collect$$$$00000008)
    _main_cpp_init                           0x00026209   Thumb Code     0  entry8b.o(.ARM.Collect$$$$0000000A)
    _main_init                               0x00026209   Thumb Code     0  entry9a.o(.ARM.Collect$$$$0000000B)
    __rt_final_cpp                           0x00026211   Thumb Code     0  entry10a.o(.ARM.Collect$$$$0000000D)
    __rt_final_exit                          0x00026211   Thumb Code     0  entry11a.o(.ARM.Collect$$$$0000000F)
    __asm___12_nrf_atomic_c_85ca2469__nrf_atomic_internal_mov 0x00026215   Thumb Code    24  nrf_atomic.o(.emb_text)
    __asm___12_nrf_atomic_c_85ca2469__nrf_atomic_internal_orr 0x0002622d   Thumb Code    26  nrf_atomic.o(.emb_text)
    __asm___12_nrf_atomic_c_85ca2469__nrf_atomic_internal_and 0x00026247   Thumb Code    26  nrf_atomic.o(.emb_text)
    __asm___12_nrf_atomic_c_85ca2469__nrf_atomic_internal_eor 0x00026261   Thumb Code    26  nrf_atomic.o(.emb_text)
    __asm___12_nrf_atomic_c_85ca2469__nrf_atomic_internal_add 0x0002627b   Thumb Code    26  nrf_atomic.o(.emb_text)
    __asm___12_nrf_atomic_c_85ca2469__nrf_atomic_internal_sub 0x00026295   Thumb Code    26  nrf_atomic.o(.emb_text)
    __asm___12_nrf_atomic_c_85ca2469__nrf_atomic_internal_cmp_exch 0x000262af   Thumb Code    42  nrf_atomic.o(.emb_text)
    __asm___12_nrf_atomic_c_85ca2469__nrf_atomic_internal_sub_hs 0x000262d9   Thumb Code    30  nrf_atomic.o(.emb_text)
    Reset_Handler                            0x000262f9   Thumb Code     8  arm_startup_nrf52840.o(.text)
    NMI_Handler                              0x00026301   Thumb Code     2  arm_startup_nrf52840.o(.text)
    HardFault_Handler                        0x00026303   Thumb Code     2  arm_startup_nrf52840.o(.text)
    MemoryManagement_Handler                 0x00026305   Thumb Code     2  arm_startup_nrf52840.o(.text)
    BusFault_Handler                         0x00026307   Thumb Code     2  arm_startup_nrf52840.o(.text)
    UsageFault_Handler                       0x00026309   Thumb Code     2  arm_startup_nrf52840.o(.text)
    SVC_Handler                              0x0002630b   Thumb Code     2  arm_startup_nrf52840.o(.text)
    DebugMon_Handler                         0x0002630d   Thumb Code     2  arm_startup_nrf52840.o(.text)
    PendSV_Handler                           0x0002630f   Thumb Code     2  arm_startup_nrf52840.o(.text)
    SysTick_Handler                          0x00026311   Thumb Code     2  arm_startup_nrf52840.o(.text)
    CCM_AAR_IRQHandler                       0x00026313   Thumb Code     0  arm_startup_nrf52840.o(.text)
    COMP_LPCOMP_IRQHandler                   0x00026313   Thumb Code     0  arm_startup_nrf52840.o(.text)
    CRYPTOCELL_IRQHandler                    0x00026313   Thumb Code     0  arm_startup_nrf52840.o(.text)
    ECB_IRQHandler                           0x00026313   Thumb Code     0  arm_startup_nrf52840.o(.text)
    FPU_IRQHandler                           0x00026313   Thumb Code     0  arm_startup_nrf52840.o(.text)
    I2S_IRQHandler                           0x00026313   Thumb Code     0  arm_startup_nrf52840.o(.text)
    MWU_IRQHandler                           0x00026313   Thumb Code     0  arm_startup_nrf52840.o(.text)
    NFCT_IRQHandler                          0x00026313   Thumb Code     0  arm_startup_nrf52840.o(.text)
    PDM_IRQHandler                           0x00026313   Thumb Code     0  arm_startup_nrf52840.o(.text)
    PWM0_IRQHandler                          0x00026313   Thumb Code     0  arm_startup_nrf52840.o(.text)
    PWM1_IRQHandler                          0x00026313   Thumb Code     0  arm_startup_nrf52840.o(.text)
    PWM2_IRQHandler                          0x00026313   Thumb Code     0  arm_startup_nrf52840.o(.text)
    PWM3_IRQHandler                          0x00026313   Thumb Code     0  arm_startup_nrf52840.o(.text)
    QDEC_IRQHandler                          0x00026313   Thumb Code     0  arm_startup_nrf52840.o(.text)
    QSPI_IRQHandler                          0x00026313   Thumb Code     0  arm_startup_nrf52840.o(.text)
    RADIO_IRQHandler                         0x00026313   Thumb Code     0  arm_startup_nrf52840.o(.text)
    RNG_IRQHandler                           0x00026313   Thumb Code     0  arm_startup_nrf52840.o(.text)
    RTC0_IRQHandler                          0x00026313   Thumb Code     0  arm_startup_nrf52840.o(.text)
    RTC2_IRQHandler                          0x00026313   Thumb Code     0  arm_startup_nrf52840.o(.text)
    SAADC_IRQHandler                         0x00026313   Thumb Code     0  arm_startup_nrf52840.o(.text)
    SPIM0_SPIS0_TWIM0_TWIS0_SPI0_TWI0_IRQHandler 0x00026313   Thumb Code     0  arm_startup_nrf52840.o(.text)
    SPIM1_SPIS1_TWIM1_TWIS1_SPI1_TWI1_IRQHandler 0x00026313   Thumb Code     0  arm_startup_nrf52840.o(.text)
    SPIM2_SPIS2_SPI2_IRQHandler              0x00026313   Thumb Code     0  arm_startup_nrf52840.o(.text)
    SPIM3_IRQHandler                         0x00026313   Thumb Code     0  arm_startup_nrf52840.o(.text)
    SWI1_EGU1_IRQHandler                     0x00026313   Thumb Code     0  arm_startup_nrf52840.o(.text)
    SWI3_EGU3_IRQHandler                     0x00026313   Thumb Code     0  arm_startup_nrf52840.o(.text)
    SWI4_EGU4_IRQHandler                     0x00026313   Thumb Code     0  arm_startup_nrf52840.o(.text)
    SWI5_EGU5_IRQHandler                     0x00026313   Thumb Code     0  arm_startup_nrf52840.o(.text)
    TEMP_IRQHandler                          0x00026313   Thumb Code     0  arm_startup_nrf52840.o(.text)
    TIMER0_IRQHandler                        0x00026313   Thumb Code     0  arm_startup_nrf52840.o(.text)
    TIMER1_IRQHandler                        0x00026313   Thumb Code     0  arm_startup_nrf52840.o(.text)
    TIMER2_IRQHandler                        0x00026313   Thumb Code     0  arm_startup_nrf52840.o(.text)
    TIMER3_IRQHandler                        0x00026313   Thumb Code     0  arm_startup_nrf52840.o(.text)
    TIMER4_IRQHandler                        0x00026313   Thumb Code     0  arm_startup_nrf52840.o(.text)
    UARTE1_IRQHandler                        0x00026313   Thumb Code     0  arm_startup_nrf52840.o(.text)
    USBD_IRQHandler                          0x00026313   Thumb Code     0  arm_startup_nrf52840.o(.text)
    WDT_IRQHandler                           0x00026313   Thumb Code     0  arm_startup_nrf52840.o(.text)
    __aeabi_uldivmod                         0x0002631d   Thumb Code    98  uldiv.o(.text)
    __aeabi_llsl                             0x0002637f   Thumb Code    30  llshl.o(.text)
    _ll_shift_l                              0x0002637f   Thumb Code     0  llshl.o(.text)
    __aeabi_memcpy                           0x0002639d   Thumb Code    36  memcpya.o(.text)
    __aeabi_memcpy4                          0x0002639d   Thumb Code     0  memcpya.o(.text)
    __aeabi_memcpy8                          0x0002639d   Thumb Code     0  memcpya.o(.text)
    __aeabi_memset                           0x000263c1   Thumb Code    14  memseta.o(.text)
    __aeabi_memset4                          0x000263c1   Thumb Code     0  memseta.o(.text)
    __aeabi_memset8                          0x000263c1   Thumb Code     0  memseta.o(.text)
    __aeabi_memclr                           0x000263cf   Thumb Code     4  memseta.o(.text)
    __aeabi_memclr4                          0x000263cf   Thumb Code     0  memseta.o(.text)
    __aeabi_memclr8                          0x000263cf   Thumb Code     0  memseta.o(.text)
    _memset$wrapper                          0x000263d3   Thumb Code    18  memseta.o(.text)
    __aeabi_llsr                             0x000263e5   Thumb Code    32  llushr.o(.text)
    _ll_ushift_r                             0x000263e5   Thumb Code     0  llushr.o(.text)
    __scatterload                            0x00026405   Thumb Code    28  init.o(.text)
    __scatterload_rt2                        0x00026405   Thumb Code     0  init.o(.text)
    BMA250E_ReadReg                          0x00026429   Thumb Code    36  bma.o(i.BMA250E_ReadReg)
    BMA250E_WriteReg                         0x0002644d   Thumb Code    38  bma.o(i.BMA250E_WriteReg)
    BMA250_interrupt_status                  0x00026473   Thumb Code    22  bma.o(i.BMA250_interrupt_status)
    BMA253_Timer_Handler                     0x00026489   Thumb Code    26  bma.o(i.BMA253_Timer_Handler)
    Bluetooth_ReciveANDSend                  0x000264a9   Thumb Code    30  main.o(i.Bluetooth_ReciveANDSend)
    GPIOTE_IRQHandler                        0x000264d1   Thumb Code   428  nrfx_gpiote.o(i.GPIOTE_IRQHandler)
    POWER_CLOCK_IRQHandler                   0x000266e9   Thumb Code   154  nrfx_clock.o(i.POWER_CLOCK_IRQHandler)
    RTC1_IRQHandler                          0x0002678d   Thumb Code    32  app_timer.o(i.RTC1_IRQHandler)
    SCL_                                     0x000267b1   Thumb Code    76  iic_dmwz.o(i.SCL_)
    SWI0_EGU0_IRQHandler                     0x000267fd   Thumb Code     4  app_timer.o(i.SWI0_EGU0_IRQHandler)
    SWI2_EGU2_IRQHandler                     0x00026801   Thumb Code     4  nrf_sdh.o(i.SWI2_EGU2_IRQHandler)
    SystemInit                               0x00026805   Thumb Code   416  system_nrf52840.o(i.SystemInit)
    UARTE0_UART0_IRQHandler                  0x000269e1   Thumb Code     6  nrfx_prs.o(i.UARTE0_UART0_IRQHandler)
    __scatterload_copy                       0x000269ed   Thumb Code    14  handlers.o(i.__scatterload_copy)
    __scatterload_null                       0x000269fb   Thumb Code     2  handlers.o(i.__scatterload_null)
    __scatterload_zeroinit                   0x000269fd   Thumb Code    14  handlers.o(i.__scatterload_zeroinit)
    app_error_fault_handler                  0x00026a85   Thumb Code    40  app_error_weak.o(i.app_error_fault_handler)
    app_error_handler_bare                   0x00026ab5   Thumb Code    22  app_error.o(i.app_error_handler_bare)
    app_fifo_get                             0x00026acb   Thumb Code    22  app_fifo.o(i.app_fifo_get)
    app_fifo_put                             0x00026ae1   Thumb Code    26  app_fifo.o(i.app_fifo_put)
    app_sched_event_put                      0x00026afd   Thumb Code   154  app_scheduler.o(i.app_sched_event_put)
    app_sched_execute                        0x00026b9d   Thumb Code    58  app_scheduler.o(i.app_sched_execute)
    app_sched_init                           0x00026bdd   Thumb Code    40  app_scheduler.o(i.app_sched_init)
    app_timer_create                         0x00026c09   Thumb Code    32  app_timer.o(i.app_timer_create)
    app_timer_init                           0x00026c2d   Thumb Code    70  app_timer.o(i.app_timer_init)
    app_timer_start                          0x00026c81   Thumb Code   128  app_timer.o(i.app_timer_start)
    app_timer_stop                           0x00026d09   Thumb Code    26  app_timer.o(i.app_timer_stop)
    app_uart_put                             0x00026d29   Thumb Code    70  app_uart_fifo.o(i.app_uart_put)
    app_util_critical_region_enter           0x00026d7d   Thumb Code    64  app_util_platform.o(i.app_util_critical_region_enter)
    app_util_critical_region_exit            0x00026dc5   Thumb Code    46  app_util_platform.o(i.app_util_critical_region_exit)
    blcm_link_ctx_get                        0x00026df9   Thumb Code    72  ble_link_ctx_manager.o(i.blcm_link_ctx_get)
    ble_advdata_encode                       0x00026e41   Thumb Code   386  ble_advdata.o(i.ble_advdata_encode)
    ble_advdata_parse                        0x00026fc3   Thumb Code    32  ble_advdata.o(i.ble_advdata_parse)
    ble_advdata_search                       0x00026fe3   Thumb Code    56  ble_advdata.o(i.ble_advdata_search)
    ble_advertising_conn_cfg_tag_set         0x0002701b   Thumb Code     6  ble_advertising.o(i.ble_advertising_conn_cfg_tag_set)
    ble_advertising_init                     0x00027021   Thumb Code   254  ble_advertising.o(i.ble_advertising_init)
    ble_advertising_on_ble_evt               0x0002711f   Thumb Code   106  ble_advertising.o(i.ble_advertising_on_ble_evt)
    ble_advertising_on_sys_evt               0x00027189   Thumb Code     2  ble_advertising.o(i.ble_advertising_on_sys_evt)
    ble_advertising_start                    0x0002718b   Thumb Code   556  ble_advertising.o(i.ble_advertising_start)
    ble_conn_params_init                     0x000273b9   Thumb Code    90  ble_conn_params.o(i.ble_conn_params_init)
    ble_conn_state_conn_idx                  0x00027421   Thumb Code    18  ble_conn_state.o(i.ble_conn_state_conn_idx)
    ble_conn_state_valid                     0x00027435   Thumb Code    16  ble_conn_state.o(i.ble_conn_state_valid)
    ble_nus_data_send                        0x000277dd   Thumb Code   102  ble_nus.o(i.ble_nus_data_send)
    ble_nus_init                             0x00027845   Thumb Code   206  ble_nus.o(i.ble_nus_init)
    ble_nus_on_ble_evt                       0x00027919   Thumb Code   112  ble_nus.o(i.ble_nus_on_ble_evt)
    ble_srv_is_notification_enabled          0x00027989   Thumb Code     8  ble_srv_common.o(i.ble_srv_is_notification_enabled)
    bma250_soft_reset                        0x00027991   Thumb Code     8  bma.o(i.bma250_soft_reset)
    bma255_set_range                         0x00027999   Thumb Code   130  bma.o(i.bma255_set_range)
    bma_init                                 0x00027a21   Thumb Code    70  bma.o(i.bma_init)
    bma_lowpower                             0x00027a75   Thumb Code    26  bma.o(i.bma_lowpower)
    bsp_board_button_idx_to_pin              0x00027a95   Thumb Code     6  boards.o(i.bsp_board_button_idx_to_pin)
    bsp_board_led_invert                     0x00027aa1   Thumb Code    40  boards.o(i.bsp_board_led_invert)
    bsp_board_led_off                        0x00027acd   Thumb Code    10  boards.o(i.bsp_board_led_off)
    bsp_board_led_on                         0x00027add   Thumb Code    10  boards.o(i.bsp_board_led_on)
    bsp_board_led_state_get                  0x00027aed   Thumb Code    36  boards.o(i.bsp_board_led_state_get)
    bsp_board_leds_off                       0x00027b15   Thumb Code    18  boards.o(i.bsp_board_leds_off)
    bsp_board_leds_on                        0x00027b27   Thumb Code    18  boards.o(i.bsp_board_leds_on)
    bsp_board_pin_to_button_idx              0x00027b39   Thumb Code    30  boards.o(i.bsp_board_pin_to_button_idx)
    bsp_btn_ble_sleep_mode_prepare           0x00027b5d   Thumb Code    30  bsp_btn_ble.o(i.bsp_btn_ble_sleep_mode_prepare)
    bsp_event_to_button_action_assign        0x00027c0d   Thumb Code    64  bsp.o(i.bsp_event_to_button_action_assign)
    bsp_indication_set                       0x00027c51   Thumb Code    20  bsp.o(i.bsp_indication_set)
    bsp_wakeup_button_enable                 0x00027e31   Thumb Code     6  bsp.o(i.bsp_wakeup_button_enable)
    characteristic_add                       0x00027e49   Thumb Code   400  ble_srv_common.o(i.characteristic_add)
    conn_handle_list_get                     0x000280c9   Thumb Code    62  ble_conn_state.o(i.conn_handle_list_get)
    gatt_evt_handler                         0x0002828d   Thumb Code    28  main.o(i.gatt_evt_handler)
    gatt_init                                0x000282ad   Thumb Code    38  main.o(i.gatt_init)
    i2c_read                                 0x000282dd   Thumb Code    98  iic_dmwz.o(i.i2c_read)
    i2c_read_byte                            0x00028345   Thumb Code    88  iic_dmwz.o(i.i2c_read_byte)
    i2c_receive_ack                          0x0002839d   Thumb Code    50  iic_dmwz.o(i.i2c_receive_ack)
    i2c_send_ack                             0x000283cf   Thumb Code    60  iic_dmwz.o(i.i2c_send_ack)
    i2c_send_byte                            0x0002840d   Thumb Code    88  iic_dmwz.o(i.i2c_send_byte)
    i2c_start                                0x00028469   Thumb Code    60  iic_dmwz.o(i.i2c_start)
    i2c_stop                                 0x000284a5   Thumb Code    48  iic_dmwz.o(i.i2c_stop)
    i2c_write                                0x000284d5   Thumb Code    70  iic_dmwz.o(i.i2c_write)
    lowpower_timeout_handler                 0x000286b9   Thumb Code   122  main.o(i.lowpower_timeout_handler)
    main                                     0x00028741   Thumb Code   422  main.o(i.main)
    nrf_atflags_clear                        0x00028a2f   Thumb Code    22  nrf_atflags.o(i.nrf_atflags_clear)
    nrf_atflags_get                          0x00028a45   Thumb Code    22  nrf_atflags.o(i.nrf_atflags_get)
    nrf_atflags_set                          0x00028a5b   Thumb Code    20  nrf_atflags.o(i.nrf_atflags_set)
    nrf_atomic_u32_and                       0x00028a6f   Thumb Code    12  nrf_atomic.o(i.nrf_atomic_u32_and)
    nrf_atomic_u32_or                        0x00028a7b   Thumb Code    12  nrf_atomic.o(i.nrf_atomic_u32_or)
    nrf_ble_gatt_att_mtu_periph_set          0x00028aab   Thumb Code    24  nrf_ble_gatt.o(i.nrf_ble_gatt_att_mtu_periph_set)
    nrf_ble_gatt_init                        0x00028ac3   Thumb Code    34  nrf_ble_gatt.o(i.nrf_ble_gatt_init)
    nrf_ble_gatt_on_ble_evt                  0x00028ae5   Thumb Code   366  nrf_ble_gatt.o(i.nrf_ble_gatt_on_ble_evt)
    nrf_ble_qwr_conn_handle_assign           0x00028c59   Thumb Code    22  nrf_ble_qwr.o(i.nrf_ble_qwr_conn_handle_assign)
    nrf_ble_qwr_init                         0x00028c6f   Thumb Code    36  nrf_ble_qwr.o(i.nrf_ble_qwr_init)
    nrf_ble_qwr_on_ble_evt                   0x00028c93   Thumb Code   182  nrf_ble_qwr.o(i.nrf_ble_qwr_on_ble_evt)
    nrf_drv_clock_init                       0x00028d69   Thumb Code    48  nrf_drv_clock.o(i.nrf_drv_clock_init)
    nrf_drv_clock_lfclk_release              0x00028da1   Thumb Code    42  nrf_drv_clock.o(i.nrf_drv_clock_lfclk_release)
    nrf_pwr_mgmt_init                        0x00028f81   Thumb Code    28  nrf_pwr_mgmt.o(i.nrf_pwr_mgmt_init)
    nrf_pwr_mgmt_run                         0x00028fa9   Thumb Code    64  nrf_pwr_mgmt.o(i.nrf_pwr_mgmt_run)
    nrf_sdh_ble_app_ram_start_get            0x00028ff1   Thumb Code    16  nrf_sdh_ble.o(i.nrf_sdh_ble_app_ram_start_get)
    nrf_sdh_ble_default_cfg_set              0x00029005   Thumb Code   156  nrf_sdh_ble.o(i.nrf_sdh_ble_default_cfg_set)
    nrf_sdh_ble_enable                       0x000290a1   Thumb Code    14  nrf_sdh_ble.o(i.nrf_sdh_ble_enable)
    nrf_sdh_enable_request                   0x00029115   Thumb Code   102  nrf_sdh.o(i.nrf_sdh_enable_request)
    nrf_sdh_evts_poll                        0x00029189   Thumb Code    32  nrf_sdh.o(i.nrf_sdh_evts_poll)
    nrf_sdh_is_enabled                       0x000291ad   Thumb Code     6  nrf_sdh.o(i.nrf_sdh_is_enabled)
    nrf_section_iter_init                    0x000291f5   Thumb Code    10  nrf_section_iter.o(i.nrf_section_iter_init)
    nrf_section_iter_next                    0x00029223   Thumb Code    32  nrf_section_iter.o(i.nrf_section_iter_next)
    nrfx_clock_enable                        0x00029271   Thumb Code    34  nrfx_clock.o(i.nrfx_clock_enable)
    nrfx_clock_init                          0x0002929d   Thumb Code    28  nrfx_clock.o(i.nrfx_clock_init)
    nrfx_clock_lfclk_stop                    0x000292bd   Thumb Code    20  nrfx_clock.o(i.nrfx_clock_lfclk_stop)
    nrfx_uart_tx                             0x00029309   Thumb Code   160  nrfx_uart.o(i.nrfx_uart_tx)
    nrfx_uart_tx_in_progress                 0x000293ad   Thumb Code    26  nrfx_uart.o(i.nrfx_uart_tx_in_progress)
    nrfx_uarte_tx                            0x000293cd   Thumb Code   138  nrfx_uarte.o(i.nrfx_uarte_tx)
    nrfx_uarte_tx_in_progress                0x0002945d   Thumb Code    22  nrfx_uarte.o(i.nrfx_uarte_tx_in_progress)
    test_timeout_handler                     0x00029851   Thumb Code   112  main.o(i.test_timeout_handler)
    m_ram_start                              0x00029de4   Data           4  nrf_sdh_ble.o(.constdata)
    Region$$Table$$Base                      0x00029e10   Number         0  anon$$obj.o(Region$$Table)
    Region$$Table$$Limit                     0x00029e30   Number         0  anon$$obj.o(Region$$Table)
    sdh_ble_observers0$$Base                 0x00029e30   Number         0  ble_conn_state.o(sdh_ble_observers0)
    sdh_ble_observers0$$Limit                0x00029e38   Number         0  ble_conn_state.o(sdh_ble_observers0)
    sdh_ble_observers1$$Base                 0x00029e38   Number         0  main.o(sdh_ble_observers1)
    sdh_ble_observers1$$Limit                0x00029e58   Number         0  ble_conn_params.o(sdh_ble_observers1)
    sdh_ble_observers2$$Base                 0x00029e58   Number         0  main.o(sdh_ble_observers2)
    sdh_ble_observers2$$Limit                0x00029e68   Number         0  main.o(sdh_ble_observers2)
    sdh_ble_observers3$$Base                 0x00029e68   Number         0  main.o(sdh_ble_observers3)
    sdh_ble_observers3$$Limit                0x00029e70   Number         0  main.o(sdh_ble_observers3)
    sdh_soc_observers0$$Base                 0x00029e70   Number         0  nrf_drv_clock.o(sdh_soc_observers0)
    sdh_soc_observers0$$Limit                0x00029e78   Number         0  nrf_drv_clock.o(sdh_soc_observers0)
    sdh_soc_observers1$$Base                 0x00029e78   Number         0  main.o(sdh_soc_observers1)
    sdh_soc_observers1$$Limit                0x00029e80   Number         0  main.o(sdh_soc_observers1)
    sdh_stack_observers0$$Base               0x00029e80   Number         0  nrf_sdh_ble.o(sdh_stack_observers0)
    sdh_stack_observers0$$Limit              0x00029e90   Number         0  nrf_sdh_soc.o(sdh_stack_observers0)
    sdh_state_observers0$$Base               0x00029e90   Number         0  nrf_drv_clock.o(sdh_state_observers0)
    sdh_state_observers0$$Limit              0x00029e98   Number         0  nrf_drv_clock.o(sdh_state_observers0)
    Image$$RW_IRAM1$$Base                    0x20002a98   Number         0  anon$$obj.o ABSOLUTE
    length                                   0x20002aa0   Data           1  main.o(.data)
    connect_flag                             0x20002aa1   Data           1  main.o(.data)
    Adv_flag                                 0x20002aa2   Data           1  main.o(.data)
    bma250Lwp_flag                           0x20002aa3   Data           1  main.o(.data)
    con_stop_flag                            0x20002aa4   Data           1  main.o(.data)
    lowpower_timer_i                         0x20002aa6   Data           2  main.o(.data)
    num                                      0x20002aa8   Data           2  main.o(.data)
    rc_n                                     0x20002ad4   Data           1  iic_dmwz.o(.data)
    send_byte                                0x20002ad5   Data           1  iic_dmwz.o(.data)
    p_bma255                                 0x20002ad8   Data           4  bma.o(.data)
    V_BMA255FIFOData_U8R                     0x20002adc   Data           6  bma.o(.data)
    nrf_drv_uart_use_easy_dma                0x20002b04   Data           2  nrf_drv_uart.o(.data)
    SystemCoreClock                          0x20002b74   Data           4  system_nrf52840.o(.data)
    uartbuf                                  0x20003538   Data          50  main.o(.bss)
    bma255                                   0x2000356c   Data          28  bma.o(.bss)
    nrf_nvic_state                           0x200038b8   Data          12  app_util_platform.o(.bss)
    __initial_sp                             0x200058d0   Data           0  arm_startup_nrf52840.o(STACK)



==============================================================================

Memory Map of the image

  Image Entry point : 0x00026201

  Load Region LR_IROM1 (Base: 0x00026000, Size: 0x00003f78, Max: 0x000da000, ABSOLUTE)

    Execution Region ER_IROM1 (Base: 0x00026000, Size: 0x00003e98, Max: 0x000da000, ABSOLUTE)

    Base Addr    Size         Type   Attr      Idx    E Section Name        Object

    0x00026000   0x00000200   Data   RO         5036    RESET               arm_startup_nrf52840.o
    0x00026200   0x00000000   Code   RO         5077  * .ARM.Collect$$$$00000000  mc_w.l(entry.o)
    0x00026200   0x00000004   Code   RO         5096    .ARM.Collect$$$$00000001  mc_w.l(entry2.o)
    0x00026204   0x00000004   Code   RO         5099    .ARM.Collect$$$$00000004  mc_w.l(entry5.o)
    0x00026208   0x00000000   Code   RO         5101    .ARM.Collect$$$$00000008  mc_w.l(entry7b.o)
    0x00026208   0x00000000   Code   RO         5103    .ARM.Collect$$$$0000000A  mc_w.l(entry8b.o)
    0x00026208   0x00000008   Code   RO         5104    .ARM.Collect$$$$0000000B  mc_w.l(entry9a.o)
    0x00026210   0x00000000   Code   RO         5106    .ARM.Collect$$$$0000000D  mc_w.l(entry10a.o)
    0x00026210   0x00000000   Code   RO         5108    .ARM.Collect$$$$0000000F  mc_w.l(entry11a.o)
    0x00026210   0x00000004   Code   RO         5097    .ARM.Collect$$$$00002712  mc_w.l(entry2.o)
    0x00026214   0x000000e2   Code   RO         3903    .emb_text           nrf_atomic.o
    0x000262f6   0x00000002   PAD
    0x000262f8   0x00000024   Code   RO         5037    .text               arm_startup_nrf52840.o
    0x0002631c   0x00000062   Code   RO         5080    .text               mc_w.l(uldiv.o)
    0x0002637e   0x0000001e   Code   RO         5082    .text               mc_w.l(llshl.o)
    0x0002639c   0x00000024   Code   RO         5084    .text               mc_w.l(memcpya.o)
    0x000263c0   0x00000024   Code   RO         5086    .text               mc_w.l(memseta.o)
    0x000263e4   0x00000020   Code   RO         5110    .text               mc_w.l(llushr.o)
    0x00026404   0x00000024   Code   RO         5112    .text               mc_w.l(init.o)
    0x00026428   0x00000024   Code   RO          588    i.BMA250E_ReadReg   bma.o
    0x0002644c   0x00000026   Code   RO          590    i.BMA250E_WriteReg  bma.o
    0x00026472   0x00000016   Code   RO          592    i.BMA250_interrupt_status  bma.o
    0x00026488   0x00000020   Code   RO          593    i.BMA253_Timer_Handler  bma.o
    0x000264a8   0x00000028   Code   RO            4    i.Bluetooth_ReciveANDSend  main.o
    0x000264d0   0x000001b4   Code   RO         2408    i.GPIOTE_IRQHandler  nrfx_gpiote.o
    0x00026684   0x00000016   Code   RO         3398    i.NVIC_ClearPendingIRQ  app_timer.o
    0x0002669a   0x00000016   Code   RO         3399    i.NVIC_EnableIRQ    app_timer.o
    0x000266b0   0x00000016   Code   RO         3400    i.NVIC_SetPendingIRQ  app_timer.o
    0x000266c6   0x00000020   Code   RO         3401    i.NVIC_SetPriority  app_timer.o
    0x000266e6   0x00000002   PAD
    0x000266e8   0x000000a4   Code   RO         2268    i.POWER_CLOCK_IRQHandler  nrfx_clock.o
    0x0002678c   0x00000024   Code   RO         3402    i.RTC1_IRQHandler   app_timer.o
    0x000267b0   0x0000004c   Code   RO          450    i.SCL_              iic_dmwz.o
    0x000267fc   0x00000004   Code   RO         3403    i.SWI0_EGU0_IRQHandler  app_timer.o
    0x00026800   0x00000004   Code   RO         4836    i.SWI2_EGU2_IRQHandler  nrf_sdh.o
    0x00026804   0x000001dc   Code   RO         5045    i.SystemInit        system_nrf52840.o
    0x000269e0   0x0000000c   Code   RO         2694    i.UARTE0_UART0_IRQHandler  nrfx_prs.o
    0x000269ec   0x0000000e   Code   RO         5116    i.__scatterload_copy  mc_w.l(handlers.o)
    0x000269fa   0x00000002   Code   RO         5117    i.__scatterload_null  mc_w.l(handlers.o)
    0x000269fc   0x0000000e   Code   RO         5118    i.__scatterload_zeroinit  mc_w.l(handlers.o)
    0x00026a0a   0x00000002   PAD
    0x00026a0c   0x00000024   Code   RO         4837    i.__sd_nvic_app_accessible_irq  nrf_sdh.o
    0x00026a30   0x00000036   Code   RO         1021    i.advertising_buttons_configure  bsp_btn_ble.o
    0x00026a66   0x00000002   PAD
    0x00026a68   0x0000001c   Code   RO            7    i.advertising_start  main.o
    0x00026a84   0x00000030   Code   RO         3227    i.app_error_fault_handler  app_error_weak.o
    0x00026ab4   0x00000016   Code   RO         3167    i.app_error_handler_bare  app_error.o
    0x00026aca   0x00000016   Code   RO         3275    i.app_fifo_get      app_fifo.o
    0x00026ae0   0x0000001a   Code   RO         3278    i.app_fifo_put      app_fifo.o
    0x00026afa   0x00000002   PAD
    0x00026afc   0x000000a0   Code   RO         3347    i.app_sched_event_put  app_scheduler.o
    0x00026b9c   0x00000040   Code   RO         3348    i.app_sched_execute  app_scheduler.o
    0x00026bdc   0x0000002c   Code   RO         3349    i.app_sched_init    app_scheduler.o
    0x00026c08   0x00000024   Code   RO         3406    i.app_timer_create  app_timer.o
    0x00026c2c   0x00000054   Code   RO         3407    i.app_timer_init    app_timer.o
    0x00026c80   0x00000088   Code   RO         3410    i.app_timer_start   app_timer.o
    0x00026d08   0x00000020   Code   RO         3411    i.app_timer_stop    app_timer.o
    0x00026d28   0x00000054   Code   RO         3569    i.app_uart_put      app_uart_fifo.o
    0x00026d7c   0x00000048   Code   RO         3651    i.app_util_critical_region_enter  app_util_platform.o
    0x00026dc4   0x00000034   Code   RO         3652    i.app_util_critical_region_exit  app_util_platform.o
    0x00026df8   0x00000048   Code   RO         1651    i.blcm_link_ctx_get  ble_link_ctx_manager.o
    0x00026e40   0x00000182   Code   RO         1178    i.ble_advdata_encode  ble_advdata.o
    0x00026fc2   0x00000020   Code   RO         1180    i.ble_advdata_parse  ble_advdata.o
    0x00026fe2   0x00000038   Code   RO         1181    i.ble_advdata_search  ble_advdata.o
    0x0002701a   0x00000006   Code   RO         1288    i.ble_advertising_conn_cfg_tag_set  ble_advertising.o
    0x00027020   0x000000fe   Code   RO         1289    i.ble_advertising_init  ble_advertising.o
    0x0002711e   0x0000006a   Code   RO         1291    i.ble_advertising_on_ble_evt  ble_advertising.o
    0x00027188   0x00000002   Code   RO         1292    i.ble_advertising_on_sys_evt  ble_advertising.o
    0x0002718a   0x0000022c   Code   RO         1295    i.ble_advertising_start  ble_advertising.o
    0x000273b6   0x00000002   PAD
    0x000273b8   0x00000068   Code   RO         1407    i.ble_conn_params_init  ble_conn_params.o
    0x00027420   0x00000012   Code   RO         1494    i.ble_conn_state_conn_idx  ble_conn_state.o
    0x00027432   0x00000002   PAD
    0x00027434   0x00000014   Code   RO         1507    i.ble_conn_state_valid  ble_conn_state.o
    0x00027448   0x00000060   Code   RO         1184    i.ble_device_addr_encode  ble_advdata.o
    0x000274a8   0x000000c4   Code   RO            9    i.ble_evt_handler   main.o
    0x0002756c   0x00000070   Code   RO         1022    i.ble_evt_handler   bsp_btn_ble.o
    0x000275dc   0x000000fc   Code   RO         1409    i.ble_evt_handler   ble_conn_params.o
    0x000276d8   0x00000104   Code   RO         1508    i.ble_evt_handler   ble_conn_state.o
    0x000277dc   0x00000066   Code   RO         1874    i.ble_nus_data_send  ble_nus.o
    0x00027842   0x00000002   PAD
    0x00027844   0x000000d4   Code   RO         1875    i.ble_nus_init      ble_nus.o
    0x00027918   0x00000070   Code   RO         1876    i.ble_nus_on_ble_evt  ble_nus.o
    0x00027988   0x00000008   Code   RO         1680    i.ble_srv_is_notification_enabled  ble_srv_common.o
    0x00027990   0x00000008   Code   RO          595    i.bma250_soft_reset  bma.o
    0x00027998   0x00000088   Code   RO          606    i.bma255_set_range  bma.o
    0x00027a20   0x00000054   Code   RO          608    i.bma_init          bma.o
    0x00027a74   0x00000020   Code   RO          609    i.bma_lowpower      bma.o
    0x00027a94   0x0000000c   Code   RO          787    i.bsp_board_button_idx_to_pin  boards.o
    0x00027aa0   0x0000002c   Code   RO          791    i.bsp_board_led_invert  boards.o
    0x00027acc   0x00000010   Code   RO          792    i.bsp_board_led_off  boards.o
    0x00027adc   0x00000010   Code   RO          793    i.bsp_board_led_on  boards.o
    0x00027aec   0x00000028   Code   RO          794    i.bsp_board_led_state_get  boards.o
    0x00027b14   0x00000012   Code   RO          795    i.bsp_board_leds_off  boards.o
    0x00027b26   0x00000012   Code   RO          796    i.bsp_board_leds_on  boards.o
    0x00027b38   0x00000024   Code   RO          797    i.bsp_board_pin_to_button_idx  boards.o
    0x00027b5c   0x0000001e   Code   RO         1024    i.bsp_btn_ble_sleep_mode_prepare  bsp_btn_ble.o
    0x00027b7a   0x00000002   PAD
    0x00027b7c   0x00000090   Code   RO          899    i.bsp_button_event_handler  bsp.o
    0x00027c0c   0x00000044   Code   RO          903    i.bsp_event_to_button_action_assign  bsp.o
    0x00027c50   0x00000018   Code   RO          904    i.bsp_indication_set  bsp.o
    0x00027c68   0x000001c8   Code   RO          906    i.bsp_led_indication  bsp.o
    0x00027e30   0x00000006   Code   RO          908    i.bsp_wakeup_button_enable  bsp.o
    0x00027e36   0x00000002   PAD
    0x00027e38   0x00000010   Code   RO         2411    i.channel_port_get  nrfx_gpiote.o
    0x00027e48   0x00000190   Code   RO         1682    i.characteristic_add  ble_srv_common.o
    0x00027fd8   0x00000028   Code   RO         1931    i.clock_clk_started_notify  nrf_drv_clock.o
    0x00028000   0x0000001c   Code   RO         1932    i.clock_irq_handler  nrf_drv_clock.o
    0x0002801c   0x000000ac   Code   RO         3413    i.compare_reg_update  app_timer.o
    0x000280c8   0x0000003e   Code   RO         1509    i.conn_handle_list_get  ble_conn_state.o
    0x00028106   0x00000088   Code   RO         1185    i.conn_int_encode   ble_advdata.o
    0x0002818e   0x00000004   Code   RO           11    i.conn_params_error_handler  main.o
    0x00028192   0x00000002   PAD
    0x00028194   0x00000048   Code   RO         1410    i.conn_params_negotiation  ble_conn_params.o
    0x000281dc   0x0000001e   Code   RO         1740    i.data_length_update  nrf_ble_gatt.o
    0x000281fa   0x00000002   PAD
    0x000281fc   0x00000040   Code   RO         3414    i.elapsed_ticks_acquire  app_timer.o
    0x0002823c   0x00000014   Code   RO         3281    i.fifo_get          app_fifo.o
    0x00028250   0x00000012   Code   RO         3282    i.fifo_put          app_fifo.o
    0x00028262   0x00000028   Code   RO         1297    i.flags_set         ble_advertising.o
    0x0002828a   0x00000002   PAD
    0x0002828c   0x00000020   Code   RO           12    i.gatt_evt_handler  main.o
    0x000282ac   0x00000030   Code   RO           13    i.gatt_init         main.o
    0x000282dc   0x00000068   Code   RO          451    i.i2c_read          iic_dmwz.o
    0x00028344   0x00000058   Code   RO          452    i.i2c_read_byte     iic_dmwz.o
    0x0002839c   0x00000032   Code   RO          453    i.i2c_receive_ack   iic_dmwz.o
    0x000283ce   0x0000003c   Code   RO          454    i.i2c_send_ack      iic_dmwz.o
    0x0002840a   0x00000002   PAD
    0x0002840c   0x0000005c   Code   RO          455    i.i2c_send_byte     iic_dmwz.o
    0x00028468   0x0000003c   Code   RO          456    i.i2c_start         iic_dmwz.o
    0x000284a4   0x00000030   Code   RO          457    i.i2c_stop          iic_dmwz.o
    0x000284d4   0x0000004c   Code   RO          458    i.i2c_write         iic_dmwz.o
    0x00028520   0x00000014   Code   RO         1411    i.instance_get      ble_conn_params.o
    0x00028534   0x00000044   Code   RO         1412    i.is_conn_params_ok  ble_conn_params.o
    0x00028578   0x00000030   Code   RO          910    i.leds_off          bsp.o
    0x000285a8   0x00000018   Code   RO         1741    i.link_init         nrf_ble_gatt.o
    0x000285c0   0x000000f8   Code   RO         3415    i.list_insertions_handler  app_timer.o
    0x000286b8   0x00000088   Code   RO           14    i.lowpower_timeout_handler  main.o
    0x00028740   0x000001e4   Code   RO           15    i.main              main.o
    0x00028924   0x00000064   Code   RO         1186    i.manuf_specific_data_encode  ble_advdata.o
    0x00028988   0x000000a6   Code   RO         1187    i.name_encode       ble_advdata.o
    0x00028a2e   0x00000016   Code   RO         3837    i.nrf_atflags_clear  nrf_atflags.o
    0x00028a44   0x00000016   Code   RO         3842    i.nrf_atflags_get   nrf_atflags.o
    0x00028a5a   0x00000014   Code   RO         3844    i.nrf_atflags_set   nrf_atflags.o
    0x00028a6e   0x0000000c   Code   RO         3909    i.nrf_atomic_u32_and  nrf_atomic.o
    0x00028a7a   0x0000000c   Code   RO         3918    i.nrf_atomic_u32_or  nrf_atomic.o
    0x00028a86   0x00000010   Code   RO         2412    i.nrf_bitmask_bit_is_set  nrfx_gpiote.o
    0x00028a96   0x00000014   Code   RO         2413    i.nrf_bitmask_bit_set  nrfx_gpiote.o
    0x00028aaa   0x00000018   Code   RO         1743    i.nrf_ble_gatt_att_mtu_periph_set  nrf_ble_gatt.o
    0x00028ac2   0x00000022   Code   RO         1747    i.nrf_ble_gatt_init  nrf_ble_gatt.o
    0x00028ae4   0x00000174   Code   RO         1748    i.nrf_ble_gatt_on_ble_evt  nrf_ble_gatt.o
    0x00028c58   0x00000016   Code   RO         1830    i.nrf_ble_qwr_conn_handle_assign  nrf_ble_qwr.o
    0x00028c6e   0x00000024   Code   RO         1831    i.nrf_ble_qwr_init  nrf_ble_qwr.o
    0x00028c92   0x000000b6   Code   RO         1832    i.nrf_ble_qwr_on_ble_evt  nrf_ble_qwr.o
    0x00028d48   0x0000000e   Code   RO         2269    i.nrf_clock_event_check  nrfx_clock.o
    0x00028d56   0x00000010   Code   RO         2270    i.nrf_clock_event_clear  nrfx_clock.o
    0x00028d66   0x00000002   PAD
    0x00028d68   0x00000038   Code   RO         1939    i.nrf_drv_clock_init  nrf_drv_clock.o
    0x00028da0   0x00000030   Code   RO         1943    i.nrf_drv_clock_lfclk_release  nrf_drv_clock.o
    0x00028dd0   0x00000020   Code   RO         3571    i.nrf_drv_uart_tx   app_uart_fifo.o
    0x00028df0   0x00000032   Code   RO          459    i.nrf_gpio_cfg      iic_dmwz.o
    0x00028e22   0x00000012   Code   RO          460    i.nrf_gpio_cfg_input  iic_dmwz.o
    0x00028e34   0x00000014   Code   RO          461    i.nrf_gpio_cfg_output  iic_dmwz.o
    0x00028e48   0x00000030   Code   RO         2416    i.nrf_gpio_cfg_sense_set  nrfx_gpiote.o
    0x00028e78   0x00000014   Code   RO          462    i.nrf_gpio_pin_clear  iic_dmwz.o
    0x00028e8c   0x0000001c   Code   RO          463    i.nrf_gpio_pin_port_decode  iic_dmwz.o
    0x00028ea8   0x0000001c   Code   RO          800    i.nrf_gpio_pin_port_decode  boards.o
    0x00028ec4   0x0000001c   Code   RO         2418    i.nrf_gpio_pin_port_decode  nrfx_gpiote.o
    0x00028ee0   0x00000016   Code   RO          464    i.nrf_gpio_pin_read  iic_dmwz.o
    0x00028ef6   0x00000014   Code   RO          465    i.nrf_gpio_pin_set  iic_dmwz.o
    0x00028f0a   0x00000026   Code   RO          801    i.nrf_gpio_pin_write  boards.o
    0x00028f30   0x0000002c   Code   RO         2421    i.nrf_gpio_ports_read  nrfx_gpiote.o
    0x00028f5c   0x00000014   Code   RO         2422    i.nrf_gpiote_event_clear  nrfx_gpiote.o
    0x00028f70   0x00000010   Code   RO         2423    i.nrf_gpiote_event_is_set  nrfx_gpiote.o
    0x00028f80   0x00000028   Code   RO         4240    i.nrf_pwr_mgmt_init  nrf_pwr_mgmt.o
    0x00028fa8   0x00000044   Code   RO         4241    i.nrf_pwr_mgmt_run  nrf_pwr_mgmt.o
    0x00028fec   0x00000004   Code   RO           16    i.nrf_qwr_error_handler  main.o
    0x00028ff0   0x00000014   Code   RO         4954    i.nrf_sdh_ble_app_ram_start_get  nrf_sdh_ble.o
    0x00029004   0x0000009c   Code   RO         4955    i.nrf_sdh_ble_default_cfg_set  nrf_sdh_ble.o
    0x000290a0   0x00000014   Code   RO         4956    i.nrf_sdh_ble_enable  nrf_sdh_ble.o
    0x000290b4   0x00000060   Code   RO         4957    i.nrf_sdh_ble_evts_poll  nrf_sdh_ble.o
    0x00029114   0x00000074   Code   RO         4839    i.nrf_sdh_enable_request  nrf_sdh.o
    0x00029188   0x00000024   Code   RO         4840    i.nrf_sdh_evts_poll  nrf_sdh.o
    0x000291ac   0x0000000c   Code   RO         4841    i.nrf_sdh_is_enabled  nrf_sdh.o
    0x000291b8   0x0000003c   Code   RO         5005    i.nrf_sdh_soc_evts_poll  nrf_sdh_soc.o
    0x000291f4   0x0000000a   Code   RO         4375    i.nrf_section_iter_init  nrf_section_iter.o
    0x000291fe   0x00000024   Code   RO         4376    i.nrf_section_iter_item_set  nrf_section_iter.o
    0x00029222   0x00000020   Code   RO         4377    i.nrf_section_iter_next  nrf_section_iter.o
    0x00029242   0x0000000a   Code   RO         2752    i.nrf_uart_event_check  nrfx_uart.o
    0x0002924c   0x0000000c   Code   RO         2753    i.nrf_uart_event_clear  nrfx_uart.o
    0x00029258   0x0000000a   Code   RO         2948    i.nrf_uarte_event_check  nrfx_uarte.o
    0x00029262   0x0000000c   Code   RO         2949    i.nrf_uarte_event_clear  nrfx_uarte.o
    0x0002926e   0x00000002   PAD
    0x00029270   0x0000002c   Code   RO         2276    i.nrfx_clock_enable  nrfx_clock.o
    0x0002929c   0x00000020   Code   RO         2279    i.nrfx_clock_init   nrfx_clock.o
    0x000292bc   0x0000001c   Code   RO         2282    i.nrfx_clock_lfclk_stop  nrfx_clock.o
    0x000292d8   0x00000010   Code   RO          466    i.nrfx_coredep_delay_us  iic_dmwz.o
    0x000292e8   0x00000010   Code   RO         3416    i.nrfx_coredep_delay_us  app_timer.o
    0x000292f8   0x00000010   Code   RO         2950    i.nrfx_is_in_ram    nrfx_uarte.o
    0x00029308   0x000000a4   Code   RO         2763    i.nrfx_uart_tx      nrfx_uart.o
    0x000293ac   0x00000020   Code   RO         2765    i.nrfx_uart_tx_in_progress  nrfx_uart.o
    0x000293cc   0x00000090   Code   RO         2957    i.nrfx_uarte_tx     nrfx_uarte.o
    0x0002945c   0x0000001c   Code   RO         2959    i.nrfx_uarte_tx_in_progress  nrfx_uarte.o
    0x00029478   0x0000004c   Code   RO           17    i.nus_data_handler  main.o
    0x000294c4   0x00000024   Code   RO           18    i.on_adv_evt        main.o
    0x000294e8   0x0000001c   Code   RO           19    i.on_conn_params_evt  main.o
    0x00029504   0x0000006a   Code   RO         1877    i.on_connect        ble_nus.o
    0x0002956e   0x00000084   Code   RO         1878    i.on_write          ble_nus.o
    0x000295f2   0x00000016   Code   RO         1298    i.phy_is_valid      ble_advertising.o
    0x00029608   0x0000003c   Code   RO         3417    i.rtc1_stop         app_timer.o
    0x00029644   0x00000050   Code   RO         1946    i.sd_state_evt_handler  nrf_drv_clock.o
    0x00029694   0x00000030   Code   RO         4846    i.sdh_request_observer_notify  nrf_sdh.o
    0x000296c4   0x0000002c   Code   RO         4847    i.sdh_state_observer_notify  nrf_sdh.o
    0x000296f0   0x00000010   Code   RO         1413    i.send_error_evt    ble_conn_params.o
    0x00029700   0x00000088   Code   RO         1188    i.service_data_encode  ble_advdata.o
    0x00029788   0x00000030   Code   RO         1684    i.set_security_req  ble_srv_common.o
    0x000297b8   0x00000028   Code   RO           20    i.sleep_mode_enter  main.o
    0x000297e0   0x00000018   Code   RO         1947    i.soc_evt_handler   nrf_drv_clock.o
    0x000297f8   0x00000058   Code   RO         4849    i.softdevices_evt_irq_enable  nrf_sdh.o
    0x00029850   0x0000007c   Code   RO           21    i.test_timeout_handler  main.o
    0x000298cc   0x00000080   Code   RO         3418    i.timer_list_handler  app_timer.o
    0x0002994c   0x0000003c   Code   RO         3419    i.timer_list_insert  app_timer.o
    0x00029988   0x00000060   Code   RO         3420    i.timer_list_remove  app_timer.o
    0x000299e8   0x00000048   Code   RO         3421    i.timer_stop_op_schedule  app_timer.o
    0x00029a30   0x00000074   Code   RO         3422    i.timer_timeouts_check  app_timer.o
    0x00029aa4   0x00000020   Code   RO         2770    i.tx_byte           nrfx_uart.o
    0x00029ac4   0x0000000a   Code   RO         1189    i.uint16_encode     ble_advdata.o
    0x00029ace   0x00000002   PAD
    0x00029ad0   0x00000068   Code   RO         1414    i.update_timeout_handler  ble_conn_params.o
    0x00029b38   0x00000018   Code   RO         1299    i.use_whitelist     ble_advertising.o
    0x00029b50   0x00000024   Code   RO         1833    i.user_mem_reply    nrf_ble_qwr.o
    0x00029b74   0x00000030   Code   RO         3423    i.user_op_alloc     app_timer.o
    0x00029ba4   0x00000030   Code   RO         1190    i.uuid_list_encode  ble_advdata.o
    0x00029bd4   0x0000009e   Code   RO         1191    i.uuid_list_sized_encode  ble_advdata.o
    0x00029c72   0x00000002   PAD
    0x00029c74   0x0000004c   Code   RO          912    i.wakeup_button_cfg  bsp.o
    0x00029cc0   0x0000000c   Data   RO           26    .constdata          main.o
    0x00029ccc   0x00000004   PAD
    0x00029cd0   0x00000006   Data   RO          467    .constdata          iic_dmwz.o
    0x00029cd6   0x00000008   Data   RO          802    .constdata          boards.o
    0x00029cde   0x00000002   PAD
    0x00029ce0   0x0000002c   Data   RO          917    .constdata          bsp.o
    0x00029d0c   0x00000016   Data   RO         1749    .constdata          nrf_ble_gatt.o
    0x00029d22   0x00000002   PAD
    0x00029d24   0x00000010   Data   RO         1879    .constdata          ble_nus.o
    0x00029d34   0x00000008   Data   RO         2452    .constdata          nrfx_gpiote.o
    0x00029d3c   0x00000004   PAD
    0x00029d40   0x00000006   Data   RO         3425    .constdata          app_timer.o
    0x00029d46   0x00000002   PAD
    0x00029d48   0x00000018   Data   RO         4245    .constdata          nrf_pwr_mgmt.o
    0x00029d60   0x0000000c   Data   RO         4246    .constdata          nrf_pwr_mgmt.o
    0x00029d6c   0x00000010   Data   RO         4850    .constdata          nrf_sdh.o
    0x00029d7c   0x00000028   Data   RO         4851    .constdata          nrf_sdh.o
    0x00029da4   0x00000010   Data   RO         4852    .constdata          nrf_sdh.o
    0x00029db4   0x00000010   Data   RO         4853    .constdata          nrf_sdh.o
    0x00029dc4   0x00000020   Data   RO         4958    .constdata          nrf_sdh_ble.o
    0x00029de4   0x00000010   Data   RO         4959    .constdata          nrf_sdh_ble.o
    0x00029df4   0x00000010   Data   RO         5006    .constdata          nrf_sdh_soc.o
    0x00029e04   0x0000000c   Data   RO         5007    .constdata          nrf_sdh_soc.o
    0x00029e10   0x00000020   Data   RO         5114    Region$$Table       anon$$obj.o
    0x00029e30   0x00000008   Data   RO         1513    sdh_ble_observers0  ble_conn_state.o
    0x00029e38   0x00000010   Data   RO           30    sdh_ble_observers1  main.o
    0x00029e48   0x00000008   Data   RO         1026    sdh_ble_observers1  bsp_btn_ble.o
    0x00029e50   0x00000008   Data   RO         1417    sdh_ble_observers1  ble_conn_params.o
    0x00029e58   0x00000010   Data   RO           31    sdh_ble_observers2  main.o
    0x00029e68   0x00000008   Data   RO           32    sdh_ble_observers3  main.o
    0x00029e70   0x00000008   Data   RO         1953    sdh_soc_observers0  nrf_drv_clock.o
    0x00029e78   0x00000008   Data   RO           33    sdh_soc_observers1  main.o
    0x00029e80   0x00000008   Data   RO         4961    sdh_stack_observers0  nrf_sdh_ble.o
    0x00029e88   0x00000008   Data   RO         5008    sdh_stack_observers0  nrf_sdh_soc.o
    0x00029e90   0x00000008   Data   RO         1954    sdh_state_observers0  nrf_drv_clock.o


    Execution Region RW_IRAM1 (Base: 0x20002a98, Size: 0x00002e38, Max: 0x0003d568, ABSOLUTE)

    Base Addr    Size         Type   Attr      Idx    E Section Name        Object

    0x20002a98   0x00000008   Data   RW           27    .data               main.o
    0x20002aa0   0x00000030   Data   RW           28    .data               main.o
    0x20002ad0   0x00000004   Data   RW           29    .data               main.o
    0x20002ad4   0x00000002   Data   RW          468    .data               iic_dmwz.o
    0x20002ad6   0x00000002   PAD
    0x20002ad8   0x0000000a   Data   RW          612    .data               bma.o
    0x20002ae2   0x00000002   PAD
    0x20002ae4   0x00000010   Data   RW          918    .data               bsp.o
    0x20002af4   0x00000008   Data   RW         1025    .data               bsp_btn_ble.o
    0x20002afc   0x00000008   Data   RW         1416    .data               ble_conn_params.o
    0x20002b04   0x00000014   Data   RW         2080    .data               nrf_drv_uart.o
    0x20002b18   0x00000008   Data   RW         2286    .data               nrfx_clock.o
    0x20002b20   0x00000008   Data   RW         2699    .data               nrfx_prs.o
    0x20002b28   0x00000010   Data   RW         3351    .data               app_scheduler.o
    0x20002b38   0x00000014   Data   RW         3426    .data               app_timer.o
    0x20002b4c   0x0000001c   Data   RW         3575    .data               app_uart_fifo.o
    0x20002b68   0x00000008   Data   RW         4247    .data               nrf_pwr_mgmt.o
    0x20002b70   0x00000003   Data   RW         4854    .data               nrf_sdh.o
    0x20002b73   0x00000001   Data   RW         4960    .data               nrf_sdh_ble.o
    0x20002b74   0x00000004   Data   RW         5046    .data               system_nrf52840.o
    0x20002b78   0x00000020   Zero   RW           23    .bss                main.o
    0x20002b98   0x00000020   Zero   RW           24    .bss                main.o
    0x20002bb8   0x000009b2   Zero   RW           25    .bss                main.o
    0x2000356a   0x00000002   PAD
    0x2000356c   0x0000001c   Zero   RW          610    .bss                bma.o
    0x20003588   0x00000020   Zero   RW          913    .bss                bsp.o
    0x200035a8   0x00000020   Zero   RW          914    .bss                bsp.o
    0x200035c8   0x0000000c   Zero   RW          915    .bss                bsp.o
    0x200035d4   0x00000020   Zero   RW          916    .bss                bsp.o
    0x200035f4   0x00000050   Zero   RW         1415    .bss                ble_conn_params.o
    0x20003644   0x00000078   Zero   RW         1512    .bss                ble_conn_state.o
    0x200036bc   0x00000014   Zero   RW         1948    .bss                nrf_drv_clock.o
    0x200036d0   0x0000006c   Zero   RW         2451    .bss                nrfx_gpiote.o
    0x2000373c   0x0000002c   Zero   RW         2773    .bss                nrfx_uart.o
    0x20003768   0x00000024   Zero   RW         2963    .bss                nrfx_uarte.o
    0x2000378c   0x0000010c   Zero   RW         3424    .bss                app_timer.o
    0x20003898   0x00000020   Zero   RW         3573    .bss                app_uart_fifo.o
    0x200038b8   0x0000000c   Zero   RW         3657    .bss                app_util_platform.o
    0x200038c4   0x0000000c   Zero   RW         4244    .bss                nrf_pwr_mgmt.o
    0x200038d0   0x00002000   Zero   RW         5034    STACK               arm_startup_nrf52840.o


==============================================================================

Image component sizes


      Code (inc. data)   RO Data    RW Data    ZI Data      Debug   Object Name

        22          0          0          0          0       2425   app_error.o
        48          8          0          0          0      30537   app_error_weak.o
        86          0          0          0          0       4102   app_fifo.o
       268         16          0         16          0      42801   app_scheduler.o
      1506        118          6         20        268      47535   app_timer.o
       116         20          0         28         32      18963   app_uart_fifo.o
       124         14          0          0         12       9518   app_util_platform.o
        36          8        512          0       8192        936   arm_startup_nrf52840.o
      1324          0          0          0          0      60168   ble_advdata.o
      1010          6          0          0          0      18576   ble_advertising.o
       636         44          8          8         80      12483   ble_conn_params.o
       360         10          8          0        120       6791   ble_conn_state.o
        72          0          0          0          0       2772   ble_link_ctx_manager.o
       664          6         16          0          0       8420   ble_nus.o
       456          6          0          0          0       3311   ble_srv_common.o
       388         32          0         10         28     117390   bma.o
       266         38          8          0          0      11413   boards.o
       822         66         44         16        108      16476   bsp.o
       196          6          8          8          0      83417   bsp_btn_ble.o
       848         26          6          2          0      16235   iic_dmwz.o
      1276        148         60         60       2546     167425   main.o
        64          0          0          0          0       2904   nrf_atflags.o
       250          0          0          0          0       3640   nrf_atomic.o
       484          6         22          0          0      35416   nrf_ble_gatt.o
       276          0          0          0          0       6125   nrf_ble_qwr.o
       276         34         16          0         20      39730   nrf_drv_clock.o
         0          0          0         20          0      15300   nrf_drv_uart.o
       108         16         36          8         12      37501   nrf_pwr_mgmt.o
       384         46         88          3          0      38947   nrf_sdh.o
       292         18         56          1          0       5479   nrf_sdh_ble.o
        60          4         36          0          0       2308   nrf_sdh_soc.o
        78          0          0          0          0       2724   nrf_section_iter.o
       298         32          0          8          0      42060   nrfx_clock.o
       644         34          8          0        108      20256   nrfx_gpiote.o
        12          6          0          8          0       1998   nrfx_prs.o
       250         10          0          0         44      14438   nrfx_uart.o
       210         12          0          0         36      14080   nrfx_uarte.o
       476         60          0          4          0       2307   system_nrf52840.o

    ----------------------------------------------------------------------
     14720        850        984        224      11608     966907   Object Totals
         0          0         32          0          0          0   (incl. Generated)
        34          0         14          4          2          0   (incl. Padding)

    ----------------------------------------------------------------------

      Code (inc. data)   RO Data    RW Data    ZI Data      Debug   Library Member Name

         0          0          0          0          0          0   entry.o
         0          0          0          0          0          0   entry10a.o
         0          0          0          0          0          0   entry11a.o
         8          4          0          0          0          0   entry2.o
         4          0          0          0          0          0   entry5.o
         0          0          0          0          0          0   entry7b.o
         0          0          0          0          0          0   entry8b.o
         8          4          0          0          0          0   entry9a.o
        30          0          0          0          0          0   handlers.o
        36          8          0          0          0         68   init.o
        30          0          0          0          0         68   llshl.o
        32          0          0          0          0         68   llushr.o
        36          0          0          0          0         68   memcpya.o
        36          0          0          0          0        108   memseta.o
        98          0          0          0          0         92   uldiv.o

    ----------------------------------------------------------------------
       320         16          0          0          0        472   Library Totals
         2          0          0          0          0          0   (incl. Padding)

    ----------------------------------------------------------------------

      Code (inc. data)   RO Data    RW Data    ZI Data      Debug   Library Name

       318         16          0          0          0        472   mc_w.l

    ----------------------------------------------------------------------
       320         16          0          0          0        472   Library Totals

    ----------------------------------------------------------------------

==============================================================================


      Code (inc. data)   RO Data    RW Data    ZI Data      Debug   

     15040        866        984        224      11608     948227   Grand Totals
     15040        866        984        224      11608     948227   ELF Image Totals
     15040        866        984        224          0          0   ROM Totals

==============================================================================

    Total RO  Size (Code + RO Data)                16024 (  15.65kB)
    Total RW  Size (RW Data + ZI Data)             11832 (  11.55kB)
    Total ROM Size (Code + RO Data + RW Data)      16248 (  15.87kB)

==============================================================================

