Component: ARM Compiler 5.06 update 4 (build 422) Tool: armlink [4d35d2]

==============================================================================

Section Cross References

    main.o(i.Bluetooth_ReciveANDSend) refers to app_uart_fifo.o(i.app_uart_put) for app_uart_put
    main.o(i.Bluetooth_ReciveANDSend) refers to main.o(.data) for .data
    main.o(i.Bluetooth_ReciveANDSend) refers to main.o(.bss) for .bss
    main.o(i.Button_handle) refers to main.o(i.advertising_start) for advertising_start
    main.o(i.Button_handle) refers to bma.o(i.bma_init) for bma_init
    main.o(i.Button_handle) refers to main.o(.data) for .data
    main.o(i.EnterDFU) refers to nrf_pwr_mgmt.o(i.nrf_pwr_mgmt_shutdown) for nrf_pwr_mgmt_shutdown
    main.o(i.GPIOTE_init) refers to nrfx_gpiote.o(i.nrfx_gpiote_init) for nrfx_gpiote_init
    main.o(i.GPIOTE_init) refers to app_error.o(i.app_error_handler_bare) for app_error_handler_bare
    main.o(i.GPIOTE_init) refers to nrfx_gpiote.o(i.nrfx_gpiote_in_init) for nrfx_gpiote_in_init
    main.o(i.GPIOTE_init) refers to nrfx_gpiote.o(i.nrfx_gpiote_in_event_enable) for nrfx_gpiote_in_event_enable
    main.o(i.GPIOTE_init) refers to main.o(.constdata) for .constdata
    main.o(i.GPIOTE_init) refers to main.o(i.Button_handle) for Button_handle
    main.o(i.WDT_Init) refers to nrfx_wdt.o(i.nrfx_wdt_init) for nrfx_wdt_init
    main.o(i.WDT_Init) refers to app_error.o(i.app_error_handler_bare) for app_error_handler_bare
    main.o(i.WDT_Init) refers to nrfx_wdt.o(i.nrfx_wdt_channel_alloc) for nrfx_wdt_channel_alloc
    main.o(i.WDT_Init) refers to nrfx_wdt.o(i.nrfx_wdt_enable) for nrfx_wdt_enable
    main.o(i.WDT_Init) refers to main.o(.constdata) for .constdata
    main.o(i.WDT_Init) refers to main.o(i.wdt_event_handler) for wdt_event_handler
    main.o(i.WDT_Init) refers to main.o(.data) for .data
    main.o(i.advertising_start) refers to ble_advertising.o(i.ble_advertising_start) for ble_advertising_start
    main.o(i.advertising_start) refers to app_error.o(i.app_error_handler_bare) for app_error_handler_bare
    main.o(i.advertising_start) refers to main.o(.bss) for .bss
    main.o(i.assert_nrf_callback) refers to app_error_handler_keil.o(.emb_text) for app_error_handler
    main.o(i.ble_evt_handler) refers to bsp.o(i.bsp_indication_set) for bsp_indication_set
    main.o(i.ble_evt_handler) refers to app_error.o(i.app_error_handler_bare) for app_error_handler_bare
    main.o(i.ble_evt_handler) refers to nrf_ble_qwr.o(i.nrf_ble_qwr_conn_handle_assign) for nrf_ble_qwr_conn_handle_assign
    main.o(i.ble_evt_handler) refers to main.o(.data) for .data
    main.o(i.ble_evt_handler) refers to main.o(.bss) for .bss
    main.o(i.bsp_event_handler) refers to main.o(i.sleep_mode_enter) for sleep_mode_enter
    main.o(i.bsp_event_handler) refers to app_error.o(i.app_error_handler_bare) for app_error_handler_bare
    main.o(i.bsp_event_handler) refers to ble_advertising.o(i.ble_advertising_restart_without_whitelist) for ble_advertising_restart_without_whitelist
    main.o(i.bsp_event_handler) refers to main.o(.data) for .data
    main.o(i.bsp_event_handler) refers to main.o(.bss) for .bss
    main.o(i.conn_params_error_handler) refers to app_error.o(i.app_error_handler_bare) for app_error_handler_bare
    main.o(i.gatt_evt_handler) refers to main.o(.data) for .data
    main.o(i.gatt_init) refers to nrf_ble_gatt.o(i.nrf_ble_gatt_init) for nrf_ble_gatt_init
    main.o(i.gatt_init) refers to app_error.o(i.app_error_handler_bare) for app_error_handler_bare
    main.o(i.gatt_init) refers to nrf_ble_gatt.o(i.nrf_ble_gatt_att_mtu_periph_set) for nrf_ble_gatt_att_mtu_periph_set
    main.o(i.gatt_init) refers to main.o(i.gatt_evt_handler) for gatt_evt_handler
    main.o(i.gatt_init) refers to main.o(.bss) for .bss
    main.o(i.lowpower_timeout_handler) refers to main.o(i.EnterDFU) for EnterDFU
    main.o(i.lowpower_timeout_handler) refers to app_timer.o(i.app_timer_stop) for app_timer_stop
    main.o(i.lowpower_timeout_handler) refers to bma.o(i.bma_lowpower) for bma_lowpower
    main.o(i.lowpower_timeout_handler) refers to bma.o(i.BMA250_interrupt_status) for BMA250_interrupt_status
    main.o(i.lowpower_timeout_handler) refers to main.o(i.advertising_start) for advertising_start
    main.o(i.lowpower_timeout_handler) refers to bma.o(i.bma_init) for bma_init
    main.o(i.lowpower_timeout_handler) refers to app_timer.o(i.app_timer_start) for app_timer_start
    main.o(i.lowpower_timeout_handler) refers to main.o(.data) for .data
    main.o(i.lowpower_timeout_handler) refers to main.o(.constdata) for .constdata
    main.o(i.lowpower_timeout_handler) refers to main.o(.bss) for .bss
    main.o(i.main) refers to app_timer.o(i.app_timer_init) for app_timer_init
    main.o(i.main) refers to app_error.o(i.app_error_handler_bare) for app_error_handler_bare
    main.o(i.main) refers to app_timer.o(i.app_timer_create) for app_timer_create
[...]
    i.bsp_wakeup_button_enable               0x00027de4   Section        0  bsp.o(i.bsp_wakeup_button_enable)
    i.channel_port_get                       0x00027dec   Section        0  nrfx_gpiote.o(i.channel_port_get)
    channel_port_get                         0x00027ded   Thumb Code    10  nrfx_gpiote.o(i.channel_port_get)
    i.characteristic_add                     0x00027dfc   Section        0  ble_srv_common.o(i.characteristic_add)
    i.clock_clk_started_notify               0x00027f8c   Section        0  nrf_drv_clock.o(i.clock_clk_started_notify)
    clock_clk_started_notify                 0x00027f8d   Thumb Code    34  nrf_drv_clock.o(i.clock_clk_started_notify)
    i.clock_irq_handler                      0x00027fb4   Section        0  nrf_drv_clock.o(i.clock_irq_handler)
    clock_irq_handler                        0x00027fb5   Thumb Code    24  nrf_drv_clock.o(i.clock_irq_handler)
    i.compare_reg_update                     0x00027fd0   Section        0  app_timer.o(i.compare_reg_update)
    compare_reg_update                       0x00027fd1   Thumb Code   160  app_timer.o(i.compare_reg_update)
    i.conn_handle_list_get                   0x0002807c   Section        0  ble_conn_state.o(i.conn_handle_list_get)
    i.conn_int_encode                        0x000280ba   Section        0  ble_advdata.o(i.conn_int_encode)
    conn_int_encode                          0x000280bb   Thumb Code   136  ble_advdata.o(i.conn_int_encode)
    i.conn_params_error_handler              0x00028142   Section        0  main.o(i.conn_params_error_handler)
    conn_params_error_handler                0x00028143   Thumb Code     4  main.o(i.conn_params_error_handler)
    i.conn_params_negotiation                0x00028148   Section        0  ble_conn_params.o(i.conn_params_negotiation)
    conn_params_negotiation                  0x00028149   Thumb Code    68  ble_conn_params.o(i.conn_params_negotiation)
    i.data_length_update                     0x00028190   Section        0  nrf_ble_gatt.o(i.data_length_update)
    data_length_update                       0x00028191   Thumb Code    30  nrf_ble_gatt.o(i.data_length_update)
    i.elapsed_ticks_acquire                  0x000281b0   Section        0  app_timer.o(i.elapsed_ticks_acquire)
    elapsed_ticks_acquire                    0x000281b1   Thumb Code    58  app_timer.o(i.elapsed_ticks_acquire)
    i.flags_set                              0x000281f0   Section        0  ble_advertising.o(i.flags_set)
    flags_set                                0x000281f1   Thumb Code    40  ble_advertising.o(i.flags_set)
    i.gatt_evt_handler                       0x00028218   Section        0  main.o(i.gatt_evt_handler)
    i.gatt_init                              0x00028238   Section        0  main.o(i.gatt_init)
    i.i2c_read                               0x00028268   Section        0  iic_dmwz.o(i.i2c_read)
    i.i2c_read_byte                          0x000282c8   Section        0  iic_dmwz.o(i.i2c_read_byte)
    i.i2c_receive_ack                        0x00028314   Section        0  iic_dmwz.o(i.i2c_receive_ack)
    i.i2c_send_ack                           0x00028340   Section        0  iic_dmwz.o(i.i2c_send_ack)
    i.i2c_send_byte                          0x0002836c   Section        0  iic_dmwz.o(i.i2c_send_byte)
    i.i2c_start                              0x000283b0   Section        0  iic_dmwz.o(i.i2c_start)
    i.i2c_stop                               0x000283da   Section        0  iic_dmwz.o(i.i2c_stop)
    i.i2c_write                              0x000283f8   Section        0  iic_dmwz.o(i.i2c_write)
    i.instance_get                           0x00028444   Section        0  ble_conn_params.o(i.instance_get)
    instance_get                             0x00028445   Thumb Code    14  ble_conn_params.o(i.instance_get)
    i.is_conn_params_ok                      0x00028458   Section        0  ble_conn_params.o(i.is_conn_params_ok)
    is_conn_params_ok                        0x00028459   Thumb Code    68  ble_conn_params.o(i.is_conn_params_ok)
    i.leds_off                               0x0002849c   Section        0  bsp.o(i.leds_off)
    leds_off                                 0x0002849d   Thumb Code    42  bsp.o(i.leds_off)
    i.link_init                              0x000284cc   Section        0  nrf_ble_gatt.o(i.link_init)
    link_init                                0x000284cd   Thumb Code    24  nrf_ble_gatt.o(i.link_init)
    i.list_insertions_handler                0x000284e4   Section        0  app_timer.o(i.list_insertions_handler)
    list_insertions_handler                  0x000284e5   Thumb Code   234  app_timer.o(i.list_insertions_handler)
    i.lowpower_timeout_handler               0x000285dc   Section        0  main.o(i.lowpower_timeout_handler)
    i.main                                   0x00028690   Section        0  main.o(i.main)
    i.manuf_specific_data_encode             0x0002887c   Section        0  ble_advdata.o(i.manuf_specific_data_encode)
    manuf_specific_data_encode               0x0002887d   Thumb Code   100  ble_advdata.o(i.manuf_specific_data_encode)
    i.name_encode                            0x000288e0   Section        0  ble_advdata.o(i.name_encode)
    name_encode                              0x000288e1   Thumb Code   166  ble_advdata.o(i.name_encode)
    i.nrf_atflags_clear                      0x00028986   Section        0  nrf_atflags.o(i.nrf_atflags_clear)
    i.nrf_atflags_get                        0x0002899c   Section        0  nrf_atflags.o(i.nrf_atflags_get)
    i.nrf_atflags_set                        0x000289b2   Section        0  nrf_atflags.o(i.nrf_atflags_set)
    i.nrf_atomic_u32_and                     0x000289c6   Section        0  nrf_atomic.o(i.nrf_atomic_u32_and)
    i.nrf_atomic_u32_fetch_store             0x000289d2   Section        0  nrf_atomic.o(i.nrf_atomic_u32_fetch_store)
    i.nrf_atomic_u32_or                      0x000289dc   Section        0  nrf_atomic.o(i.nrf_atomic_u32_or)
    i.nrf_bitmask_bit_is_set                 0x000289e8   Section        0  nrfx_gpiote.o(i.nrf_bitmask_bit_is_set)
    nrf_bitmask_bit_is_set                   0x000289e9   Thumb Code    16  nrfx_gpiote.o(i.nrf_bitmask_bit_is_set)
    i.nrf_bitmask_bit_set                    0x000289f8   Section        0  nrfx_gpiote.o(i.nrf_bitmask_bit_set)
    nrf_bitmask_bit_set                      0x000289f9   Thumb Code    20  nrfx_gpiote.o(i.nrf_bitmask_bit_set)
    i.nrf_ble_gatt_att_mtu_periph_set        0x00028a0c   Section        0  nrf_ble_gatt.o(i.nrf_ble_gatt_att_mtu_periph_set)
    i.nrf_ble_gatt_init                      0x00028a24   Section        0  nrf_ble_gatt.o(i.nrf_ble_gatt_init)
    i.nrf_ble_gatt_on_ble_evt                0x00028a48   Section        0  nrf_ble_gatt.o(i.nrf_ble_gatt_on_ble_evt)
    i.nrf_ble_qwr_conn_handle_assign         0x00028bbc   Section        0  nrf_ble_qwr.o(i.nrf_ble_qwr_conn_handle_assign)
    i.nrf_ble_qwr_init                       0x00028bd2   Section        0  nrf_ble_qwr.o(i.nrf_ble_qwr_init)
    i.nrf_ble_qwr_on_ble_evt                 0x00028bf6   Section        0  nrf_ble_qwr.o(i.nrf_ble_qwr_on_ble_evt)
    i.nrf_clock_event_check                  0x00028cac   Section        0  nrfx_clock.o(i.nrf_clock_event_check)
    nrf_clock_event_check                    0x00028cad   Thumb Code    14  nrfx_clock.o(i.nrf_clock_event_check)
    i.nrf_clock_event_clear                  0x00028cba   Section        0  nrfx_clock.o(i.nrf_clock_event_clear)
    nrf_clock_event_clear                    0x00028cbb   Thumb Code    16  nrfx_clock.o(i.nrf_clock_event_clear)
    i.nrf_drv_clock_init                     0x00028ccc   Section        0  nrf_drv_clock.o(i.nrf_drv_clock_init)
    i.nrf_drv_clock_lfclk_release            0x00028d04   Section        0  nrf_drv_clock.o(i.nrf_drv_clock_lfclk_release)
    i.nrf_gpio_cfg                           0x00028d34   Section        0  iic_dmwz.o(i.nrf_gpio_cfg)
    nrf_gpio_cfg                             0x00028d35   Thumb Code    50  iic_dmwz.o(i.nrf_gpio_cfg)
    i.nrf_gpio_cfg_input                     0x00028d66   Section        0  iic_dmwz.o(i.nrf_gpio_cfg_input)
    nrf_gpio_cfg_input                       0x00028d67   Thumb Code    18  iic_dmwz.o(i.nrf_gpio_cfg_input)
    i.nrf_gpio_cfg_output                    0x00028d78   Section        0  iic_dmwz.o(i.nrf_gpio_cfg_output)
    nrf_gpio_cfg_output                      0x00028d79   Thumb Code    20  iic_dmwz.o(i.nrf_gpio_cfg_output)
    i.nrf_gpio_cfg_sense_set                 0x00028d8c   Section        0  nrfx_gpiote.o(i.nrf_gpio_cfg_sense_set)
    nrf_gpio_cfg_sense_set                   0x00028d8d   Thumb Code    48  nrfx_gpiote.o(i.nrf_gpio_cfg_sense_set)
    i.nrf_gpio_pin_clear                     0x00028dbc   Section        0  iic_dmwz.o(i.nrf_gpio_pin_clear)
    nrf_gpio_pin_clear                       0x00028dbd   Thumb Code    20  iic_dmwz.o(i.nrf_gpio_pin_clear)
    i.nrf_gpio_pin_port_decode               0x00028dd0   Section        0  iic_dmwz.o(i.nrf_gpio_pin_port_decode)
    nrf_gpio_pin_port_decode                 0x00028dd1   Thumb Code    22  iic_dmwz.o(i.nrf_gpio_pin_port_decode)
    i.nrf_gpio_pin_port_decode               0x00028dec   Section        0  boards.o(i.nrf_gpio_pin_port_decode)
    nrf_gpio_pin_port_decode                 0x00028ded   Thumb Code    22  boards.o(i.nrf_gpio_pin_port_decode)
    i.nrf_gpio_pin_port_decode               0x00028e08   Section        0  nrfx_gpiote.o(i.nrf_gpio_pin_port_decode)
    nrf_gpio_pin_port_decode                 0x00028e09   Thumb Code    22  nrfx_gpiote.o(i.nrf_gpio_pin_port_decode)
    i.nrf_gpio_pin_read                      0x00028e24   Section        0  iic_dmwz.o(i.nrf_gpio_pin_read)
    nrf_gpio_pin_read                        0x00028e25   Thumb Code    22  iic_dmwz.o(i.nrf_gpio_pin_read)
    i.nrf_gpio_pin_set                       0x00028e3a   Section        0  iic_dmwz.o(i.nrf_gpio_pin_set)
    nrf_gpio_pin_set                         0x00028e3b   Thumb Code    20  iic_dmwz.o(i.nrf_gpio_pin_set)
    i.nrf_gpio_pin_write                     0x00028e4e   Section        0  boards.o(i.nrf_gpio_pin_write)
    nrf_gpio_pin_write                       0x00028e4f   Thumb Code    38  boards.o(i.nrf_gpio_pin_write)
    i.nrf_gpio_ports_read                    0x00028e74   Section        0  nrfx_gpiote.o(i.nrf_gpio_ports_read)
    nrf_gpio_ports_read                      0x00028e75   Thumb Code    38  nrfx_gpiote.o(i.nrf_gpio_ports_read)
    i.nrf_gpiote_event_clear                 0x00028ea0   Section        0  nrfx_gpiote.o(i.nrf_gpiote_event_clear)
    nrf_gpiote_event_clear                   0x00028ea1   Thumb Code    16  nrfx_gpiote.o(i.nrf_gpiote_event_clear)
    i.nrf_gpiote_event_is_set                0x00028eb4   Section        0  nrfx_gpiote.o(i.nrf_gpiote_event_is_set)
    nrf_gpiote_event_is_set                  0x00028eb5   Thumb Code    12  nrfx_gpiote.o(i.nrf_gpiote_event_is_set)
    i.nrf_pwr_mgmt_init                      0x00028ec4   Section        0  nrf_pwr_mgmt.o(i.nrf_pwr_mgmt_init)
    i.nrf_pwr_mgmt_run                       0x00028eec   Section        0  nrf_pwr_mgmt.o(i.nrf_pwr_mgmt_run)
    i.nrf_pwr_mgmt_shutdown                  0x00028f30   Section        0  nrf_pwr_mgmt.o(i.nrf_pwr_mgmt_shutdown)
    i.nrf_qwr_error_handler                  0x00028f6c   Section        0  main.o(i.nrf_qwr_error_handler)
    nrf_qwr_error_handler                    0x00028f6d   Thumb Code     4  main.o(i.nrf_qwr_error_handler)
    i.nrf_sdh_ble_app_ram_start_get          0x00028f70   Section        0  nrf_sdh_ble.o(i.nrf_sdh_ble_app_ram_start_get)
    i.nrf_sdh_ble_default_cfg_set            0x00028f84   Section        0  nrf_sdh_ble.o(i.nrf_sdh_ble_default_cfg_set)
    i.nrf_sdh_ble_enable                     0x00029020   Section        0  nrf_sdh_ble.o(i.nrf_sdh_ble_enable)
    i.nrf_sdh_ble_evts_poll                  0x00029034   Section        0  nrf_sdh_ble.o(i.nrf_sdh_ble_evts_poll)
    nrf_sdh_ble_evts_poll                    0x00029035   Thumb Code    88  nrf_sdh_ble.o(i.nrf_sdh_ble_evts_poll)
    i.nrf_sdh_enable_request                 0x00029094   Section        0  nrf_sdh.o(i.nrf_sdh_enable_request)
    i.nrf_sdh_evts_poll                      0x00029108   Section        0  nrf_sdh.o(i.nrf_sdh_evts_poll)
    i.nrf_sdh_is_enabled                     0x0002912c   Section        0  nrf_sdh.o(i.nrf_sdh_is_enabled)
    i.nrf_sdh_soc_evts_poll                  0x00029138   Section        0  nrf_sdh_soc.o(i.nrf_sdh_soc_evts_poll)
    nrf_sdh_soc_evts_poll                    0x00029139   Thumb Code    56  nrf_sdh_soc.o(i.nrf_sdh_soc_evts_poll)
    i.nrf_section_iter_init                  0x00029174   Section        0  nrf_section_iter.o(i.nrf_section_iter_init)
    i.nrf_section_iter_item_set              0x0002917e   Section        0  nrf_section_iter.o(i.nrf_section_iter_item_set)
    nrf_section_iter_item_set                0x0002917f   Thumb Code    36  nrf_section_iter.o(i.nrf_section_iter_item_set)
    i.nrf_section_iter_next                  0x000291a2   Section        0  nrf_section_iter.o(i.nrf_section_iter_next)
    i.nrfx_clock_enable                      0x000291c4   Section        0  nrfx_clock.o(i.nrfx_clock_enable)
    i.nrfx_clock_init                        0x000291f0   Section        0  nrfx_clock.o(i.nrfx_clock_init)
    i.nrfx_clock_lfclk_stop                  0x00029210   Section        0  nrfx_clock.o(i.nrfx_clock_lfclk_stop)
    i.nrfx_coredep_delay_us                  0x0002922c   Section        0  app_timer.o(i.nrfx_coredep_delay_us)
    nrfx_coredep_delay_us                    0x0002922d   Thumb Code    12  app_timer.o(i.nrfx_coredep_delay_us)
    i.nus_data_handler                       0x0002923c   Section        0  main.o(i.nus_data_handler)
    nus_data_handler                         0x0002923d   Thumb Code    62  main.o(i.nus_data_handler)
    i.on_adv_evt                             0x0002928c   Section        0  main.o(i.on_adv_evt)
    on_adv_evt                               0x0002928d   Thumb Code    36  main.o(i.on_adv_evt)
    i.on_conn_params_evt                     0x000292b0   Section        0  main.o(i.on_conn_params_evt)
    on_conn_params_evt                       0x000292b1   Thumb Code    24  main.o(i.on_conn_params_evt)
    i.on_connect                             0x000292cc   Section        0  ble_nus.o(i.on_connect)
    on_connect                               0x000292cd   Thumb Code   106  ble_nus.o(i.on_connect)
    i.on_write                               0x00029336   Section        0  ble_nus.o(i.on_write)
    on_write                                 0x00029337   Thumb Code   132  ble_nus.o(i.on_write)
    i.phy_is_valid                           0x000293ba   Section        0  ble_advertising.o(i.phy_is_valid)
    phy_is_valid                             0x000293bb   Thumb Code    22  ble_advertising.o(i.phy_is_valid)
    i.rtc1_stop                              0x000293d0   Section        0  app_timer.o(i.rtc1_stop)
    rtc1_stop                                0x000293d1   Thumb Code    52  app_timer.o(i.rtc1_stop)
    i.sd_state_evt_handler                   0x0002940c   Section        0  nrf_drv_clock.o(i.sd_state_evt_handler)
    sd_state_evt_handler                     0x0002940d   Thumb Code    76  nrf_drv_clock.o(i.sd_state_evt_handler)
    i.sdh_request_observer_notify            0x0002945c   Section        0  nrf_sdh.o(i.sdh_request_observer_notify)
    sdh_request_observer_notify              0x0002945d   Thumb Code    44  nrf_sdh.o(i.sdh_request_observer_notify)
    i.sdh_state_observer_notify              0x0002948c   Section        0  nrf_sdh.o(i.sdh_state_observer_notify)
    sdh_state_observer_notify                0x0002948d   Thumb Code    38  nrf_sdh.o(i.sdh_state_observer_notify)
    i.send_error_evt                         0x000294b8   Section        0  ble_conn_params.o(i.send_error_evt)
    send_error_evt                           0x000294b9   Thumb Code    12  ble_conn_params.o(i.send_error_evt)
    i.service_data_encode                    0x000294c8   Section        0  ble_advdata.o(i.service_data_encode)
    service_data_encode                      0x000294c9   Thumb Code   136  ble_advdata.o(i.service_data_encode)
    i.set_security_req                       0x00029550   Section        0  ble_srv_common.o(i.set_security_req)
    set_security_req                         0x00029551   Thumb Code    48  ble_srv_common.o(i.set_security_req)
    i.shutdown_process                       0x00029580   Section        0  nrf_pwr_mgmt.o(i.shutdown_process)
    shutdown_process                         0x00029581   Thumb Code    90  nrf_pwr_mgmt.o(i.shutdown_process)
    i.sleep_mode_enter                       0x000295f0   Section        0  main.o(i.sleep_mode_enter)
    sleep_mode_enter                         0x000295f1   Thumb Code    40  main.o(i.sleep_mode_enter)
    i.soc_evt_handler                        0x00029618   Section        0  nrf_drv_clock.o(i.soc_evt_handler)
    soc_evt_handler                          0x00029619   Thumb Code    18  nrf_drv_clock.o(i.soc_evt_handler)
    i.softdevices_evt_irq_enable             0x00029630   Section        0  nrf_sdh.o(i.softdevices_evt_irq_enable)
    softdevices_evt_irq_enable               0x00029631   Thumb Code    80  nrf_sdh.o(i.softdevices_evt_irq_enable)
    i.test_timeout_handler                   0x00029688   Section        0  main.o(i.test_timeout_handler)
    i.timer_list_handler                     0x00029718   Section        0  app_timer.o(i.timer_list_handler)
    timer_list_handler                       0x00029719   Thumb Code   122  app_timer.o(i.timer_list_handler)
    i.timer_list_insert                      0x00029798   Section        0  app_timer.o(i.timer_list_insert)
    timer_list_insert                        0x00029799   Thumb Code    56  app_timer.o(i.timer_list_insert)
    i.timer_list_remove                      0x000297d4   Section        0  app_timer.o(i.timer_list_remove)
    timer_list_remove                        0x000297d5   Thumb Code    88  app_timer.o(i.timer_list_remove)
    i.timer_stop_op_schedule                 0x00029834   Section        0  app_timer.o(i.timer_stop_op_schedule)
    timer_stop_op_schedule                   0x00029835   Thumb Code    68  app_timer.o(i.timer_stop_op_schedule)
    i.timer_timeouts_check                   0x0002987c   Section        0  app_timer.o(i.timer_timeouts_check)
    timer_timeouts_check                     0x0002987d   Thumb Code   106  app_timer.o(i.timer_timeouts_check)
    i.uint16_encode                          0x000298f0   Section        0  ble_advdata.o(i.uint16_encode)
    uint16_encode                            0x000298f1   Thumb Code    10  ble_advdata.o(i.uint16_encode)
    i.update_timeout_handler                 0x000298fc   Section        0  ble_conn_params.o(i.update_timeout_handler)
    update_timeout_handler                   0x000298fd   Thumb Code    98  ble_conn_params.o(i.update_timeout_handler)
    i.use_whitelist                          0x00029964   Section        0  ble_advertising.o(i.use_whitelist)
    use_whitelist                            0x00029965   Thumb Code    24  ble_advertising.o(i.use_whitelist)
    i.user_mem_reply                         0x0002997c   Section        0  nrf_ble_qwr.o(i.user_mem_reply)
    user_mem_reply                           0x0002997d   Thumb Code    36  nrf_ble_qwr.o(i.user_mem_reply)
    i.user_op_alloc                          0x000299a0   Section        0  app_timer.o(i.user_op_alloc)
    user_op_alloc                            0x000299a1   Thumb Code    42  app_timer.o(i.user_op_alloc)
    i.uuid_list_encode                       0x000299d0   Section        0  ble_advdata.o(i.uuid_list_encode)
    uuid_list_encode                         0x000299d1   Thumb Code    48  ble_advdata.o(i.uuid_list_encode)
    i.uuid_list_sized_encode                 0x00029a00   Section        0  ble_advdata.o(i.uuid_list_sized_encode)
    uuid_list_sized_encode                   0x00029a01   Thumb Code   158  ble_advdata.o(i.uuid_list_sized_encode)
    i.wakeup_button_cfg                      0x00029aa0   Section        0  bsp.o(i.wakeup_button_cfg)
    wakeup_button_cfg                        0x00029aa1   Thumb Code    70  bsp.o(i.wakeup_button_cfg)
    .constdata                               0x00029aec   Section       36  main.o(.constdata)
    m_test_timer_id                          0x00029af0   Data           4  main.o(.constdata)
    m_lowpower_timer_id                      0x00029af4   Data           4  main.o(.constdata)
    default_config                           0x00029af8   Data          12  main.o(.constdata)
    .constdata                               0x00029b10   Section        8  boards.o(.constdata)
    m_board_led_list                         0x00029b10   Data           4  boards.o(.constdata)
    m_board_btn_list                         0x00029b14   Data           4  boards.o(.constdata)
    .constdata                               0x00029b18   Section       44  bsp.o(.constdata)
    m_bsp_leds_tmr                           0x00029b18   Data           4  bsp.o(.constdata)
    m_bsp_alert_tmr                          0x00029b1c   Data           4  bsp.o(.constdata)
    m_bsp_button_tmr                         0x00029b20   Data           4  bsp.o(.constdata)
    app_buttons                              0x00029b24   Data          32  bsp.o(.constdata)
    .constdata                               0x00029b44   Section       22  nrf_ble_gatt.o(.constdata)
    .constdata                               0x00029b5c   Section       16  ble_nus.o(.constdata)
    .constdata                               0x00029b6c   Section        8  nrfx_gpiote.o(.constdata)
    .constdata                               0x00029b80   Section        6  app_timer.o(.constdata)
    delay_machine_code                       0x00029b80   Data           6  app_timer.o(.constdata)
    .constdata                               0x00029b88   Section       24  nrf_pwr_mgmt.o(.constdata)
    pwr_mgmt_data_array                      0x00029b88   Data          24  nrf_pwr_mgmt.o(.constdata)
    .constdata                               0x00029ba0   Section       12  nrf_pwr_mgmt.o(.constdata)
    pwr_mgmt_data                            0x00029ba0   Data          12  nrf_pwr_mgmt.o(.constdata)
    .constdata                               0x00029bac   Section       16  nrf_sdh.o(.constdata)
    sdh_req_observers_array                  0x00029bac   Data          16  nrf_sdh.o(.constdata)
    .constdata                               0x00029bbc   Section       40  nrf_sdh.o(.constdata)
    sdh_req_observers                        0x00029bc0   Data          12  nrf_sdh.o(.constdata)
    sdh_state_observers                      0x00029bcc   Data          12  nrf_sdh.o(.constdata)
    sdh_stack_observers                      0x00029bd8   Data          12  nrf_sdh.o(.constdata)
    .constdata                               0x00029be4   Section       16  nrf_sdh.o(.constdata)
    sdh_state_observers_array                0x00029be4   Data          16  nrf_sdh.o(.constdata)
    .constdata                               0x00029bf4   Section       16  nrf_sdh.o(.constdata)
    sdh_stack_observers_array                0x00029bf4   Data          16  nrf_sdh.o(.constdata)
    .constdata                               0x00029c04   Section       32  nrf_sdh_ble.o(.constdata)
    sdh_ble_observers_array                  0x00029c04   Data          32  nrf_sdh_ble.o(.constdata)
    .constdata                               0x00029c24   Section       16  nrf_sdh_ble.o(.constdata)
    sdh_ble_observers                        0x00029c28   Data          12  nrf_sdh_ble.o(.constdata)
    .constdata                               0x00029c34   Section       16  nrf_sdh_soc.o(.constdata)
    sdh_soc_observers_array                  0x00029c34   Data          16  nrf_sdh_soc.o(.constdata)
    .constdata                               0x00029c44   Section       12  nrf_sdh_soc.o(.constdata)
    sdh_soc_observers                        0x00029c44   Data          12  nrf_sdh_soc.o(.constdata)
    sdh_ble_observers0                       0x00029c70   Section        8  ble_conn_state.o(sdh_ble_observers0)
    __tagsym$$used                           0x00029c70   Number         0  ble_conn_state.o(sdh_ble_observers0)
    m_ble_evt_observer                       0x00029c70   Data           8  ble_conn_state.o(sdh_ble_observers0)
    sdh_ble_observers1                       0x00029c78   Section       16  main.o(sdh_ble_observers1)
    __tagsym$$used                           0x00029c78   Number         0  main.o(sdh_ble_observers1)
    m_gatt_obs                               0x00029c78   Data           8  main.o(sdh_ble_observers1)
    __tagsym$$used                           0x00029c80   Number         0  main.o(sdh_ble_observers1)
    m_advertising_ble_obs                    0x00029c80   Data           8  main.o(sdh_ble_observers1)
    sdh_ble_observers1                       0x00029c88   Section        8  bsp_btn_ble.o(sdh_ble_observers1)
    __tagsym$$used                           0x00029c88   Number         0  bsp_btn_ble.o(sdh_ble_observers1)
    m_ble_observer                           0x00029c88   Data           8  bsp_btn_ble.o(sdh_ble_observers1)
    sdh_ble_observers1                       0x00029c90   Section        8  ble_conn_params.o(sdh_ble_observers1)
    __tagsym$$used                           0x00029c90   Number         0  ble_conn_params.o(sdh_ble_observers1)
    m_ble_observer                           0x00029c90   Data           8  ble_conn_params.o(sdh_ble_observers1)
    sdh_ble_observers2                       0x00029c98   Section       16  main.o(sdh_ble_observers2)
    __tagsym$$used                           0x00029c98   Number         0  main.o(sdh_ble_observers2)
    m_nus_obs                                0x00029c98   Data           8  main.o(sdh_ble_observers2)
    __tagsym$$used                           0x00029ca0   Number         0  main.o(sdh_ble_observers2)
    m_qwr_obs                                0x00029ca0   Data           8  main.o(sdh_ble_observers2)
    sdh_ble_observers3                       0x00029ca8   Section        8  main.o(sdh_ble_observers3)
    __tagsym$$used                           0x00029ca8   Number         0  main.o(sdh_ble_observers3)
    m_ble_observer                           0x00029ca8   Data           8  main.o(sdh_ble_observers3)
    sdh_soc_observers0                       0x00029cb0   Section        8  nrf_drv_clock.o(sdh_soc_observers0)
    __tagsym$$used                           0x00029cb0   Number         0  nrf_drv_clock.o(sdh_soc_observers0)
    m_soc_evt_observer                       0x00029cb0   Data           8  nrf_drv_clock.o(sdh_soc_observers0)
    sdh_soc_observers1                       0x00029cb8   Section        8  main.o(sdh_soc_observers1)
    __tagsym$$used                           0x00029cb8   Number         0  main.o(sdh_soc_observers1)
    m_advertising_soc_obs                    0x00029cb8   Data           8  main.o(sdh_soc_observers1)
    sdh_stack_observers0                     0x00029cc0   Section        8  nrf_sdh_ble.o(sdh_stack_observers0)
    __tagsym$$used                           0x00029cc0   Number         0  nrf_sdh_ble.o(sdh_stack_observers0)
    m_nrf_sdh_ble_evts_poll                  0x00029cc0   Data           8  nrf_sdh_ble.o(sdh_stack_observers0)
    sdh_stack_observers0                     0x00029cc8   Section        8  nrf_sdh_soc.o(sdh_stack_observers0)
    __tagsym$$used                           0x00029cc8   Number         0  nrf_sdh_soc.o(sdh_stack_observers0)
    m_nrf_sdh_soc_evts_poll                  0x00029cc8   Data           8  nrf_sdh_soc.o(sdh_stack_observers0)
    sdh_state_observers0                     0x00029cd0   Section        8  nrf_drv_clock.o(sdh_state_observers0)
    __tagsym$$used                           0x00029cd0   Number         0  nrf_drv_clock.o(sdh_state_observers0)
    m_sd_state_observer                      0x00029cd0   Data           8  nrf_drv_clock.o(sdh_state_observers0)
    .data                                    0x20002a98   Section        8  main.o(.data)
    m_nus_link_ctx_storage                   0x20002a98   Data           8  main.o(.data)
    .data                                    0x20002aa0   Section       52  main.o(.data)
    m_conn_handle                            0x20002aae   Data           2  main.o(.data)
    m_ble_nus_max_data_len                   0x20002ab0   Data           2  main.o(.data)
    m_adv_uuids                              0x20002ab2   Data           4  main.o(.data)
    m_nus                                    0x20002ab8   Data          28  main.o(.data)
    .data                                    0x20002ad4   Section        4  main.o(.data)
    m_nus_link_ctx_storage_ctx_data_pool     0x20002ad4   Data           4  main.o(.data)
    .data                                    0x20002ad8   Section        2  iic_dmwz.o(.data)
    .data                                    0x20002adc   Section       14  bma.o(.data)
    .data                                    0x20002aec   Section       16  bsp.o(.data)
    m_stable_state                           0x20002aec   Data           1  bsp.o(.data)
    m_leds_clear                             0x20002aed   Data           1  bsp.o(.data)
    m_alert_on                               0x20002aee   Data           1  bsp.o(.data)
    current_long_push_pin_no                 0x20002aef   Data           1  bsp.o(.data)
    m_indication_type                        0x20002af0   Data           4  bsp.o(.data)
    m_registered_callback                    0x20002af4   Data           4  bsp.o(.data)
    release_event_at_push                    0x20002af8   Data           4  bsp.o(.data)
    .data                                    0x20002afc   Section        8  bsp_btn_ble.o(.data)
    m_error_handler                          0x20002afc   Data           4  bsp_btn_ble.o(.data)
    m_num_connections                        0x20002b00   Data           4  bsp_btn_ble.o(.data)
    .data                                    0x20002b04   Section        8  ble_conn_params.o(.data)
    m_preferred_conn_params                  0x20002b04   Data           8  ble_conn_params.o(.data)
    .data                                    0x20002b0c   Section        8  nrfx_clock.o(.data)
    m_clock_cb                               0x20002b0c   Data           8  nrfx_clock.o(.data)
    .data                                    0x20002b14   Section        8  nrfx_prs.o(.data)
    m_prs_box_4                              0x20002b14   Data           8  nrfx_prs.o(.data)
    .data                                    0x20002b1c   Section        8  nrfx_wdt.o(.data)
    m_state                                  0x20002b1c   Data           1  nrfx_wdt.o(.data)
    m_alloc_index                            0x20002b1d   Data           1  nrfx_wdt.o(.data)
    m_wdt_event_handler                      0x20002b20   Data           4  nrfx_wdt.o(.data)
    .data                                    0x20002b24   Section       16  app_scheduler.o(.data)
    m_queue_start_index                      0x20002b24   Data           1  app_scheduler.o(.data)
    m_queue_end_index                        0x20002b25   Data           1  app_scheduler.o(.data)
    m_queue_event_size                       0x20002b26   Data           2  app_scheduler.o(.data)
    m_queue_size                             0x20002b28   Data           2  app_scheduler.o(.data)
    m_queue_event_headers                    0x20002b2c   Data           4  app_scheduler.o(.data)
    m_queue_event_data                       0x20002b30   Data           4  app_scheduler.o(.data)
    .data                                    0x20002b34   Section       20  app_timer.o(.data)
    m_ticks_elapsed_q_read_ind               0x20002b34   Data           1  app_timer.o(.data)
    m_ticks_elapsed_q_write_ind              0x20002b35   Data           1  app_timer.o(.data)
    m_rtc1_running                           0x20002b36   Data           1  app_timer.o(.data)
    m_rtc1_reset                             0x20002b37   Data           1  app_timer.o(.data)
    mp_timer_id_head                         0x20002b38   Data           4  app_timer.o(.data)
    m_ticks_latest                           0x20002b3c   Data           4  app_timer.o(.data)
    m_ticks_elapsed                          0x20002b40   Data           8  app_timer.o(.data)
    .data                                    0x20002b48   Section        8  nrf_pwr_mgmt.o(.data)
    m_pwr_mgmt_evt                           0x20002b48   Data           1  nrf_pwr_mgmt.o(.data)
    m_shutdown_started                       0x20002b49   Data           1  nrf_pwr_mgmt.o(.data)
    m_sysoff_mtx                             0x20002b4c   Data           4  nrf_pwr_mgmt.o(.data)
    .data                                    0x20002b50   Section        3  nrf_sdh.o(.data)
    m_nrf_sdh_enabled                        0x20002b50   Data           1  nrf_sdh.o(.data)
    m_nrf_sdh_suspended                      0x20002b51   Data           1  nrf_sdh.o(.data)
    m_nrf_sdh_continue                       0x20002b52   Data           1  nrf_sdh.o(.data)
    .data                                    0x20002b53   Section        1  nrf_sdh_ble.o(.data)
    m_stack_is_enabled                       0x20002b53   Data           1  nrf_sdh_ble.o(.data)
    .data                                    0x20002b54   Section        4  system_nrf52840.o(.data)
    __tagsym$$used                           0x20002b54   Number         0  system_nrf52840.o(.data)
    .bss                                     0x20002b58   Section       32  main.o(.bss)
    m_test_timer_id_data                     0x20002b58   Data          32  main.o(.bss)
    .bss                                     0x20002b78   Section       32  main.o(.bss)
    m_lowpower_timer_id_data                 0x20002b78   Data          32  main.o(.bss)
    .bss                                     0x20002b98   Section     2482  main.o(.bss)
    APP_SCHED_BUF                            0x20002b98   Data        1800  main.o(.bss)
    m_gatt                                   0x200032a0   Data          20  main.o(.bss)
    m_qwr                                    0x200032b4   Data          12  main.o(.bss)
    m_advertising                            0x200032c0   Data         600  main.o(.bss)
    .bss                                     0x2000354c   Section       28  bma.o(.bss)
    .bss                                     0x20003568   Section       32  bsp.o(.bss)
    m_bsp_leds_tmr_data                      0x20003568   Data          32  bsp.o(.bss)
    .bss                                     0x20003588   Section       32  bsp.o(.bss)
    m_bsp_alert_tmr_data                     0x20003588   Data          32  bsp.o(.bss)
    .bss                                     0x200035a8   Section       12  bsp.o(.bss)
    m_events_list                            0x200035a8   Data          12  bsp.o(.bss)
    .bss                                     0x200035b4   Section       32  bsp.o(.bss)
    m_bsp_button_tmr_data                    0x200035b4   Data          32  bsp.o(.bss)
    .bss                                     0x200035d4   Section       80  ble_conn_params.o(.bss)
    m_timer_data                             0x200035d4   Data          32  ble_conn_params.o(.bss)
    m_conn_params_instances                  0x200035f4   Data          20  ble_conn_params.o(.bss)
    m_conn_params_config                     0x20003608   Data          28  ble_conn_params.o(.bss)
    .bss                                     0x20003624   Section      120  ble_conn_state.o(.bss)
    m_bcs                                    0x20003624   Data         120  ble_conn_state.o(.bss)
    .bss                                     0x2000369c   Section       20  nrf_drv_clock.o(.bss)
    m_clock_cb                               0x2000369c   Data          20  nrf_drv_clock.o(.bss)
    .bss                                     0x200036b0   Section      108  nrfx_gpiote.o(.bss)
    m_cb                                     0x200036b0   Data         108  nrfx_gpiote.o(.bss)
    .bss                                     0x2000371c   Section      268  app_timer.o(.bss)
    m_op_queue                               0x2000371c   Data         268  app_timer.o(.bss)
    .bss                                     0x20003828   Section       12  app_util_platform.o(.bss)
    .bss                                     0x20003834   Section       12  nrf_pwr_mgmt.o(.bss)
    m_handlers_iter                          0x20003834   Data          12  nrf_pwr_mgmt.o(.bss)
    STACK                                    0x20003840   Section     8192  arm_startup_nrf52840.o(STACK)

    Global Symbols

    Symbol Name                              Value     Ov Type        Size  Object(Section)

    BuildAttributes$$THM_ISAv4$E$P$D$K$B$S$7EM$VFPi3$EXTD16$VFPS$VFMA$PE$A:L22UL41UL21$X:L11$S22US41US21$IEEE1$IW$USESV6$~STKCKD$USESV7$~SHL$OSPACE$EBA8$MICROLIB$REQ8$EABIv2 0x00000000   Number         0  anon$$obj.o ABSOLUTE
    __ARM_use_no_argv                        0x00000000   Number         0  main.o ABSOLUTE
    __cpp_initialize__aeabi_                  - Undefined Weak Reference
    __cxa_finalize                            - Undefined Weak Reference
    __decompress                              - Undefined Weak Reference
    _clock_init                               - Undefined Weak Reference
    _microlib_exit                            - Undefined Weak Reference
    pwr_mgmt_data0$$Base                      - Undefined Reference
    pwr_mgmt_data0$$Limit                     - Undefined Reference
    pwr_mgmt_data1$$Base                      - Undefined Reference
    pwr_mgmt_data1$$Limit                     - Undefined Reference
    pwr_mgmt_data2$$Base                      - Undefined Reference
    pwr_mgmt_data2$$Limit                     - Undefined Reference
    sdh_req_observers0$$Base                  - Undefined Reference
    sdh_req_observers0$$Limit                 - Undefined Reference
    sdh_req_observers1$$Base                  - Undefined Reference
    sdh_req_observers1$$Limit                 - Undefined Reference
    sdh_stack_observers1$$Base                - Undefined Reference
    sdh_stack_observers1$$Limit               - Undefined Reference
    sdh_state_observers1$$Base                - Undefined Reference
    sdh_state_observers1$$Limit               - Undefined Reference
    __Vectors_Size                           0x00000200   Number         0  arm_startup_nrf52840.o ABSOLUTE
    __Vectors                                0x00026000   Data           4  arm_startup_nrf52840.o(RESET)
    __Vectors_End                            0x00026200   Data           0  arm_startup_nrf52840.o(RESET)
    __main                                   0x00026201   Thumb Code     0  entry.o(.ARM.Collect$$$$00000000)
    _main_stk                                0x00026201   Thumb Code     0  entry2.o(.ARM.Collect$$$$00000001)
    _main_scatterload                        0x00026205   Thumb Code     0  entry5.o(.ARM.Collect$$$$00000004)
    __main_after_scatterload                 0x00026209   Thumb Code     0  entry5.o(.ARM.Collect$$$$00000004)
    _main_clock                              0x00026209   Thumb Code     0  entry7b.o(.ARM.Collect$$$$00000008)
    _main_cpp_init                           0x00026209   Thumb Code     0  entry8b.o(.ARM.Collect$$$$0000000A)
    _main_init                               0x00026209   Thumb Code     0  entry9a.o(.ARM.Collect$$$$0000000B)
    __rt_final_cpp                           0x00026211   Thumb Code     0  entry10a.o(.ARM.Collect$$$$0000000D)
    __rt_final_exit                          0x00026211   Thumb Code     0  entry11a.o(.ARM.Collect$$$$0000000F)
    __asm___12_nrf_atomic_c_85ca2469__nrf_atomic_internal_mov 0x00026215   Thumb Code    24  nrf_atomic.o(.emb_text)
    __asm___12_nrf_atomic_c_85ca2469__nrf_atomic_internal_orr 0x0002622d   Thumb Code    26  nrf_atomic.o(.emb_text)
    __asm___12_nrf_atomic_c_85ca2469__nrf_atomic_internal_and 0x00026247   Thumb Code    26  nrf_atomic.o(.emb_text)
    __asm___12_nrf_atomic_c_85ca2469__nrf_atomic_internal_eor 0x00026261   Thumb Code    26  nrf_atomic.o(.emb_text)
    __asm___12_nrf_atomic_c_85ca2469__nrf_atomic_internal_add 0x0002627b   Thumb Code    26  nrf_atomic.o(.emb_text)
    __asm___12_nrf_atomic_c_85ca2469__nrf_atomic_internal_sub 0x00026295   Thumb Code    26  nrf_atomic.o(.emb_text)
    __asm___12_nrf_atomic_c_85ca2469__nrf_atomic_internal_cmp_exch 0x000262af   Thumb Code    42  nrf_atomic.o(.emb_text)
    __asm___12_nrf_atomic_c_85ca2469__nrf_atomic_internal_sub_hs 0x000262d9   Thumb Code    30  nrf_atomic.o(.emb_text)
    Reset_Handler                            0x000262f9   Thumb Code     8  arm_startup_nrf52840.o(.text)
    NMI_Handler                              0x00026301   Thumb Code     2  arm_startup_nrf52840.o(.text)
    HardFault_Handler                        0x00026303   Thumb Code     2  arm_startup_nrf52840.o(.text)
    MemoryManagement_Handler                 0x00026305   Thumb Code     2  arm_startup_nrf52840.o(.text)
    BusFault_Handler                         0x00026307   Thumb Code     2  arm_startup_nrf52840.o(.text)
    UsageFault_Handler                       0x00026309   Thumb Code     2  arm_startup_nrf52840.o(.text)
    SVC_Handler                              0x0002630b   Thumb Code     2  arm_startup_nrf52840.o(.text)
    DebugMon_Handler                         0x0002630d   Thumb Code     2  arm_startup_nrf52840.o(.text)
    PendSV_Handler                           0x0002630f   Thumb Code     2  arm_startup_nrf52840.o(.text)
    SysTick_Handler                          0x00026311   Thumb Code     2  arm_startup_nrf52840.o(.text)
    CCM_AAR_IRQHandler                       0x00026313   Thumb Code     0  arm_startup_nrf52840.o(.text)
    COMP_LPCOMP_IRQHandler                   0x00026313   Thumb Code     0  arm_startup_nrf52840.o(.text)
    CRYPTOCELL_IRQHandler                    0x00026313   Thumb Code     0  arm_startup_nrf52840.o(.text)
    ECB_IRQHandler                           0x00026313   Thumb Code     0  arm_startup_nrf52840.o(.text)
    FPU_IRQHandler                           0x00026313   Thumb Code     0  arm_startup_nrf52840.o(.text)
    I2S_IRQHandler                           0x00026313   Thumb Code     0  arm_startup_nrf52840.o(.text)
    MWU_IRQHandler                           0x00026313   Thumb Code     0  arm_startup_nrf52840.o(.text)
    NFCT_IRQHandler                          0x00026313   Thumb Code     0  arm_startup_nrf52840.o(.text)
    PDM_IRQHandler                           0x00026313   Thumb Code     0  arm_startup_nrf52840.o(.text)
    PWM0_IRQHandler                          0x00026313   Thumb Code     0  arm_startup_nrf52840.o(.text)
    PWM1_IRQHandler                          0x00026313   Thumb Code     0  arm_startup_nrf52840.o(.text)
    PWM2_IRQHandler                          0x00026313   Thumb Code     0  arm_startup_nrf52840.o(.text)
    PWM3_IRQHandler                          0x00026313   Thumb Code     0  arm_startup_nrf52840.o(.text)
    QDEC_IRQHandler                          0x00026313   Thumb Code     0  arm_startup_nrf52840.o(.text)
    QSPI_IRQHandler                          0x00026313   Thumb Code     0  arm_startup_nrf52840.o(.text)
    RADIO_IRQHandler                         0x00026313   Thumb Code     0  arm_startup_nrf52840.o(.text)
    RNG_IRQHandler                           0x00026313   Thumb Code     0  arm_startup_nrf52840.o(.text)
    RTC0_IRQHandler                          0x00026313   Thumb Code     0  arm_startup_nrf52840.o(.text)
    RTC2_IRQHandler                          0x00026313   Thumb Code     0  arm_startup_nrf52840.o(.text)
    SAADC_IRQHandler                         0x00026313   Thumb Code     0  arm_startup_nrf52840.o(.text)
    SPIM0_SPIS0_TWIM0_TWIS0_SPI0_TWI0_IRQHandler 0x00026313   Thumb Code     0  arm_startup_nrf52840.o(.text)
    SPIM1_SPIS1_TWIM1_TWIS1_SPI1_TWI1_IRQHandler 0x00026313   Thumb Code     0  arm_startup_nrf52840.o(.text)
    SPIM2_SPIS2_SPI2_IRQHandler              0x00026313   Thumb Code     0  arm_startup_nrf52840.o(.text)
    SPIM3_IRQHandler                         0x00026313   Thumb Code     0  arm_startup_nrf52840.o(.text)
    SWI1_EGU1_IRQHandler                     0x00026313   Thumb Code     0  arm_startup_nrf52840.o(.text)
    SWI3_EGU3_IRQHandler                     0x00026313   Thumb Code     0  arm_startup_nrf52840.o(.text)
    SWI4_EGU4_IRQHandler                     0x00026313   Thumb Code     0  arm_startup_nrf52840.o(.text)
    SWI5_EGU5_IRQHandler                     0x00026313   Thumb Code     0  arm_startup_nrf52840.o(.text)
    TEMP_IRQHandler                          0x00026313   Thumb Code     0  arm_startup_nrf52840.o(.text)
    TIMER0_IRQHandler                        0x00026313   Thumb Code     0  arm_startup_nrf52840.o(.text)
    TIMER1_IRQHandler                        0x00026313   Thumb Code     0  arm_startup_nrf52840.o(.text)
    TIMER2_IRQHandler                        0x00026313   Thumb Code     0  arm_startup_nrf52840.o(.text)
    TIMER3_IRQHandler                        0x00026313   Thumb Code     0  arm_startup_nrf52840.o(.text)
    TIMER4_IRQHandler                        0x00026313   Thumb Code     0  arm_startup_nrf52840.o(.text)
    UARTE1_IRQHandler                        0x00026313   Thumb Code     0  arm_startup_nrf52840.o(.text)
    USBD_IRQHandler                          0x00026313   Thumb Code     0  arm_startup_nrf52840.o(.text)
    __aeabi_uldivmod                         0x0002631d   Thumb Code    98  uldiv.o(.text)
    __aeabi_llsl                             0x0002637f   Thumb Code    30  llshl.o(.text)
    _ll_shift_l                              0x0002637f   Thumb Code     0  llshl.o(.text)
    __aeabi_memcpy                           0x0002639d   Thumb Code    36  memcpya.o(.text)
    __aeabi_memcpy4                          0x0002639d   Thumb Code     0  memcpya.o(.text)
    __aeabi_memcpy8                          0x0002639d   Thumb Code     0  memcpya.o(.text)
    __aeabi_memset                           0x000263c1   Thumb Code    14  memseta.o(.text)
    __aeabi_memset4                          0x000263c1   Thumb Code     0  memseta.o(.text)
    __aeabi_memset8                          0x000263c1   Thumb Code     0  memseta.o(.text)
    __aeabi_memclr                           0x000263cf   Thumb Code     4  memseta.o(.text)
    __aeabi_memclr4                          0x000263cf   Thumb Code     0  memseta.o(.text)
    __aeabi_memclr8                          0x000263cf   Thumb Code     0  memseta.o(.text)
    _memset$wrapper                          0x000263d3   Thumb Code    18  memseta.o(.text)
    __aeabi_llsr                             0x000263e5   Thumb Code    32  llushr.o(.text)
    _ll_ushift_r                             0x000263e5   Thumb Code     0  llushr.o(.text)
    __scatterload                            0x00026405   Thumb Code    28  init.o(.text)
    __scatterload_rt2                        0x00026405   Thumb Code     0  init.o(.text)
    BMA250E_ReadReg                          0x00026429   Thumb Code    36  bma.o(i.BMA250E_ReadReg)
    BMA250E_WriteReg                         0x0002644d   Thumb Code    38  bma.o(i.BMA250E_WriteReg)
    BMA250_interrupt_status                  0x00026473   Thumb Code    22  bma.o(i.BMA250_interrupt_status)
    BMA253_Timer_Handler                     0x00026489   Thumb Code    26  bma.o(i.BMA253_Timer_Handler)
    EnterDFU                                 0x000264a9   Thumb Code    20  main.o(i.EnterDFU)
    GPIOTE_IRQHandler                        0x000264bd   Thumb Code   428  nrfx_gpiote.o(i.GPIOTE_IRQHandler)
    POWER_CLOCK_IRQHandler                   0x000266d5   Thumb Code   154  nrfx_clock.o(i.POWER_CLOCK_IRQHandler)
    RTC1_IRQHandler                          0x00026779   Thumb Code    32  app_timer.o(i.RTC1_IRQHandler)
    SCL_                                     0x0002679d   Thumb Code    70  iic_dmwz.o(i.SCL_)
    SWI0_EGU0_IRQHandler                     0x000267e3   Thumb Code     4  app_timer.o(i.SWI0_EGU0_IRQHandler)
    SWI2_EGU2_IRQHandler                     0x000267e7   Thumb Code     4  nrf_sdh.o(i.SWI2_EGU2_IRQHandler)
    SystemInit                               0x000267ed   Thumb Code   416  system_nrf52840.o(i.SystemInit)
    UARTE0_UART0_IRQHandler                  0x000269c9   Thumb Code     6  nrfx_prs.o(i.UARTE0_UART0_IRQHandler)
    WDT_IRQHandler                           0x000269d5   Thumb Code    26  nrfx_wdt.o(i.WDT_IRQHandler)
    __scatterload_copy                       0x000269f9   Thumb Code    14  handlers.o(i.__scatterload_copy)
    __scatterload_null                       0x00026a07   Thumb Code     2  handlers.o(i.__scatterload_null)
    __scatterload_zeroinit                   0x00026a09   Thumb Code    14  handlers.o(i.__scatterload_zeroinit)
    app_error_fault_handler                  0x00026a91   Thumb Code    40  app_error_weak.o(i.app_error_fault_handler)
    app_error_handler_bare                   0x00026ac1   Thumb Code    22  app_error.o(i.app_error_handler_bare)
    app_sched_execute                        0x00026ad9   Thumb Code    58  app_scheduler.o(i.app_sched_execute)
    app_sched_init                           0x00026b19   Thumb Code    40  app_scheduler.o(i.app_sched_init)
    app_timer_create                         0x00026b45   Thumb Code    32  app_timer.o(i.app_timer_create)
    app_timer_init                           0x00026b69   Thumb Code    70  app_timer.o(i.app_timer_init)
    app_timer_start                          0x00026bbd   Thumb Code   128  app_timer.o(i.app_timer_start)
    app_timer_stop                           0x00026c45   Thumb Code    26  app_timer.o(i.app_timer_stop)
    app_util_critical_region_enter           0x00026c65   Thumb Code    64  app_util_platform.o(i.app_util_critical_region_enter)
    app_util_critical_region_exit            0x00026cad   Thumb Code    46  app_util_platform.o(i.app_util_critical_region_exit)
    blcm_link_ctx_get                        0x00026ce1   Thumb Code    72  ble_link_ctx_manager.o(i.blcm_link_ctx_get)
    ble_advdata_encode                       0x00026d29   Thumb Code   386  ble_advdata.o(i.ble_advdata_encode)
    ble_advdata_parse                        0x00026eab   Thumb Code    32  ble_advdata.o(i.ble_advdata_parse)
    ble_advdata_search                       0x00026ecb   Thumb Code    56  ble_advdata.o(i.ble_advdata_search)
    ble_advertising_conn_cfg_tag_set         0x00026f03   Thumb Code     6  ble_advertising.o(i.ble_advertising_conn_cfg_tag_set)
    ble_advertising_init                     0x00026f09   Thumb Code   254  ble_advertising.o(i.ble_advertising_init)
    ble_advertising_on_ble_evt               0x00027007   Thumb Code   106  ble_advertising.o(i.ble_advertising_on_ble_evt)
    ble_advertising_on_sys_evt               0x00027071   Thumb Code     2  ble_advertising.o(i.ble_advertising_on_sys_evt)
    ble_advertising_start                    0x00027073   Thumb Code   556  ble_advertising.o(i.ble_advertising_start)
    ble_conn_params_init                     0x000272a1   Thumb Code    90  ble_conn_params.o(i.ble_conn_params_init)
    ble_conn_state_conn_idx                  0x00027309   Thumb Code    18  ble_conn_state.o(i.ble_conn_state_conn_idx)
    ble_conn_state_valid                     0x0002731d   Thumb Code    16  ble_conn_state.o(i.ble_conn_state_valid)
    ble_nus_data_send                        0x000276a9   Thumb Code   102  ble_nus.o(i.ble_nus_data_send)
    ble_nus_init                             0x00027711   Thumb Code   206  ble_nus.o(i.ble_nus_init)
    ble_nus_on_ble_evt                       0x000277e5   Thumb Code   112  ble_nus.o(i.ble_nus_on_ble_evt)
    ble_srv_is_notification_enabled          0x00027855   Thumb Code     8  ble_srv_common.o(i.ble_srv_is_notification_enabled)
    bma250_soft_reset                        0x0002785d   Thumb Code     8  bma.o(i.bma250_soft_reset)
    bma255_set_bandwidth                     0x00027865   Thumb Code   128  bma.o(i.bma255_set_bandwidth)
    bma255_set_range                         0x000278e9   Thumb Code   130  bma.o(i.bma255_set_range)
    bma_init                                 0x00027971   Thumb Code    76  bma.o(i.bma_init)
    bma_lowpower                             0x000279c9   Thumb Code   118  bma.o(i.bma_lowpower)
    bsp_board_button_idx_to_pin              0x00027a49   Thumb Code     6  boards.o(i.bsp_board_button_idx_to_pin)
    bsp_board_led_invert                     0x00027a55   Thumb Code    40  boards.o(i.bsp_board_led_invert)
    bsp_board_led_off                        0x00027a81   Thumb Code    10  boards.o(i.bsp_board_led_off)
    bsp_board_led_on                         0x00027a91   Thumb Code    10  boards.o(i.bsp_board_led_on)
    bsp_board_led_state_get                  0x00027aa1   Thumb Code    36  boards.o(i.bsp_board_led_state_get)
    bsp_board_leds_off                       0x00027ac9   Thumb Code    18  boards.o(i.bsp_board_leds_off)
    bsp_board_leds_on                        0x00027adb   Thumb Code    18  boards.o(i.bsp_board_leds_on)
    bsp_board_pin_to_button_idx              0x00027aed   Thumb Code    30  boards.o(i.bsp_board_pin_to_button_idx)
    bsp_btn_ble_sleep_mode_prepare           0x00027b11   Thumb Code    30  bsp_btn_ble.o(i.bsp_btn_ble_sleep_mode_prepare)
    bsp_event_to_button_action_assign        0x00027bc1   Thumb Code    64  bsp.o(i.bsp_event_to_button_action_assign)
    bsp_indication_set                       0x00027c05   Thumb Code    20  bsp.o(i.bsp_indication_set)
    bsp_wakeup_button_enable                 0x00027de5   Thumb Code     6  bsp.o(i.bsp_wakeup_button_enable)
    characteristic_add                       0x00027dfd   Thumb Code   400  ble_srv_common.o(i.characteristic_add)
    conn_handle_list_get                     0x0002807d   Thumb Code    62  ble_conn_state.o(i.conn_handle_list_get)
    gatt_evt_handler                         0x00028219   Thumb Code    28  main.o(i.gatt_evt_handler)
    gatt_init                                0x00028239   Thumb Code    38  main.o(i.gatt_init)
    i2c_read                                 0x00028269   Thumb Code    92  iic_dmwz.o(i.i2c_read)
    i2c_read_byte                            0x000282c9   Thumb Code    76  iic_dmwz.o(i.i2c_read_byte)
    i2c_receive_ack                          0x00028315   Thumb Code    44  iic_dmwz.o(i.i2c_receive_ack)
    i2c_send_ack                             0x00028341   Thumb Code    42  iic_dmwz.o(i.i2c_send_ack)
    i2c_send_byte                            0x0002836d   Thumb Code    64  iic_dmwz.o(i.i2c_send_byte)
    i2c_start                                0x000283b1   Thumb Code    42  iic_dmwz.o(i.i2c_start)
    i2c_stop                                 0x000283db   Thumb Code    30  iic_dmwz.o(i.i2c_stop)
    i2c_write                                0x000283f9   Thumb Code    70  iic_dmwz.o(i.i2c_write)
    lowpower_timeout_handler                 0x000285dd   Thumb Code   158  main.o(i.lowpower_timeout_handler)
    main                                     0x00028691   Thumb Code   426  main.o(i.main)
    nrf_atflags_clear                        0x00028987   Thumb Code    22  nrf_atflags.o(i.nrf_atflags_clear)
    nrf_atflags_get                          0x0002899d   Thumb Code    22  nrf_atflags.o(i.nrf_atflags_get)
    nrf_atflags_set                          0x000289b3   Thumb Code    20  nrf_atflags.o(i.nrf_atflags_set)
    nrf_atomic_u32_and                       0x000289c7   Thumb Code    12  nrf_atomic.o(i.nrf_atomic_u32_and)
    nrf_atomic_u32_fetch_store               0x000289d3   Thumb Code    10  nrf_atomic.o(i.nrf_atomic_u32_fetch_store)
    nrf_atomic_u32_or                        0x000289dd   Thumb Code    12  nrf_atomic.o(i.nrf_atomic_u32_or)
    nrf_ble_gatt_att_mtu_periph_set          0x00028a0d   Thumb Code    24  nrf_ble_gatt.o(i.nrf_ble_gatt_att_mtu_periph_set)
    nrf_ble_gatt_init                        0x00028a25   Thumb Code    34  nrf_ble_gatt.o(i.nrf_ble_gatt_init)
    nrf_ble_gatt_on_ble_evt                  0x00028a49   Thumb Code   366  nrf_ble_gatt.o(i.nrf_ble_gatt_on_ble_evt)
    nrf_ble_qwr_conn_handle_assign           0x00028bbd   Thumb Code    22  nrf_ble_qwr.o(i.nrf_ble_qwr_conn_handle_assign)
    nrf_ble_qwr_init                         0x00028bd3   Thumb Code    36  nrf_ble_qwr.o(i.nrf_ble_qwr_init)
    nrf_ble_qwr_on_ble_evt                   0x00028bf7   Thumb Code   182  nrf_ble_qwr.o(i.nrf_ble_qwr_on_ble_evt)
    nrf_drv_clock_init                       0x00028ccd   Thumb Code    48  nrf_drv_clock.o(i.nrf_drv_clock_init)
    nrf_drv_clock_lfclk_release              0x00028d05   Thumb Code    42  nrf_drv_clock.o(i.nrf_drv_clock_lfclk_release)
    nrf_pwr_mgmt_init                        0x00028ec5   Thumb Code    28  nrf_pwr_mgmt.o(i.nrf_pwr_mgmt_init)
    nrf_pwr_mgmt_run                         0x00028eed   Thumb Code    64  nrf_pwr_mgmt.o(i.nrf_pwr_mgmt_run)
    nrf_pwr_mgmt_shutdown                    0x00028f31   Thumb Code    54  nrf_pwr_mgmt.o(i.nrf_pwr_mgmt_shutdown)
    nrf_sdh_ble_app_ram_start_get            0x00028f71   Thumb Code    16  nrf_sdh_ble.o(i.nrf_sdh_ble_app_ram_start_get)
    nrf_sdh_ble_default_cfg_set              0x00028f85   Thumb Code   156  nrf_sdh_ble.o(i.nrf_sdh_ble_default_cfg_set)
    nrf_sdh_ble_enable                       0x00029021   Thumb Code    14  nrf_sdh_ble.o(i.nrf_sdh_ble_enable)
    nrf_sdh_enable_request                   0x00029095   Thumb Code   102  nrf_sdh.o(i.nrf_sdh_enable_request)
    nrf_sdh_evts_poll                        0x00029109   Thumb Code    32  nrf_sdh.o(i.nrf_sdh_evts_poll)
    nrf_sdh_is_enabled                       0x0002912d   Thumb Code     6  nrf_sdh.o(i.nrf_sdh_is_enabled)
    nrf_section_iter_init                    0x00029175   Thumb Code    10  nrf_section_iter.o(i.nrf_section_iter_init)
    nrf_section_iter_next                    0x000291a3   Thumb Code    32  nrf_section_iter.o(i.nrf_section_iter_next)
    nrfx_clock_enable                        0x000291c5   Thumb Code    34  nrfx_clock.o(i.nrfx_clock_enable)
    nrfx_clock_init                          0x000291f1   Thumb Code    28  nrfx_clock.o(i.nrfx_clock_init)
    nrfx_clock_lfclk_stop                    0x00029211   Thumb Code    20  nrfx_clock.o(i.nrfx_clock_lfclk_stop)
    test_timeout_handler                     0x00029689   Thumb Code   132  main.o(i.test_timeout_handler)
    m_ram_start                              0x00029c24   Data           4  nrf_sdh_ble.o(.constdata)
    Region$$Table$$Base                      0x00029c50   Number         0  anon$$obj.o(Region$$Table)
    Region$$Table$$Limit                     0x00029c70   Number         0  anon$$obj.o(Region$$Table)
    sdh_ble_observers0$$Base                 0x00029c70   Number         0  ble_conn_state.o(sdh_ble_observers0)
    sdh_ble_observers0$$Limit                0x00029c78   Number         0  ble_conn_state.o(sdh_ble_observers0)
    sdh_ble_observers1$$Base                 0x00029c78   Number         0  main.o(sdh_ble_observers1)
    sdh_ble_observers1$$Limit                0x00029c98   Number         0  ble_conn_params.o(sdh_ble_observers1)
    sdh_ble_observers2$$Base                 0x00029c98   Number         0  main.o(sdh_ble_observers2)
    sdh_ble_observers2$$Limit                0x00029ca8   Number         0  main.o(sdh_ble_observers2)
    sdh_ble_observers3$$Base                 0x00029ca8   Number         0  main.o(sdh_ble_observers3)
    sdh_ble_observers3$$Limit                0x00029cb0   Number         0  main.o(sdh_ble_observers3)
    sdh_soc_observers0$$Base                 0x00029cb0   Number         0  nrf_drv_clock.o(sdh_soc_observers0)
    sdh_soc_observers0$$Limit                0x00029cb8   Number         0  nrf_drv_clock.o(sdh_soc_observers0)
    sdh_soc_observers1$$Base                 0x00029cb8   Number         0  main.o(sdh_soc_observers1)
    sdh_soc_observers1$$Limit                0x00029cc0   Number         0  main.o(sdh_soc_observers1)
    sdh_stack_observers0$$Base               0x00029cc0   Number         0  nrf_sdh_ble.o(sdh_stack_observers0)
    sdh_stack_observers0$$Limit              0x00029cd0   Number         0  nrf_sdh_soc.o(sdh_stack_observers0)
    sdh_state_observers0$$Base               0x00029cd0   Number         0  nrf_drv_clock.o(sdh_state_observers0)
    sdh_state_observers0$$Limit              0x00029cd8   Number         0  nrf_drv_clock.o(sdh_state_observers0)
    Image$$RW_IRAM1$$Base                    0x20002a98   Number         0  anon$$obj.o ABSOLUTE
    length                                   0x20002aa0   Data           1  main.o(.data)
    connect_flag                             0x20002aa1   Data           1  main.o(.data)
    Adv_flag                                 0x20002aa2   Data           1  main.o(.data)
    bma250Lwp_flag                           0x20002aa3   Data           1  main.o(.data)
    bma250_i                                 0x20002aa4   Data           1  main.o(.data)
    dfu_flag                                 0x20002aa5   Data           1  main.o(.data)
    con_stop_flag                            0x20002aa6   Data           1  main.o(.data)
    m_channel_id                             0x20002aa7   Data           1  main.o(.data)
    bma250_j                                 0x20002aa8   Data           2  main.o(.data)
    lowpower_timer_i                         0x20002aaa   Data           2  main.o(.data)
    num                                      0x20002aac   Data           2  main.o(.data)
    rc_n                                     0x20002ad8   Data           1  iic_dmwz.o(.data)
    send_byte                                0x20002ad9   Data           1  iic_dmwz.o(.data)
    buf_bma                                  0x20002adc   Data           4  bma.o(.data)
    p_bma255                                 0x20002ae0   Data           4  bma.o(.data)
    V_BMA255FIFOData_U8R                     0x20002ae4   Data           6  bma.o(.data)
    SystemCoreClock                          0x20002b54   Data           4  system_nrf52840.o(.data)
    uartbuf                                  0x20003518   Data          50  main.o(.bss)
    bma255                                   0x2000354c   Data          28  bma.o(.bss)
    nrf_nvic_state                           0x20003828   Data          12  app_util_platform.o(.bss)
    __initial_sp                             0x20005840   Data           0  arm_startup_nrf52840.o(STACK)



==============================================================================

Memory Map of the image

  Image Entry point : 0x00026201

  Load Region LR_IROM1 (Base: 0x00026000, Size: 0x00003d98, Max: 0x000da000, ABSOLUTE)

    Execution Region ER_IROM1 (Base: 0x00026000, Size: 0x00003cd8, Max: 0x000da000, ABSOLUTE)

    Base Addr    Size         Type   Attr      Idx    E Section Name        Object

    0x00026000   0x00000200   Data   RO         5127    RESET               arm_startup_nrf52840.o
    0x00026200   0x00000000   Code   RO         5168  * .ARM.Collect$$$$00000000  mc_w.l(entry.o)
    0x00026200   0x00000004   Code   RO         5187    .ARM.Collect$$$$00000001  mc_w.l(entry2.o)
    0x00026204   0x00000004   Code   RO         5190    .ARM.Collect$$$$00000004  mc_w.l(entry5.o)
    0x00026208   0x00000000   Code   RO         5192    .ARM.Collect$$$$00000008  mc_w.l(entry7b.o)
    0x00026208   0x00000000   Code   RO         5194    .ARM.Collect$$$$0000000A  mc_w.l(entry8b.o)
    0x00026208   0x00000008   Code   RO         5195    .ARM.Collect$$$$0000000B  mc_w.l(entry9a.o)
    0x00026210   0x00000000   Code   RO         5197    .ARM.Collect$$$$0000000D  mc_w.l(entry10a.o)
    0x00026210   0x00000000   Code   RO         5199    .ARM.Collect$$$$0000000F  mc_w.l(entry11a.o)
    0x00026210   0x00000004   Code   RO         5188    .ARM.Collect$$$$00002712  mc_w.l(entry2.o)
    0x00026214   0x000000e2   Code   RO         3994    .emb_text           nrf_atomic.o
    0x000262f6   0x00000002   PAD
    0x000262f8   0x00000024   Code   RO         5128    .text               arm_startup_nrf52840.o
    0x0002631c   0x00000062   Code   RO         5171    .text               mc_w.l(uldiv.o)
    0x0002637e   0x0000001e   Code   RO         5173    .text               mc_w.l(llshl.o)
    0x0002639c   0x00000024   Code   RO         5175    .text               mc_w.l(memcpya.o)
    0x000263c0   0x00000024   Code   RO         5177    .text               mc_w.l(memseta.o)
    0x000263e4   0x00000020   Code   RO         5201    .text               mc_w.l(llushr.o)
    0x00026404   0x00000024   Code   RO         5203    .text               mc_w.l(init.o)
    0x00026428   0x00000024   Code   RO          611    i.BMA250E_ReadReg   bma.o
    0x0002644c   0x00000026   Code   RO          613    i.BMA250E_WriteReg  bma.o
    0x00026472   0x00000016   Code   RO          615    i.BMA250_interrupt_status  bma.o
    0x00026488   0x00000020   Code   RO          616    i.BMA253_Timer_Handler  bma.o
    0x000264a8   0x00000014   Code   RO            6    i.EnterDFU          main.o
    0x000264bc   0x000001b4   Code   RO         2431    i.GPIOTE_IRQHandler  nrfx_gpiote.o
    0x00026670   0x00000016   Code   RO         3489    i.NVIC_ClearPendingIRQ  app_timer.o
    0x00026686   0x00000016   Code   RO         3490    i.NVIC_EnableIRQ    app_timer.o
    0x0002669c   0x00000016   Code   RO         3491    i.NVIC_SetPendingIRQ  app_timer.o
    0x000266b2   0x00000020   Code   RO         3492    i.NVIC_SetPriority  app_timer.o
    0x000266d2   0x00000002   PAD
    0x000266d4   0x000000a4   Code   RO         2291    i.POWER_CLOCK_IRQHandler  nrfx_clock.o
    0x00026778   0x00000024   Code   RO         3493    i.RTC1_IRQHandler   app_timer.o
    0x0002679c   0x00000046   Code   RO          477    i.SCL_              iic_dmwz.o
    0x000267e2   0x00000004   Code   RO         3494    i.SWI0_EGU0_IRQHandler  app_timer.o
    0x000267e6   0x00000004   Code   RO         4927    i.SWI2_EGU2_IRQHandler  nrf_sdh.o
    0x000267ea   0x00000002   PAD
    0x000267ec   0x000001dc   Code   RO         5136    i.SystemInit        system_nrf52840.o
    0x000269c8   0x0000000c   Code   RO         2717    i.UARTE0_UART0_IRQHandler  nrfx_prs.o
    0x000269d4   0x00000024   Code   RO         3125    i.WDT_IRQHandler    nrfx_wdt.o
    0x000269f8   0x0000000e   Code   RO         5207    i.__scatterload_copy  mc_w.l(handlers.o)
    0x00026a06   0x00000002   Code   RO         5208    i.__scatterload_null  mc_w.l(handlers.o)
    0x00026a08   0x0000000e   Code   RO         5209    i.__scatterload_zeroinit  mc_w.l(handlers.o)
    0x00026a16   0x00000002   PAD
    0x00026a18   0x00000024   Code   RO         4928    i.__sd_nvic_app_accessible_irq  nrf_sdh.o
    0x00026a3c   0x00000036   Code   RO         1044    i.advertising_buttons_configure  bsp_btn_ble.o
    0x00026a72   0x00000002   PAD
    0x00026a74   0x0000001c   Code   RO            9    i.advertising_start  main.o
    0x00026a90   0x00000030   Code   RO         3318    i.app_error_fault_handler  app_error_weak.o
    0x00026ac0   0x00000016   Code   RO         3258    i.app_error_handler_bare  app_error.o
    0x00026ad6   0x00000002   PAD
    0x00026ad8   0x00000040   Code   RO         3439    i.app_sched_execute  app_scheduler.o
    0x00026b18   0x0000002c   Code   RO         3440    i.app_sched_init    app_scheduler.o
    0x00026b44   0x00000024   Code   RO         3497    i.app_timer_create  app_timer.o
    0x00026b68   0x00000054   Code   RO         3498    i.app_timer_init    app_timer.o
    0x00026bbc   0x00000088   Code   RO         3501    i.app_timer_start   app_timer.o
    0x00026c44   0x00000020   Code   RO         3502    i.app_timer_stop    app_timer.o
    0x00026c64   0x00000048   Code   RO         3742    i.app_util_critical_region_enter  app_util_platform.o
    0x00026cac   0x00000034   Code   RO         3743    i.app_util_critical_region_exit  app_util_platform.o
    0x00026ce0   0x00000048   Code   RO         1674    i.blcm_link_ctx_get  ble_link_ctx_manager.o
    0x00026d28   0x00000182   Code   RO         1201    i.ble_advdata_encode  ble_advdata.o
    0x00026eaa   0x00000020   Code   RO         1203    i.ble_advdata_parse  ble_advdata.o
    0x00026eca   0x00000038   Code   RO         1204    i.ble_advdata_search  ble_advdata.o
    0x00026f02   0x00000006   Code   RO         1311    i.ble_advertising_conn_cfg_tag_set  ble_advertising.o
    0x00026f08   0x000000fe   Code   RO         1312    i.ble_advertising_init  ble_advertising.o
    0x00027006   0x0000006a   Code   RO         1314    i.ble_advertising_on_ble_evt  ble_advertising.o
    0x00027070   0x00000002   Code   RO         1315    i.ble_advertising_on_sys_evt  ble_advertising.o
    0x00027072   0x0000022c   Code   RO         1318    i.ble_advertising_start  ble_advertising.o
    0x0002729e   0x00000002   PAD
    0x000272a0   0x00000068   Code   RO         1430    i.ble_conn_params_init  ble_conn_params.o
    0x00027308   0x00000012   Code   RO         1517    i.ble_conn_state_conn_idx  ble_conn_state.o
    0x0002731a   0x00000002   PAD
    0x0002731c   0x00000014   Code   RO         1530    i.ble_conn_state_valid  ble_conn_state.o
    0x00027330   0x00000060   Code   RO         1207    i.ble_device_addr_encode  ble_advdata.o
    0x00027390   0x000000a8   Code   RO           11    i.ble_evt_handler   main.o
    0x00027438   0x00000070   Code   RO         1045    i.ble_evt_handler   bsp_btn_ble.o
    0x000274a8   0x000000fc   Code   RO         1432    i.ble_evt_handler   ble_conn_params.o
    0x000275a4   0x00000104   Code   RO         1531    i.ble_evt_handler   ble_conn_state.o
    0x000276a8   0x00000066   Code   RO         1897    i.ble_nus_data_send  ble_nus.o
    0x0002770e   0x00000002   PAD
    0x00027710   0x000000d4   Code   RO         1898    i.ble_nus_init      ble_nus.o
    0x000277e4   0x00000070   Code   RO         1899    i.ble_nus_on_ble_evt  ble_nus.o
    0x00027854   0x00000008   Code   RO         1703    i.ble_srv_is_notification_enabled  ble_srv_common.o
    0x0002785c   0x00000008   Code   RO          618    i.bma250_soft_reset  bma.o
    0x00027864   0x00000084   Code   RO          627    i.bma255_set_bandwidth  bma.o
    0x000278e8   0x00000088   Code   RO          629    i.bma255_set_range  bma.o
    0x00027970   0x00000058   Code   RO          631    i.bma_init          bma.o
    0x000279c8   0x00000080   Code   RO          632    i.bma_lowpower      bma.o
    0x00027a48   0x0000000c   Code   RO          810    i.bsp_board_button_idx_to_pin  boards.o
    0x00027a54   0x0000002c   Code   RO          814    i.bsp_board_led_invert  boards.o
    0x00027a80   0x00000010   Code   RO          815    i.bsp_board_led_off  boards.o
    0x00027a90   0x00000010   Code   RO          816    i.bsp_board_led_on  boards.o
    0x00027aa0   0x00000028   Code   RO          817    i.bsp_board_led_state_get  boards.o
    0x00027ac8   0x00000012   Code   RO          818    i.bsp_board_leds_off  boards.o
    0x00027ada   0x00000012   Code   RO          819    i.bsp_board_leds_on  boards.o
    0x00027aec   0x00000024   Code   RO          820    i.bsp_board_pin_to_button_idx  boards.o
    0x00027b10   0x0000001e   Code   RO         1047    i.bsp_btn_ble_sleep_mode_prepare  bsp_btn_ble.o
    0x00027b2e   0x00000002   PAD
    0x00027b30   0x00000090   Code   RO          922    i.bsp_button_event_handler  bsp.o
    0x00027bc0   0x00000044   Code   RO          926    i.bsp_event_to_button_action_assign  bsp.o
    0x00027c04   0x00000018   Code   RO          927    i.bsp_indication_set  bsp.o
    0x00027c1c   0x000001c8   Code   RO          929    i.bsp_led_indication  bsp.o
    0x00027de4   0x00000006   Code   RO          931    i.bsp_wakeup_button_enable  bsp.o
    0x00027dea   0x00000002   PAD
    0x00027dec   0x00000010   Code   RO         2434    i.channel_port_get  nrfx_gpiote.o
    0x00027dfc   0x00000190   Code   RO         1705    i.characteristic_add  ble_srv_common.o
    0x00027f8c   0x00000028   Code   RO         1954    i.clock_clk_started_notify  nrf_drv_clock.o
    0x00027fb4   0x0000001c   Code   RO         1955    i.clock_irq_handler  nrf_drv_clock.o
    0x00027fd0   0x000000ac   Code   RO         3504    i.compare_reg_update  app_timer.o
    0x0002807c   0x0000003e   Code   RO         1532    i.conn_handle_list_get  ble_conn_state.o
    0x000280ba   0x00000088   Code   RO         1208    i.conn_int_encode   ble_advdata.o
    0x00028142   0x00000004   Code   RO           13    i.conn_params_error_handler  main.o
    0x00028146   0x00000002   PAD
    0x00028148   0x00000048   Code   RO         1433    i.conn_params_negotiation  ble_conn_params.o
    0x00028190   0x0000001e   Code   RO         1763    i.data_length_update  nrf_ble_gatt.o
    0x000281ae   0x00000002   PAD
    0x000281b0   0x00000040   Code   RO         3505    i.elapsed_ticks_acquire  app_timer.o
    0x000281f0   0x00000028   Code   RO         1320    i.flags_set         ble_advertising.o
    0x00028218   0x00000020   Code   RO           14    i.gatt_evt_handler  main.o
    0x00028238   0x00000030   Code   RO           15    i.gatt_init         main.o
    0x00028268   0x00000060   Code   RO          478    i.i2c_read          iic_dmwz.o
    0x000282c8   0x0000004c   Code   RO          479    i.i2c_read_byte     iic_dmwz.o
    0x00028314   0x0000002c   Code   RO          480    i.i2c_receive_ack   iic_dmwz.o
    0x00028340   0x0000002a   Code   RO          481    i.i2c_send_ack      iic_dmwz.o
    0x0002836a   0x00000002   PAD
    0x0002836c   0x00000044   Code   RO          482    i.i2c_send_byte     iic_dmwz.o
    0x000283b0   0x0000002a   Code   RO          483    i.i2c_start         iic_dmwz.o
    0x000283da   0x0000001e   Code   RO          484    i.i2c_stop          iic_dmwz.o
    0x000283f8   0x0000004c   Code   RO          485    i.i2c_write         iic_dmwz.o
    0x00028444   0x00000014   Code   RO         1434    i.instance_get      ble_conn_params.o
    0x00028458   0x00000044   Code   RO         1435    i.is_conn_params_ok  ble_conn_params.o
    0x0002849c   0x00000030   Code   RO          933    i.leds_off          bsp.o
    0x000284cc   0x00000018   Code   RO         1764    i.link_init         nrf_ble_gatt.o
    0x000284e4   0x000000f8   Code   RO         3506    i.list_insertions_handler  app_timer.o
    0x000285dc   0x000000b4   Code   RO           16    i.lowpower_timeout_handler  main.o
    0x00028690   0x000001ec   Code   RO           17    i.main              main.o
    0x0002887c   0x00000064   Code   RO         1209    i.manuf_specific_data_encode  ble_advdata.o
    0x000288e0   0x000000a6   Code   RO         1210    i.name_encode       ble_advdata.o
    0x00028986   0x00000016   Code   RO         3928    i.nrf_atflags_clear  nrf_atflags.o
    0x0002899c   0x00000016   Code   RO         3933    i.nrf_atflags_get   nrf_atflags.o
    0x000289b2   0x00000014   Code   RO         3935    i.nrf_atflags_set   nrf_atflags.o
    0x000289c6   0x0000000c   Code   RO         4000    i.nrf_atomic_u32_and  nrf_atomic.o
    0x000289d2   0x0000000a   Code   RO         4005    i.nrf_atomic_u32_fetch_store  nrf_atomic.o
    0x000289dc   0x0000000c   Code   RO         4009    i.nrf_atomic_u32_or  nrf_atomic.o
    0x000289e8   0x00000010   Code   RO         2435    i.nrf_bitmask_bit_is_set  nrfx_gpiote.o
    0x000289f8   0x00000014   Code   RO         2436    i.nrf_bitmask_bit_set  nrfx_gpiote.o
    0x00028a0c   0x00000018   Code   RO         1766    i.nrf_ble_gatt_att_mtu_periph_set  nrf_ble_gatt.o
    0x00028a24   0x00000022   Code   RO         1770    i.nrf_ble_gatt_init  nrf_ble_gatt.o
    0x00028a46   0x00000002   PAD
    0x00028a48   0x00000174   Code   RO         1771    i.nrf_ble_gatt_on_ble_evt  nrf_ble_gatt.o
    0x00028bbc   0x00000016   Code   RO         1853    i.nrf_ble_qwr_conn_handle_assign  nrf_ble_qwr.o
    0x00028bd2   0x00000024   Code   RO         1854    i.nrf_ble_qwr_init  nrf_ble_qwr.o
    0x00028bf6   0x000000b6   Code   RO         1855    i.nrf_ble_qwr_on_ble_evt  nrf_ble_qwr.o
    0x00028cac   0x0000000e   Code   RO         2292    i.nrf_clock_event_check  nrfx_clock.o
    0x00028cba   0x00000010   Code   RO         2293    i.nrf_clock_event_clear  nrfx_clock.o
    0x00028cca   0x00000002   PAD
    0x00028ccc   0x00000038   Code   RO         1962    i.nrf_drv_clock_init  nrf_drv_clock.o
    0x00028d04   0x00000030   Code   RO         1966    i.nrf_drv_clock_lfclk_release  nrf_drv_clock.o
    0x00028d34   0x00000032   Code   RO          486    i.nrf_gpio_cfg      iic_dmwz.o
    0x00028d66   0x00000012   Code   RO          487    i.nrf_gpio_cfg_input  iic_dmwz.o
    0x00028d78   0x00000014   Code   RO          488    i.nrf_gpio_cfg_output  iic_dmwz.o
    0x00028d8c   0x00000030   Code   RO         2439    i.nrf_gpio_cfg_sense_set  nrfx_gpiote.o
    0x00028dbc   0x00000014   Code   RO          489    i.nrf_gpio_pin_clear  iic_dmwz.o
    0x00028dd0   0x0000001c   Code   RO          490    i.nrf_gpio_pin_port_decode  iic_dmwz.o
    0x00028dec   0x0000001c   Code   RO          823    i.nrf_gpio_pin_port_decode  boards.o
    0x00028e08   0x0000001c   Code   RO         2441    i.nrf_gpio_pin_port_decode  nrfx_gpiote.o
    0x00028e24   0x00000016   Code   RO          491    i.nrf_gpio_pin_read  iic_dmwz.o
    0x00028e3a   0x00000014   Code   RO          492    i.nrf_gpio_pin_set  iic_dmwz.o
    0x00028e4e   0x00000026   Code   RO          824    i.nrf_gpio_pin_write  boards.o
    0x00028e74   0x0000002c   Code   RO         2444    i.nrf_gpio_ports_read  nrfx_gpiote.o
    0x00028ea0   0x00000014   Code   RO         2445    i.nrf_gpiote_event_clear  nrfx_gpiote.o
    0x00028eb4   0x00000010   Code   RO         2446    i.nrf_gpiote_event_is_set  nrfx_gpiote.o
    0x00028ec4   0x00000028   Code   RO         4331    i.nrf_pwr_mgmt_init  nrf_pwr_mgmt.o
    0x00028eec   0x00000044   Code   RO         4332    i.nrf_pwr_mgmt_run  nrf_pwr_mgmt.o
    0x00028f30   0x0000003c   Code   RO         4333    i.nrf_pwr_mgmt_shutdown  nrf_pwr_mgmt.o
    0x00028f6c   0x00000004   Code   RO           18    i.nrf_qwr_error_handler  main.o
    0x00028f70   0x00000014   Code   RO         5045    i.nrf_sdh_ble_app_ram_start_get  nrf_sdh_ble.o
    0x00028f84   0x0000009c   Code   RO         5046    i.nrf_sdh_ble_default_cfg_set  nrf_sdh_ble.o
    0x00029020   0x00000014   Code   RO         5047    i.nrf_sdh_ble_enable  nrf_sdh_ble.o
    0x00029034   0x00000060   Code   RO         5048    i.nrf_sdh_ble_evts_poll  nrf_sdh_ble.o
    0x00029094   0x00000074   Code   RO         4930    i.nrf_sdh_enable_request  nrf_sdh.o
    0x00029108   0x00000024   Code   RO         4931    i.nrf_sdh_evts_poll  nrf_sdh.o
    0x0002912c   0x0000000c   Code   RO         4932    i.nrf_sdh_is_enabled  nrf_sdh.o
    0x00029138   0x0000003c   Code   RO         5096    i.nrf_sdh_soc_evts_poll  nrf_sdh_soc.o
    0x00029174   0x0000000a   Code   RO         4466    i.nrf_section_iter_init  nrf_section_iter.o
    0x0002917e   0x00000024   Code   RO         4467    i.nrf_section_iter_item_set  nrf_section_iter.o
    0x000291a2   0x00000020   Code   RO         4468    i.nrf_section_iter_next  nrf_section_iter.o
    0x000291c2   0x00000002   PAD
    0x000291c4   0x0000002c   Code   RO         2299    i.nrfx_clock_enable  nrfx_clock.o
    0x000291f0   0x00000020   Code   RO         2302    i.nrfx_clock_init   nrfx_clock.o
    0x00029210   0x0000001c   Code   RO         2305    i.nrfx_clock_lfclk_stop  nrfx_clock.o
    0x0002922c   0x00000010   Code   RO         3507    i.nrfx_coredep_delay_us  app_timer.o
    0x0002923c   0x00000050   Code   RO           19    i.nus_data_handler  main.o
    0x0002928c   0x00000024   Code   RO           20    i.on_adv_evt        main.o
    0x000292b0   0x0000001c   Code   RO           21    i.on_conn_params_evt  main.o
    0x000292cc   0x0000006a   Code   RO         1900    i.on_connect        ble_nus.o
    0x00029336   0x00000084   Code   RO         1901    i.on_write          ble_nus.o
    0x000293ba   0x00000016   Code   RO         1321    i.phy_is_valid      ble_advertising.o
    0x000293d0   0x0000003c   Code   RO         3508    i.rtc1_stop         app_timer.o
    0x0002940c   0x00000050   Code   RO         1969    i.sd_state_evt_handler  nrf_drv_clock.o
    0x0002945c   0x00000030   Code   RO         4937    i.sdh_request_observer_notify  nrf_sdh.o
    0x0002948c   0x0000002c   Code   RO         4938    i.sdh_state_observer_notify  nrf_sdh.o
    0x000294b8   0x00000010   Code   RO         1436    i.send_error_evt    ble_conn_params.o
    0x000294c8   0x00000088   Code   RO         1211    i.service_data_encode  ble_advdata.o
    0x00029550   0x00000030   Code   RO         1707    i.set_security_req  ble_srv_common.o
    0x00029580   0x00000070   Code   RO         4334    i.shutdown_process  nrf_pwr_mgmt.o
    0x000295f0   0x00000028   Code   RO           22    i.sleep_mode_enter  main.o
    0x00029618   0x00000018   Code   RO         1970    i.soc_evt_handler   nrf_drv_clock.o
    0x00029630   0x00000058   Code   RO         4940    i.softdevices_evt_irq_enable  nrf_sdh.o
    0x00029688   0x00000090   Code   RO           23    i.test_timeout_handler  main.o
    0x00029718   0x00000080   Code   RO         3509    i.timer_list_handler  app_timer.o
    0x00029798   0x0000003c   Code   RO         3510    i.timer_list_insert  app_timer.o
    0x000297d4   0x00000060   Code   RO         3511    i.timer_list_remove  app_timer.o
    0x00029834   0x00000048   Code   RO         3512    i.timer_stop_op_schedule  app_timer.o
    0x0002987c   0x00000074   Code   RO         3513    i.timer_timeouts_check  app_timer.o
    0x000298f0   0x0000000a   Code   RO         1212    i.uint16_encode     ble_advdata.o
    0x000298fa   0x00000002   PAD
    0x000298fc   0x00000068   Code   RO         1437    i.update_timeout_handler  ble_conn_params.o
    0x00029964   0x00000018   Code   RO         1322    i.use_whitelist     ble_advertising.o
    0x0002997c   0x00000024   Code   RO         1856    i.user_mem_reply    nrf_ble_qwr.o
    0x000299a0   0x00000030   Code   RO         3514    i.user_op_alloc     app_timer.o
    0x000299d0   0x00000030   Code   RO         1213    i.uuid_list_encode  ble_advdata.o
    0x00029a00   0x0000009e   Code   RO         1214    i.uuid_list_sized_encode  ble_advdata.o
    0x00029a9e   0x00000002   PAD
    0x00029aa0   0x0000004c   Code   RO          935    i.wakeup_button_cfg  bsp.o
    0x00029aec   0x00000024   Data   RO           29    .constdata          main.o
    0x00029b10   0x00000008   Data   RO          825    .constdata          boards.o
    0x00029b18   0x0000002c   Data   RO          940    .constdata          bsp.o
    0x00029b44   0x00000016   Data   RO         1772    .constdata          nrf_ble_gatt.o
    0x00029b5a   0x00000002   PAD
    0x00029b5c   0x00000010   Data   RO         1902    .constdata          ble_nus.o
    0x00029b6c   0x00000008   Data   RO         2475    .constdata          nrfx_gpiote.o
    0x00029b74   0x0000000c   PAD
    0x00029b80   0x00000006   Data   RO         3516    .constdata          app_timer.o
    0x00029b86   0x00000002   PAD
    0x00029b88   0x00000018   Data   RO         4336    .constdata          nrf_pwr_mgmt.o
    0x00029ba0   0x0000000c   Data   RO         4337    .constdata          nrf_pwr_mgmt.o
    0x00029bac   0x00000010   Data   RO         4941    .constdata          nrf_sdh.o
    0x00029bbc   0x00000028   Data   RO         4942    .constdata          nrf_sdh.o
    0x00029be4   0x00000010   Data   RO         4943    .constdata          nrf_sdh.o
    0x00029bf4   0x00000010   Data   RO         4944    .constdata          nrf_sdh.o
    0x00029c04   0x00000020   Data   RO         5049    .constdata          nrf_sdh_ble.o
    0x00029c24   0x00000010   Data   RO         5050    .constdata          nrf_sdh_ble.o
    0x00029c34   0x00000010   Data   RO         5097    .constdata          nrf_sdh_soc.o
    0x00029c44   0x0000000c   Data   RO         5098    .constdata          nrf_sdh_soc.o
    0x00029c50   0x00000020   Data   RO         5205    Region$$Table       anon$$obj.o
    0x00029c70   0x00000008   Data   RO         1536    sdh_ble_observers0  ble_conn_state.o
    0x00029c78   0x00000010   Data   RO           33    sdh_ble_observers1  main.o
    0x00029c88   0x00000008   Data   RO         1049    sdh_ble_observers1  bsp_btn_ble.o
    0x00029c90   0x00000008   Data   RO         1440    sdh_ble_observers1  ble_conn_params.o
    0x00029c98   0x00000010   Data   RO           34    sdh_ble_observers2  main.o
    0x00029ca8   0x00000008   Data   RO           35    sdh_ble_observers3  main.o
    0x00029cb0   0x00000008   Data   RO         1976    sdh_soc_observers0  nrf_drv_clock.o
    0x00029cb8   0x00000008   Data   RO           36    sdh_soc_observers1  main.o
    0x00029cc0   0x00000008   Data   RO         5052    sdh_stack_observers0  nrf_sdh_ble.o
    0x00029cc8   0x00000008   Data   RO         5099    sdh_stack_observers0  nrf_sdh_soc.o
    0x00029cd0   0x00000008   Data   RO         1977    sdh_state_observers0  nrf_drv_clock.o


    Execution Region RW_IRAM1 (Base: 0x20002a98, Size: 0x00002da8, Max: 0x0003d568, ABSOLUTE)

    Base Addr    Size         Type   Attr      Idx    E Section Name        Object

    0x20002a98   0x00000008   Data   RW           30    .data               main.o
    0x20002aa0   0x00000034   Data   RW           31    .data               main.o
    0x20002ad4   0x00000004   Data   RW           32    .data               main.o
    0x20002ad8   0x00000002   Data   RW          493    .data               iic_dmwz.o
    0x20002ada   0x00000002   PAD
    0x20002adc   0x0000000e   Data   RW          635    .data               bma.o
    0x20002aea   0x00000002   PAD
    0x20002aec   0x00000010   Data   RW          941    .data               bsp.o
    0x20002afc   0x00000008   Data   RW         1048    .data               bsp_btn_ble.o
    0x20002b04   0x00000008   Data   RW         1439    .data               ble_conn_params.o
    0x20002b0c   0x00000008   Data   RW         2309    .data               nrfx_clock.o
    0x20002b14   0x00000008   Data   RW         2722    .data               nrfx_prs.o
    0x20002b1c   0x00000008   Data   RW         3133    .data               nrfx_wdt.o
    0x20002b24   0x00000010   Data   RW         3442    .data               app_scheduler.o
    0x20002b34   0x00000014   Data   RW         3517    .data               app_timer.o
    0x20002b48   0x00000008   Data   RW         4338    .data               nrf_pwr_mgmt.o
    0x20002b50   0x00000003   Data   RW         4945    .data               nrf_sdh.o
    0x20002b53   0x00000001   Data   RW         5051    .data               nrf_sdh_ble.o
    0x20002b54   0x00000004   Data   RW         5137    .data               system_nrf52840.o
    0x20002b58   0x00000020   Zero   RW           26    .bss                main.o
    0x20002b78   0x00000020   Zero   RW           27    .bss                main.o
    0x20002b98   0x000009b2   Zero   RW           28    .bss                main.o
    0x2000354a   0x00000002   PAD
    0x2000354c   0x0000001c   Zero   RW          633    .bss                bma.o
    0x20003568   0x00000020   Zero   RW          936    .bss                bsp.o
    0x20003588   0x00000020   Zero   RW          937    .bss                bsp.o
    0x200035a8   0x0000000c   Zero   RW          938    .bss                bsp.o
    0x200035b4   0x00000020   Zero   RW          939    .bss                bsp.o
    0x200035d4   0x00000050   Zero   RW         1438    .bss                ble_conn_params.o
    0x20003624   0x00000078   Zero   RW         1535    .bss                ble_conn_state.o
    0x2000369c   0x00000014   Zero   RW         1971    .bss                nrf_drv_clock.o
    0x200036b0   0x0000006c   Zero   RW         2474    .bss                nrfx_gpiote.o
    0x2000371c   0x0000010c   Zero   RW         3515    .bss                app_timer.o
    0x20003828   0x0000000c   Zero   RW         3748    .bss                app_util_platform.o
    0x20003834   0x0000000c   Zero   RW         4335    .bss                nrf_pwr_mgmt.o
    0x20003840   0x00002000   Zero   RW         5125    STACK               arm_startup_nrf52840.o


==============================================================================

Image component sizes


      Code (inc. data)   RO Data    RW Data    ZI Data      Debug   Object Name

        22          0          0          0          0       2425   app_error.o
        48          8          0          0          0      30537   app_error_weak.o
       108         10          0         16          0      41563   app_scheduler.o
      1506        118          6         20        268      47535   app_timer.o
       124         14          0          0         12       9518   app_util_platform.o
        36          8        512          0       8192        936   arm_startup_nrf52840.o
      1324          0          0          0          0      60168   ble_advdata.o
      1010          6          0          0          0      18576   ble_advertising.o
       636         44          8          8         80      12483   ble_conn_params.o
       360         10          8          0        120       6791   ble_conn_state.o
        72          0          0          0          0       2772   ble_link_ctx_manager.o
       664          6         16          0          0       8420   ble_nus.o
       456          6          0          0          0       3311   ble_srv_common.o
       620         54          0         14         28     118297   bma.o
       266         38          8          0          0      11413   boards.o
       822         66         44         16        108      16476   bsp.o
       196          6          8          8          0      83417   bsp_btn_ble.o
       722         20          0          2          0      14979   iic_dmwz.o
      1304        148         84         64       2546     198397   main.o
        64          0          0          0          0       2904   nrf_atflags.o
       260          0          0          0          0       4405   nrf_atomic.o
       484          6         22          0          0      35416   nrf_ble_gatt.o
       276          0          0          0          0       6125   nrf_ble_qwr.o
       276         34         16          0         20      39730   nrf_drv_clock.o
       280         44         36          8         12      39277   nrf_pwr_mgmt.o
       384         46         88          3          0      38947   nrf_sdh.o
       292         18         56          1          0       5479   nrf_sdh_ble.o
        60          4         36          0          0       2308   nrf_sdh_soc.o
        78          0          0          0          0       2724   nrf_section_iter.o
       298         32          0          8          0      40044   nrfx_clock.o
       644         34          8          0        108      20256   nrfx_gpiote.o
        12          6          0          8          0       1998   nrfx_prs.o
        36         10          0          8          0       3909   nrfx_wdt.o
       476         60          0          4          0       2307   system_nrf52840.o

    ----------------------------------------------------------------------
     14252        856       1004        192      11496     933843   Object Totals
         0          0         32          0          0          0   (incl. Generated)
        36          0         16          4          2          0   (incl. Padding)

    ----------------------------------------------------------------------

      Code (inc. data)   RO Data    RW Data    ZI Data      Debug   Library Member Name

         0          0          0          0          0          0   entry.o
         0          0          0          0          0          0   entry10a.o
         0          0          0          0          0          0   entry11a.o
         8          4          0          0          0          0   entry2.o
         4          0          0          0          0          0   entry5.o
         0          0          0          0          0          0   entry7b.o
         0          0          0          0          0          0   entry8b.o
         8          4          0          0          0          0   entry9a.o
        30          0          0          0          0          0   handlers.o
        36          8          0          0          0         68   init.o
        30          0          0          0          0         68   llshl.o
        32          0          0          0          0         68   llushr.o
        36          0          0          0          0         68   memcpya.o
        36          0          0          0          0        108   memseta.o
        98          0          0          0          0         92   uldiv.o

    ----------------------------------------------------------------------
       320         16          0          0          0        472   Library Totals
         2          0          0          0          0          0   (incl. Padding)

    ----------------------------------------------------------------------

      Code (inc. data)   RO Data    RW Data    ZI Data      Debug   Library Name

       318         16          0          0          0        472   mc_w.l

    ----------------------------------------------------------------------
       320         16          0          0          0        472   Library Totals

    ----------------------------------------------------------------------

==============================================================================


      Code (inc. data)   RO Data    RW Data    ZI Data      Debug   

     14572        872       1004        192      11496     916463   Grand Totals
     14572        872       1004        192      11496     916463   ELF Image Totals
     14572        872       1004        192          0          0   ROM Totals

==============================================================================

    Total RO  Size (Code + RO Data)                15576 (  15.21kB)
    Total RW  Size (RW Data + ZI Data)             11688 (  11.41kB)
    Total ROM Size (Code + RO Data + RW Data)      15768 (  15.40kB)

==============================================================================

