Component: ARM Compiler 5.06 update 4 (build 422) Tool: armlink [4d35d2]

==============================================================================

Section Cross References

    main.o(i.Bluetooth_ReciveANDSend) refers to app_uart_fifo.o(i.app_uart_put) for app_uart_put
    main.o(i.Bluetooth_ReciveANDSend) refers to main.o(.data) for .data
    main.o(i.Bluetooth_ReciveANDSend) refers to main.o(.bss) for .bss
    main.o(i.assert_nrf_callback) refers to app_error_handler_keil.o(.emb_text) for app_error_handler
    main.o(i.ble_evt_handler) refers to bsp.o(i.bsp_indication_set) for bsp_indication_set
    main.o(i.ble_evt_handler) refers to app_error.o(i.app_error_handler_bare) for app_error_handler_bare
    main.o(i.ble_evt_handler) refers to nrf_ble_qwr.o(i.nrf_ble_qwr_conn_handle_assign) for nrf_ble_qwr_conn_handle_assign
    main.o(i.ble_evt_handler) refers to main.o(.data) for .data
    main.o(i.ble_evt_handler) refers to main.o(.bss) for .bss
    main.o(i.bsp_event_handler) refers to main.o(i.sleep_mode_enter) for sleep_mode_enter
    main.o(i.bsp_event_handler) refers to app_error.o(i.app_error_handler_bare) for app_error_handler_bare
    main.o(i.bsp_event_handler) refers to ble_advertising.o(i.ble_advertising_restart_without_whitelist) for ble_advertising_restart_without_whitelist
    main.o(i.bsp_event_handler) refers to main.o(.data) for .data
    main.o(i.bsp_event_handler) refers to main.o(.bss) for .bss
    main.o(i.conn_params_error_handler) refers to app_error.o(i.app_error_handler_bare) for app_error_handler_bare
    main.o(i.gatt_evt_handler) refers to main.o(.data) for .data
    main.o(i.gatt_init) refers to nrf_ble_gatt.o(i.nrf_ble_gatt_init) for nrf_ble_gatt_init
    main.o(i.gatt_init) refers to app_error.o(i.app_error_handler_bare) for app_error_handler_bare
    main.o(i.gatt_init) refers to nrf_ble_gatt.o(i.nrf_ble_gatt_att_mtu_periph_set) for nrf_ble_gatt_att_mtu_periph_set
    main.o(i.gatt_init) refers to main.o(i.gatt_evt_handler) for gatt_evt_handler
    main.o(i.gatt_init) refers to main.o(.bss) for .bss
    main.o(i.main) refers to memcpya.o(.text) for __aeabi_memcpy4
    main.o(i.main) refers to app_uart_fifo.o(i.app_uart_init) for app_uart_init
    main.o(i.main) refers to app_error.o(i.app_error_handler_bare) for app_error_handler_bare
    main.o(i.main) refers to app_timer.o(i.app_timer_init) for app_timer_init
    main.o(i.main) refers to app_timer.o(i.app_timer_create) for app_timer_create
    main.o(i.main) refers to app_scheduler.o(i.app_sched_init) for app_sched_init
    main.o(i.main) refers to nrf_pwr_mgmt.o(i.nrf_pwr_mgmt_init) for nrf_pwr_mgmt_init
    main.o(i.main) refers to nrf_sdh.o(i.nrf_sdh_enable_request) for nrf_sdh_enable_request
    main.o(i.main) refers to nrf_sdh_ble.o(i.nrf_sdh_ble_default_cfg_set) for nrf_sdh_ble_default_cfg_set
    main.o(i.main) refers to nrf_sdh_ble.o(i.nrf_sdh_ble_enable) for nrf_sdh_ble_enable
    main.o(i.main) refers to main.o(i.gatt_init) for gatt_init
    main.o(i.main) refers to nrf_ble_qwr.o(i.nrf_ble_qwr_init) for nrf_ble_qwr_init
    main.o(i.main) refers to ble_nus.o(i.ble_nus_init) for ble_nus_init
    main.o(i.main) refers to memseta.o(.text) for __aeabi_memclr4
    main.o(i.main) refers to ble_advertising.o(i.ble_advertising_init) for ble_advertising_init
    main.o(i.main) refers to ble_advertising.o(i.ble_advertising_conn_cfg_tag_set) for ble_advertising_conn_cfg_tag_set
    main.o(i.main) refers to ble_conn_params.o(i.ble_conn_params_init) for ble_conn_params_init
    main.o(i.main) refers to printfb.o(i.__0printf$bare) for __2printf
    main.o(i.main) refers to ble_advertising.o(i.ble_advertising_start) for ble_advertising_start
    main.o(i.main) refers to bma.o(i.bma_init) for bma_init
    main.o(i.main) refers to app_timer.o(i.app_timer_start) for app_timer_start
    main.o(i.main) refers to app_scheduler.o(i.app_sched_execute) for app_sched_execute
    main.o(i.main) refers to nrf_pwr_mgmt.o(i.nrf_pwr_mgmt_run) for nrf_pwr_mgmt_run
    main.o(i.main) refers to main.o(.constdata) for .constdata
    main.o(i.main) refers to main.o(.bss) for .bss
    main.o(i.main) refers to main.o(i.uart_event_handle) for uart_event_handle
    main.o(i.main) refers to main.o(i.test_timeout_handler) for test_timeout_handler
    main.o(i.main) refers to main.o(i.nrf_qwr_error_handler) for nrf_qwr_error_handler
    main.o(i.main) refers to main.o(i.nus_data_handler) for nus_data_handler
    main.o(i.main) refers to main.o(.data) for .data
    main.o(i.main) refers to main.o(i.on_adv_evt) for on_adv_evt
    main.o(i.main) refers to main.o(i.on_conn_params_evt) for on_conn_params_evt
    main.o(i.main) refers to main.o(i.conn_params_error_handler) for conn_params_error_handler
    main.o(i.nrf_qwr_error_handler) refers to app_error.o(i.app_error_handler_bare) for app_error_handler_bare
    main.o(i.nus_data_handler) refers to memcpya.o(.text) for __aeabi_memcpy
[...]
    i.nrf_uarte_event_clear                  0x00029556   Section        0  nrfx_uarte.o(i.nrf_uarte_event_clear)
    nrf_uarte_event_clear                    0x00029557   Thumb Code    12  nrfx_uarte.o(i.nrf_uarte_event_clear)
    i.nrfx_clock_enable                      0x00029564   Section        0  nrfx_clock.o(i.nrfx_clock_enable)
    i.nrfx_clock_init                        0x00029590   Section        0  nrfx_clock.o(i.nrfx_clock_init)
    i.nrfx_clock_lfclk_stop                  0x000295b0   Section        0  nrfx_clock.o(i.nrfx_clock_lfclk_stop)
    i.nrfx_coredep_delay_us                  0x000295cc   Section        0  iic_dmwz.o(i.nrfx_coredep_delay_us)
    nrfx_coredep_delay_us                    0x000295cd   Thumb Code    12  iic_dmwz.o(i.nrfx_coredep_delay_us)
    i.nrfx_coredep_delay_us                  0x000295dc   Section        0  app_timer.o(i.nrfx_coredep_delay_us)
    nrfx_coredep_delay_us                    0x000295dd   Thumb Code    12  app_timer.o(i.nrfx_coredep_delay_us)
    i.nrfx_is_in_ram                         0x000295ec   Section        0  nrfx_uarte.o(i.nrfx_is_in_ram)
    nrfx_is_in_ram                           0x000295ed   Thumb Code    16  nrfx_uarte.o(i.nrfx_is_in_ram)
    i.nrfx_prs_acquire                       0x000295fc   Section        0  nrfx_prs.o(i.nrfx_prs_acquire)
    i.nrfx_uart_0_irq_handler                0x00029638   Section        0  nrfx_uart.o(i.nrfx_uart_0_irq_handler)
    i.nrfx_uart_init                         0x00029648   Section        0  nrfx_uart.o(i.nrfx_uart_init)
    i.nrfx_uart_rx                           0x00029718   Section        0  nrfx_uart.o(i.nrfx_uart_rx)
    i.nrfx_uart_tx                           0x00029804   Section        0  nrfx_uart.o(i.nrfx_uart_tx)
    i.nrfx_uart_tx_in_progress               0x000298a8   Section        0  nrfx_uart.o(i.nrfx_uart_tx_in_progress)
    i.nrfx_uarte_0_irq_handler               0x000298c8   Section        0  nrfx_uarte.o(i.nrfx_uarte_0_irq_handler)
    i.nrfx_uarte_init                        0x000298d8   Section        0  nrfx_uarte.o(i.nrfx_uarte_init)
    i.nrfx_uarte_rx                          0x00029944   Section        0  nrfx_uarte.o(i.nrfx_uarte_rx)
    i.nrfx_uarte_tx                          0x00029a48   Section        0  nrfx_uarte.o(i.nrfx_uarte_tx)
    i.nrfx_uarte_tx_in_progress              0x00029ad8   Section        0  nrfx_uarte.o(i.nrfx_uarte_tx_in_progress)
    i.nus_data_handler                       0x00029af4   Section        0  main.o(i.nus_data_handler)
    nus_data_handler                         0x00029af5   Thumb Code    62  main.o(i.nus_data_handler)
    i.on_adv_evt                             0x00029b40   Section        0  main.o(i.on_adv_evt)
    on_adv_evt                               0x00029b41   Thumb Code    36  main.o(i.on_adv_evt)
    i.on_conn_params_evt                     0x00029b64   Section        0  main.o(i.on_conn_params_evt)
    on_conn_params_evt                       0x00029b65   Thumb Code    24  main.o(i.on_conn_params_evt)
    i.on_connect                             0x00029b80   Section        0  ble_nus.o(i.on_connect)
    on_connect                               0x00029b81   Thumb Code   106  ble_nus.o(i.on_connect)
    i.on_write                               0x00029bea   Section        0  ble_nus.o(i.on_write)
    on_write                                 0x00029beb   Thumb Code   132  ble_nus.o(i.on_write)
    i.phy_is_valid                           0x00029c6e   Section        0  ble_advertising.o(i.phy_is_valid)
    phy_is_valid                             0x00029c6f   Thumb Code    22  ble_advertising.o(i.phy_is_valid)
    i.prs_box_get                            0x00029c84   Section        0  nrfx_prs.o(i.prs_box_get)
    prs_box_get                              0x00029c85   Thumb Code    14  nrfx_prs.o(i.prs_box_get)
    i.rtc1_stop                              0x00029c9c   Section        0  app_timer.o(i.rtc1_stop)
    rtc1_stop                                0x00029c9d   Thumb Code    52  app_timer.o(i.rtc1_stop)
    i.rx_byte                                0x00029cd8   Section        0  nrfx_uart.o(i.rx_byte)
    rx_byte                                  0x00029cd9   Thumb Code    50  nrfx_uart.o(i.rx_byte)
    i.rx_done_event                          0x00029d0a   Section        0  nrfx_uart.o(i.rx_done_event)
    rx_done_event                            0x00029d0b   Thumb Code    22  nrfx_uart.o(i.rx_done_event)
    i.rx_done_event                          0x00029d20   Section        0  nrfx_uarte.o(i.rx_done_event)
    rx_done_event                            0x00029d21   Thumb Code    22  nrfx_uarte.o(i.rx_done_event)
    i.rx_enable                              0x00029d36   Section        0  nrfx_uart.o(i.rx_enable)
    rx_enable                                0x00029d37   Thumb Code    32  nrfx_uart.o(i.rx_enable)
    i.sd_state_evt_handler                   0x00029d58   Section        0  nrf_drv_clock.o(i.sd_state_evt_handler)
    sd_state_evt_handler                     0x00029d59   Thumb Code    76  nrf_drv_clock.o(i.sd_state_evt_handler)
    i.sdh_request_observer_notify            0x00029da8   Section        0  nrf_sdh.o(i.sdh_request_observer_notify)
    sdh_request_observer_notify              0x00029da9   Thumb Code    44  nrf_sdh.o(i.sdh_request_observer_notify)
    i.sdh_state_observer_notify              0x00029dd8   Section        0  nrf_sdh.o(i.sdh_state_observer_notify)
    sdh_state_observer_notify                0x00029dd9   Thumb Code    38  nrf_sdh.o(i.sdh_state_observer_notify)
    i.send_error_evt                         0x00029e04   Section        0  ble_conn_params.o(i.send_error_evt)
    send_error_evt                           0x00029e05   Thumb Code    12  ble_conn_params.o(i.send_error_evt)
    i.service_data_encode                    0x00029e14   Section        0  ble_advdata.o(i.service_data_encode)
    service_data_encode                      0x00029e15   Thumb Code   136  ble_advdata.o(i.service_data_encode)
    i.set_security_req                       0x00029e9c   Section        0  ble_srv_common.o(i.set_security_req)
    set_security_req                         0x00029e9d   Thumb Code    48  ble_srv_common.o(i.set_security_req)
    i.sleep_mode_enter                       0x00029ecc   Section        0  main.o(i.sleep_mode_enter)
    sleep_mode_enter                         0x00029ecd   Thumb Code    40  main.o(i.sleep_mode_enter)
    i.soc_evt_handler                        0x00029ef4   Section        0  nrf_drv_clock.o(i.soc_evt_handler)
    soc_evt_handler                          0x00029ef5   Thumb Code    18  nrf_drv_clock.o(i.soc_evt_handler)
    i.softdevices_evt_irq_enable             0x00029f0c   Section        0  nrf_sdh.o(i.softdevices_evt_irq_enable)
    softdevices_evt_irq_enable               0x00029f0d   Thumb Code    80  nrf_sdh.o(i.softdevices_evt_irq_enable)
    i.test_timeout_handler                   0x00029f64   Section        0  main.o(i.test_timeout_handler)
    i.timer_list_handler                     0x00029f90   Section        0  app_timer.o(i.timer_list_handler)
    timer_list_handler                       0x00029f91   Thumb Code   122  app_timer.o(i.timer_list_handler)
    i.timer_list_insert                      0x0002a010   Section        0  app_timer.o(i.timer_list_insert)
    timer_list_insert                        0x0002a011   Thumb Code    56  app_timer.o(i.timer_list_insert)
    i.timer_list_remove                      0x0002a04c   Section        0  app_timer.o(i.timer_list_remove)
    timer_list_remove                        0x0002a04d   Thumb Code    88  app_timer.o(i.timer_list_remove)
    i.timer_stop_op_schedule                 0x0002a0ac   Section        0  app_timer.o(i.timer_stop_op_schedule)
    timer_stop_op_schedule                   0x0002a0ad   Thumb Code    68  app_timer.o(i.timer_stop_op_schedule)
    i.timer_timeouts_check                   0x0002a0f4   Section        0  app_timer.o(i.timer_timeouts_check)
    timer_timeouts_check                     0x0002a0f5   Thumb Code   106  app_timer.o(i.timer_timeouts_check)
    i.tx_byte                                0x0002a168   Section        0  nrfx_uart.o(i.tx_byte)
    tx_byte                                  0x0002a169   Thumb Code    32  nrfx_uart.o(i.tx_byte)
    i.tx_done_event                          0x0002a188   Section        0  nrfx_uart.o(i.tx_done_event)
    tx_done_event                            0x0002a189   Thumb Code    26  nrfx_uart.o(i.tx_done_event)
    i.uart_event_handle                      0x0002a1a4   Section        0  main.o(i.uart_event_handle)
    i.uart_event_handler                     0x0002a208   Section        0  app_uart_fifo.o(i.uart_event_handler)
    uart_event_handler                       0x0002a209   Thumb Code   152  app_uart_fifo.o(i.uart_event_handler)
    i.uart_evt_handler                       0x0002a2a8   Section        0  nrf_drv_uart.o(i.uart_evt_handler)
    uart_evt_handler                         0x0002a2a9   Thumb Code    42  nrf_drv_uart.o(i.uart_evt_handler)
    i.uart_irq_handler                       0x0002a2d8   Section        0  nrfx_uart.o(i.uart_irq_handler)
    uart_irq_handler                         0x0002a2d9   Thumb Code   296  nrfx_uart.o(i.uart_irq_handler)
    i.uarte_evt_handler                      0x0002a400   Section        0  nrf_drv_uart.o(i.uarte_evt_handler)
    uarte_evt_handler                        0x0002a401   Thumb Code    42  nrf_drv_uart.o(i.uarte_evt_handler)
    i.uarte_irq_handler                      0x0002a430   Section        0  nrfx_uarte.o(i.uarte_irq_handler)
    uarte_irq_handler                        0x0002a431   Thumb Code   242  nrfx_uarte.o(i.uarte_irq_handler)
    i.uint16_encode                          0x0002a522   Section        0  ble_advdata.o(i.uint16_encode)
    uint16_encode                            0x0002a523   Thumb Code    10  ble_advdata.o(i.uint16_encode)
    i.update_timeout_handler                 0x0002a52c   Section        0  ble_conn_params.o(i.update_timeout_handler)
    update_timeout_handler                   0x0002a52d   Thumb Code    98  ble_conn_params.o(i.update_timeout_handler)
    i.use_whitelist                          0x0002a594   Section        0  ble_advertising.o(i.use_whitelist)
    use_whitelist                            0x0002a595   Thumb Code    24  ble_advertising.o(i.use_whitelist)
    i.user_mem_reply                         0x0002a5ac   Section        0  nrf_ble_qwr.o(i.user_mem_reply)
    user_mem_reply                           0x0002a5ad   Thumb Code    36  nrf_ble_qwr.o(i.user_mem_reply)
    i.user_op_alloc                          0x0002a5d0   Section        0  app_timer.o(i.user_op_alloc)
    user_op_alloc                            0x0002a5d1   Thumb Code    42  app_timer.o(i.user_op_alloc)
    i.uuid_list_encode                       0x0002a600   Section        0  ble_advdata.o(i.uuid_list_encode)
    uuid_list_encode                         0x0002a601   Thumb Code    48  ble_advdata.o(i.uuid_list_encode)
    i.uuid_list_sized_encode                 0x0002a630   Section        0  ble_advdata.o(i.uuid_list_sized_encode)
    uuid_list_sized_encode                   0x0002a631   Thumb Code   158  ble_advdata.o(i.uuid_list_sized_encode)
    i.wakeup_button_cfg                      0x0002a6d0   Section        0  bsp.o(i.wakeup_button_cfg)
    wakeup_button_cfg                        0x0002a6d1   Thumb Code    70  bsp.o(i.wakeup_button_cfg)
    .constdata                               0x0002a71c   Section       28  main.o(.constdata)
    m_test_timer_id                          0x0002a71c   Data           4  main.o(.constdata)
    .constdata                               0x0002a740   Section        6  iic_dmwz.o(.constdata)
    delay_machine_code                       0x0002a740   Data           6  iic_dmwz.o(.constdata)
    .constdata                               0x0002a746   Section        8  boards.o(.constdata)
    m_board_led_list                         0x0002a746   Data           4  boards.o(.constdata)
    m_board_btn_list                         0x0002a74a   Data           4  boards.o(.constdata)
    .constdata                               0x0002a750   Section       44  bsp.o(.constdata)
    m_bsp_leds_tmr                           0x0002a750   Data           4  bsp.o(.constdata)
    m_bsp_alert_tmr                          0x0002a754   Data           4  bsp.o(.constdata)
    m_bsp_button_tmr                         0x0002a758   Data           4  bsp.o(.constdata)
    app_buttons                              0x0002a75c   Data          32  bsp.o(.constdata)
    .constdata                               0x0002a77c   Section       22  nrf_ble_gatt.o(.constdata)
    .constdata                               0x0002a794   Section       16  ble_nus.o(.constdata)
    .constdata                               0x0002a7a4   Section        8  nrfx_gpiote.o(.constdata)
    .constdata                               0x0002a7ac   Section        4  nrfx_uart.o(.constdata)
    irq_handlers                             0x0002a7ac   Data           4  nrfx_uart.o(.constdata)
    .constdata                               0x0002a7b0   Section        4  nrfx_uarte.o(.constdata)
    irq_handlers                             0x0002a7b0   Data           4  nrfx_uarte.o(.constdata)
    .constdata                               0x0002a7c0   Section        6  app_timer.o(.constdata)
    delay_machine_code                       0x0002a7c0   Data           6  app_timer.o(.constdata)
    .constdata                               0x0002a7c8   Section       32  app_uart_fifo.o(.constdata)
    .constdata                               0x0002a7e8   Section       24  nrf_pwr_mgmt.o(.constdata)
    pwr_mgmt_data_array                      0x0002a7e8   Data          24  nrf_pwr_mgmt.o(.constdata)
    .constdata                               0x0002a800   Section       12  nrf_pwr_mgmt.o(.constdata)
    pwr_mgmt_data                            0x0002a800   Data          12  nrf_pwr_mgmt.o(.constdata)
    .constdata                               0x0002a80c   Section       16  nrf_sdh.o(.constdata)
    sdh_req_observers_array                  0x0002a80c   Data          16  nrf_sdh.o(.constdata)
    .constdata                               0x0002a81c   Section       40  nrf_sdh.o(.constdata)
    sdh_req_observers                        0x0002a820   Data          12  nrf_sdh.o(.constdata)
    sdh_state_observers                      0x0002a82c   Data          12  nrf_sdh.o(.constdata)
    sdh_stack_observers                      0x0002a838   Data          12  nrf_sdh.o(.constdata)
    .constdata                               0x0002a844   Section       16  nrf_sdh.o(.constdata)
    sdh_state_observers_array                0x0002a844   Data          16  nrf_sdh.o(.constdata)
    .constdata                               0x0002a854   Section       16  nrf_sdh.o(.constdata)
    sdh_stack_observers_array                0x0002a854   Data          16  nrf_sdh.o(.constdata)
    .constdata                               0x0002a864   Section       32  nrf_sdh_ble.o(.constdata)
    sdh_ble_observers_array                  0x0002a864   Data          32  nrf_sdh_ble.o(.constdata)
    .constdata                               0x0002a884   Section       16  nrf_sdh_ble.o(.constdata)
    sdh_ble_observers                        0x0002a888   Data          12  nrf_sdh_ble.o(.constdata)
    .constdata                               0x0002a894   Section       16  nrf_sdh_soc.o(.constdata)
    sdh_soc_observers_array                  0x0002a894   Data          16  nrf_sdh_soc.o(.constdata)
    .constdata                               0x0002a8a4   Section       12  nrf_sdh_soc.o(.constdata)
    sdh_soc_observers                        0x0002a8a4   Data          12  nrf_sdh_soc.o(.constdata)
    sdh_ble_observers0                       0x0002a8d0   Section        8  ble_conn_state.o(sdh_ble_observers0)
    __tagsym$$used                           0x0002a8d0   Number         0  ble_conn_state.o(sdh_ble_observers0)
    m_ble_evt_observer                       0x0002a8d0   Data           8  ble_conn_state.o(sdh_ble_observers0)
    sdh_ble_observers1                       0x0002a8d8   Section       16  main.o(sdh_ble_observers1)
    __tagsym$$used                           0x0002a8d8   Number         0  main.o(sdh_ble_observers1)
    m_gatt_obs                               0x0002a8d8   Data           8  main.o(sdh_ble_observers1)
    __tagsym$$used                           0x0002a8e0   Number         0  main.o(sdh_ble_observers1)
    m_advertising_ble_obs                    0x0002a8e0   Data           8  main.o(sdh_ble_observers1)
    sdh_ble_observers1                       0x0002a8e8   Section        8  bsp_btn_ble.o(sdh_ble_observers1)
    __tagsym$$used                           0x0002a8e8   Number         0  bsp_btn_ble.o(sdh_ble_observers1)
    m_ble_observer                           0x0002a8e8   Data           8  bsp_btn_ble.o(sdh_ble_observers1)
    sdh_ble_observers1                       0x0002a8f0   Section        8  ble_conn_params.o(sdh_ble_observers1)
    __tagsym$$used                           0x0002a8f0   Number         0  ble_conn_params.o(sdh_ble_observers1)
    m_ble_observer                           0x0002a8f0   Data           8  ble_conn_params.o(sdh_ble_observers1)
    sdh_ble_observers2                       0x0002a8f8   Section       16  main.o(sdh_ble_observers2)
    __tagsym$$used                           0x0002a8f8   Number         0  main.o(sdh_ble_observers2)
    m_nus_obs                                0x0002a8f8   Data           8  main.o(sdh_ble_observers2)
    __tagsym$$used                           0x0002a900   Number         0  main.o(sdh_ble_observers2)
    m_qwr_obs                                0x0002a900   Data           8  main.o(sdh_ble_observers2)
    sdh_ble_observers3                       0x0002a908   Section        8  main.o(sdh_ble_observers3)
    __tagsym$$used                           0x0002a908   Number         0  main.o(sdh_ble_observers3)
    m_ble_observer                           0x0002a908   Data           8  main.o(sdh_ble_observers3)
    sdh_soc_observers0                       0x0002a910   Section        8  nrf_drv_clock.o(sdh_soc_observers0)
    __tagsym$$used                           0x0002a910   Number         0  nrf_drv_clock.o(sdh_soc_observers0)
    m_soc_evt_observer                       0x0002a910   Data           8  nrf_drv_clock.o(sdh_soc_observers0)
    sdh_soc_observers1                       0x0002a918   Section        8  main.o(sdh_soc_observers1)
    __tagsym$$used                           0x0002a918   Number         0  main.o(sdh_soc_observers1)
    m_advertising_soc_obs                    0x0002a918   Data           8  main.o(sdh_soc_observers1)
    sdh_stack_observers0                     0x0002a920   Section        8  nrf_sdh_ble.o(sdh_stack_observers0)
    __tagsym$$used                           0x0002a920   Number         0  nrf_sdh_ble.o(sdh_stack_observers0)
    m_nrf_sdh_ble_evts_poll                  0x0002a920   Data           8  nrf_sdh_ble.o(sdh_stack_observers0)
    sdh_stack_observers0                     0x0002a928   Section        8  nrf_sdh_soc.o(sdh_stack_observers0)
    __tagsym$$used                           0x0002a928   Number         0  nrf_sdh_soc.o(sdh_stack_observers0)
    m_nrf_sdh_soc_evts_poll                  0x0002a928   Data           8  nrf_sdh_soc.o(sdh_stack_observers0)
    sdh_state_observers0                     0x0002a930   Section        8  nrf_drv_clock.o(sdh_state_observers0)
    __tagsym$$used                           0x0002a930   Number         0  nrf_drv_clock.o(sdh_state_observers0)
    m_sd_state_observer                      0x0002a930   Data           8  nrf_drv_clock.o(sdh_state_observers0)
    .data                                    0x20002a98   Section        8  main.o(.data)
    m_nus_link_ctx_storage                   0x20002a98   Data           8  main.o(.data)
    .data                                    0x20002aa0   Section       40  main.o(.data)
    i                                        0x20002aa1   Data           1  main.o(.data)
    index                                    0x20002aa2   Data           1  main.o(.data)
    m_conn_handle                            0x20002aa4   Data           2  main.o(.data)
    m_ble_nus_max_data_len                   0x20002aa6   Data           2  main.o(.data)
    m_adv_uuids                              0x20002aa8   Data           4  main.o(.data)
    m_nus                                    0x20002aac   Data          28  main.o(.data)
    .data                                    0x20002ac8   Section        4  main.o(.data)
    m_nus_link_ctx_storage_ctx_data_pool     0x20002ac8   Data           4  main.o(.data)
    .data                                    0x20002acc   Section        2  iic_dmwz.o(.data)
    .data                                    0x20002ad0   Section       10  bma.o(.data)
    .data                                    0x20002adc   Section       16  bsp.o(.data)
    m_stable_state                           0x20002adc   Data           1  bsp.o(.data)
    m_leds_clear                             0x20002add   Data           1  bsp.o(.data)
    m_alert_on                               0x20002ade   Data           1  bsp.o(.data)
    current_long_push_pin_no                 0x20002adf   Data           1  bsp.o(.data)
    m_indication_type                        0x20002ae0   Data           4  bsp.o(.data)
    m_registered_callback                    0x20002ae4   Data           4  bsp.o(.data)
    release_event_at_push                    0x20002ae8   Data           4  bsp.o(.data)
    .data                                    0x20002aec   Section        8  bsp_btn_ble.o(.data)
    m_error_handler                          0x20002aec   Data           4  bsp_btn_ble.o(.data)
    m_num_connections                        0x20002af0   Data           4  bsp_btn_ble.o(.data)
    .data                                    0x20002af4   Section        8  ble_conn_params.o(.data)
    m_preferred_conn_params                  0x20002af4   Data           8  ble_conn_params.o(.data)
    .data                                    0x20002afc   Section       20  nrf_drv_uart.o(.data)
    m_handlers                               0x20002b00   Data           8  nrf_drv_uart.o(.data)
    m_contexts                               0x20002b08   Data           8  nrf_drv_uart.o(.data)
    .data                                    0x20002b10   Section        8  nrfx_clock.o(.data)
    m_clock_cb                               0x20002b10   Data           8  nrfx_clock.o(.data)
    .data                                    0x20002b18   Section        8  nrfx_prs.o(.data)
    m_prs_box_4                              0x20002b18   Data           8  nrfx_prs.o(.data)
    .data                                    0x20002b20   Section       16  app_scheduler.o(.data)
    m_queue_start_index                      0x20002b20   Data           1  app_scheduler.o(.data)
    m_queue_end_index                        0x20002b21   Data           1  app_scheduler.o(.data)
    m_queue_event_size                       0x20002b22   Data           2  app_scheduler.o(.data)
    m_queue_size                             0x20002b24   Data           2  app_scheduler.o(.data)
    m_queue_event_headers                    0x20002b28   Data           4  app_scheduler.o(.data)
    m_queue_event_data                       0x20002b2c   Data           4  app_scheduler.o(.data)
    .data                                    0x20002b30   Section       20  app_timer.o(.data)
    m_ticks_elapsed_q_read_ind               0x20002b30   Data           1  app_timer.o(.data)
    m_ticks_elapsed_q_write_ind              0x20002b31   Data           1  app_timer.o(.data)
    m_rtc1_running                           0x20002b32   Data           1  app_timer.o(.data)
    m_rtc1_reset                             0x20002b33   Data           1  app_timer.o(.data)
    mp_timer_id_head                         0x20002b34   Data           4  app_timer.o(.data)
    m_ticks_latest                           0x20002b38   Data           4  app_timer.o(.data)
    m_ticks_elapsed                          0x20002b3c   Data           8  app_timer.o(.data)
    .data                                    0x20002b44   Section       28  app_uart_fifo.o(.data)
    tx_buffer                                0x20002b44   Data           1  app_uart_fifo.o(.data)
    rx_buffer                                0x20002b45   Data           1  app_uart_fifo.o(.data)
    m_rx_ovf                                 0x20002b46   Data           1  app_uart_fifo.o(.data)
    m_event_handler                          0x20002b48   Data           4  app_uart_fifo.o(.data)
    app_uart_inst                            0x20002b4c   Data          20  app_uart_fifo.o(.data)
    .data                                    0x20002b60   Section        8  nrf_pwr_mgmt.o(.data)
    m_pwr_mgmt_evt                           0x20002b60   Data           1  nrf_pwr_mgmt.o(.data)
    m_shutdown_started                       0x20002b61   Data           1  nrf_pwr_mgmt.o(.data)
    m_sysoff_mtx                             0x20002b64   Data           4  nrf_pwr_mgmt.o(.data)
    .data                                    0x20002b68   Section        4  retarget.o(.data)
    .data                                    0x20002b6c   Section        3  nrf_sdh.o(.data)
    m_nrf_sdh_enabled                        0x20002b6c   Data           1  nrf_sdh.o(.data)
    m_nrf_sdh_suspended                      0x20002b6d   Data           1  nrf_sdh.o(.data)
    m_nrf_sdh_continue                       0x20002b6e   Data           1  nrf_sdh.o(.data)
    .data                                    0x20002b6f   Section        1  nrf_sdh_ble.o(.data)
    m_stack_is_enabled                       0x20002b6f   Data           1  nrf_sdh_ble.o(.data)
    .data                                    0x20002b70   Section        4  system_nrf52840.o(.data)
    __tagsym$$used                           0x20002b70   Number         0  system_nrf52840.o(.data)
    .bss                                     0x20002b74   Section       32  main.o(.bss)
    m_test_timer_id_data                     0x20002b74   Data          32  main.o(.bss)
    .bss                                     0x20002b94   Section     3238  main.o(.bss)
    data_array                               0x20002b94   Data         244  main.o(.bss)
    rx_buf                                   0x20002c88   Data         256  main.o(.bss)
    tx_buf                                   0x20002d88   Data         256  main.o(.bss)
    APP_SCHED_BUF                            0x20002e88   Data        1800  main.o(.bss)
    m_gatt                                   0x20003590   Data          20  main.o(.bss)
    m_qwr                                    0x200035a4   Data          12  main.o(.bss)
    m_advertising                            0x200035b0   Data         600  main.o(.bss)
    .bss                                     0x2000383c   Section       28  bma.o(.bss)
    .bss                                     0x20003858   Section       32  bsp.o(.bss)
    m_bsp_leds_tmr_data                      0x20003858   Data          32  bsp.o(.bss)
    .bss                                     0x20003878   Section       32  bsp.o(.bss)
    m_bsp_alert_tmr_data                     0x20003878   Data          32  bsp.o(.bss)
    .bss                                     0x20003898   Section       12  bsp.o(.bss)
    m_events_list                            0x20003898   Data          12  bsp.o(.bss)
    .bss                                     0x200038a4   Section       32  bsp.o(.bss)
    m_bsp_button_tmr_data                    0x200038a4   Data          32  bsp.o(.bss)
    .bss                                     0x200038c4   Section       80  ble_conn_params.o(.bss)
    m_timer_data                             0x200038c4   Data          32  ble_conn_params.o(.bss)
    m_conn_params_instances                  0x200038e4   Data          20  ble_conn_params.o(.bss)
    m_conn_params_config                     0x200038f8   Data          28  ble_conn_params.o(.bss)
    .bss                                     0x20003914   Section      120  ble_conn_state.o(.bss)
    m_bcs                                    0x20003914   Data         120  ble_conn_state.o(.bss)
    .bss                                     0x2000398c   Section       20  nrf_drv_clock.o(.bss)
    m_clock_cb                               0x2000398c   Data          20  nrf_drv_clock.o(.bss)
    .bss                                     0x200039a0   Section      108  nrfx_gpiote.o(.bss)
    m_cb                                     0x200039a0   Data         108  nrfx_gpiote.o(.bss)
    .bss                                     0x20003a0c   Section       44  nrfx_uart.o(.bss)
    m_cb                                     0x20003a0c   Data          44  nrfx_uart.o(.bss)
    .bss                                     0x20003a38   Section       36  nrfx_uarte.o(.bss)
    m_cb                                     0x20003a38   Data          36  nrfx_uarte.o(.bss)
    .bss                                     0x20003a5c   Section      268  app_timer.o(.bss)
    m_op_queue                               0x20003a5c   Data         268  app_timer.o(.bss)
    .bss                                     0x20003b68   Section       32  app_uart_fifo.o(.bss)
    m_rx_fifo                                0x20003b68   Data          16  app_uart_fifo.o(.bss)
    m_tx_fifo                                0x20003b78   Data          16  app_uart_fifo.o(.bss)
    .bss                                     0x20003b88   Section       12  app_util_platform.o(.bss)
    .bss                                     0x20003b94   Section       12  nrf_pwr_mgmt.o(.bss)
    m_handlers_iter                          0x20003b94   Data          12  nrf_pwr_mgmt.o(.bss)
    STACK                                    0x20003ba0   Section     8192  arm_startup_nrf52840.o(STACK)

    Global Symbols

    Symbol Name                              Value     Ov Type        Size  Object(Section)

    BuildAttributes$$THM_ISAv4$E$P$D$K$B$S$7EM$VFPi3$EXTD16$VFPS$VFMA$PE$A:L22UL41UL21$X:L11$S22US41US21$IEEE1$IW$USESV6$~STKCKD$USESV7$~SHL$OSPACE$ROPI$EBA8$MICROLIB$REQ8$EABIv2 0x00000000   Number         0  anon$$obj.o ABSOLUTE
    __ARM_use_no_argv                        0x00000000   Number         0  main.o ABSOLUTE
    __cpp_initialize__aeabi_                  - Undefined Weak Reference
    __cxa_finalize                            - Undefined Weak Reference
    __decompress                              - Undefined Weak Reference
    _clock_init                               - Undefined Weak Reference
    _microlib_exit                            - Undefined Weak Reference
    pwr_mgmt_data0$$Base                      - Undefined Reference
    pwr_mgmt_data0$$Limit                     - Undefined Reference
    pwr_mgmt_data1$$Base                      - Undefined Reference
    pwr_mgmt_data1$$Limit                     - Undefined Reference
    pwr_mgmt_data2$$Base                      - Undefined Reference
    pwr_mgmt_data2$$Limit                     - Undefined Reference
    sdh_req_observers0$$Base                  - Undefined Reference
    sdh_req_observers0$$Limit                 - Undefined Reference
    sdh_req_observers1$$Base                  - Undefined Reference
    sdh_req_observers1$$Limit                 - Undefined Reference
    sdh_stack_observers1$$Base                - Undefined Reference
    sdh_stack_observers1$$Limit               - Undefined Reference
    sdh_state_observers1$$Base                - Undefined Reference
    sdh_state_observers1$$Limit               - Undefined Reference
    __Vectors_Size                           0x00000200   Number         0  arm_startup_nrf52840.o ABSOLUTE
    __Vectors                                0x00026000   Data           4  arm_startup_nrf52840.o(RESET)
    __Vectors_End                            0x00026200   Data           0  arm_startup_nrf52840.o(RESET)
    __main                                   0x00026201   Thumb Code     0  entry.o(.ARM.Collect$$$$00000000)
    _main_stk                                0x00026201   Thumb Code     0  entry2.o(.ARM.Collect$$$$00000001)
    _main_scatterload                        0x00026205   Thumb Code     0  entry5.o(.ARM.Collect$$$$00000004)
    __main_after_scatterload                 0x00026209   Thumb Code     0  entry5.o(.ARM.Collect$$$$00000004)
    _main_clock                              0x00026209   Thumb Code     0  entry7b.o(.ARM.Collect$$$$00000008)
    _main_cpp_init                           0x00026209   Thumb Code     0  entry8b.o(.ARM.Collect$$$$0000000A)
    _main_init                               0x00026209   Thumb Code     0  entry9a.o(.ARM.Collect$$$$0000000B)
    __rt_final_cpp                           0x00026211   Thumb Code     0  entry10a.o(.ARM.Collect$$$$0000000D)
    __rt_final_exit                          0x00026211   Thumb Code     0  entry11a.o(.ARM.Collect$$$$0000000F)
    __asm___12_nrf_atomic_c_85ca2469__nrf_atomic_internal_mov 0x00026215   Thumb Code    24  nrf_atomic.o(.emb_text)
    __asm___12_nrf_atomic_c_85ca2469__nrf_atomic_internal_orr 0x0002622d   Thumb Code    26  nrf_atomic.o(.emb_text)
    __asm___12_nrf_atomic_c_85ca2469__nrf_atomic_internal_and 0x00026247   Thumb Code    26  nrf_atomic.o(.emb_text)
    __asm___12_nrf_atomic_c_85ca2469__nrf_atomic_internal_eor 0x00026261   Thumb Code    26  nrf_atomic.o(.emb_text)
    __asm___12_nrf_atomic_c_85ca2469__nrf_atomic_internal_add 0x0002627b   Thumb Code    26  nrf_atomic.o(.emb_text)
    __asm___12_nrf_atomic_c_85ca2469__nrf_atomic_internal_sub 0x00026295   Thumb Code    26  nrf_atomic.o(.emb_text)
    __asm___12_nrf_atomic_c_85ca2469__nrf_atomic_internal_cmp_exch 0x000262af   Thumb Code    42  nrf_atomic.o(.emb_text)
    __asm___12_nrf_atomic_c_85ca2469__nrf_atomic_internal_sub_hs 0x000262d9   Thumb Code    30  nrf_atomic.o(.emb_text)
    Reset_Handler                            0x000262f9   Thumb Code     8  arm_startup_nrf52840.o(.text)
    NMI_Handler                              0x00026301   Thumb Code     2  arm_startup_nrf52840.o(.text)
    HardFault_Handler                        0x00026303   Thumb Code     2  arm_startup_nrf52840.o(.text)
    MemoryManagement_Handler                 0x00026305   Thumb Code     2  arm_startup_nrf52840.o(.text)
    BusFault_Handler                         0x00026307   Thumb Code     2  arm_startup_nrf52840.o(.text)
    UsageFault_Handler                       0x00026309   Thumb Code     2  arm_startup_nrf52840.o(.text)
    SVC_Handler                              0x0002630b   Thumb Code     2  arm_startup_nrf52840.o(.text)
    DebugMon_Handler                         0x0002630d   Thumb Code     2  arm_startup_nrf52840.o(.text)
    PendSV_Handler                           0x0002630f   Thumb Code     2  arm_startup_nrf52840.o(.text)
    SysTick_Handler                          0x00026311   Thumb Code     2  arm_startup_nrf52840.o(.text)
    CCM_AAR_IRQHandler                       0x00026313   Thumb Code     0  arm_startup_nrf52840.o(.text)
    COMP_LPCOMP_IRQHandler                   0x00026313   Thumb Code     0  arm_startup_nrf52840.o(.text)
    CRYPTOCELL_IRQHandler                    0x00026313   Thumb Code     0  arm_startup_nrf52840.o(.text)
    ECB_IRQHandler                           0x00026313   Thumb Code     0  arm_startup_nrf52840.o(.text)
    FPU_IRQHandler                           0x00026313   Thumb Code     0  arm_startup_nrf52840.o(.text)
    I2S_IRQHandler                           0x00026313   Thumb Code     0  arm_startup_nrf52840.o(.text)
    MWU_IRQHandler                           0x00026313   Thumb Code     0  arm_startup_nrf52840.o(.text)
    NFCT_IRQHandler                          0x00026313   Thumb Code     0  arm_startup_nrf52840.o(.text)
    PDM_IRQHandler                           0x00026313   Thumb Code     0  arm_startup_nrf52840.o(.text)
    PWM0_IRQHandler                          0x00026313   Thumb Code     0  arm_startup_nrf52840.o(.text)
    PWM1_IRQHandler                          0x00026313   Thumb Code     0  arm_startup_nrf52840.o(.text)
    PWM2_IRQHandler                          0x00026313   Thumb Code     0  arm_startup_nrf52840.o(.text)
    PWM3_IRQHandler                          0x00026313   Thumb Code     0  arm_startup_nrf52840.o(.text)
    QDEC_IRQHandler                          0x00026313   Thumb Code     0  arm_startup_nrf52840.o(.text)
    QSPI_IRQHandler                          0x00026313   Thumb Code     0  arm_startup_nrf52840.o(.text)
    RADIO_IRQHandler                         0x00026313   Thumb Code     0  arm_startup_nrf52840.o(.text)
    RNG_IRQHandler                           0x00026313   Thumb Code     0  arm_startup_nrf52840.o(.text)
    RTC0_IRQHandler                          0x00026313   Thumb Code     0  arm_startup_nrf52840.o(.text)
    RTC2_IRQHandler                          0x00026313   Thumb Code     0  arm_startup_nrf52840.o(.text)
    SAADC_IRQHandler                         0x00026313   Thumb Code     0  arm_startup_nrf52840.o(.text)
    SPIM0_SPIS0_TWIM0_TWIS0_SPI0_TWI0_IRQHandler 0x00026313   Thumb Code     0  arm_startup_nrf52840.o(.text)
    SPIM1_SPIS1_TWIM1_TWIS1_SPI1_TWI1_IRQHandler 0x00026313   Thumb Code     0  arm_startup_nrf52840.o(.text)
    SPIM2_SPIS2_SPI2_IRQHandler              0x00026313   Thumb Code     0  arm_startup_nrf52840.o(.text)
    SPIM3_IRQHandler                         0x00026313   Thumb Code     0  arm_startup_nrf52840.o(.text)
    SWI1_EGU1_IRQHandler                     0x00026313   Thumb Code     0  arm_startup_nrf52840.o(.text)
    SWI3_EGU3_IRQHandler                     0x00026313   Thumb Code     0  arm_startup_nrf52840.o(.text)
    SWI4_EGU4_IRQHandler                     0x00026313   Thumb Code     0  arm_startup_nrf52840.o(.text)
    SWI5_EGU5_IRQHandler                     0x00026313   Thumb Code     0  arm_startup_nrf52840.o(.text)
    TEMP_IRQHandler                          0x00026313   Thumb Code     0  arm_startup_nrf52840.o(.text)
    TIMER0_IRQHandler                        0x00026313   Thumb Code     0  arm_startup_nrf52840.o(.text)
    TIMER1_IRQHandler                        0x00026313   Thumb Code     0  arm_startup_nrf52840.o(.text)
    TIMER2_IRQHandler                        0x00026313   Thumb Code     0  arm_startup_nrf52840.o(.text)
    TIMER3_IRQHandler                        0x00026313   Thumb Code     0  arm_startup_nrf52840.o(.text)
    TIMER4_IRQHandler                        0x00026313   Thumb Code     0  arm_startup_nrf52840.o(.text)
    UARTE1_IRQHandler                        0x00026313   Thumb Code     0  arm_startup_nrf52840.o(.text)
    USBD_IRQHandler                          0x00026313   Thumb Code     0  arm_startup_nrf52840.o(.text)
    WDT_IRQHandler                           0x00026313   Thumb Code     0  arm_startup_nrf52840.o(.text)
    __aeabi_uldivmod                         0x0002631d   Thumb Code    98  uldiv.o(.text)
    __aeabi_llsl                             0x0002637f   Thumb Code    30  llshl.o(.text)
    _ll_shift_l                              0x0002637f   Thumb Code     0  llshl.o(.text)
    __aeabi_memcpy                           0x0002639d   Thumb Code    36  memcpya.o(.text)
    __aeabi_memcpy4                          0x0002639d   Thumb Code     0  memcpya.o(.text)
    __aeabi_memcpy8                          0x0002639d   Thumb Code     0  memcpya.o(.text)
    __aeabi_memset                           0x000263c1   Thumb Code    14  memseta.o(.text)
    __aeabi_memset4                          0x000263c1   Thumb Code     0  memseta.o(.text)
    __aeabi_memset8                          0x000263c1   Thumb Code     0  memseta.o(.text)
    __aeabi_memclr                           0x000263cf   Thumb Code     4  memseta.o(.text)
    __aeabi_memclr4                          0x000263cf   Thumb Code     0  memseta.o(.text)
    __aeabi_memclr8                          0x000263cf   Thumb Code     0  memseta.o(.text)
    _memset$wrapper                          0x000263d3   Thumb Code    18  memseta.o(.text)
    __aeabi_llsr                             0x000263e5   Thumb Code    32  llushr.o(.text)
    _ll_ushift_r                             0x000263e5   Thumb Code     0  llushr.o(.text)
    __scatterload                            0x00026405   Thumb Code    28  init.o(.text)
    __scatterload_rt2                        0x00026405   Thumb Code     0  init.o(.text)
    BMA250E_ReadReg                          0x00026429   Thumb Code    36  bma.o(i.BMA250E_ReadReg)
    BMA250E_WriteReg                         0x0002644d   Thumb Code    38  bma.o(i.BMA250E_WriteReg)
    BMA253_Timer_Handler                     0x00026475   Thumb Code    26  bma.o(i.BMA253_Timer_Handler)
    Bluetooth_ReciveANDSend                  0x00026495   Thumb Code    30  main.o(i.Bluetooth_ReciveANDSend)
    GPIOTE_IRQHandler                        0x000264bd   Thumb Code   428  nrfx_gpiote.o(i.GPIOTE_IRQHandler)
    POWER_CLOCK_IRQHandler                   0x000266d5   Thumb Code    82  nrfx_clock.o(i.POWER_CLOCK_IRQHandler)
    RTC1_IRQHandler                          0x0002672d   Thumb Code    32  app_timer.o(i.RTC1_IRQHandler)
    SCL_                                     0x00026751   Thumb Code    74  iic_dmwz.o(i.SCL_)
    SWI0_EGU0_IRQHandler                     0x0002679b   Thumb Code     4  app_timer.o(i.SWI0_EGU0_IRQHandler)
    SWI2_EGU2_IRQHandler                     0x0002679f   Thumb Code     4  nrf_sdh.o(i.SWI2_EGU2_IRQHandler)
    SystemInit                               0x000267a5   Thumb Code   416  system_nrf52840.o(i.SystemInit)
    UARTE0_UART0_IRQHandler                  0x00026981   Thumb Code     6  nrfx_prs.o(i.UARTE0_UART0_IRQHandler)
    __0printf$bare                           0x0002698d   Thumb Code     8  printfb.o(i.__0printf$bare)
    __1printf$bare                           0x0002698d   Thumb Code     0  printfb.o(i.__0printf$bare)
    __2printf                                0x0002698d   Thumb Code     0  printfb.o(i.__0printf$bare)
    __scatterload_copy                       0x0002699d   Thumb Code    14  handlers.o(i.__scatterload_copy)
    __scatterload_null                       0x000269ab   Thumb Code     2  handlers.o(i.__scatterload_null)
    __scatterload_zeroinit                   0x000269ad   Thumb Code    14  handlers.o(i.__scatterload_zeroinit)
    app_error_fault_handler                  0x00026a39   Thumb Code    40  app_error_weak.o(i.app_error_fault_handler)
    app_error_handler_bare                   0x00026a69   Thumb Code    22  app_error.o(i.app_error_handler_bare)
    app_fifo_get                             0x00026a7f   Thumb Code    22  app_fifo.o(i.app_fifo_get)
    app_fifo_init                            0x00026a95   Thumb Code    32  app_fifo.o(i.app_fifo_init)
    app_fifo_put                             0x00026ab5   Thumb Code    26  app_fifo.o(i.app_fifo_put)
    app_sched_event_put                      0x00026ad1   Thumb Code   154  app_scheduler.o(i.app_sched_event_put)
    app_sched_execute                        0x00026b71   Thumb Code    58  app_scheduler.o(i.app_sched_execute)
    app_sched_init                           0x00026bb1   Thumb Code    40  app_scheduler.o(i.app_sched_init)
    app_timer_create                         0x00026bdd   Thumb Code    32  app_timer.o(i.app_timer_create)
    app_timer_init                           0x00026c01   Thumb Code    70  app_timer.o(i.app_timer_init)
    app_timer_start                          0x00026c55   Thumb Code   128  app_timer.o(i.app_timer_start)
    app_timer_stop                           0x00026cdd   Thumb Code    26  app_timer.o(i.app_timer_stop)
    app_uart_get                             0x00026cfd   Thumb Code    42  app_uart_fifo.o(i.app_uart_get)
    app_uart_init                            0x00026d31   Thumb Code   148  app_uart_fifo.o(i.app_uart_init)
    app_uart_put                             0x00026dd5   Thumb Code    70  app_uart_fifo.o(i.app_uart_put)
    app_util_critical_region_enter           0x00026e29   Thumb Code    64  app_util_platform.o(i.app_util_critical_region_enter)
    app_util_critical_region_exit            0x00026e71   Thumb Code    46  app_util_platform.o(i.app_util_critical_region_exit)
    blcm_link_ctx_get                        0x00026f91   Thumb Code    72  ble_link_ctx_manager.o(i.blcm_link_ctx_get)
    ble_advdata_encode                       0x00026fd9   Thumb Code   386  ble_advdata.o(i.ble_advdata_encode)
    ble_advdata_parse                        0x0002715b   Thumb Code    32  ble_advdata.o(i.ble_advdata_parse)
    ble_advdata_search                       0x0002717b   Thumb Code    56  ble_advdata.o(i.ble_advdata_search)
    ble_advertising_conn_cfg_tag_set         0x000271b3   Thumb Code     6  ble_advertising.o(i.ble_advertising_conn_cfg_tag_set)
    ble_advertising_init                     0x000271b9   Thumb Code   254  ble_advertising.o(i.ble_advertising_init)
    ble_advertising_on_ble_evt               0x000272b7   Thumb Code   106  ble_advertising.o(i.ble_advertising_on_ble_evt)
    ble_advertising_on_sys_evt               0x00027321   Thumb Code     2  ble_advertising.o(i.ble_advertising_on_sys_evt)
    ble_advertising_start                    0x00027323   Thumb Code   556  ble_advertising.o(i.ble_advertising_start)
    ble_conn_params_init                     0x00027551   Thumb Code    90  ble_conn_params.o(i.ble_conn_params_init)
    ble_conn_state_conn_idx                  0x000275b9   Thumb Code    18  ble_conn_state.o(i.ble_conn_state_conn_idx)
    ble_conn_state_valid                     0x000275cd   Thumb Code    16  ble_conn_state.o(i.ble_conn_state_valid)
    ble_nus_data_send                        0x00027945   Thumb Code   102  ble_nus.o(i.ble_nus_data_send)
    ble_nus_init                             0x000279ad   Thumb Code   206  ble_nus.o(i.ble_nus_init)
    ble_nus_on_ble_evt                       0x00027a81   Thumb Code   112  ble_nus.o(i.ble_nus_on_ble_evt)
    ble_srv_is_notification_enabled          0x00027af1   Thumb Code     8  ble_srv_common.o(i.ble_srv_is_notification_enabled)
    bma255_set_range                         0x00027af9   Thumb Code   130  bma.o(i.bma255_set_range)
    bma_init                                 0x00027b81   Thumb Code    22  bma.o(i.bma_init)
    bsp_board_button_idx_to_pin              0x00027ba1   Thumb Code     6  boards.o(i.bsp_board_button_idx_to_pin)
    bsp_board_led_invert                     0x00027bad   Thumb Code    40  boards.o(i.bsp_board_led_invert)
    bsp_board_led_off                        0x00027bd9   Thumb Code    10  boards.o(i.bsp_board_led_off)
    bsp_board_led_on                         0x00027be9   Thumb Code    10  boards.o(i.bsp_board_led_on)
    bsp_board_led_state_get                  0x00027bf9   Thumb Code    36  boards.o(i.bsp_board_led_state_get)
    bsp_board_leds_off                       0x00027c21   Thumb Code    18  boards.o(i.bsp_board_leds_off)
    bsp_board_leds_on                        0x00027c33   Thumb Code    18  boards.o(i.bsp_board_leds_on)
    bsp_board_pin_to_button_idx              0x00027c45   Thumb Code    30  boards.o(i.bsp_board_pin_to_button_idx)
    bsp_btn_ble_sleep_mode_prepare           0x00027c69   Thumb Code    30  bsp_btn_ble.o(i.bsp_btn_ble_sleep_mode_prepare)
    bsp_event_to_button_action_assign        0x00027d19   Thumb Code    64  bsp.o(i.bsp_event_to_button_action_assign)
    bsp_indication_set                       0x00027d5d   Thumb Code    20  bsp.o(i.bsp_indication_set)
    bsp_wakeup_button_enable                 0x00027f3d   Thumb Code     6  bsp.o(i.bsp_wakeup_button_enable)
    characteristic_add                       0x00027f55   Thumb Code   400  ble_srv_common.o(i.characteristic_add)
    conn_handle_list_get                     0x000281d5   Thumb Code    62  ble_conn_state.o(i.conn_handle_list_get)
    fputc                                    0x00028397   Thumb Code    14  retarget.o(i.fputc)
    gatt_evt_handler                         0x000283a5   Thumb Code    28  main.o(i.gatt_evt_handler)
    gatt_init                                0x000283c5   Thumb Code    38  main.o(i.gatt_init)
    i2c_read                                 0x000283f5   Thumb Code    98  iic_dmwz.o(i.i2c_read)
    i2c_read_byte                            0x0002845d   Thumb Code    88  iic_dmwz.o(i.i2c_read_byte)
    i2c_receive_ack                          0x000284b5   Thumb Code    50  iic_dmwz.o(i.i2c_receive_ack)
    i2c_send_ack                             0x000284e7   Thumb Code    60  iic_dmwz.o(i.i2c_send_ack)
    i2c_send_byte                            0x00028525   Thumb Code    88  iic_dmwz.o(i.i2c_send_byte)
    i2c_start                                0x00028581   Thumb Code    60  iic_dmwz.o(i.i2c_start)
    i2c_stop                                 0x000285bd   Thumb Code    48  iic_dmwz.o(i.i2c_stop)
    i2c_write                                0x000285ed   Thumb Code    70  iic_dmwz.o(i.i2c_write)
    main                                     0x0002884d   Thumb Code   462  main.o(i.main)
    nrf_atflags_clear                        0x00028b7f   Thumb Code    22  nrf_atflags.o(i.nrf_atflags_clear)
    nrf_atflags_get                          0x00028b95   Thumb Code    22  nrf_atflags.o(i.nrf_atflags_get)
    nrf_atflags_set                          0x00028bab   Thumb Code    20  nrf_atflags.o(i.nrf_atflags_set)
    nrf_atomic_u32_and                       0x00028bbf   Thumb Code    12  nrf_atomic.o(i.nrf_atomic_u32_and)
    nrf_atomic_u32_or                        0x00028bcb   Thumb Code    12  nrf_atomic.o(i.nrf_atomic_u32_or)
    nrf_ble_gatt_att_mtu_periph_set          0x00028bfb   Thumb Code    24  nrf_ble_gatt.o(i.nrf_ble_gatt_att_mtu_periph_set)
    nrf_ble_gatt_init                        0x00028c13   Thumb Code    34  nrf_ble_gatt.o(i.nrf_ble_gatt_init)
    nrf_ble_gatt_on_ble_evt                  0x00028c35   Thumb Code   366  nrf_ble_gatt.o(i.nrf_ble_gatt_on_ble_evt)
    nrf_ble_qwr_conn_handle_assign           0x00028da9   Thumb Code    22  nrf_ble_qwr.o(i.nrf_ble_qwr_conn_handle_assign)
    nrf_ble_qwr_init                         0x00028dbf   Thumb Code    36  nrf_ble_qwr.o(i.nrf_ble_qwr_init)
    nrf_ble_qwr_on_ble_evt                   0x00028de3   Thumb Code   182  nrf_ble_qwr.o(i.nrf_ble_qwr_on_ble_evt)
    nrf_drv_clock_init                       0x00028eb9   Thumb Code    48  nrf_drv_clock.o(i.nrf_drv_clock_init)
    nrf_drv_clock_lfclk_release              0x00028ef1   Thumb Code    42  nrf_drv_clock.o(i.nrf_drv_clock_lfclk_release)
    nrf_drv_uart_init                        0x00028f21   Thumb Code    90  nrf_drv_uart.o(i.nrf_drv_uart_init)
    nrf_pwr_mgmt_init                        0x00029269   Thumb Code    28  nrf_pwr_mgmt.o(i.nrf_pwr_mgmt_init)
    nrf_pwr_mgmt_run                         0x00029291   Thumb Code    64  nrf_pwr_mgmt.o(i.nrf_pwr_mgmt_run)
    nrf_sdh_ble_app_ram_start_get            0x000292d9   Thumb Code    16  nrf_sdh_ble.o(i.nrf_sdh_ble_app_ram_start_get)
    nrf_sdh_ble_default_cfg_set              0x000292ed   Thumb Code   156  nrf_sdh_ble.o(i.nrf_sdh_ble_default_cfg_set)
    nrf_sdh_ble_enable                       0x00029389   Thumb Code    14  nrf_sdh_ble.o(i.nrf_sdh_ble_enable)
    nrf_sdh_enable_request                   0x000293fd   Thumb Code   102  nrf_sdh.o(i.nrf_sdh_enable_request)
    nrf_sdh_evts_poll                        0x00029471   Thumb Code    32  nrf_sdh.o(i.nrf_sdh_evts_poll)
    nrf_sdh_is_enabled                       0x00029495   Thumb Code     6  nrf_sdh.o(i.nrf_sdh_is_enabled)
    nrf_section_iter_init                    0x000294dd   Thumb Code    10  nrf_section_iter.o(i.nrf_section_iter_init)
    nrf_section_iter_next                    0x0002950b   Thumb Code    32  nrf_section_iter.o(i.nrf_section_iter_next)
    nrfx_clock_enable                        0x00029565   Thumb Code    34  nrfx_clock.o(i.nrfx_clock_enable)
    nrfx_clock_init                          0x00029591   Thumb Code    26  nrfx_clock.o(i.nrfx_clock_init)
    nrfx_clock_lfclk_stop                    0x000295b1   Thumb Code    20  nrfx_clock.o(i.nrfx_clock_lfclk_stop)
    nrfx_prs_acquire                         0x000295fd   Thumb Code    58  nrfx_prs.o(i.nrfx_prs_acquire)
    nrfx_uart_0_irq_handler                  0x00029639   Thumb Code     8  nrfx_uart.o(i.nrfx_uart_0_irq_handler)
    nrfx_uart_init                           0x00029649   Thumb Code   196  nrfx_uart.o(i.nrfx_uart_init)
    nrfx_uart_rx                             0x00029719   Thumb Code   230  nrfx_uart.o(i.nrfx_uart_rx)
    nrfx_uart_tx                             0x00029805   Thumb Code   160  nrfx_uart.o(i.nrfx_uart_tx)
    nrfx_uart_tx_in_progress                 0x000298a9   Thumb Code    26  nrfx_uart.o(i.nrfx_uart_tx_in_progress)
    nrfx_uarte_0_irq_handler                 0x000298c9   Thumb Code     8  nrfx_uarte.o(i.nrfx_uarte_0_irq_handler)
    nrfx_uarte_init                          0x000298d9   Thumb Code   100  nrfx_uarte.o(i.nrfx_uarte_init)
    nrfx_uarte_rx                            0x00029945   Thumb Code   256  nrfx_uarte.o(i.nrfx_uarte_rx)
    nrfx_uarte_tx                            0x00029a49   Thumb Code   138  nrfx_uarte.o(i.nrfx_uarte_tx)
    nrfx_uarte_tx_in_progress                0x00029ad9   Thumb Code    22  nrfx_uarte.o(i.nrfx_uarte_tx_in_progress)
    test_timeout_handler                     0x00029f65   Thumb Code    36  main.o(i.test_timeout_handler)
    uart_event_handle                        0x0002a1a5   Thumb Code    92  main.o(i.uart_event_handle)
    m_ram_start                              0x0002a884   Data           4  nrf_sdh_ble.o(.constdata)
    Region$$Table$$Base                      0x0002a8b0   Number         0  anon$$obj.o(Region$$Table)
    Region$$Table$$Limit                     0x0002a8d0   Number         0  anon$$obj.o(Region$$Table)
    sdh_ble_observers0$$Base                 0x0002a8d0   Number         0  ble_conn_state.o(sdh_ble_observers0)
    sdh_ble_observers0$$Limit                0x0002a8d8   Number         0  ble_conn_state.o(sdh_ble_observers0)
    sdh_ble_observers1$$Base                 0x0002a8d8   Number         0  main.o(sdh_ble_observers1)
    sdh_ble_observers1$$Limit                0x0002a8f8   Number         0  ble_conn_params.o(sdh_ble_observers1)
    sdh_ble_observers2$$Base                 0x0002a8f8   Number         0  main.o(sdh_ble_observers2)
    sdh_ble_observers2$$Limit                0x0002a908   Number         0  main.o(sdh_ble_observers2)
    sdh_ble_observers3$$Base                 0x0002a908   Number         0  main.o(sdh_ble_observers3)
    sdh_ble_observers3$$Limit                0x0002a910   Number         0  main.o(sdh_ble_observers3)
    sdh_soc_observers0$$Base                 0x0002a910   Number         0  nrf_drv_clock.o(sdh_soc_observers0)
    sdh_soc_observers0$$Limit                0x0002a918   Number         0  nrf_drv_clock.o(sdh_soc_observers0)
    sdh_soc_observers1$$Base                 0x0002a918   Number         0  main.o(sdh_soc_observers1)
    sdh_soc_observers1$$Limit                0x0002a920   Number         0  main.o(sdh_soc_observers1)
    sdh_stack_observers0$$Base               0x0002a920   Number         0  nrf_sdh_ble.o(sdh_stack_observers0)
    sdh_stack_observers0$$Limit              0x0002a930   Number         0  nrf_sdh_soc.o(sdh_stack_observers0)
    sdh_state_observers0$$Base               0x0002a930   Number         0  nrf_drv_clock.o(sdh_state_observers0)
    sdh_state_observers0$$Limit              0x0002a938   Number         0  nrf_drv_clock.o(sdh_state_observers0)
    Image$$RW_IRAM1$$Base                    0x20002a98   Number         0  anon$$obj.o ABSOLUTE
    length                                   0x20002aa0   Data           1  main.o(.data)
    rc_n                                     0x20002acc   Data           1  iic_dmwz.o(.data)
    send_byte                                0x20002acd   Data           1  iic_dmwz.o(.data)
    p_bma255                                 0x20002ad0   Data           4  bma.o(.data)
    V_BMA255FIFOData_U8R                     0x20002ad4   Data           6  bma.o(.data)
    nrf_drv_uart_use_easy_dma                0x20002afc   Data           2  nrf_drv_uart.o(.data)
    __stdout                                 0x20002b68   Data           4  retarget.o(.data)
    SystemCoreClock                          0x20002b70   Data           4  system_nrf52840.o(.data)
    uartbuf                                  0x20003808   Data          50  main.o(.bss)
    bma255                                   0x2000383c   Data          28  bma.o(.bss)
    nrf_nvic_state                           0x20003b88   Data          12  app_util_platform.o(.bss)
    __initial_sp                             0x20005ba0   Data           0  arm_startup_nrf52840.o(STACK)



==============================================================================

Memory Map of the image

  Image Entry point : 0x00026201

  Load Region LR_IROM1 (Base: 0x00026000, Size: 0x00004a14, Max: 0x000da000, ABSOLUTE)

    Execution Region ER_IROM1 (Base: 0x00026000, Size: 0x00004938, Max: 0x000da000, ABSOLUTE)

    Base Addr    Size         Type   Attr      Idx    E Section Name        Object

    0x00026000   0x00000200   Data   RO         4981    RESET               arm_startup_nrf52840.o
    0x00026200   0x00000000   Code   RO         5022  * .ARM.Collect$$$$00000000  mc_w.l(entry.o)
    0x00026200   0x00000004   Code   RO         5301    .ARM.Collect$$$$00000001  mc_w.l(entry2.o)
    0x00026204   0x00000004   Code   RO         5304    .ARM.Collect$$$$00000004  mc_w.l(entry5.o)
    0x00026208   0x00000000   Code   RO         5306    .ARM.Collect$$$$00000008  mc_w.l(entry7b.o)
    0x00026208   0x00000000   Code   RO         5308    .ARM.Collect$$$$0000000A  mc_w.l(entry8b.o)
    0x00026208   0x00000008   Code   RO         5309    .ARM.Collect$$$$0000000B  mc_w.l(entry9a.o)
    0x00026210   0x00000000   Code   RO         5311    .ARM.Collect$$$$0000000D  mc_w.l(entry10a.o)
    0x00026210   0x00000000   Code   RO         5313    .ARM.Collect$$$$0000000F  mc_w.l(entry11a.o)
    0x00026210   0x00000004   Code   RO         5302    .ARM.Collect$$$$00002712  mc_w.l(entry2.o)
    0x00026214   0x000000e2   Code   RO         3848    .emb_text           nrf_atomic.o
    0x000262f6   0x00000002   PAD
    0x000262f8   0x00000024   Code   RO         4982    .text               arm_startup_nrf52840.o
    0x0002631c   0x00000062   Code   RO         5025    .text               mc_w.l(uldiv.o)
    0x0002637e   0x0000001e   Code   RO         5027    .text               mc_w.l(llshl.o)
    0x0002639c   0x00000024   Code   RO         5029    .text               mc_w.l(memcpya.o)
    0x000263c0   0x00000024   Code   RO         5031    .text               mc_w.l(memseta.o)
    0x000263e4   0x00000020   Code   RO         5317    .text               mc_w.l(llushr.o)
    0x00026404   0x00000024   Code   RO         5330    .text               mc_w.l(init.o)
    0x00026428   0x00000024   Code   RO          555    i.BMA250E_ReadReg   bma.o
    0x0002644c   0x00000026   Code   RO          557    i.BMA250E_WriteReg  bma.o
    0x00026472   0x00000002   PAD
    0x00026474   0x00000020   Code   RO          558    i.BMA253_Timer_Handler  bma.o
    0x00026494   0x00000028   Code   RO            4    i.Bluetooth_ReciveANDSend  main.o
    0x000264bc   0x000001b4   Code   RO         2353    i.GPIOTE_IRQHandler  nrfx_gpiote.o
    0x00026670   0x00000016   Code   RO         3343    i.NVIC_ClearPendingIRQ  app_timer.o
    0x00026686   0x00000016   Code   RO         3344    i.NVIC_EnableIRQ    app_timer.o
    0x0002669c   0x00000016   Code   RO         3345    i.NVIC_SetPendingIRQ  app_timer.o
    0x000266b2   0x00000020   Code   RO         3346    i.NVIC_SetPriority  app_timer.o
    0x000266d2   0x00000002   PAD
    0x000266d4   0x00000058   Code   RO         2218    i.POWER_CLOCK_IRQHandler  nrfx_clock.o
    0x0002672c   0x00000024   Code   RO         3347    i.RTC1_IRQHandler   app_timer.o
    0x00026750   0x0000004a   Code   RO          417    i.SCL_              iic_dmwz.o
    0x0002679a   0x00000004   Code   RO         3348    i.SWI0_EGU0_IRQHandler  app_timer.o
    0x0002679e   0x00000004   Code   RO         4781    i.SWI2_EGU2_IRQHandler  nrf_sdh.o
    0x000267a2   0x00000002   PAD
    0x000267a4   0x000001dc   Code   RO         4990    i.SystemInit        system_nrf52840.o
    0x00026980   0x0000000c   Code   RO         2639    i.UARTE0_UART0_IRQHandler  nrfx_prs.o
    0x0002698c   0x00000010   Code   RO         5042    i.__0printf$bare    mc_w.l(printfb.o)
    0x0002699c   0x0000000e   Code   RO         5338    i.__scatterload_copy  mc_w.l(handlers.o)
    0x000269aa   0x00000002   Code   RO         5339    i.__scatterload_null  mc_w.l(handlers.o)
    0x000269ac   0x0000000e   Code   RO         5340    i.__scatterload_zeroinit  mc_w.l(handlers.o)
    0x000269ba   0x00000002   PAD
    0x000269bc   0x00000024   Code   RO         4782    i.__sd_nvic_app_accessible_irq  nrf_sdh.o
    0x000269e0   0x00000022   Code   RO         5049    i._printf_core      mc_w.l(printfb.o)
    0x00026a02   0x00000036   Code   RO          971    i.advertising_buttons_configure  bsp_btn_ble.o
    0x00026a38   0x00000030   Code   RO         3172    i.app_error_fault_handler  app_error_weak.o
    0x00026a68   0x00000016   Code   RO         3112    i.app_error_handler_bare  app_error.o
    0x00026a7e   0x00000016   Code   RO         3220    i.app_fifo_get      app_fifo.o
    0x00026a94   0x00000020   Code   RO         3221    i.app_fifo_init     app_fifo.o
    0x00026ab4   0x0000001a   Code   RO         3223    i.app_fifo_put      app_fifo.o
    0x00026ace   0x00000002   PAD
    0x00026ad0   0x000000a0   Code   RO         3292    i.app_sched_event_put  app_scheduler.o
    0x00026b70   0x00000040   Code   RO         3293    i.app_sched_execute  app_scheduler.o
    0x00026bb0   0x0000002c   Code   RO         3294    i.app_sched_init    app_scheduler.o
    0x00026bdc   0x00000024   Code   RO         3351    i.app_timer_create  app_timer.o
    0x00026c00   0x00000054   Code   RO         3352    i.app_timer_init    app_timer.o
    0x00026c54   0x00000088   Code   RO         3355    i.app_timer_start   app_timer.o
    0x00026cdc   0x00000020   Code   RO         3356    i.app_timer_stop    app_timer.o
    0x00026cfc   0x00000034   Code   RO         3512    i.app_uart_get      app_uart_fifo.o
    0x00026d30   0x000000a4   Code   RO         3513    i.app_uart_init     app_uart_fifo.o
    0x00026dd4   0x00000054   Code   RO         3514    i.app_uart_put      app_uart_fifo.o
    0x00026e28   0x00000048   Code   RO         3596    i.app_util_critical_region_enter  app_util_platform.o
    0x00026e70   0x00000034   Code   RO         3597    i.app_util_critical_region_exit  app_util_platform.o
    0x00026ea4   0x00000076   Code   RO         2690    i.apply_config      nrfx_uart.o
    0x00026f1a   0x00000076   Code   RO         2885    i.apply_config      nrfx_uarte.o
    0x00026f90   0x00000048   Code   RO         1601    i.blcm_link_ctx_get  ble_link_ctx_manager.o
    0x00026fd8   0x00000182   Code   RO         1128    i.ble_advdata_encode  ble_advdata.o
    0x0002715a   0x00000020   Code   RO         1130    i.ble_advdata_parse  ble_advdata.o
    0x0002717a   0x00000038   Code   RO         1131    i.ble_advdata_search  ble_advdata.o
    0x000271b2   0x00000006   Code   RO         1238    i.ble_advertising_conn_cfg_tag_set  ble_advertising.o
    0x000271b8   0x000000fe   Code   RO         1239    i.ble_advertising_init  ble_advertising.o
    0x000272b6   0x0000006a   Code   RO         1241    i.ble_advertising_on_ble_evt  ble_advertising.o
    0x00027320   0x00000002   Code   RO         1242    i.ble_advertising_on_sys_evt  ble_advertising.o
    0x00027322   0x0000022c   Code   RO         1245    i.ble_advertising_start  ble_advertising.o
    0x0002754e   0x00000002   PAD
    0x00027550   0x00000068   Code   RO         1357    i.ble_conn_params_init  ble_conn_params.o
    0x000275b8   0x00000012   Code   RO         1444    i.ble_conn_state_conn_idx  ble_conn_state.o
    0x000275ca   0x00000002   PAD
    0x000275cc   0x00000014   Code   RO         1457    i.ble_conn_state_valid  ble_conn_state.o
    0x000275e0   0x00000060   Code   RO         1134    i.ble_device_addr_encode  ble_advdata.o
    0x00027640   0x00000094   Code   RO            6    i.ble_evt_handler   main.o
    0x000276d4   0x00000070   Code   RO          972    i.ble_evt_handler   bsp_btn_ble.o
    0x00027744   0x000000fc   Code   RO         1359    i.ble_evt_handler   ble_conn_params.o
    0x00027840   0x00000104   Code   RO         1458    i.ble_evt_handler   ble_conn_state.o
    0x00027944   0x00000066   Code   RO         1824    i.ble_nus_data_send  ble_nus.o
    0x000279aa   0x00000002   PAD
    0x000279ac   0x000000d4   Code   RO         1825    i.ble_nus_init      ble_nus.o
    0x00027a80   0x00000070   Code   RO         1826    i.ble_nus_on_ble_evt  ble_nus.o
    0x00027af0   0x00000008   Code   RO         1630    i.ble_srv_is_notification_enabled  ble_srv_common.o
    0x00027af8   0x00000088   Code   RO          571    i.bma255_set_range  bma.o
    0x00027b80   0x00000020   Code   RO          573    i.bma_init          bma.o
    0x00027ba0   0x0000000c   Code   RO          737    i.bsp_board_button_idx_to_pin  boards.o
    0x00027bac   0x0000002c   Code   RO          741    i.bsp_board_led_invert  boards.o
    0x00027bd8   0x00000010   Code   RO          742    i.bsp_board_led_off  boards.o
    0x00027be8   0x00000010   Code   RO          743    i.bsp_board_led_on  boards.o
    0x00027bf8   0x00000028   Code   RO          744    i.bsp_board_led_state_get  boards.o
    0x00027c20   0x00000012   Code   RO          745    i.bsp_board_leds_off  boards.o
    0x00027c32   0x00000012   Code   RO          746    i.bsp_board_leds_on  boards.o
    0x00027c44   0x00000024   Code   RO          747    i.bsp_board_pin_to_button_idx  boards.o
    0x00027c68   0x0000001e   Code   RO          974    i.bsp_btn_ble_sleep_mode_prepare  bsp_btn_ble.o
    0x00027c86   0x00000002   PAD
    0x00027c88   0x00000090   Code   RO          849    i.bsp_button_event_handler  bsp.o
    0x00027d18   0x00000044   Code   RO          853    i.bsp_event_to_button_action_assign  bsp.o
    0x00027d5c   0x00000018   Code   RO          854    i.bsp_indication_set  bsp.o
    0x00027d74   0x000001c8   Code   RO          856    i.bsp_led_indication  bsp.o
    0x00027f3c   0x00000006   Code   RO          858    i.bsp_wakeup_button_enable  bsp.o
    0x00027f42   0x00000002   PAD
    0x00027f44   0x00000010   Code   RO         2356    i.channel_port_get  nrfx_gpiote.o
    0x00027f54   0x00000190   Code   RO         1632    i.characteristic_add  ble_srv_common.o
    0x000280e4   0x00000028   Code   RO         1881    i.clock_clk_started_notify  nrf_drv_clock.o
    0x0002810c   0x0000001c   Code   RO         1882    i.clock_irq_handler  nrf_drv_clock.o
    0x00028128   0x000000ac   Code   RO         3358    i.compare_reg_update  app_timer.o
    0x000281d4   0x0000003e   Code   RO         1459    i.conn_handle_list_get  ble_conn_state.o
    0x00028212   0x00000088   Code   RO         1135    i.conn_int_encode   ble_advdata.o
    0x0002829a   0x00000004   Code   RO            8    i.conn_params_error_handler  main.o
    0x0002829e   0x00000002   PAD
    0x000282a0   0x00000048   Code   RO         1360    i.conn_params_negotiation  ble_conn_params.o
    0x000282e8   0x0000001e   Code   RO         1690    i.data_length_update  nrf_ble_gatt.o
    0x00028306   0x00000002   PAD
    0x00028308   0x00000040   Code   RO         3359    i.elapsed_ticks_acquire  app_timer.o
    0x00028348   0x00000014   Code   RO         3226    i.fifo_get          app_fifo.o
    0x0002835c   0x00000012   Code   RO         3227    i.fifo_put          app_fifo.o
    0x0002836e   0x00000028   Code   RO         1247    i.flags_set         ble_advertising.o
    0x00028396   0x0000000e   Code   RO         4389    i.fputc             retarget.o
    0x000283a4   0x00000020   Code   RO            9    i.gatt_evt_handler  main.o
    0x000283c4   0x00000030   Code   RO           10    i.gatt_init         main.o
    0x000283f4   0x00000068   Code   RO          418    i.i2c_read          iic_dmwz.o
    0x0002845c   0x00000058   Code   RO          419    i.i2c_read_byte     iic_dmwz.o
    0x000284b4   0x00000032   Code   RO          420    i.i2c_receive_ack   iic_dmwz.o
    0x000284e6   0x0000003c   Code   RO          421    i.i2c_send_ack      iic_dmwz.o
    0x00028522   0x00000002   PAD
    0x00028524   0x0000005c   Code   RO          422    i.i2c_send_byte     iic_dmwz.o
    0x00028580   0x0000003c   Code   RO          423    i.i2c_start         iic_dmwz.o
    0x000285bc   0x00000030   Code   RO          424    i.i2c_stop          iic_dmwz.o
    0x000285ec   0x0000004c   Code   RO          425    i.i2c_write         iic_dmwz.o
    0x00028638   0x00000014   Code   RO         1361    i.instance_get      ble_conn_params.o
    0x0002864c   0x0000007c   Code   RO         2886    i.interrupts_enable  nrfx_uarte.o
    0x000286c8   0x00000044   Code   RO         1362    i.is_conn_params_ok  ble_conn_params.o
    0x0002870c   0x00000030   Code   RO          860    i.leds_off          bsp.o
    0x0002873c   0x00000018   Code   RO         1691    i.link_init         nrf_ble_gatt.o
    0x00028754   0x000000f8   Code   RO         3360    i.list_insertions_handler  app_timer.o
    0x0002884c   0x00000228   Code   RO           11    i.main              main.o
    0x00028a74   0x00000064   Code   RO         1136    i.manuf_specific_data_encode  ble_advdata.o
    0x00028ad8   0x000000a6   Code   RO         1137    i.name_encode       ble_advdata.o
    0x00028b7e   0x00000016   Code   RO         3782    i.nrf_atflags_clear  nrf_atflags.o
    0x00028b94   0x00000016   Code   RO         3787    i.nrf_atflags_get   nrf_atflags.o
    0x00028baa   0x00000014   Code   RO         3789    i.nrf_atflags_set   nrf_atflags.o
    0x00028bbe   0x0000000c   Code   RO         3854    i.nrf_atomic_u32_and  nrf_atomic.o
    0x00028bca   0x0000000c   Code   RO         3863    i.nrf_atomic_u32_or  nrf_atomic.o
    0x00028bd6   0x00000010   Code   RO         2357    i.nrf_bitmask_bit_is_set  nrfx_gpiote.o
    0x00028be6   0x00000014   Code   RO         2358    i.nrf_bitmask_bit_set  nrfx_gpiote.o
    0x00028bfa   0x00000018   Code   RO         1693    i.nrf_ble_gatt_att_mtu_periph_set  nrf_ble_gatt.o
    0x00028c12   0x00000022   Code   RO         1697    i.nrf_ble_gatt_init  nrf_ble_gatt.o
    0x00028c34   0x00000174   Code   RO         1698    i.nrf_ble_gatt_on_ble_evt  nrf_ble_gatt.o
    0x00028da8   0x00000016   Code   RO         1780    i.nrf_ble_qwr_conn_handle_assign  nrf_ble_qwr.o
    0x00028dbe   0x00000024   Code   RO         1781    i.nrf_ble_qwr_init  nrf_ble_qwr.o
    0x00028de2   0x000000b6   Code   RO         1782    i.nrf_ble_qwr_on_ble_evt  nrf_ble_qwr.o
    0x00028e98   0x0000000e   Code   RO         2219    i.nrf_clock_event_check  nrfx_clock.o
    0x00028ea6   0x00000010   Code   RO         2220    i.nrf_clock_event_clear  nrfx_clock.o
    0x00028eb6   0x00000002   PAD
    0x00028eb8   0x00000038   Code   RO         1889    i.nrf_drv_clock_init  nrf_drv_clock.o
    0x00028ef0   0x00000030   Code   RO         1893    i.nrf_drv_clock_lfclk_release  nrf_drv_clock.o
    0x00028f20   0x00000068   Code   RO         2027    i.nrf_drv_uart_init  nrf_drv_uart.o
    0x00028f88   0x00000020   Code   RO         3515    i.nrf_drv_uart_rx   app_uart_fifo.o
    0x00028fa8   0x00000020   Code   RO         3516    i.nrf_drv_uart_tx   app_uart_fifo.o
    0x00028fc8   0x00000032   Code   RO          426    i.nrf_gpio_cfg      iic_dmwz.o
    0x00028ffa   0x00000032   Code   RO         2691    i.nrf_gpio_cfg      nrfx_uart.o
    0x0002902c   0x00000032   Code   RO         2887    i.nrf_gpio_cfg      nrfx_uarte.o
    0x0002905e   0x00000012   Code   RO          427    i.nrf_gpio_cfg_input  iic_dmwz.o
    0x00029070   0x00000012   Code   RO         2693    i.nrf_gpio_cfg_input  nrfx_uart.o
    0x00029082   0x00000012   Code   RO         2889    i.nrf_gpio_cfg_input  nrfx_uarte.o
    0x00029094   0x00000014   Code   RO          428    i.nrf_gpio_cfg_output  iic_dmwz.o
    0x000290a8   0x00000014   Code   RO         2694    i.nrf_gpio_cfg_output  nrfx_uart.o
    0x000290bc   0x00000014   Code   RO         2890    i.nrf_gpio_cfg_output  nrfx_uarte.o
    0x000290d0   0x00000030   Code   RO         2361    i.nrf_gpio_cfg_sense_set  nrfx_gpiote.o
    0x00029100   0x00000014   Code   RO          429    i.nrf_gpio_pin_clear  iic_dmwz.o
    0x00029114   0x0000001c   Code   RO          430    i.nrf_gpio_pin_port_decode  iic_dmwz.o
    0x00029130   0x0000001c   Code   RO          750    i.nrf_gpio_pin_port_decode  boards.o
    0x0002914c   0x0000001c   Code   RO         2363    i.nrf_gpio_pin_port_decode  nrfx_gpiote.o
    0x00029168   0x0000001c   Code   RO         2695    i.nrf_gpio_pin_port_decode  nrfx_uart.o
    0x00029184   0x0000001c   Code   RO         2891    i.nrf_gpio_pin_port_decode  nrfx_uarte.o
    0x000291a0   0x00000016   Code   RO          431    i.nrf_gpio_pin_read  iic_dmwz.o
    0x000291b6   0x00000014   Code   RO          432    i.nrf_gpio_pin_set  iic_dmwz.o
    0x000291ca   0x00000014   Code   RO         2696    i.nrf_gpio_pin_set  nrfx_uart.o
    0x000291de   0x00000014   Code   RO         2892    i.nrf_gpio_pin_set  nrfx_uarte.o
    0x000291f2   0x00000026   Code   RO          751    i.nrf_gpio_pin_write  boards.o
    0x00029218   0x0000002c   Code   RO         2366    i.nrf_gpio_ports_read  nrfx_gpiote.o
    0x00029244   0x00000014   Code   RO         2367    i.nrf_gpiote_event_clear  nrfx_gpiote.o
    0x00029258   0x00000010   Code   RO         2368    i.nrf_gpiote_event_is_set  nrfx_gpiote.o
    0x00029268   0x00000028   Code   RO         4185    i.nrf_pwr_mgmt_init  nrf_pwr_mgmt.o
    0x00029290   0x00000044   Code   RO         4186    i.nrf_pwr_mgmt_run  nrf_pwr_mgmt.o
    0x000292d4   0x00000004   Code   RO           12    i.nrf_qwr_error_handler  main.o
    0x000292d8   0x00000014   Code   RO         4899    i.nrf_sdh_ble_app_ram_start_get  nrf_sdh_ble.o
    0x000292ec   0x0000009c   Code   RO         4900    i.nrf_sdh_ble_default_cfg_set  nrf_sdh_ble.o
    0x00029388   0x00000014   Code   RO         4901    i.nrf_sdh_ble_enable  nrf_sdh_ble.o
    0x0002939c   0x00000060   Code   RO         4902    i.nrf_sdh_ble_evts_poll  nrf_sdh_ble.o
    0x000293fc   0x00000074   Code   RO         4784    i.nrf_sdh_enable_request  nrf_sdh.o
    0x00029470   0x00000024   Code   RO         4785    i.nrf_sdh_evts_poll  nrf_sdh.o
    0x00029494   0x0000000c   Code   RO         4786    i.nrf_sdh_is_enabled  nrf_sdh.o
    0x000294a0   0x0000003c   Code   RO         4950    i.nrf_sdh_soc_evts_poll  nrf_sdh_soc.o
    0x000294dc   0x0000000a   Code   RO         4320    i.nrf_section_iter_init  nrf_section_iter.o
    0x000294e6   0x00000024   Code   RO         4321    i.nrf_section_iter_item_set  nrf_section_iter.o
    0x0002950a   0x00000020   Code   RO         4322    i.nrf_section_iter_next  nrf_section_iter.o
    0x0002952a   0x0000000a   Code   RO         2697    i.nrf_uart_event_check  nrfx_uart.o
    0x00029534   0x0000000c   Code   RO         2698    i.nrf_uart_event_clear  nrfx_uart.o
    0x00029540   0x0000000c   Code   RO         2699    i.nrf_uart_int_enable_check  nrfx_uart.o
    0x0002954c   0x0000000a   Code   RO         2893    i.nrf_uarte_event_check  nrfx_uarte.o
    0x00029556   0x0000000c   Code   RO         2894    i.nrf_uarte_event_clear  nrfx_uarte.o
    0x00029562   0x00000002   PAD
    0x00029564   0x0000002c   Code   RO         2225    i.nrfx_clock_enable  nrfx_clock.o
    0x00029590   0x00000020   Code   RO         2228    i.nrfx_clock_init   nrfx_clock.o
    0x000295b0   0x0000001c   Code   RO         2231    i.nrfx_clock_lfclk_stop  nrfx_clock.o
    0x000295cc   0x00000010   Code   RO          433    i.nrfx_coredep_delay_us  iic_dmwz.o
    0x000295dc   0x00000010   Code   RO         3361    i.nrfx_coredep_delay_us  app_timer.o
    0x000295ec   0x00000010   Code   RO         2895    i.nrfx_is_in_ram    nrfx_uarte.o
    0x000295fc   0x0000003a   Code   RO         2640    i.nrfx_prs_acquire  nrfx_prs.o
    0x00029636   0x00000002   PAD
    0x00029638   0x00000010   Code   RO         2700    i.nrfx_uart_0_irq_handler  nrfx_uart.o
    0x00029648   0x000000d0   Code   RO         2702    i.nrfx_uart_init    nrfx_uart.o
    0x00029718   0x000000ec   Code   RO         2703    i.nrfx_uart_rx      nrfx_uart.o
    0x00029804   0x000000a4   Code   RO         2708    i.nrfx_uart_tx      nrfx_uart.o
    0x000298a8   0x00000020   Code   RO         2710    i.nrfx_uart_tx_in_progress  nrfx_uart.o
    0x000298c8   0x00000010   Code   RO         2896    i.nrfx_uarte_0_irq_handler  nrfx_uarte.o
    0x000298d8   0x0000006c   Code   RO         2898    i.nrfx_uarte_init   nrfx_uarte.o
    0x00029944   0x00000104   Code   RO         2899    i.nrfx_uarte_rx     nrfx_uarte.o
    0x00029a48   0x00000090   Code   RO         2902    i.nrfx_uarte_tx     nrfx_uarte.o
    0x00029ad8   0x0000001c   Code   RO         2904    i.nrfx_uarte_tx_in_progress  nrfx_uarte.o
    0x00029af4   0x0000004c   Code   RO           13    i.nus_data_handler  main.o
    0x00029b40   0x00000024   Code   RO           14    i.on_adv_evt        main.o
    0x00029b64   0x0000001c   Code   RO           15    i.on_conn_params_evt  main.o
    0x00029b80   0x0000006a   Code   RO         1827    i.on_connect        ble_nus.o
    0x00029bea   0x00000084   Code   RO         1828    i.on_write          ble_nus.o
    0x00029c6e   0x00000016   Code   RO         1248    i.phy_is_valid      ble_advertising.o
    0x00029c84   0x00000018   Code   RO         2642    i.prs_box_get       nrfx_prs.o
    0x00029c9c   0x0000003c   Code   RO         3362    i.rtc1_stop         app_timer.o
    0x00029cd8   0x00000032   Code   RO         2712    i.rx_byte           nrfx_uart.o
    0x00029d0a   0x00000016   Code   RO         2713    i.rx_done_event     nrfx_uart.o
    0x00029d20   0x00000016   Code   RO         2906    i.rx_done_event     nrfx_uarte.o
    0x00029d36   0x00000020   Code   RO         2714    i.rx_enable         nrfx_uart.o
    0x00029d56   0x00000002   PAD
    0x00029d58   0x00000050   Code   RO         1896    i.sd_state_evt_handler  nrf_drv_clock.o
    0x00029da8   0x00000030   Code   RO         4791    i.sdh_request_observer_notify  nrf_sdh.o
    0x00029dd8   0x0000002c   Code   RO         4792    i.sdh_state_observer_notify  nrf_sdh.o
    0x00029e04   0x00000010   Code   RO         1363    i.send_error_evt    ble_conn_params.o
    0x00029e14   0x00000088   Code   RO         1138    i.service_data_encode  ble_advdata.o
    0x00029e9c   0x00000030   Code   RO         1634    i.set_security_req  ble_srv_common.o
    0x00029ecc   0x00000028   Code   RO           16    i.sleep_mode_enter  main.o
    0x00029ef4   0x00000018   Code   RO         1897    i.soc_evt_handler   nrf_drv_clock.o
    0x00029f0c   0x00000058   Code   RO         4794    i.softdevices_evt_irq_enable  nrf_sdh.o
    0x00029f64   0x0000002c   Code   RO           17    i.test_timeout_handler  main.o
    0x00029f90   0x00000080   Code   RO         3363    i.timer_list_handler  app_timer.o
    0x0002a010   0x0000003c   Code   RO         3364    i.timer_list_insert  app_timer.o
    0x0002a04c   0x00000060   Code   RO         3365    i.timer_list_remove  app_timer.o
    0x0002a0ac   0x00000048   Code   RO         3366    i.timer_stop_op_schedule  app_timer.o
    0x0002a0f4   0x00000074   Code   RO         3367    i.timer_timeouts_check  app_timer.o
    0x0002a168   0x00000020   Code   RO         2715    i.tx_byte           nrfx_uart.o
    0x0002a188   0x0000001a   Code   RO         2716    i.tx_done_event     nrfx_uart.o
    0x0002a1a2   0x00000002   PAD
    0x0002a1a4   0x00000064   Code   RO           18    i.uart_event_handle  main.o
    0x0002a208   0x000000a0   Code   RO         3517    i.uart_event_handler  app_uart_fifo.o
    0x0002a2a8   0x00000030   Code   RO         2028    i.uart_evt_handler  nrf_drv_uart.o
    0x0002a2d8   0x00000128   Code   RO         2717    i.uart_irq_handler  nrfx_uart.o
    0x0002a400   0x00000030   Code   RO         2029    i.uarte_evt_handler  nrf_drv_uart.o
    0x0002a430   0x000000f2   Code   RO         2907    i.uarte_irq_handler  nrfx_uarte.o
    0x0002a522   0x0000000a   Code   RO         1139    i.uint16_encode     ble_advdata.o
    0x0002a52c   0x00000068   Code   RO         1364    i.update_timeout_handler  ble_conn_params.o
    0x0002a594   0x00000018   Code   RO         1249    i.use_whitelist     ble_advertising.o
    0x0002a5ac   0x00000024   Code   RO         1783    i.user_mem_reply    nrf_ble_qwr.o
    0x0002a5d0   0x00000030   Code   RO         3368    i.user_op_alloc     app_timer.o
    0x0002a600   0x00000030   Code   RO         1140    i.uuid_list_encode  ble_advdata.o
    0x0002a630   0x0000009e   Code   RO         1141    i.uuid_list_sized_encode  ble_advdata.o
    0x0002a6ce   0x00000002   PAD
    0x0002a6d0   0x0000004c   Code   RO          862    i.wakeup_button_cfg  bsp.o
    0x0002a71c   0x0000001c   Data   RO           21    .constdata          main.o
    0x0002a738   0x00000008   PAD
    0x0002a740   0x00000006   Data   RO          434    .constdata          iic_dmwz.o
    0x0002a746   0x00000008   Data   RO          752    .constdata          boards.o
    0x0002a74e   0x00000002   PAD
    0x0002a750   0x0000002c   Data   RO          867    .constdata          bsp.o
    0x0002a77c   0x00000016   Data   RO         1699    .constdata          nrf_ble_gatt.o
    0x0002a792   0x00000002   PAD
    0x0002a794   0x00000010   Data   RO         1829    .constdata          ble_nus.o
    0x0002a7a4   0x00000008   Data   RO         2397    .constdata          nrfx_gpiote.o
    0x0002a7ac   0x00000004   Data   RO         2720    .constdata          nrfx_uart.o
    0x0002a7b0   0x00000004   Data   RO         2910    .constdata          nrfx_uarte.o
    0x0002a7b4   0x0000000c   PAD
    0x0002a7c0   0x00000006   Data   RO         3370    .constdata          app_timer.o
    0x0002a7c6   0x00000002   PAD
    0x0002a7c8   0x00000020   Data   RO         3519    .constdata          app_uart_fifo.o
    0x0002a7e8   0x00000018   Data   RO         4190    .constdata          nrf_pwr_mgmt.o
    0x0002a800   0x0000000c   Data   RO         4191    .constdata          nrf_pwr_mgmt.o
    0x0002a80c   0x00000010   Data   RO         4795    .constdata          nrf_sdh.o
    0x0002a81c   0x00000028   Data   RO         4796    .constdata          nrf_sdh.o
    0x0002a844   0x00000010   Data   RO         4797    .constdata          nrf_sdh.o
    0x0002a854   0x00000010   Data   RO         4798    .constdata          nrf_sdh.o
    0x0002a864   0x00000020   Data   RO         4903    .constdata          nrf_sdh_ble.o
    0x0002a884   0x00000010   Data   RO         4904    .constdata          nrf_sdh_ble.o
    0x0002a894   0x00000010   Data   RO         4951    .constdata          nrf_sdh_soc.o
    0x0002a8a4   0x0000000c   Data   RO         4952    .constdata          nrf_sdh_soc.o
    0x0002a8b0   0x00000020   Data   RO         5336    Region$$Table       anon$$obj.o
    0x0002a8d0   0x00000008   Data   RO         1463    sdh_ble_observers0  ble_conn_state.o
    0x0002a8d8   0x00000010   Data   RO           25    sdh_ble_observers1  main.o
    0x0002a8e8   0x00000008   Data   RO          976    sdh_ble_observers1  bsp_btn_ble.o
    0x0002a8f0   0x00000008   Data   RO         1367    sdh_ble_observers1  ble_conn_params.o
    0x0002a8f8   0x00000010   Data   RO           26    sdh_ble_observers2  main.o
    0x0002a908   0x00000008   Data   RO           27    sdh_ble_observers3  main.o
    0x0002a910   0x00000008   Data   RO         1903    sdh_soc_observers0  nrf_drv_clock.o
    0x0002a918   0x00000008   Data   RO           28    sdh_soc_observers1  main.o
    0x0002a920   0x00000008   Data   RO         4906    sdh_stack_observers0  nrf_sdh_ble.o
    0x0002a928   0x00000008   Data   RO         4953    sdh_stack_observers0  nrf_sdh_soc.o
    0x0002a930   0x00000008   Data   RO         1904    sdh_state_observers0  nrf_drv_clock.o


    Execution Region RW_IRAM1 (Base: 0x20002a98, Size: 0x00003108, Max: 0x0003d568, ABSOLUTE)

    Base Addr    Size         Type   Attr      Idx    E Section Name        Object

    0x20002a98   0x00000008   Data   RW           22    .data               main.o
    0x20002aa0   0x00000028   Data   RW           23    .data               main.o
    0x20002ac8   0x00000004   Data   RW           24    .data               main.o
    0x20002acc   0x00000002   Data   RW          435    .data               iic_dmwz.o
    0x20002ace   0x00000002   PAD
    0x20002ad0   0x0000000a   Data   RW          576    .data               bma.o
    0x20002ada   0x00000002   PAD
    0x20002adc   0x00000010   Data   RW          868    .data               bsp.o
    0x20002aec   0x00000008   Data   RW          975    .data               bsp_btn_ble.o
    0x20002af4   0x00000008   Data   RW         1366    .data               ble_conn_params.o
    0x20002afc   0x00000014   Data   RW         2030    .data               nrf_drv_uart.o
    0x20002b10   0x00000008   Data   RW         2235    .data               nrfx_clock.o
    0x20002b18   0x00000008   Data   RW         2644    .data               nrfx_prs.o
    0x20002b20   0x00000010   Data   RW         3296    .data               app_scheduler.o
    0x20002b30   0x00000014   Data   RW         3371    .data               app_timer.o
    0x20002b44   0x0000001c   Data   RW         3520    .data               app_uart_fifo.o
    0x20002b60   0x00000008   Data   RW         4192    .data               nrf_pwr_mgmt.o
    0x20002b68   0x00000004   Data   RW         4390    .data               retarget.o
    0x20002b6c   0x00000003   Data   RW         4799    .data               nrf_sdh.o
    0x20002b6f   0x00000001   Data   RW         4905    .data               nrf_sdh_ble.o
    0x20002b70   0x00000004   Data   RW         4991    .data               system_nrf52840.o
    0x20002b74   0x00000020   Zero   RW           19    .bss                main.o
    0x20002b94   0x00000ca6   Zero   RW           20    .bss                main.o
    0x2000383a   0x00000002   PAD
    0x2000383c   0x0000001c   Zero   RW          574    .bss                bma.o
    0x20003858   0x00000020   Zero   RW          863    .bss                bsp.o
    0x20003878   0x00000020   Zero   RW          864    .bss                bsp.o
    0x20003898   0x0000000c   Zero   RW          865    .bss                bsp.o
    0x200038a4   0x00000020   Zero   RW          866    .bss                bsp.o
    0x200038c4   0x00000050   Zero   RW         1365    .bss                ble_conn_params.o
    0x20003914   0x00000078   Zero   RW         1462    .bss                ble_conn_state.o
    0x2000398c   0x00000014   Zero   RW         1898    .bss                nrf_drv_clock.o
    0x200039a0   0x0000006c   Zero   RW         2396    .bss                nrfx_gpiote.o
    0x20003a0c   0x0000002c   Zero   RW         2718    .bss                nrfx_uart.o
    0x20003a38   0x00000024   Zero   RW         2908    .bss                nrfx_uarte.o
    0x20003a5c   0x0000010c   Zero   RW         3369    .bss                app_timer.o
    0x20003b68   0x00000020   Zero   RW         3518    .bss                app_uart_fifo.o
    0x20003b88   0x0000000c   Zero   RW         3602    .bss                app_util_platform.o
    0x20003b94   0x0000000c   Zero   RW         4189    .bss                nrf_pwr_mgmt.o
    0x20003ba0   0x00002000   Zero   RW         4979    STACK               arm_startup_nrf52840.o


==============================================================================

Image component sizes


      Code (inc. data)   RO Data    RW Data    ZI Data      Debug   Object Name

        22          0          0          0          0       2457   app_error.o
        48          8          0          0          0      30573   app_error_weak.o
       118          0          0          0          0       5026   app_fifo.o
       268         16          0         16          0      42921   app_scheduler.o
      1506        118          6         20        268      47919   app_timer.o
       524         60         32         28         32      23086   app_uart_fifo.o
       124         14          0          0         12       9606   app_util_platform.o
        36          8        512          0       8192        948   arm_startup_nrf52840.o
      1324          0          0          0          0      60420   ble_advdata.o
      1010          6          0          0          0      18796   ble_advertising.o
       636         44          8          8         80      12683   ble_conn_params.o
       360         10          8          0        120       6915   ble_conn_state.o
        72          0          0          0          0       2820   ble_link_ctx_manager.o
       664          6         16          0          0       8540   ble_nus.o
       456          6          0          0          0       3379   ble_srv_common.o
       274         22          0         10         28     121132   bma.o
       266         38          8          0          0      11637   boards.o
       822         66         44         16        108      16700   bsp.o
       196          6          8          8          0      83669   bsp_btn_ble.o
       846         26          6          2          0      16575   iic_dmwz.o
      1152        156         76         52       3270     167078   main.o
        64          0          0          0          0       2972   nrf_atflags.o
       250          0          0          0          0       3704   nrf_atomic.o
       484          6         22          0          0      35580   nrf_ble_gatt.o
       276          0          0          0          0       6221   nrf_ble_qwr.o
       276         34         16          0         20      39926   nrf_drv_clock.o
       200         26          0         20          0      17884   nrf_drv_uart.o
       108         16         36          8         12      37605   nrf_pwr_mgmt.o
       384         46         88          3          0      39143   nrf_sdh.o
       292         18         56          1          0       5575   nrf_sdh_ble.o
        60          4         36          0          0       2360   nrf_sdh_soc.o
        78          0          0          0          0       2788   nrf_section_iter.o
       222         30          0          8          0      42056   nrfx_clock.o
       644         34          8          0        108      20516   nrfx_gpiote.o
        94         16          0          8          0       3681   nrfx_prs.o
      1402         42          4          0         44      31144   nrfx_uart.o
      1236         44          4          0         36      25173   nrfx_uarte.o
        14          0          0          4          0       2878   retarget.o
       476         60          0          4          0       2355   system_nrf52840.o

    ----------------------------------------------------------------------
     17322        986       1052        220      12332    1014441   Object Totals
         0          0         32          0          0          0   (incl. Generated)
        38          0         26          4          2          0   (incl. Padding)

    ----------------------------------------------------------------------

      Code (inc. data)   RO Data    RW Data    ZI Data      Debug   Library Member Name

         0          0          0          0          0          0   entry.o
         0          0          0          0          0          0   entry10a.o
         0          0          0          0          0          0   entry11a.o
         8          4          0          0          0          0   entry2.o
         4          0          0          0          0          0   entry5.o
         0          0          0          0          0          0   entry7b.o
         0          0          0          0          0          0   entry8b.o
         8          4          0          0          0          0   entry9a.o
        30          0          0          0          0          0   handlers.o
        36          8          0          0          0         68   init.o
        30          0          0          0          0         68   llshl.o
        32          0          0          0          0         68   llushr.o
        36          0          0          0          0         68   memcpya.o
        36          0          0          0          0        108   memseta.o
        50          8          0          0          0        152   printfb.o
        98          0          0          0          0         92   uldiv.o

    ----------------------------------------------------------------------
       370         24          0          0          0        624   Library Totals
         2          0          0          0          0          0   (incl. Padding)

    ----------------------------------------------------------------------

      Code (inc. data)   RO Data    RW Data    ZI Data      Debug   Library Name

       368         24          0          0          0        624   mc_w.l

    ----------------------------------------------------------------------
       370         24          0          0          0        624   Library Totals

    ----------------------------------------------------------------------

==============================================================================


      Code (inc. data)   RO Data    RW Data    ZI Data      Debug   

     17692       1010       1052        220      12332     992409   Grand Totals
     17692       1010       1052        220      12332     992409   ELF Image Totals
     17692       1010       1052        220          0          0   ROM Totals

==============================================================================

    Total RO  Size (Code + RO Data)                18744 (  18.30kB)
    Total RW  Size (RW Data + ZI Data)             12552 (  12.26kB)
    Total ROM Size (Code + RO Data + RW Data)      18964 (  18.52kB)

==============================================================================

